WARNING: All log messages before absl::InitializeLog() is called are written to STDERR
E0000 00:00:1786540267.588074   39307 descriptor_database.cc:633] File already exists in database: grpc/health/v1/health.proto
W0000 00:00:1786540267.588111   39307 message.cc:301] Protobuf GeneratedMessageFactory: File is already registered: grpc/health/v1/health.proto
2026-08-12T13:11:07Z [Info] [carb] Logging to file: /root/autodl-tmp/isaac_sim/venv/lib/python3.12/site-packages/isaacsim/kit/logs/Kit/Isaac-Sim Python/6.0/kit_20260812_211107.log
[0.058s] [ext: omni.assets.plugins-0.0.0] startup
[0.059s] [ext: omni.blobkey-1.1.2] startup
[0.059s] [ext: omni.kit.async_engine-0.0.3] startup
[0.158s] [ext: omni.client.lib-1.1.1] startup
[0.170s] [ext: omni.client-1.3.0] startup
[0.175s] [ext: omni.protobuf.lib-1.0.0] startup
[0.176s] [ext: omni.grpc.lib-1.0.0] startup
[0.182s] [ext: omni.metrics.core-0.0.3] startup
[0.182s] [ext: omni.datastore-0.0.0] startup
[0.183s] [ext: omni.gpu_foundation.shadercache.vulkan-1.0.0] startup
[0.185s] [ext: omni.hsscclient-1.1.4] startup
[0.185s] [ext: omni.stats-1.0.1] startup
[0.186s] [ext: omni.ujitso.default-1.0.0] startup
[0.189s] [ext: omni.gpu_foundation-0.0.0] startup
[0.427s] [ext: carb.windowing.plugins-1.0.1] startup
[0.427s] [ext: omni.kit.renderer.init-1.0.1] startup
2026-08-12T13:11:07Z [466ms] [Warning] [omni.platforminfo.plugin] failed to open the default display.  Can't verify X Server version.

|---------------------------------------------------------------------------------------------|
| Driver Version: 595.71.05     | Graphics API: Vulkan
|=============================================================================================|
| GPU | Name                             | Active | LDA | GPU Memory | Vendor-ID | LUID       |
|     |                                  |        |     |            | Device-ID | UUID       |
|     |                                  |        |     |            | Bus-ID    |            |
|---------------------------------------------------------------------------------------------|
| 0   | NVIDIA RTX 6000D                 | Yes: 0 |     | 85651   MB | 10de      | 0          |
|     |                                  |        |     |            | 2bb9      | 56b1f21d.. |
|     |                                  |        |     |            | d8        |            |
|=============================================================================================|
| OS: 22.04.5 LTS (Jammy Jellyfish) ubuntu, Version: 22.04.5, Kernel: 5.15.0-78-generic
| Processor: Intel(R) Xeon(R) Platinum 8470Q
| Bare Metal Cores: 104 | Bare Metal Logical Cores: 208
| Core Usage Quota: 22
|---------------------------------------------------------------------------------------------|
| Total Memory (MB): 112640 | Free Memory: 103432
| Total Page/Swap (MB): 0 | Free Page/Swap: 0
|---------------------------------------------------------------------------------------------|
2026-08-12T13:11:08Z [1,088ms] [Warning] [omni.rtx] CPU performance profile is set to powersave. This profile sets the CPU to the lowest frequency reducing performance.
2026-08-12T13:11:08Z [1,096ms] [Warning] [omni.rtx] ECC is enabled on physical device 0
[1.394s] [ext: omni.kit.pipapi-0.0.0] startup
[1.395s] [ext: omni.kit.telemetry-0.5.2] startup
[1.417s] [ext: omni.kit.loop-isaac-1.6.0] startup
[1.419s] [ext: omni.kit.test-2.0.7] startup
[1.467s] [ext: omni.materialx.libs-1.0.9] startup
[1.474s] [ext: omni.gpucompute.plugins-0.0.0] startup
[1.475s] [ext: omni.usd.config-1.0.7] startup
[1.478s] [ext: omni.usd.libs-1.0.3] startup
[1.565s] [ext: omni.iray.libs-0.0.1] startup
[1.569s] [ext: omni.mdl-57.0.3] startup
[1.586s] [ext: omni.mdl.neuraylib-0.2.20] startup
[1.588s] [ext: omni.kit.usd.mdl-1.1.9] startup
[1.687s] [ext: omni.appwindow-1.2.2] startup
[1.690s] [ext: omni.kit.renderer.core-1.2.2] startup
2026-08-12T13:11:09Z [1,683ms] [Warning] [carb.windowing-glfw.plugin] GLFW initialization failed.
2026-08-12T13:11:09Z [1,683ms] [Warning] [carb] Failed to startup plugin carb.windowing-glfw.plugin (interfaces: [carb::windowing::IGLContext v1.0],[carb::windowing::IWindowing v1.5]) (impl: carb.windowing-glfw.plugin)
[1.722s] [ext: omni.kit.renderer.capture-2.0.1] startup
[1.724s] [ext: omni.kit.renderer.imgui-2.0.6] startup
2026-08-12T13:11:09Z [1,704ms] [Warning] [carb.windowing-glfw.plugin] GLFW initialization failed.
2026-08-12T13:11:09Z [1,704ms] [Warning] [carb] Failed to startup plugin carb.windowing-glfw.plugin (interfaces: [carb::windowing::IGLContext v1.0],[carb::windowing::IWindowing v1.5]) (impl: carb.windowing-glfw.plugin)
2026-08-12T13:11:09Z [1,705ms] [Warning] [carb.windowing-glfw.plugin] GLFW initialization failed.
2026-08-12T13:11:09Z [1,705ms] [Warning] [carb] Failed to startup plugin carb.windowing-glfw.plugin (interfaces: [carb::windowing::IGLContext v1.0],[carb::windowing::IWindowing v1.5]) (impl: carb.windowing-glfw.plugin)
[1.791s] [ext: omni.ui-3.2.0] startup
[1.800s] [ext: omni.kit.mainwindow-1.0.3] startup
[1.801s] [ext: carb.audio-0.1.0] startup
[1.827s] [ext: omni.uiaudio-1.0.0] startup
[1.827s] [ext: omni.kit.uiapp-0.0.0] startup
[1.827s] [ext: omni.usd.schema.metrics.assembler-110.1.0] startup
[1.830s] [ext: omni.usd.schema.audio-0.0.1] startup
[1.833s] [ext: omni.usd_resolver-1.0.0] startup
[1.836s] [ext: omni.usd.core-1.8.3] startup
[1.839s] [ext: omni.metropolis.schema-0.0.3] startup
[1.840s] [ext: isaacsim.anim.robot.schema-0.1.1] startup
[1.840s] [ext: omni.usd.schema.anim-0.0.1] startup
[1.857s] [ext: omni.usd.schema.geospatial-0.0.1] startup
[1.860s] [ext: omni.usd.schema.omnigraph-1.0.1] startup
[1.865s] [ext: omni.usd.schema.semantics-0.0.0] startup
[1.867s] [ext: omni.activity.core-1.0.3] startup
[1.868s] [ext: omni.cubric-0.1.0] startup
[1.868s] [ext: omni.graph.exec-0.9.6] startup
[1.869s] [ext: omni.hydra.scene_delegate-0.3.5] startup
[1.872s] [ext: usdrt.scenegraph-7.6.3] startup
[1.898s] [ext: omni.hydra.usdrt_delegate-7.5.2] startup
[1.904s] [ext: omni.inspect-1.0.2] startup
[1.905s] [ext: omni.kit.actions.core-1.0.0] startup
[1.907s] [ext: omni.kit.audiodeviceenum-1.0.2] startup
[1.908s] [ext: omni.kit.commands-1.5.0] startup
[1.911s] [ext: omni.kit.exec.core-0.13.5] startup
[1.912s] [ext: omni.kit.usd_undo-0.1.8] startup
[1.913s] [ext: omni.kit.window.popup_dialog-2.0.25] startup
[1.916s] [ext: omni.kit.widget.nucleus_connector-2.3.1] startup
[1.919s] [ext: omni.timeline-1.1.0] startup
[1.920s] [ext: omni.usd-1.16.0] startup
[1.956s] [ext: omni.graph.core-3.1.2] startup
[1.960s] [ext: omni.kit.notification_manager-1.0.11] startup
[1.961s] [ext: isaacsim.core.deprecation_manager-0.4.2] startup
[1.962s] [ext: isaacsim.replicator.agent.schema-0.1.1] startup
[1.963s] [ext: isaacsim.robot.schema-6.3.7] startup
[1.967s] [ext: isaacsim.robot_motion.schema-0.2.1] startup
[1.967s] [ext: omni.anim.behavior.schema-110.1.0] startup
[1.971s] [ext: omni.anim.graph.schema-110.1.1] startup
[1.976s] [ext: omni.anim.navigation.schema-110.1.0] startup
[1.979s] [ext: omni.behavior.tree.schema-110.1.0] startup
[1.979s] [ext: omni.kit.asset_converter-6.0.1] startup
[1.991s] [ext: omni.usd.schema.flow-110.0.0] startup
[1.992s] [ext: omni.usd.schema.mujoco-1.1.1] startup
[1.992s] [ext: omni.usd.schema.newton-1.2.1] startup
[1.992s] [ext: omni.usd.schema.omni_lens_distortion-1.0.0] startup
[1.993s] [ext: omni.usd.schema.omni_projectors-1.0.0] startup
[1.993s] [ext: omni.usd.schema.omni_sensors-0.0.0] startup
[2.001s] [ext: omni.usd.schema.omniscripting-1.0.1] startup
[2.005s] [ext: omni.usd.schema.physical_lighting-0.1.0] startup
[2.007s] [ext: omni.usd.schema.physx-110.1.13] startup
[2.035s] [ext: omni.usd.schema.render_settings.rtx-1.0.2] startup
[2.038s] [ext: omni.usd.schema.usd_particle_field-1.0.0] startup
[2.039s] [ext: isaacsim.core.version-2.1.1] startup
[2.039s] [ext: omni.kit.menu.core-1.2.0] startup
[2.040s] [ext: omni.kit.menu.utils-2.2.4] startup
[2.046s] [ext: isaacsim.app.about-2.3.1] startup
[2.051s] [ext: isaacsim.asset.transformer-1.2.5] startup
[2.054s] [ext: omni.scene.optimizer.core-110.1.0] startup
[2.107s] [ext: isaacsim.asset.importer.utils-1.8.1] startup
[2.109s] [ext: omni.convexdecomposition-110.1.13] startup
[2.112s] [ext: omni.physics-110.1.13] startup
[2.115s] [ext: omni.physx.gpu-110.1.13] startup
[2.115s] [ext: omni.physx.foundation-110.1.13] startup
[2.116s] [ext: omni.usdphysics-110.1.13] startup
[2.118s] [ext: omni.physx.cooking-110.1.13] startup
[2.121s] [ext: omni.physx-110.1.13] startup
[2.130s] [ext: omni.physics.physx-110.1.13] startup
[2.132s] [ext: isaacsim.asset.exporter.urdf-2.0.5] startup
[2.140s] [ext: omni.kit.clipboard-1.1.1] startup
[2.140s] [ext: omni.kit.usd.layers-2.6.1] startup
[2.147s] [ext: omni.kit.widget.context_menu-1.4.0] startup
[2.148s] [ext: omni.kit.context_menu-1.9.0] startup
[2.150s] [ext: omni.kit.helper.file_utils-0.1.10] startup
[2.151s] [ext: omni.kit.widget.nucleus_info-2.0.2] startup
[2.151s] [ext: omni.kit.search_core-1.0.8] startup
[2.152s] [ext: omni.kit.widget.path_field-2.0.13] startup
[2.152s] [ext: omni.kit.widget.browser_bar-2.0.10] startup
[2.153s] [ext: omni.kit.widget.filebrowser-2.13.4] startup
[2.157s] [ext: omni.kit.widget.options_menu-1.1.6] startup
[2.159s] [ext: omni.kit.widget.options_button-1.0.3] startup
[2.160s] [ext: omni.kit.widget.search_delegate-1.0.9] startup
[2.161s] [ext: omni.ui.scene-2.0.3] startup
[2.165s] [ext: omni.kit.window.filepicker-2.15.5] startup
[2.177s] [ext: omni.kit.window.file_importer-1.1.21] startup
[2.179s] [ext: omni.kit.material.library-3.1.2] startup
[2.184s] [ext: isaacsim.asset.transformer.rules-1.7.10] startup
[2.193s] [ext: omni.usdex.libs-2.2.2] startup
[2.201s] [ext: isaacsim.asset.importer.mjcf-3.10.1] startup
[2.203s] [ext: isaacsim.asset.importer.urdf-3.11.2] startup
[2.206s] [ext: omni.kit.primitive.mesh-1.1.0] startup
[2.209s] [ext: omni.kit.stage_template.core-1.1.22] startup
[2.209s] [ext: omni.kit.stage_templates-2.0.2] startup
[2.210s] [ext: omni.usd.metrics.assembler-110.1.2] startup
[2.213s] [ext: omni.warp.core-1.13.0] startup
[2.380s] [ext: isaacsim.core.experimental.utils-0.17.2] startup
[2.381s] [ext: omni.physics.stageupdate-110.1.13] startup
[2.383s] [ext: omni.physics.tensors-110.1.13] startup
[2.387s] [ext: omni.physx.tensors-110.1.13] startup
[2.391s] [ext: isaacsim.core.simulation_manager-1.15.6] startup
[2.404s] [ext: isaacsim.storage.native-1.9.3] startup
[2.405s] [ext: omni.usd.metrics.assembler.physics-110.1.13] startup
[2.406s] [ext: isaacsim.core.utils-4.1.7] startup
[2.409s] [ext: isaacsim.core.prims-0.11.7] startup
[3.632s] [ext: isaacsim.core.api-5.2.13] startup
[3.642s] [ext: isaacsim.core.cloner-1.7.3] startup
[3.644s] [ext: isaacsim.test.docstring-1.3.2] startup
[3.648s] [ext: isaacsim.core.experimental.prims-1.8.9] startup
[3.672s] [ext: isaacsim.core.experimental.primdata-0.3.2] startup
[3.676s] [ext: omni.graph.tools-1.81.0] startup
[3.700s] [ext: omni.graph-1.142.5] startup
[3.742s] [ext: isaacsim.core.experimental.actuators-0.1.2] startup
[3.763s] [ext: isaacsim.core.experimental.materials-0.7.1] startup
[3.767s] [ext: isaacsim.core.experimental.objects-0.8.1] startup
[3.831s] [ext: omni.hydra.engine.stats-1.0.5] startup
[3.834s] [ext: omni.hydra.rtx.shadercache.vulkan-1.0.0] startup
[3.835s] [ext: omni.index.libs-387500.4413.0] startup
[3.835s] [ext: omni.index-1.0.1] startup
[3.836s] [ext: omni.ujitso.client-0.0.0] startup
[3.836s] [ext: omni.usd.schema.playback-1.0.0] startup
[3.840s] [ext: omni.volume-0.5.2] startup
[3.848s] [ext: omni.hydra.rtx-1.0.4] startup
2026-08-12T13:11:11Z [3,850ms] [Warning] [omni.log] Source: omni.hydra was already registered.
[3.892s] [ext: omni.kit.hydra_texture-1.6.0] startup
[3.896s] [ext: omni.kit.raycast.query-1.2.0] startup
[3.903s] [ext: omni.kit.viewport.legacy_gizmos-1.0.24] startup
[3.906s] [ext: omni.kit.viewport.registry-104.0.6] startup
[3.907s] [ext: omni.kit.viewport.scene_camera_model-1.0.7] startup
[3.912s] [ext: omni.kit.widget.viewport-109.2.0] startup
[3.917s] [ext: omni.kit.window.drop_support-1.0.8] startup
[3.918s] [ext: omni.kit.viewport.window-109.0.2] startup
[3.937s] [ext: omni.kit.viewport.utility-2.0.1] startup
[3.938s] [ext: isaacsim.core.rendering_manager-0.4.3] startup
[3.956s] [ext: omni.graph.action_core-1.1.9] startup
[3.959s] [ext: omni.graph.action_nodes_core-2.11.0] startup
[3.962s] [ext: omni.graph.action_nodes-2.11.0] startup
[3.995s] [ext: omni.graph.action-2.10.2] startup
[3.997s] [ext: omni.graph.image.core-0.6.1] startup
[3.998s] [ext: omni.graph.image.nodes-1.3.1] startup
[3.999s] [ext: omni.graph.nodes_core-2.11.0] startup
[4.006s] [ext: omni.graph.nodes-2.12.0] startup
[4.013s] [ext: omni.kit.hotkeys.core-1.3.12] startup
[4.015s] [ext: omni.kit.property.adapter.core-1.1.1] startup
[4.018s] [ext: omni.kit.property.adapter.usd-1.0.5] startup
[4.019s] [ext: omni.kit.widget.filter-1.1.5] startup
[4.021s] [ext: omni.kit.widget.highlight_label-1.0.3] startup
[4.022s] [ext: omni.kit.widget.searchfield-1.1.8] startup
[4.023s] [ext: omni.kit.window.file_exporter-1.0.36] startup
[4.025s] [ext: omni.kit.widget.stage-4.4.0] startup
[4.036s] [ext: omni.kit.window.content_browser_registry-0.0.6] startup
[4.037s] [ext: omni.kit.window.file-2.0.10] startup
[4.041s] [ext: omni.kit.window.content_browser-3.1.8] startup
[4.053s] [ext: omni.kit.window.property-1.15.1] startup
[4.065s] [ext: omni.kit.property.usd-4.9.4] startup
[4.077s] [ext: omni.graph.scriptnode-2.10.2] startup
[4.090s] [ext: omni.kit.widget.searchable_combobox-1.0.7] startup
[4.091s] [ext: omni.kit.widget.settings-2.0.0] startup
[4.093s] [ext: omni.kit.window.preferences-1.8.3] startup
[4.098s] [ext: omni.kit.viewport.menubar.core-107.2.2] startup
[4.110s] [ext: omni.syntheticdata-0.6.15] startup
[4.146s] [ext: omni.replicator.nv-1.1.1] startup
[4.154s] [ext: omni.videoencoding-0.2.1] startup
[4.156s] [ext: omni.replicator.core-1.13.27] startup
2026-08-12T13:11:11Z [4,148ms] [Warning] [pxr.Semantics] pxr.Semantics is deprecated - please use Semantics instead
2026-08-12T13:11:11Z [4,239ms] [Warning] [omni.replicator.core.scripts.extension] No material configuration file, adding configuration to material settings directly.
[4.413s] [ext: isaacsim.core.nodes-5.10.5] startup
[4.451s] [ext: isaacsim.core.throttling-2.3.5] startup
[4.453s] [ext: omni.kit.manipulator.viewport-107.0.1] startup
[4.454s] [ext: omni.graph.visualization.nodes-2.1.4] startup
[4.473s] [ext: omni.kit.window.extensions-1.5.10] startup
[4.479s] [ext: isaacsim.gui.components-1.8.5] startup
[4.484s] [ext: isaacsim.robot.surface_gripper-3.6.2] startup
[4.498s] [ext: isaacsim.robot.manipulators-3.4.4] startup
[4.511s] [ext: isaacsim.robot_motion.lula-4.1.3] startup
[4.519s] [ext: isaacsim.robot_motion.motion_generation-8.2.9] startup
[4.526s] [ext: isaacsim.cortex.framework-1.0.18] startup
[4.528s] [ext: isaacsim.cortex.behaviors-2.0.17] startup
[4.531s] [ext: isaacsim.examples.base-1.3.2] startup
[4.533s] [ext: omni.kit.widget.zoombar-1.0.7] startup
[4.534s] [ext: omni.kit.browser.core-2.3.18] startup
[4.538s] [ext: omni.kit.browser.folder.core-2.0.2] startup
[4.543s] [ext: omni.kit.widget.stage_icons-1.0.8] startup
[4.544s] [ext: omni.kit.window.stage-2.6.1] startup
[4.549s] [ext: omni.kit.menu.stage-1.2.7] startup
[4.551s] [ext: omni.kit.usd.collect-3.0.6] startup
[4.554s] [ext: omni.kit.widget.prompt-1.0.7] startup
[4.555s] [ext: omni.kit.tool.collect-2.2.19] startup
[4.557s] [ext: isaacsim.examples.browser-0.3.2] startup
[4.560s] [ext: omni.kit.search.files-1.0.4] startup
[4.561s] [ext: omni.kit.widget.calendar-1.0.9] startup
[4.563s] [ext: omni.kit.widget.extended_searchfield-1.0.31] startup
[4.572s] [ext: omni.simready.content.browser-0.3.7] startup
[4.663s] [ext: isaacsim.gui.content_browser-0.4.3] startup
[4.666s] [ext: omni.kit.selection-0.1.6] startup
[4.667s] [ext: isaacsim.gui.menu-2.10.5] startup
[4.676s] [ext: isaacsim.gui.property-1.6.4] startup
[4.684s] [ext: omni.kit.viewport.actions-110.0.0] startup
[4.688s] [ext: omni.kit.viewport.menubar.display-107.1.3] startup
[4.690s] [ext: isaacsim.gui.sensors.icon-2.2.1] startup
[4.693s] [ext: omni.behavior.scripting.core-110.1.0] startup
[4.696s] [ext: isaacsim.replicator.behavior-1.5.4] startup
[4.698s] [ext: isaacsim.replicator.experimental.domain_randomization-1.2.5] startup
[4.720s] [ext: isaacsim.replicator.domain_randomization-1.2.2] startup
[4.798s] [ext: isaacsim.replicator.writers-1.5.4] startup
[4.825s] [ext: isaacsim.robot.experimental.wheeled_robots-0.2.11] startup
[4.847s] [ext: isaacsim.robot.policy.examples-5.2.12] startup
[4.869s] [ext: isaacsim.robot.wheeled_robots-5.2.4] startup
[4.874s] [ext: isaacsim.robot.wheeled_robots.nodes-0.1.5] startup
[4.899s] [ext: isaacsim.robot_motion.experimental.motion_generation-6.1.3] startup
[4.910s] [ext: isaacsim.robot_motion.cumotion-1.3.1] startup
[4.924s] [ext: omni.kit.numpy.common-0.1.3] startup
[4.926s] [ext: isaacsim.sensors.camera-1.7.9] startup
[4.954s] [ext: isaacsim.sensors.experimental.physics-3.0.2] startup
[4.962s] [ext: omni.sensors.net-1.0.1] startup
[4.970s] [ext: omni.sensors.nv.common-3.0.0] startup
[4.986s] [ext: omni.sensors.nv.materials-2.0.0] startup
[4.990s] [ext: omni.sensors.nv.acoustic-3.0.0] startup
[4.993s] [ext: omni.sensors.nv.ids-2.0.1] startup
[4.995s] [ext: omni.sensors.nv.lidar-3.0.0] startup
[5.000s] [ext: omni.sensors.nv.radar-3.0.0] startup
[5.004s] [ext: isaacsim.sensors.experimental.rtx-1.4.6] startup
[5.216s] [ext: isaacsim.sensors.physics.nodes-1.5.3] startup
[5.225s] [ext: isaacsim.util.debug_draw-3.2.3] startup
[5.232s] [ext: isaacsim.sensors.physx-2.5.5] startup
[5.241s] [ext: isaacsim.sensors.rtx-15.17.1] startup
[5.254s] [ext: isaacsim.simulation_app-2.18.4] startup
[5.255s] [ext: omni.anim.curve.core-1.6.0] startup
[5.266s] [ext: omni.graph.ui_nodes-2.11.1] startup
[5.305s] [ext: omni.hydra.scene_api-0.1.3] startup
[5.311s] [ext: omni.kit.manipulator.camera-110.0.0] startup
[5.315s] [ext: omni.kit.manipulator.selector-1.1.4] startup
[5.316s] [ext: omni.kit.manipulator.transform-107.0.0] startup
[5.320s] [ext: omni.kit.widget.toolbar-2.1.0] startup
[5.327s] [ext: omni.kit.manipulator.tool.snap-1.5.14] startup
[5.331s] [ext: omni.kit.viewport.manipulator.transform-107.0.4] startup
[5.333s] [ext: omni.kit.manipulator.prim.core-108.0.2] startup
[5.339s] [ext: omni.kit.manipulator.prim.usd-107.0.3] startup
[5.341s] [ext: omni.kit.manipulator.prim-108.0.0] startup
[5.341s] [ext: omni.kit.manipulator.selection-109.0.1] startup
[5.343s] [ext: omni.kit.menu.create-2.0.2] startup
[5.345s] [ext: omni.kit.property.audio-1.0.16] startup
[5.349s] [ext: omni.kit.property.camera-1.0.14] startup
[5.351s] [ext: omni.kit.property.geometry-2.1.2] startup
[5.355s] [ext: omni.kit.property.light-1.0.14] startup
2026-08-12T13:11:12Z [5,370ms] [Warning] [omni.usd] Encountered USD Warnings but USD Diagnostics are currently muted. To view USD Warnings, please set the '/persistent/app/usd/muteUsdDiagnostics' setting to false in Preferences page.
[5.426s] [ext: omni.kit.property.material-1.14.6] startup
[5.432s] [ext: omni.kit.property.render-1.2.2] startup
[5.434s] [ext: omni.kit.property.transform-1.6.9] startup
[5.438s] [ext: omni.kit.property.bundle-1.5.1] startup
[5.439s] [ext: omni.kit.usdz_export-1.1.0] startup
[5.442s] [ext: omni.kit.tool.asset_importer-6.0.1] startup
[5.448s] [ext: omni.kit.ui.actions-1.0.5] startup
[5.450s] [ext: omni.kit.viewport.menubar.camera-107.0.10] startup
[5.455s] [ext: omni.kit.viewport.menubar.lighting-107.3.2] startup
[5.457s] [ext: omni.kit.viewport.menubar.render-110.0.0] startup
[5.460s] [ext: omni.kit.viewport.menubar.settings-110.0.1] startup
[5.464s] [ext: omni.kit.window.console-1.1.9] startup
[5.468s] [ext: omni.kit.window.status_bar-0.1.11] startup
[5.471s] [ext: omni.kit.window.toolbar-3.0.3] startup
[5.474s] [ext: omni.ocio-0.1.1] startup
[5.475s] [ext: omni.physx.commands-110.1.13] startup
[5.478s] [ext: omni.replicator.replicator_yaml-2.0.12] startup
[5.492s] [ext: omni.rtx.window.settings-0.8.0] startup
[5.497s] [ext: omni.rtx.settings.core-0.7.1] startup
[5.500s] [ext: omni.usd.metrics.assembler.ui-110.1.1] startup
[5.507s] [ext: semantics.schema.editor-2.0.2] startup
[5.511s] [ext: semantics.schema.property-2.0.2] startup
[5.512s] [ext: omni.kit.menu.common-2.0.2] startup
[5.514s] [ext: isaacsim.exp.base-6.0.1] startup
[5.514s] [ext: isaacsim.exp.base.python-6.0.1] startup
[5.517s] Simulation App Starting
[6.784s] Simulation App Startup Complete
[6.796s] app ready
Starting kit application with the following args:  ['/root/autodl-tmp/isaac_sim/venv/lib/python3.12/site-packages/isaacsim/exts/isaacsim.simulation_app/isaacsim/simulation_app/simulation_app.py', '/root/autodl-tmp/isaac_sim/venv/lib/python3.12/site-packages/isaacsim/apps/isaacsim.exp.base.python.kit', '--/app/tokens/exe-path=/root/autodl-tmp/isaac_sim/venv/lib/python3.12/site-packages/isaacsim/kit', '--/persistent/app/viewport/displayOptions=3094', '--/rtx/materialDb/syncLoads=True', '--/rtx/hydra/materialSyncLoads=True', '--/omni/kit/plugin/syncUsdLoads=True', '--/app/renderer/resolution/width=1280', '--/app/renderer/resolution/height=720', '--/app/window/width=1440', '--/app/window/height=900', '--/renderer/multiGpu/enabled=True', '--/app/fastShutdown=True', '--/app/installSignalHandlers=0', '--ext-folder', '/root/autodl-tmp/isaac_sim/venv/lib/python3.12/site-packages/isaacsim/exts', '--ext-folder', '/root/autodl-tmp/isaac_sim/venv/lib/python3.12/site-packages/isaacsim/apps', '--/physics/cudaDevice=0', '--/plugins/carb.tasking.plugin/threadCount=32', '--/plugins/omni.tbb.globalcontrol/maxThreadCount=32', '--portable', '--no-window', '--/app/window/hideUi=1', '--allow-root']
Passing the following args to the base kit application:  []
Warp 1.13.0 initialized:
   CUDA Toolkit 12.9, Driver 13.2
   Devices:
     "cpu"      : "x86_64"
     "cuda:0"   : "NVIDIA RTX 6000D" (83 GiB, sm_120, mempool enabled)
   Kernel cache:
     /root/autodl-tmp/isaac_cache/xdg/warp/1.13.0
[7.279s] [ext: isaacsim.robot_motion.pink-0.1.3] startup
2026-08-12T13:11:21Z [14,282ms] [Warning] [omni.rtx] DLSS increasing input dimensions: Render resolution of (128, 128) is below minimal input resolution of 300.
2026-08-12T13:11:21Z [14,369ms] [Warning] [rtx.scenedb.plugin] [InstanceTransformStorage] The amount of world update transforms WorldUpdateStorageWindow 17 needed to cover is larger than max allowed storage MaxHistoryTransformCount 8.            Motions may be wrong for long exposure sensors/cameras. Consider allow a larger storage for transforms through --/rtx/scenedb/maxHistoryTransformCount=17
[27.662s] Simulation App Shutting Down
