{"event": "before_SimulationApp", "elapsed_sec": 6.673857569694519e-06, "wall_time": 1786558854.9140685}
WARNING: All log messages before absl::InitializeLog() is called are written to STDERR
E0000 00:00:1786558855.391885    8915 descriptor_database.cc:633] File already exists in database: grpc/health/v1/health.proto
W0000 00:00:1786558855.391922    8915 message.cc:301] Protobuf GeneratedMessageFactory: File is already registered: grpc/health/v1/health.proto
2026-08-12T18:20:55Z [Info] [carb] Logging to file: /root/autodl-tmp/isaac_sim/venv/lib/python3.12/site-packages/isaacsim/kit/logs/Kit/Isaac-Sim Python/6.0/kit_20260813_022055.log
[0.088s] [ext: omni.assets.plugins-0.0.0] startup
[0.094s] [ext: omni.blobkey-1.1.2] startup
[0.095s] [ext: omni.kit.async_engine-0.0.3] startup
[0.233s] [ext: omni.client.lib-1.1.1] startup
[0.280s] [ext: omni.client-1.3.0] startup
[0.288s] [ext: omni.protobuf.lib-1.0.0] startup
[0.295s] [ext: omni.grpc.lib-1.0.0] startup
[0.315s] [ext: omni.metrics.core-0.0.3] startup
[0.315s] [ext: omni.datastore-0.0.0] startup
[0.319s] [ext: omni.gpu_foundation.shadercache.vulkan-1.0.0] startup
[0.322s] [ext: omni.hsscclient-1.1.4] startup
[0.324s] [ext: omni.stats-1.0.1] startup
[0.327s] [ext: omni.ujitso.default-1.0.0] startup
[0.334s] [ext: omni.gpu_foundation-0.0.0] startup
[0.727s] [ext: carb.windowing.plugins-1.0.1] startup
[0.729s] [ext: omni.kit.renderer.init-1.0.1] startup
2026-08-12T18:20:55Z [774ms] [Warning] [omni.platforminfo.plugin] failed to open the default display.  Can't verify X Server version.

|---------------------------------------------------------------------------------------------|
| Driver Version: 580.105.08    | Graphics API: Vulkan
|=============================================================================================|
| GPU | Name                             | Active | LDA | GPU Memory | Vendor-ID | LUID       |
|     |                                  |        |     |            | Device-ID | UUID       |
|     |                                  |        |     |            | Bus-ID    |            |
|---------------------------------------------------------------------------------------------|
| 0   | NVIDIA GeForce RTX 5090          | Yes: 0 |     | 32853   MB | 10de      | 0          |
|     |                                  |        |     |            | 2b85      | 105e4e5f.. |
|     |                                  |        |     |            | 49        |            |
|=============================================================================================|
| OS: 22.04.5 LTS (Jammy Jellyfish) ubuntu, Version: 22.04.5, Kernel: 5.15.0-78-generic
| Processor: Intel(R) Xeon(R) Platinum 8470Q
| Bare Metal Cores: 104 | Bare Metal Logical Cores: 208
| Core Usage Quota: 25
|---------------------------------------------------------------------------------------------|
| Total Memory (MB): 92160 | Free Memory: 90563
| Total Page/Swap (MB): 0 | Free Page/Swap: 0
|---------------------------------------------------------------------------------------------|
[2.133s] [ext: omni.kit.pipapi-0.0.0] startup
[2.135s] [ext: omni.kit.telemetry-0.5.2] startup
[2.185s] [ext: omni.kit.loop-isaac-1.6.0] startup
[2.189s] [ext: omni.kit.test-2.0.7] startup
[2.286s] [ext: omni.materialx.libs-1.0.9] startup
[2.301s] [ext: omni.gpucompute.plugins-0.0.0] startup
[2.303s] [ext: omni.usd.config-1.0.7] startup
[2.307s] [ext: omni.usd.libs-1.0.3] startup
[2.551s] [ext: omni.iray.libs-0.0.1] startup
[2.628s] [ext: omni.mdl-57.0.3] startup
[2.659s] [ext: omni.mdl.neuraylib-0.2.20] startup
[2.664s] [ext: omni.kit.usd.mdl-1.1.9] startup
[2.852s] [ext: omni.appwindow-1.2.2] startup
[2.857s] [ext: omni.kit.renderer.core-1.2.2] startup
2026-08-12T18:20:57Z [2,830ms] [Warning] [carb.windowing-glfw.plugin] GLFW initialization failed.
2026-08-12T18:20:57Z [2,830ms] [Warning] [carb] Failed to startup plugin carb.windowing-glfw.plugin (interfaces: [carb::windowing::IGLContext v1.0],[carb::windowing::IWindowing v1.5]) (impl: carb.windowing-glfw.plugin)
[2.901s] [ext: omni.kit.renderer.capture-2.0.1] startup
[2.906s] [ext: omni.kit.renderer.imgui-2.0.6] startup
2026-08-12T18:20:57Z [2,869ms] [Warning] [carb.windowing-glfw.plugin] GLFW initialization failed.
2026-08-12T18:20:57Z [2,869ms] [Warning] [carb] Failed to startup plugin carb.windowing-glfw.plugin (interfaces: [carb::windowing::IGLContext v1.0],[carb::windowing::IWindowing v1.5]) (impl: carb.windowing-glfw.plugin)
2026-08-12T18:20:57Z [2,870ms] [Warning] [carb.windowing-glfw.plugin] GLFW initialization failed.
2026-08-12T18:20:57Z [2,871ms] [Warning] [carb] Failed to startup plugin carb.windowing-glfw.plugin (interfaces: [carb::windowing::IGLContext v1.0],[carb::windowing::IWindowing v1.5]) (impl: carb.windowing-glfw.plugin)
[3.026s] [ext: omni.ui-3.2.0] startup
[3.045s] [ext: omni.kit.mainwindow-1.0.3] startup
[3.046s] [ext: carb.audio-0.1.0] startup
[3.076s] [ext: omni.uiaudio-1.0.0] startup
[3.078s] [ext: omni.kit.uiapp-0.0.0] startup
[3.078s] [ext: omni.usd.schema.metrics.assembler-110.1.0] startup
[3.082s] [ext: omni.usd.schema.audio-0.0.1] startup
[3.087s] [ext: omni.usd_resolver-1.0.0] startup
[3.094s] [ext: omni.usd.core-1.8.3] startup
[3.104s] [ext: omni.metropolis.schema-0.0.3] startup
[3.104s] [ext: isaacsim.anim.robot.schema-0.1.1] startup
[3.105s] [ext: omni.usd.schema.anim-0.0.1] startup
[3.138s] [ext: omni.usd.schema.geospatial-0.0.1] startup
[3.145s] [ext: omni.usd.schema.omnigraph-1.0.1] startup
[3.158s] [ext: omni.usd.schema.semantics-0.0.0] startup
[3.164s] [ext: omni.activity.core-1.0.3] startup
[3.167s] [ext: omni.cubric-0.1.0] startup
[3.171s] [ext: omni.graph.exec-0.9.6] startup
[3.171s] [ext: omni.hydra.scene_delegate-0.3.5] startup
[3.179s] [ext: usdrt.scenegraph-7.6.3] startup
[3.233s] [ext: omni.hydra.usdrt_delegate-7.5.2] startup
[3.247s] [ext: omni.inspect-1.0.2] startup
[3.250s] [ext: omni.kit.actions.core-1.0.0] startup
[3.254s] [ext: omni.kit.audiodeviceenum-1.0.2] startup
[3.256s] [ext: omni.kit.commands-1.5.0] startup
[3.262s] [ext: omni.kit.exec.core-0.13.5] startup
[3.266s] [ext: omni.kit.usd_undo-0.1.8] startup
[3.266s] [ext: omni.kit.window.popup_dialog-2.0.25] startup
[3.272s] [ext: omni.kit.widget.nucleus_connector-2.3.1] startup
[3.277s] [ext: omni.timeline-1.1.0] startup
[3.281s] [ext: omni.usd-1.16.0] startup
[3.339s] [ext: omni.graph.core-3.1.2] startup
[3.346s] [ext: omni.kit.notification_manager-1.0.11] startup
[3.350s] [ext: isaacsim.core.deprecation_manager-0.4.2] startup
[3.351s] [ext: isaacsim.replicator.agent.schema-0.1.1] startup
[3.352s] [ext: isaacsim.robot.schema-6.3.7] startup
[3.359s] [ext: isaacsim.robot_motion.schema-0.2.1] startup
[3.360s] [ext: omni.anim.behavior.schema-110.1.0] startup
[3.366s] [ext: omni.anim.graph.schema-110.1.1] startup
[3.375s] [ext: omni.anim.navigation.schema-110.1.0] startup
[3.380s] [ext: omni.behavior.tree.schema-110.1.0] startup
[3.381s] [ext: omni.kit.asset_converter-6.0.1] startup
[3.419s] [ext: omni.usd.schema.flow-110.0.0] startup
[3.420s] [ext: omni.usd.schema.mujoco-1.1.1] startup
[3.421s] [ext: omni.usd.schema.newton-1.2.1] startup
[3.422s] [ext: omni.usd.schema.omni_lens_distortion-1.0.0] startup
[3.423s] [ext: omni.usd.schema.omni_projectors-1.0.0] startup
[3.424s] [ext: omni.usd.schema.omni_sensors-0.0.0] startup
[3.436s] [ext: omni.usd.schema.omniscripting-1.0.1] startup
[3.442s] [ext: omni.usd.schema.physical_lighting-0.1.0] startup
[3.447s] [ext: omni.usd.schema.physx-110.1.13] startup
[3.498s] [ext: omni.usd.schema.render_settings.rtx-1.0.2] startup
[3.503s] [ext: omni.usd.schema.usd_particle_field-1.0.0] startup
[3.504s] [ext: isaacsim.core.version-2.1.1] startup
[3.505s] [ext: omni.kit.menu.core-1.2.0] startup
[3.506s] [ext: omni.kit.menu.utils-2.2.4] startup
[3.516s] [ext: isaacsim.app.about-2.3.1] startup
[3.524s] [ext: isaacsim.asset.transformer-1.2.5] startup
[3.529s] [ext: omni.scene.optimizer.core-110.1.0] startup
[3.632s] [ext: isaacsim.asset.importer.utils-1.8.1] startup
[3.635s] [ext: omni.convexdecomposition-110.1.13] startup
[3.640s] [ext: omni.physics-110.1.13] startup
[3.646s] [ext: omni.physx.gpu-110.1.13] startup
[3.646s] [ext: omni.physx.foundation-110.1.13] startup
[3.653s] [ext: omni.usdphysics-110.1.13] startup
[3.656s] [ext: omni.physx.cooking-110.1.13] startup
[3.662s] [ext: omni.physx-110.1.13] startup
[3.684s] [ext: omni.physics.physx-110.1.13] startup
[3.687s] [ext: isaacsim.asset.exporter.urdf-2.0.5] startup
[3.698s] [ext: omni.kit.clipboard-1.1.1] startup
[3.700s] [ext: omni.kit.usd.layers-2.6.1] startup
[3.713s] [ext: omni.kit.widget.context_menu-1.4.0] startup
[3.715s] [ext: omni.kit.context_menu-1.9.0] startup
[3.718s] [ext: omni.kit.helper.file_utils-0.1.10] startup
[3.720s] [ext: omni.kit.widget.nucleus_info-2.0.2] startup
[3.720s] [ext: omni.kit.search_core-1.0.8] startup
[3.722s] [ext: omni.kit.widget.path_field-2.0.13] startup
[3.723s] [ext: omni.kit.widget.browser_bar-2.0.10] startup
[3.724s] [ext: omni.kit.widget.filebrowser-2.13.4] startup
[3.732s] [ext: omni.kit.widget.options_menu-1.1.6] startup
[3.736s] [ext: omni.kit.widget.options_button-1.0.3] startup
[3.737s] [ext: omni.kit.widget.search_delegate-1.0.9] startup
[3.738s] [ext: omni.ui.scene-2.0.3] startup
[3.748s] [ext: omni.kit.window.filepicker-2.15.5] startup
[3.767s] [ext: omni.kit.window.file_importer-1.1.21] startup
[3.770s] [ext: omni.kit.material.library-3.1.2] startup
[3.778s] [ext: isaacsim.asset.transformer.rules-1.7.10] startup
[3.791s] [ext: omni.usdex.libs-2.2.2] startup
[3.805s] [ext: isaacsim.asset.importer.mjcf-3.10.1] startup
[3.808s] [ext: isaacsim.asset.importer.urdf-3.11.2] startup
[3.812s] [ext: omni.kit.primitive.mesh-1.1.0] startup
[3.817s] [ext: omni.kit.stage_template.core-1.1.22] startup
[3.817s] [ext: omni.kit.stage_templates-2.0.2] startup
[3.820s] [ext: omni.usd.metrics.assembler-110.1.2] startup
[3.825s] [ext: omni.warp.core-1.13.0] startup
[4.036s] [ext: isaacsim.core.experimental.utils-0.17.2] startup
[4.038s] [ext: omni.physics.stageupdate-110.1.13] startup
[4.042s] [ext: omni.physics.tensors-110.1.13] startup
[4.050s] [ext: omni.physx.tensors-110.1.13] startup
[4.059s] [ext: isaacsim.core.simulation_manager-1.15.6] startup
[4.077s] [ext: isaacsim.storage.native-1.9.3] startup
[4.080s] [ext: omni.usd.metrics.assembler.physics-110.1.13] startup
[4.082s] [ext: isaacsim.core.utils-4.1.7] startup
[4.087s] [ext: isaacsim.core.prims-0.11.7] startup
[6.157s] [ext: isaacsim.core.api-5.2.13] startup
[6.172s] [ext: isaacsim.core.cloner-1.7.3] startup
[6.175s] [ext: isaacsim.test.docstring-1.3.2] startup
[6.181s] [ext: isaacsim.core.experimental.prims-1.8.9] startup
[6.212s] [ext: isaacsim.core.experimental.primdata-0.3.2] startup
[6.216s] [ext: omni.graph.tools-1.81.0] startup
[6.254s] [ext: omni.graph-1.142.5] startup
[6.309s] [ext: isaacsim.core.experimental.actuators-0.1.2] startup
[6.334s] [ext: isaacsim.core.experimental.materials-0.7.1] startup
[6.340s] [ext: isaacsim.core.experimental.objects-0.8.1] startup
[6.434s] [ext: omni.hydra.engine.stats-1.0.5] startup
[6.438s] [ext: omni.hydra.rtx.shadercache.vulkan-1.0.0] startup
[6.440s] [ext: omni.index.libs-387500.4413.0] startup
[6.440s] [ext: omni.index-1.0.1] startup
[6.442s] [ext: omni.ujitso.client-0.0.0] startup
[6.443s] [ext: omni.usd.schema.playback-1.0.0] startup
[6.449s] [ext: omni.volume-0.5.2] startup
[6.467s] [ext: omni.hydra.rtx-1.0.4] startup
2026-08-12T18:21:01Z [6,488ms] [Warning] [omni.log] Source: omni.hydra was already registered.
[6.609s] [ext: omni.kit.hydra_texture-1.6.0] startup
[6.617s] [ext: omni.kit.raycast.query-1.2.0] startup
[6.625s] [ext: omni.kit.viewport.legacy_gizmos-1.0.24] startup
[6.629s] [ext: omni.kit.viewport.registry-104.0.6] startup
[6.631s] [ext: omni.kit.viewport.scene_camera_model-1.0.7] startup
[6.637s] [ext: omni.kit.widget.viewport-109.2.0] startup
[6.645s] [ext: omni.kit.window.drop_support-1.0.8] startup
[6.646s] [ext: omni.kit.viewport.window-109.0.2] startup
[6.671s] [ext: omni.kit.viewport.utility-2.0.1] startup
[6.673s] [ext: isaacsim.core.rendering_manager-0.4.3] startup
[6.696s] [ext: omni.graph.action_core-1.1.9] startup
[6.701s] [ext: omni.graph.action_nodes_core-2.11.0] startup
[6.706s] [ext: omni.graph.action_nodes-2.11.0] startup
[6.749s] [ext: omni.graph.action-2.10.2] startup
[6.751s] [ext: omni.graph.image.core-0.6.1] startup
[6.753s] [ext: omni.graph.image.nodes-1.3.1] startup
[6.756s] [ext: omni.graph.nodes_core-2.11.0] startup
[6.780s] [ext: omni.graph.nodes-2.12.0] startup
[6.795s] [ext: omni.kit.hotkeys.core-1.3.12] startup
[6.797s] [ext: omni.kit.property.adapter.core-1.1.1] startup
[6.801s] [ext: omni.kit.property.adapter.usd-1.0.5] startup
[6.803s] [ext: omni.kit.widget.filter-1.1.5] startup
[6.805s] [ext: omni.kit.widget.highlight_label-1.0.3] startup
[6.807s] [ext: omni.kit.widget.searchfield-1.1.8] startup
[6.809s] [ext: omni.kit.window.file_exporter-1.0.36] startup
[6.811s] [ext: omni.kit.widget.stage-4.4.0] startup
[6.826s] [ext: omni.kit.window.content_browser_registry-0.0.6] startup
[6.827s] [ext: omni.kit.window.file-2.0.10] startup
[6.832s] [ext: omni.kit.window.content_browser-3.1.8] startup
[6.847s] [ext: omni.kit.window.property-1.15.1] startup
[6.872s] [ext: omni.kit.property.usd-4.9.4] startup
[6.889s] [ext: omni.graph.scriptnode-2.10.2] startup
[6.903s] [ext: omni.kit.widget.searchable_combobox-1.0.7] startup
[6.905s] [ext: omni.kit.widget.settings-2.0.0] startup
[6.908s] [ext: omni.kit.window.preferences-1.8.3] startup
[6.917s] [ext: omni.kit.viewport.menubar.core-107.2.2] startup
[6.935s] [ext: omni.syntheticdata-0.6.15] startup
[6.981s] [ext: omni.replicator.nv-1.1.1] startup
[6.994s] [ext: omni.videoencoding-0.2.1] startup
[6.998s] [ext: omni.replicator.core-1.13.27] startup
2026-08-12T18:21:02Z [6,977ms] [Warning] [pxr.Semantics] pxr.Semantics is deprecated - please use Semantics instead
2026-08-12T18:21:02Z [7,248ms] [Warning] [omni.replicator.core.scripts.extension] No material configuration file, adding configuration to material settings directly.
[7.504s] [ext: isaacsim.core.nodes-5.10.5] startup
[7.560s] [ext: isaacsim.core.throttling-2.3.5] startup
[7.562s] [ext: omni.kit.manipulator.viewport-107.0.1] startup
[7.564s] [ext: omni.graph.visualization.nodes-2.1.4] startup
[7.586s] [ext: omni.kit.window.extensions-1.5.10] startup
[7.597s] [ext: isaacsim.gui.components-1.8.5] startup
[7.605s] [ext: isaacsim.robot.surface_gripper-3.6.2] startup
[7.623s] [ext: isaacsim.robot.manipulators-3.4.4] startup
[7.640s] [ext: isaacsim.robot_motion.lula-4.1.3] startup
[7.665s] [ext: isaacsim.robot_motion.motion_generation-8.2.9] startup
[7.677s] [ext: isaacsim.cortex.framework-1.0.18] startup
[7.679s] [ext: isaacsim.cortex.behaviors-2.0.17] startup
[7.682s] [ext: isaacsim.examples.base-1.3.2] startup
[7.685s] [ext: omni.kit.widget.zoombar-1.0.7] startup
[7.686s] [ext: omni.kit.browser.core-2.3.18] startup
[7.693s] [ext: omni.kit.browser.folder.core-2.0.2] startup
[7.701s] [ext: omni.kit.widget.stage_icons-1.0.8] startup
[7.703s] [ext: omni.kit.window.stage-2.6.1] startup
[7.709s] [ext: omni.kit.menu.stage-1.2.7] startup
[7.711s] [ext: omni.kit.usd.collect-3.0.6] startup
[7.715s] [ext: omni.kit.widget.prompt-1.0.7] startup
[7.717s] [ext: omni.kit.tool.collect-2.2.19] startup
[7.720s] [ext: isaacsim.examples.browser-0.3.2] startup
[7.724s] [ext: omni.kit.search.files-1.0.4] startup
[7.725s] [ext: omni.kit.widget.calendar-1.0.9] startup
[7.727s] [ext: omni.kit.widget.extended_searchfield-1.0.31] startup
[7.740s] [ext: omni.simready.content.browser-0.3.7] startup
[7.880s] [ext: isaacsim.gui.content_browser-0.4.3] startup
[7.884s] [ext: omni.kit.selection-0.1.6] startup
[7.886s] [ext: isaacsim.gui.menu-2.10.5] startup
[7.896s] [ext: isaacsim.gui.property-1.6.4] startup
[7.906s] [ext: omni.kit.viewport.actions-110.0.0] startup
[7.911s] [ext: omni.kit.viewport.menubar.display-107.1.3] startup
[7.914s] [ext: isaacsim.gui.sensors.icon-2.2.1] startup
[7.918s] [ext: omni.behavior.scripting.core-110.1.0] startup
[7.923s] [ext: isaacsim.replicator.behavior-1.5.4] startup
[7.924s] [ext: isaacsim.replicator.experimental.domain_randomization-1.2.5] startup
[7.946s] [ext: isaacsim.replicator.domain_randomization-1.2.2] startup
[8.043s] [ext: isaacsim.replicator.writers-1.5.4] startup
[8.082s] [ext: isaacsim.robot.experimental.wheeled_robots-0.2.11] startup
[8.116s] [ext: isaacsim.robot.policy.examples-5.2.12] startup
[8.147s] [ext: isaacsim.robot.wheeled_robots-5.2.4] startup
[8.155s] [ext: isaacsim.robot.wheeled_robots.nodes-0.1.5] startup
[8.190s] [ext: isaacsim.robot_motion.experimental.motion_generation-6.1.3] startup
[8.206s] [ext: isaacsim.robot_motion.cumotion-1.3.1] startup
[8.237s] [ext: omni.kit.numpy.common-0.1.3] startup
[8.240s] [ext: isaacsim.sensors.camera-1.7.9] startup
[8.277s] [ext: isaacsim.sensors.experimental.physics-3.0.2] startup
[8.291s] [ext: omni.sensors.net-1.0.1] startup
[8.302s] [ext: omni.sensors.nv.common-3.0.0] startup
[8.399s] [ext: omni.sensors.nv.materials-2.0.0] startup
[8.418s] [ext: omni.sensors.nv.acoustic-3.0.0] startup
[8.430s] [ext: omni.sensors.nv.ids-2.0.1] startup
[8.435s] [ext: omni.sensors.nv.lidar-3.0.0] startup
[8.450s] [ext: omni.sensors.nv.radar-3.0.0] startup
[8.461s] [ext: isaacsim.sensors.experimental.rtx-1.4.6] startup
[8.745s] [ext: isaacsim.sensors.physics.nodes-1.5.3] startup
[8.757s] [ext: isaacsim.util.debug_draw-3.2.3] startup
[8.767s] [ext: isaacsim.sensors.physx-2.5.5] startup
[8.780s] [ext: isaacsim.sensors.rtx-15.17.1] startup
[8.798s] [ext: isaacsim.simulation_app-2.18.4] startup
[8.799s] [ext: omni.anim.curve.core-1.6.0] startup
[8.815s] [ext: omni.graph.ui_nodes-2.11.1] startup
[8.868s] [ext: omni.hydra.scene_api-0.1.3] startup
[8.876s] [ext: omni.kit.manipulator.camera-110.0.0] startup
[8.882s] [ext: omni.kit.manipulator.selector-1.1.4] startup
[8.885s] [ext: omni.kit.manipulator.transform-107.0.0] startup
[8.892s] [ext: omni.kit.widget.toolbar-2.1.0] startup
[8.902s] [ext: omni.kit.manipulator.tool.snap-1.5.14] startup
[8.909s] [ext: omni.kit.viewport.manipulator.transform-107.0.4] startup
[8.912s] [ext: omni.kit.manipulator.prim.core-108.0.2] startup
[8.921s] [ext: omni.kit.manipulator.prim.usd-107.0.3] startup
[8.923s] [ext: omni.kit.manipulator.prim-108.0.0] startup
[8.923s] [ext: omni.kit.manipulator.selection-109.0.1] startup
[8.925s] [ext: omni.kit.menu.create-2.0.2] startup
[8.928s] [ext: omni.kit.property.audio-1.0.16] startup
[8.934s] [ext: omni.kit.property.camera-1.0.14] startup
[8.936s] [ext: omni.kit.property.geometry-2.1.2] startup
[8.941s] [ext: omni.kit.property.light-1.0.14] startup
2026-08-12T18:21:04Z [8,944ms] [Warning] [omni.usd] Encountered USD Warnings but USD Diagnostics are currently muted. To view USD Warnings, please set the '/persistent/app/usd/muteUsdDiagnostics' setting to false in Preferences page.
[9.106s] [ext: omni.kit.property.material-1.14.6] startup
[9.117s] [ext: omni.kit.property.render-1.2.2] startup
[9.119s] [ext: omni.kit.property.transform-1.6.9] startup
[9.125s] [ext: omni.kit.property.bundle-1.5.1] startup
[9.127s] [ext: omni.kit.usdz_export-1.1.0] startup
[9.131s] [ext: omni.kit.tool.asset_importer-6.0.1] startup
[9.140s] [ext: omni.kit.ui.actions-1.0.5] startup
[9.143s] [ext: omni.kit.viewport.menubar.camera-107.0.10] startup
[9.151s] [ext: omni.kit.viewport.menubar.lighting-107.3.2] startup
[9.155s] [ext: omni.kit.viewport.menubar.render-110.0.0] startup
[9.159s] [ext: omni.kit.viewport.menubar.settings-110.0.1] startup
[9.164s] [ext: omni.kit.window.console-1.1.9] startup
[9.173s] [ext: omni.kit.window.status_bar-0.1.11] startup
[9.177s] [ext: omni.kit.window.toolbar-3.0.3] startup
[9.180s] [ext: omni.ocio-0.1.1] startup
[9.183s] [ext: omni.physx.commands-110.1.13] startup
[9.187s] [ext: omni.replicator.replicator_yaml-2.0.12] startup
[9.202s] [ext: omni.rtx.window.settings-0.8.0] startup
[9.210s] [ext: omni.rtx.settings.core-0.7.1] startup
[9.215s] [ext: omni.usd.metrics.assembler.ui-110.1.1] startup
[9.225s] [ext: semantics.schema.editor-2.0.2] startup
[9.230s] [ext: semantics.schema.property-2.0.2] startup
[9.232s] [ext: omni.kit.menu.common-2.0.2] startup
[9.235s] [ext: isaacsim.exp.base-6.0.1] startup
[9.235s] [ext: isaacsim.exp.base.python-6.0.1] startup
[9.238s] Simulation App Starting
[109.133s] Simulation App Startup Complete
[109.154s] app ready
Starting kit application with the following args:  ['/root/autodl-tmp/isaac_sim/venv/lib/python3.12/site-packages/isaacsim/exts/isaacsim.simulation_app/isaacsim/simulation_app/simulation_app.py', '/root/autodl-tmp/isaac_sim/venv/lib/python3.12/site-packages/isaacsim/apps/isaacsim.exp.base.python.kit', '--/app/tokens/exe-path=/root/autodl-tmp/isaac_sim/venv/lib/python3.12/site-packages/isaacsim/kit', '--/persistent/app/viewport/displayOptions=3094', '--/rtx/materialDb/syncLoads=True', '--/rtx/hydra/materialSyncLoads=True', '--/omni/kit/plugin/syncUsdLoads=True', '--/app/renderer/resolution/width=1280', '--/app/renderer/resolution/height=720', '--/app/window/width=1440', '--/app/window/height=900', '--/renderer/multiGpu/enabled=True', '--/app/fastShutdown=True', '--/app/installSignalHandlers=0', '--ext-folder', '/root/autodl-tmp/isaac_sim/venv/lib/python3.12/site-packages/isaacsim/exts', '--ext-folder', '/root/autodl-tmp/isaac_sim/venv/lib/python3.12/site-packages/isaacsim/apps', '--/physics/cudaDevice=0', '--/plugins/carb.tasking.plugin/threadCount=32', '--/plugins/omni.tbb.globalcontrol/maxThreadCount=32', '--portable', '--no-window', '--/app/window/hideUi=1', '--allow-root']
Passing the following args to the base kit application:  ['--mode', 'base', '--output-dir', '/root/autodl-tmp/VLA-Intern-Sprint/results/isaac_5090_startup_diagnosis_20260813_attempt03/base']
Warp 1.13.0 initialized:
   CUDA Toolkit 12.9, Driver 13.0
   Devices:
     "cpu"      : "x86_64"
     "cuda:0"   : "NVIDIA GeForce RTX 5090" (31 GiB, sm_120, mempool enabled)
   Kernel cache:
     /root/autodl-tmp/isaac_cache/xdg/warp/1.13.0
{"event": "after_SimulationApp", "elapsed_sec": 109.97954732179642, "wall_time": 1786558964.89361}
{"event": "after_base_updates", "elapsed_sec": 110.0331450290978, "wall_time": 1786558964.947207}
[110.020s] Simulation App Shutting Down
