{"event": "before_SimulationApp", "elapsed_sec": 6.794929504394531e-06, "wall_time": 1786558966.0781472}
WARNING: All log messages before absl::InitializeLog() is called are written to STDERR
E0000 00:00:1786558966.430235    9776 descriptor_database.cc:633] File already exists in database: grpc/health/v1/health.proto
W0000 00:00:1786558966.430272    9776 message.cc:301] Protobuf GeneratedMessageFactory: File is already registered: grpc/health/v1/health.proto
2026-08-12T18:22:46Z [Info] [carb] Logging to file: /root/autodl-tmp/isaac_sim/venv/lib/python3.12/site-packages/isaacsim/kit/logs/Kit/Isaac-Sim Python/6.0/kit_20260813_022246.log
[0.083s] [ext: omni.assets.plugins-0.0.0] startup
[0.084s] [ext: omni.blobkey-1.1.2] startup
[0.084s] [ext: omni.kit.async_engine-0.0.3] startup
[0.196s] [ext: omni.client.lib-1.1.1] startup
[0.211s] [ext: omni.client-1.3.0] startup
[0.217s] [ext: omni.protobuf.lib-1.0.0] startup
[0.218s] [ext: omni.grpc.lib-1.0.0] startup
[0.224s] [ext: omni.metrics.core-0.0.3] startup
[0.225s] [ext: omni.datastore-0.0.0] startup
[0.225s] [ext: omni.gpu_foundation.shadercache.vulkan-1.0.0] startup
[0.228s] [ext: omni.hsscclient-1.1.4] startup
[0.228s] [ext: omni.stats-1.0.1] startup
[0.229s] [ext: omni.ujitso.default-1.0.0] startup
[0.233s] [ext: omni.gpu_foundation-0.0.0] startup
[0.577s] [ext: carb.windowing.plugins-1.0.1] startup
[0.577s] [ext: omni.kit.renderer.init-1.0.1] startup
2026-08-12T18:22:46Z [659ms] [Warning] [omni.platforminfo.plugin] failed to open the default display.  Can't verify X Server version.

|---------------------------------------------------------------------------------------------|
| Driver Version: 580.105.08    | Graphics API: Vulkan
|=============================================================================================|
| GPU | Name                             | Active | LDA | GPU Memory | Vendor-ID | LUID       |
|     |                                  |        |     |            | Device-ID | UUID       |
|     |                                  |        |     |            | Bus-ID    |            |
|---------------------------------------------------------------------------------------------|
| 0   | NVIDIA GeForce RTX 5090          | Yes: 0 |     | 32853   MB | 10de      | 0          |
|     |                                  |        |     |            | 2b85      | 105e4e5f.. |
|     |                                  |        |     |            | 49        |            |
|=============================================================================================|
| OS: 22.04.5 LTS (Jammy Jellyfish) ubuntu, Version: 22.04.5, Kernel: 5.15.0-78-generic
| Processor: Intel(R) Xeon(R) Platinum 8470Q
| Bare Metal Cores: 104 | Bare Metal Logical Cores: 208
| Core Usage Quota: 25
|---------------------------------------------------------------------------------------------|
| Total Memory (MB): 92160 | Free Memory: 88067
| Total Page/Swap (MB): 0 | Free Page/Swap: 0
|---------------------------------------------------------------------------------------------|
[1.987s] [ext: omni.kit.pipapi-0.0.0] startup
[1.989s] [ext: omni.kit.telemetry-0.5.2] startup
[2.044s] [ext: omni.kit.loop-isaac-1.6.0] startup
[2.046s] [ext: omni.kit.test-2.0.7] startup
[2.115s] [ext: omni.materialx.libs-1.0.9] startup
[2.123s] [ext: omni.gpucompute.plugins-0.0.0] startup
[2.124s] [ext: omni.usd.config-1.0.7] startup
[2.127s] [ext: omni.usd.libs-1.0.3] startup
[2.238s] [ext: omni.iray.libs-0.0.1] startup
[2.245s] [ext: omni.mdl-57.0.3] startup
[2.268s] [ext: omni.mdl.neuraylib-0.2.20] startup
[2.271s] [ext: omni.kit.usd.mdl-1.1.9] startup
[2.400s] [ext: omni.appwindow-1.2.2] startup
[2.404s] [ext: omni.kit.renderer.core-1.2.2] startup
2026-08-12T18:22:48Z [2,375ms] [Warning] [carb.windowing-glfw.plugin] GLFW initialization failed.
2026-08-12T18:22:48Z [2,375ms] [Warning] [carb] Failed to startup plugin carb.windowing-glfw.plugin (interfaces: [carb::windowing::IGLContext v1.0],[carb::windowing::IWindowing v1.5]) (impl: carb.windowing-glfw.plugin)
[2.445s] [ext: omni.kit.renderer.capture-2.0.1] startup
[2.447s] [ext: omni.kit.renderer.imgui-2.0.6] startup
2026-08-12T18:22:48Z [2,404ms] [Warning] [carb.windowing-glfw.plugin] GLFW initialization failed.
2026-08-12T18:22:48Z [2,404ms] [Warning] [carb] Failed to startup plugin carb.windowing-glfw.plugin (interfaces: [carb::windowing::IGLContext v1.0],[carb::windowing::IWindowing v1.5]) (impl: carb.windowing-glfw.plugin)
2026-08-12T18:22:48Z [2,406ms] [Warning] [carb.windowing-glfw.plugin] GLFW initialization failed.
2026-08-12T18:22:48Z [2,406ms] [Warning] [carb] Failed to startup plugin carb.windowing-glfw.plugin (interfaces: [carb::windowing::IGLContext v1.0],[carb::windowing::IWindowing v1.5]) (impl: carb.windowing-glfw.plugin)
[2.549s] [ext: omni.ui-3.2.0] startup
[2.560s] [ext: omni.kit.mainwindow-1.0.3] startup
[2.562s] [ext: carb.audio-0.1.0] startup
[2.567s] [ext: omni.uiaudio-1.0.0] startup
[2.568s] [ext: omni.kit.uiapp-0.0.0] startup
[2.568s] [ext: omni.usd.schema.metrics.assembler-110.1.0] startup
[2.571s] [ext: omni.usd.schema.audio-0.0.1] startup
[2.575s] [ext: omni.usd_resolver-1.0.0] startup
[2.579s] [ext: omni.usd.core-1.8.3] startup
[2.583s] [ext: omni.metropolis.schema-0.0.3] startup
[2.584s] [ext: isaacsim.anim.robot.schema-0.1.1] startup
[2.584s] [ext: omni.usd.schema.anim-0.0.1] startup
[2.606s] [ext: omni.usd.schema.geospatial-0.0.1] startup
[2.609s] [ext: omni.usd.schema.omnigraph-1.0.1] startup
[2.615s] [ext: omni.usd.schema.semantics-0.0.0] startup
[2.618s] [ext: omni.activity.core-1.0.3] startup
[2.619s] [ext: omni.cubric-0.1.0] startup
[2.619s] [ext: omni.graph.exec-0.9.6] startup
[2.620s] [ext: omni.hydra.scene_delegate-0.3.5] startup
[2.624s] [ext: usdrt.scenegraph-7.6.3] startup
[2.656s] [ext: omni.hydra.usdrt_delegate-7.5.2] startup
[2.663s] [ext: omni.inspect-1.0.2] startup
[2.665s] [ext: omni.kit.actions.core-1.0.0] startup
[2.667s] [ext: omni.kit.audiodeviceenum-1.0.2] startup
[2.669s] [ext: omni.kit.commands-1.5.0] startup
[2.672s] [ext: omni.kit.exec.core-0.13.5] startup
[2.674s] [ext: omni.kit.usd_undo-0.1.8] startup
[2.674s] [ext: omni.kit.window.popup_dialog-2.0.25] startup
[2.679s] [ext: omni.kit.widget.nucleus_connector-2.3.1] startup
[2.682s] [ext: omni.timeline-1.1.0] startup
[2.684s] [ext: omni.usd-1.16.0] startup
[2.733s] [ext: omni.graph.core-3.1.2] startup
[2.737s] [ext: omni.kit.notification_manager-1.0.11] startup
[2.741s] [ext: isaacsim.core.deprecation_manager-0.4.2] startup
[2.742s] [ext: isaacsim.replicator.agent.schema-0.1.1] startup
[2.743s] [ext: isaacsim.robot.schema-6.3.7] startup
[2.748s] [ext: isaacsim.robot_motion.schema-0.2.1] startup
[2.749s] [ext: omni.anim.behavior.schema-110.1.0] startup
[2.753s] [ext: omni.anim.graph.schema-110.1.1] startup
[2.760s] [ext: omni.anim.navigation.schema-110.1.0] startup
[2.763s] [ext: omni.behavior.tree.schema-110.1.0] startup
[2.764s] [ext: omni.kit.asset_converter-6.0.1] startup
[2.780s] [ext: omni.usd.schema.flow-110.0.0] startup
[2.781s] [ext: omni.usd.schema.mujoco-1.1.1] startup
[2.781s] [ext: omni.usd.schema.newton-1.2.1] startup
[2.782s] [ext: omni.usd.schema.omni_lens_distortion-1.0.0] startup
[2.783s] [ext: omni.usd.schema.omni_projectors-1.0.0] startup
[2.783s] [ext: omni.usd.schema.omni_sensors-0.0.0] startup
[2.792s] [ext: omni.usd.schema.omniscripting-1.0.1] startup
[2.797s] [ext: omni.usd.schema.physical_lighting-0.1.0] startup
[2.801s] [ext: omni.usd.schema.physx-110.1.13] startup
[2.837s] [ext: omni.usd.schema.render_settings.rtx-1.0.2] startup
[2.842s] [ext: omni.usd.schema.usd_particle_field-1.0.0] startup
[2.842s] [ext: isaacsim.core.version-2.1.1] startup
[2.843s] [ext: omni.kit.menu.core-1.2.0] startup
[2.844s] [ext: omni.kit.menu.utils-2.2.4] startup
[2.853s] [ext: isaacsim.app.about-2.3.1] startup
[2.859s] [ext: isaacsim.asset.transformer-1.2.5] startup
[2.863s] [ext: omni.scene.optimizer.core-110.1.0] startup
[2.941s] [ext: isaacsim.asset.importer.utils-1.8.1] startup
[2.944s] [ext: omni.convexdecomposition-110.1.13] startup
[2.947s] [ext: omni.physics-110.1.13] startup
[2.951s] [ext: omni.physx.gpu-110.1.13] startup
[2.951s] [ext: omni.physx.foundation-110.1.13] startup
[2.953s] [ext: omni.usdphysics-110.1.13] startup
[2.955s] [ext: omni.physx.cooking-110.1.13] startup
[2.958s] [ext: omni.physx-110.1.13] startup
[2.970s] [ext: omni.physics.physx-110.1.13] startup
[2.972s] [ext: isaacsim.asset.exporter.urdf-2.0.5] startup
[2.981s] [ext: omni.kit.clipboard-1.1.1] startup
[2.982s] [ext: omni.kit.usd.layers-2.6.1] startup
[2.991s] [ext: omni.kit.widget.context_menu-1.4.0] startup
[2.992s] [ext: omni.kit.context_menu-1.9.0] startup
[2.994s] [ext: omni.kit.helper.file_utils-0.1.10] startup
[2.996s] [ext: omni.kit.widget.nucleus_info-2.0.2] startup
[2.996s] [ext: omni.kit.search_core-1.0.8] startup
[2.997s] [ext: omni.kit.widget.path_field-2.0.13] startup
[2.998s] [ext: omni.kit.widget.browser_bar-2.0.10] startup
[2.998s] [ext: omni.kit.widget.filebrowser-2.13.4] startup
[3.003s] [ext: omni.kit.widget.options_menu-1.1.6] startup
[3.006s] [ext: omni.kit.widget.options_button-1.0.3] startup
[3.007s] [ext: omni.kit.widget.search_delegate-1.0.9] startup
[3.008s] [ext: omni.ui.scene-2.0.3] startup
[3.014s] [ext: omni.kit.window.filepicker-2.15.5] startup
[3.028s] [ext: omni.kit.window.file_importer-1.1.21] startup
[3.031s] [ext: omni.kit.material.library-3.1.2] startup
[3.037s] [ext: isaacsim.asset.transformer.rules-1.7.10] startup
[3.050s] [ext: omni.usdex.libs-2.2.2] startup
[3.061s] [ext: isaacsim.asset.importer.mjcf-3.10.1] startup
[3.063s] [ext: isaacsim.asset.importer.urdf-3.11.2] startup
[3.067s] [ext: omni.kit.primitive.mesh-1.1.0] startup
[3.070s] [ext: omni.kit.stage_template.core-1.1.22] startup
[3.071s] [ext: omni.kit.stage_templates-2.0.2] startup
[3.072s] [ext: omni.usd.metrics.assembler-110.1.2] startup
[3.076s] [ext: omni.warp.core-1.13.0] startup
[3.276s] [ext: isaacsim.core.experimental.utils-0.17.2] startup
[3.277s] [ext: omni.physics.stageupdate-110.1.13] startup
[3.282s] [ext: omni.physics.tensors-110.1.13] startup
[3.288s] [ext: omni.physx.tensors-110.1.13] startup
[3.293s] [ext: isaacsim.core.simulation_manager-1.15.6] startup
[3.309s] [ext: isaacsim.storage.native-1.9.3] startup
[3.311s] [ext: omni.usd.metrics.assembler.physics-110.1.13] startup
[3.312s] [ext: isaacsim.core.utils-4.1.7] startup
[3.315s] [ext: isaacsim.core.prims-0.11.7] startup
[4.781s] [ext: isaacsim.core.api-5.2.13] startup
[4.791s] [ext: isaacsim.core.cloner-1.7.3] startup
[4.792s] [ext: isaacsim.test.docstring-1.3.2] startup
[4.797s] [ext: isaacsim.core.experimental.prims-1.8.9] startup
[4.825s] [ext: isaacsim.core.experimental.primdata-0.3.2] startup
[4.828s] [ext: omni.graph.tools-1.81.0] startup
[4.854s] [ext: omni.graph-1.142.5] startup
[4.899s] [ext: isaacsim.core.experimental.actuators-0.1.2] startup
[4.921s] [ext: isaacsim.core.experimental.materials-0.7.1] startup
[4.926s] [ext: isaacsim.core.experimental.objects-0.8.1] startup
[4.999s] [ext: omni.hydra.engine.stats-1.0.5] startup
[5.003s] [ext: omni.hydra.rtx.shadercache.vulkan-1.0.0] startup
[5.005s] [ext: omni.index.libs-387500.4413.0] startup
[5.005s] [ext: omni.index-1.0.1] startup
[5.005s] [ext: omni.ujitso.client-0.0.0] startup
[5.006s] [ext: omni.usd.schema.playback-1.0.0] startup
[5.011s] [ext: omni.volume-0.5.2] startup
[5.017s] [ext: omni.hydra.rtx-1.0.4] startup
2026-08-12T18:22:51Z [4,991ms] [Warning] [omni.log] Source: omni.hydra was already registered.
[5.059s] [ext: omni.kit.hydra_texture-1.6.0] startup
[5.064s] [ext: omni.kit.raycast.query-1.2.0] startup
[5.070s] [ext: omni.kit.viewport.legacy_gizmos-1.0.24] startup
[5.074s] [ext: omni.kit.viewport.registry-104.0.6] startup
[5.075s] [ext: omni.kit.viewport.scene_camera_model-1.0.7] startup
[5.080s] [ext: omni.kit.widget.viewport-109.2.0] startup
[5.085s] [ext: omni.kit.window.drop_support-1.0.8] startup
[5.086s] [ext: omni.kit.viewport.window-109.0.2] startup
[5.107s] [ext: omni.kit.viewport.utility-2.0.1] startup
[5.109s] [ext: isaacsim.core.rendering_manager-0.4.3] startup
[5.130s] [ext: omni.graph.action_core-1.1.9] startup
[5.133s] [ext: omni.graph.action_nodes_core-2.11.0] startup
[5.136s] [ext: omni.graph.action_nodes-2.11.0] startup
[5.177s] [ext: omni.graph.action-2.10.2] startup
[5.180s] [ext: omni.graph.image.core-0.6.1] startup
[5.183s] [ext: omni.graph.image.nodes-1.3.1] startup
[5.184s] [ext: omni.graph.nodes_core-2.11.0] startup
[5.197s] [ext: omni.graph.nodes-2.12.0] startup
[5.209s] [ext: omni.kit.hotkeys.core-1.3.12] startup
[5.211s] [ext: omni.kit.property.adapter.core-1.1.1] startup
[5.216s] [ext: omni.kit.property.adapter.usd-1.0.5] startup
[5.218s] [ext: omni.kit.widget.filter-1.1.5] startup
[5.220s] [ext: omni.kit.widget.highlight_label-1.0.3] startup
[5.222s] [ext: omni.kit.widget.searchfield-1.1.8] startup
[5.224s] [ext: omni.kit.window.file_exporter-1.0.36] startup
[5.226s] [ext: omni.kit.widget.stage-4.4.0] startup
[5.236s] [ext: omni.kit.window.content_browser_registry-0.0.6] startup
[5.237s] [ext: omni.kit.window.file-2.0.10] startup
[5.241s] [ext: omni.kit.window.content_browser-3.1.8] startup
[5.254s] [ext: omni.kit.window.property-1.15.1] startup
[5.269s] [ext: omni.kit.property.usd-4.9.4] startup
[5.282s] [ext: omni.graph.scriptnode-2.10.2] startup
[5.294s] [ext: omni.kit.widget.searchable_combobox-1.0.7] startup
[5.296s] [ext: omni.kit.widget.settings-2.0.0] startup
[5.298s] [ext: omni.kit.window.preferences-1.8.3] startup
[5.304s] [ext: omni.kit.viewport.menubar.core-107.2.2] startup
[5.318s] [ext: omni.syntheticdata-0.6.15] startup
[5.358s] [ext: omni.replicator.nv-1.1.1] startup
[5.366s] [ext: omni.videoencoding-0.2.1] startup
[5.369s] [ext: omni.replicator.core-1.13.27] startup
2026-08-12T18:22:51Z [5,334ms] [Warning] [pxr.Semantics] pxr.Semantics is deprecated - please use Semantics instead
2026-08-12T18:22:51Z [5,430ms] [Warning] [omni.replicator.core.scripts.extension] No material configuration file, adding configuration to material settings directly.
[5.660s] [ext: isaacsim.core.nodes-5.10.5] startup
[5.699s] [ext: isaacsim.core.throttling-2.3.5] startup
[5.701s] [ext: omni.kit.manipulator.viewport-107.0.1] startup
[5.702s] [ext: omni.graph.visualization.nodes-2.1.4] startup
[5.719s] [ext: omni.kit.window.extensions-1.5.10] startup
[5.726s] [ext: isaacsim.gui.components-1.8.5] startup
[5.732s] [ext: isaacsim.robot.surface_gripper-3.6.2] startup
[5.747s] [ext: isaacsim.robot.manipulators-3.4.4] startup
[5.761s] [ext: isaacsim.robot_motion.lula-4.1.3] startup
[5.770s] [ext: isaacsim.robot_motion.motion_generation-8.2.9] startup
[5.779s] [ext: isaacsim.cortex.framework-1.0.18] startup
[5.781s] [ext: isaacsim.cortex.behaviors-2.0.17] startup
[5.783s] [ext: isaacsim.examples.base-1.3.2] startup
[5.786s] [ext: omni.kit.widget.zoombar-1.0.7] startup
[5.787s] [ext: omni.kit.browser.core-2.3.18] startup
[5.792s] [ext: omni.kit.browser.folder.core-2.0.2] startup
[5.797s] [ext: omni.kit.widget.stage_icons-1.0.8] startup
[5.799s] [ext: omni.kit.window.stage-2.6.1] startup
[5.804s] [ext: omni.kit.menu.stage-1.2.7] startup
[5.805s] [ext: omni.kit.usd.collect-3.0.6] startup
[5.809s] [ext: omni.kit.widget.prompt-1.0.7] startup
[5.810s] [ext: omni.kit.tool.collect-2.2.19] startup
[5.813s] [ext: isaacsim.examples.browser-0.3.2] startup
[5.816s] [ext: omni.kit.search.files-1.0.4] startup
[5.817s] [ext: omni.kit.widget.calendar-1.0.9] startup
[5.819s] [ext: omni.kit.widget.extended_searchfield-1.0.31] startup
[5.830s] [ext: omni.simready.content.browser-0.3.7] startup
[5.941s] [ext: isaacsim.gui.content_browser-0.4.3] startup
[5.945s] [ext: omni.kit.selection-0.1.6] startup
[5.947s] [ext: isaacsim.gui.menu-2.10.5] startup
[5.957s] [ext: isaacsim.gui.property-1.6.4] startup
[5.966s] [ext: omni.kit.viewport.actions-110.0.0] startup
[5.971s] [ext: omni.kit.viewport.menubar.display-107.1.3] startup
[5.973s] [ext: isaacsim.gui.sensors.icon-2.2.1] startup
[5.977s] [ext: omni.behavior.scripting.core-110.1.0] startup
[5.981s] [ext: isaacsim.replicator.behavior-1.5.4] startup
[5.982s] [ext: isaacsim.replicator.experimental.domain_randomization-1.2.5] startup
[6.002s] [ext: isaacsim.replicator.domain_randomization-1.2.2] startup
[6.095s] [ext: isaacsim.replicator.writers-1.5.4] startup
[6.127s] [ext: isaacsim.robot.experimental.wheeled_robots-0.2.11] startup
[6.158s] [ext: isaacsim.robot.policy.examples-5.2.12] startup
[6.182s] [ext: isaacsim.robot.wheeled_robots-5.2.4] startup
[6.188s] [ext: isaacsim.robot.wheeled_robots.nodes-0.1.5] startup
[6.217s] [ext: isaacsim.robot_motion.experimental.motion_generation-6.1.3] startup
[6.230s] [ext: isaacsim.robot_motion.cumotion-1.3.1] startup
[6.247s] [ext: omni.kit.numpy.common-0.1.3] startup
[6.249s] [ext: isaacsim.sensors.camera-1.7.9] startup
[6.283s] [ext: isaacsim.sensors.experimental.physics-3.0.2] startup
[6.294s] [ext: omni.sensors.net-1.0.1] startup
[6.300s] [ext: omni.sensors.nv.common-3.0.0] startup
[6.316s] [ext: omni.sensors.nv.materials-2.0.0] startup
[6.320s] [ext: omni.sensors.nv.acoustic-3.0.0] startup
[6.324s] [ext: omni.sensors.nv.ids-2.0.1] startup
[6.326s] [ext: omni.sensors.nv.lidar-3.0.0] startup
[6.332s] [ext: omni.sensors.nv.radar-3.0.0] startup
[6.336s] [ext: isaacsim.sensors.experimental.rtx-1.4.6] startup
[6.594s] [ext: isaacsim.sensors.physics.nodes-1.5.3] startup
[6.604s] [ext: isaacsim.util.debug_draw-3.2.3] startup
[6.612s] [ext: isaacsim.sensors.physx-2.5.5] startup
[6.623s] [ext: isaacsim.sensors.rtx-15.17.1] startup
[6.639s] [ext: isaacsim.simulation_app-2.18.4] startup
[6.639s] [ext: omni.anim.curve.core-1.6.0] startup
[6.652s] [ext: omni.graph.ui_nodes-2.11.1] startup
[6.703s] [ext: omni.hydra.scene_api-0.1.3] startup
[6.709s] [ext: omni.kit.manipulator.camera-110.0.0] startup
[6.714s] [ext: omni.kit.manipulator.selector-1.1.4] startup
[6.716s] [ext: omni.kit.manipulator.transform-107.0.0] startup
[6.722s] [ext: omni.kit.widget.toolbar-2.1.0] startup
[6.729s] [ext: omni.kit.manipulator.tool.snap-1.5.14] startup
[6.735s] [ext: omni.kit.viewport.manipulator.transform-107.0.4] startup
[6.737s] [ext: omni.kit.manipulator.prim.core-108.0.2] startup
[6.745s] [ext: omni.kit.manipulator.prim.usd-107.0.3] startup
[6.747s] [ext: omni.kit.manipulator.prim-108.0.0] startup
[6.747s] [ext: omni.kit.manipulator.selection-109.0.1] startup
[6.748s] [ext: omni.kit.menu.create-2.0.2] startup
[6.750s] [ext: omni.kit.property.audio-1.0.16] startup
[6.755s] [ext: omni.kit.property.camera-1.0.14] startup
[6.757s] [ext: omni.kit.property.geometry-2.1.2] startup
[6.761s] [ext: omni.kit.property.light-1.0.14] startup
2026-08-12T18:22:53Z [6,750ms] [Warning] [omni.usd] Encountered USD Warnings but USD Diagnostics are currently muted. To view USD Warnings, please set the '/persistent/app/usd/muteUsdDiagnostics' setting to false in Preferences page.
[6.922s] [ext: omni.kit.property.material-1.14.6] startup
[6.929s] [ext: omni.kit.property.render-1.2.2] startup
[6.931s] [ext: omni.kit.property.transform-1.6.9] startup
[6.935s] [ext: omni.kit.property.bundle-1.5.1] startup
[6.937s] [ext: omni.kit.usdz_export-1.1.0] startup
[6.940s] [ext: omni.kit.tool.asset_importer-6.0.1] startup
[6.947s] [ext: omni.kit.ui.actions-1.0.5] startup
[6.949s] [ext: omni.kit.viewport.menubar.camera-107.0.10] startup
[6.955s] [ext: omni.kit.viewport.menubar.lighting-107.3.2] startup
[6.958s] [ext: omni.kit.viewport.menubar.render-110.0.0] startup
[6.961s] [ext: omni.kit.viewport.menubar.settings-110.0.1] startup
[6.966s] [ext: omni.kit.window.console-1.1.9] startup
[6.971s] [ext: omni.kit.window.status_bar-0.1.11] startup
[6.975s] [ext: omni.kit.window.toolbar-3.0.3] startup
[6.978s] [ext: omni.ocio-0.1.1] startup
[6.979s] [ext: omni.physx.commands-110.1.13] startup
[6.983s] [ext: omni.replicator.replicator_yaml-2.0.12] startup
[6.997s] [ext: omni.rtx.window.settings-0.8.0] startup
[7.003s] [ext: omni.rtx.settings.core-0.7.1] startup
[7.007s] [ext: omni.usd.metrics.assembler.ui-110.1.1] startup
[7.016s] [ext: semantics.schema.editor-2.0.2] startup
[7.020s] [ext: semantics.schema.property-2.0.2] startup
[7.022s] [ext: omni.kit.menu.common-2.0.2] startup
[7.023s] [ext: isaacsim.exp.base-6.0.1] startup
[7.024s] [ext: isaacsim.exp.base.python-6.0.1] startup
[7.026s] Simulation App Starting
[10.175s] Simulation App Startup Complete
[10.185s] app ready
Starting kit application with the following args:  ['/root/autodl-tmp/isaac_sim/venv/lib/python3.12/site-packages/isaacsim/exts/isaacsim.simulation_app/isaacsim/simulation_app/simulation_app.py', '/root/autodl-tmp/isaac_sim/venv/lib/python3.12/site-packages/isaacsim/apps/isaacsim.exp.base.python.kit', '--/app/tokens/exe-path=/root/autodl-tmp/isaac_sim/venv/lib/python3.12/site-packages/isaacsim/kit', '--/persistent/app/viewport/displayOptions=3094', '--/rtx/materialDb/syncLoads=True', '--/rtx/hydra/materialSyncLoads=True', '--/omni/kit/plugin/syncUsdLoads=True', '--/app/renderer/resolution/width=1280', '--/app/renderer/resolution/height=720', '--/app/window/width=1440', '--/app/window/height=900', '--/renderer/multiGpu/enabled=True', '--/app/fastShutdown=True', '--/app/installSignalHandlers=0', '--ext-folder', '/root/autodl-tmp/isaac_sim/venv/lib/python3.12/site-packages/isaacsim/exts', '--ext-folder', '/root/autodl-tmp/isaac_sim/venv/lib/python3.12/site-packages/isaacsim/apps', '--/physics/cudaDevice=0', '--/plugins/carb.tasking.plugin/threadCount=32', '--/plugins/omni.tbb.globalcontrol/maxThreadCount=32', '--portable', '--no-window', '--/app/window/hideUi=1', '--allow-root']
Passing the following args to the base kit application:  ['--mode', 'single_camera', '--output-dir', '/root/autodl-tmp/VLA-Intern-Sprint/results/isaac_5090_startup_diagnosis_20260813_attempt03/single_camera']
Warp 1.13.0 initialized:
   CUDA Toolkit 12.9, Driver 13.0
   Devices:
     "cpu"      : "x86_64"
     "cuda:0"   : "NVIDIA GeForce RTX 5090" (31 GiB, sm_120, mempool enabled)
   Kernel cache:
     /root/autodl-tmp/isaac_cache/xdg/warp/1.13.0
{"event": "after_SimulationApp", "elapsed_sec": 10.810411140322685, "wall_time": 1786558976.8885522}
{"event": "before_isaac_core_imports", "elapsed_sec": 10.811576414853334, "wall_time": 1786558976.8897161}
{"event": "after_isaac_core_imports", "elapsed_sec": 10.811738140881062, "wall_time": 1786558976.889878}
{"event": "after_1_camera_creation", "elapsed_sec": 12.168735420331359, "wall_time": 1786558978.246877}
{"event": "after_1_camera_frame_read", "elapsed_sec": 17.88142570666969, "wall_time": 1786558983.959566}
2026-08-12T18:23:02Z [16,613ms] [Warning] [omni.rtx] DLSS increasing input dimensions: Render resolution of (128, 128) is below minimal input resolution of 300.
2026-08-12T18:23:03Z [17,014ms] [Warning] [carb] Plugin interface for a client: omni.hydratexture.plugin was already released.
[18.072s] Simulation App Shutting Down
