WARNING: All log messages before absl::InitializeLog() is called are written to STDERR
E0000 00:00:1786621724.175768   37924 descriptor_database.cc:633] File already exists in database: grpc/health/v1/health.proto
W0000 00:00:1786621724.175808   37924 message.cc:301] Protobuf GeneratedMessageFactory: File is already registered: grpc/health/v1/health.proto
2026-08-13T11:48:43Z [Info] [carb] Logging to file: /root/autodl-tmp/isaac_sim/venv/lib/python3.12/site-packages/isaacsim/kit/logs/Kit/Isaac-Sim Python/6.0/kit_20260813_194843.log
[0.083s] [ext: omni.assets.plugins-0.0.0] startup
[0.084s] [ext: omni.blobkey-1.1.2] startup
[0.084s] [ext: omni.kit.async_engine-0.0.3] startup
[0.197s] [ext: omni.client.lib-1.1.1] startup
[0.213s] [ext: omni.client-1.3.0] startup
[0.219s] [ext: omni.protobuf.lib-1.0.0] startup
[0.221s] [ext: omni.grpc.lib-1.0.0] startup
[0.226s] [ext: omni.metrics.core-0.0.3] startup
[0.226s] [ext: omni.datastore-0.0.0] startup
[0.227s] [ext: omni.gpu_foundation.shadercache.vulkan-1.0.0] startup
[0.229s] [ext: omni.hsscclient-1.1.4] startup
[0.230s] [ext: omni.stats-1.0.1] startup
[0.231s] [ext: omni.ujitso.default-1.0.0] startup
[0.234s] [ext: omni.gpu_foundation-0.0.0] startup
[0.538s] [ext: carb.windowing.plugins-1.0.1] startup
[0.539s] [ext: omni.kit.renderer.init-1.0.1] startup
2026-08-13T11:48:44Z [589ms] [Warning] [omni.platforminfo.plugin] failed to open the default display.  Can't verify X Server version.

|---------------------------------------------------------------------------------------------|
| Driver Version: 580.105.08    | Graphics API: Vulkan
|=============================================================================================|
| GPU | Name                             | Active | LDA | GPU Memory | Vendor-ID | LUID       |
|     |                                  |        |     |            | Device-ID | UUID       |
|     |                                  |        |     |            | Bus-ID    |            |
|---------------------------------------------------------------------------------------------|
| 0   | NVIDIA GeForce RTX 5090          | Yes: 0 |     | 32853   MB | 10de      | 0          |
|     |                                  |        |     |            | 2b85      | bdb6f84a.. |
|     |                                  |        |     |            | a8        |            |
|=============================================================================================|
| OS: 22.04.5 LTS (Jammy Jellyfish) ubuntu, Version: 22.04.5, Kernel: 5.15.0-78-generic
| Processor: Intel(R) Xeon(R) Platinum 8470Q
| Bare Metal Cores: 104 | Bare Metal Logical Cores: 208
| Core Usage Quota: 25
|---------------------------------------------------------------------------------------------|
| Total Memory (MB): 92160 | Free Memory: 87726
| Total Page/Swap (MB): 0 | Free Page/Swap: 0
|---------------------------------------------------------------------------------------------|
[1.930s] [ext: omni.kit.pipapi-0.0.0] startup
[1.931s] [ext: omni.kit.telemetry-0.5.2] startup
[1.981s] [ext: omni.kit.loop-isaac-1.6.0] startup
[1.983s] [ext: omni.kit.test-2.0.7] startup
[2.040s] [ext: omni.materialx.libs-1.0.9] startup
[2.048s] [ext: omni.gpucompute.plugins-0.0.0] startup
[2.049s] [ext: omni.usd.config-1.0.7] startup
[2.052s] [ext: omni.usd.libs-1.0.3] startup
[2.159s] [ext: omni.iray.libs-0.0.1] startup
[2.164s] [ext: omni.mdl-57.0.3] startup
[2.186s] [ext: omni.mdl.neuraylib-0.2.20] startup
[2.188s] [ext: omni.kit.usd.mdl-1.1.9] startup
[2.305s] [ext: omni.appwindow-1.2.2] startup
[2.308s] [ext: omni.kit.renderer.core-1.2.2] startup
2026-08-13T11:48:46Z [2,279ms] [Warning] [carb.windowing-glfw.plugin] GLFW initialization failed.
2026-08-13T11:48:46Z [2,279ms] [Warning] [carb] Failed to startup plugin carb.windowing-glfw.plugin (interfaces: [carb::windowing::IGLContext v1.0],[carb::windowing::IWindowing v1.5]) (impl: carb.windowing-glfw.plugin)
[2.343s] [ext: omni.kit.renderer.capture-2.0.1] startup
[2.345s] [ext: omni.kit.renderer.imgui-2.0.6] startup
2026-08-13T11:48:46Z [2,303ms] [Warning] [carb.windowing-glfw.plugin] GLFW initialization failed.
2026-08-13T11:48:46Z [2,303ms] [Warning] [carb] Failed to startup plugin carb.windowing-glfw.plugin (interfaces: [carb::windowing::IGLContext v1.0],[carb::windowing::IWindowing v1.5]) (impl: carb.windowing-glfw.plugin)
2026-08-13T11:48:46Z [2,304ms] [Warning] [carb.windowing-glfw.plugin] GLFW initialization failed.
2026-08-13T11:48:46Z [2,304ms] [Warning] [carb] Failed to startup plugin carb.windowing-glfw.plugin (interfaces: [carb::windowing::IGLContext v1.0],[carb::windowing::IWindowing v1.5]) (impl: carb.windowing-glfw.plugin)
[2.448s] [ext: omni.ui-3.2.0] startup
[2.459s] [ext: omni.kit.mainwindow-1.0.3] startup
[2.461s] [ext: carb.audio-0.1.0] startup
[2.468s] [ext: omni.uiaudio-1.0.0] startup
[2.469s] [ext: omni.kit.uiapp-0.0.0] startup
[2.469s] [ext: omni.usd.schema.metrics.assembler-110.1.0] startup
[2.472s] [ext: omni.usd.schema.audio-0.0.1] startup
[2.476s] [ext: omni.usd_resolver-1.0.0] startup
[2.479s] [ext: omni.usd.core-1.8.3] startup
[2.484s] [ext: omni.metropolis.schema-0.0.3] startup
[2.484s] [ext: isaacsim.anim.robot.schema-0.1.1] startup
[2.485s] [ext: omni.usd.schema.anim-0.0.1] startup
[2.507s] [ext: omni.usd.schema.geospatial-0.0.1] startup
[2.510s] [ext: omni.usd.schema.omnigraph-1.0.1] startup
[2.516s] [ext: omni.usd.schema.semantics-0.0.0] startup
[2.519s] [ext: omni.activity.core-1.0.3] startup
[2.520s] [ext: omni.cubric-0.1.0] startup
[2.520s] [ext: omni.graph.exec-0.9.6] startup
[2.521s] [ext: omni.hydra.scene_delegate-0.3.5] startup
[2.525s] [ext: usdrt.scenegraph-7.6.3] startup
[2.562s] [ext: omni.hydra.usdrt_delegate-7.5.2] startup
[2.576s] [ext: omni.inspect-1.0.2] startup
[2.580s] [ext: omni.kit.actions.core-1.0.0] startup
[2.583s] [ext: omni.kit.audiodeviceenum-1.0.2] startup
[2.584s] [ext: omni.kit.commands-1.5.0] startup
[2.588s] [ext: omni.kit.exec.core-0.13.5] startup
[2.590s] [ext: omni.kit.usd_undo-0.1.8] startup
[2.591s] [ext: omni.kit.window.popup_dialog-2.0.25] startup
[2.596s] [ext: omni.kit.widget.nucleus_connector-2.3.1] startup
[2.599s] [ext: omni.timeline-1.1.0] startup
[2.602s] [ext: omni.usd-1.16.0] startup
[2.649s] [ext: omni.graph.core-3.1.2] startup
[2.654s] [ext: omni.kit.notification_manager-1.0.11] startup
[2.656s] [ext: isaacsim.core.deprecation_manager-0.4.2] startup
[2.657s] [ext: isaacsim.replicator.agent.schema-0.1.1] startup
[2.658s] [ext: isaacsim.robot.schema-6.3.7] startup
[2.663s] [ext: isaacsim.robot_motion.schema-0.2.1] startup
[2.664s] [ext: omni.anim.behavior.schema-110.1.0] startup
[2.669s] [ext: omni.anim.graph.schema-110.1.1] startup
[2.675s] [ext: omni.anim.navigation.schema-110.1.0] startup
[2.679s] [ext: omni.behavior.tree.schema-110.1.0] startup
[2.680s] [ext: omni.kit.asset_converter-6.0.1] startup
[2.695s] [ext: omni.usd.schema.flow-110.0.0] startup
[2.696s] [ext: omni.usd.schema.mujoco-1.1.1] startup
[2.696s] [ext: omni.usd.schema.newton-1.2.1] startup
[2.697s] [ext: omni.usd.schema.omni_lens_distortion-1.0.0] startup
[2.698s] [ext: omni.usd.schema.omni_projectors-1.0.0] startup
[2.698s] [ext: omni.usd.schema.omni_sensors-0.0.0] startup
[2.707s] [ext: omni.usd.schema.omniscripting-1.0.1] startup
[2.711s] [ext: omni.usd.schema.physical_lighting-0.1.0] startup
[2.715s] [ext: omni.usd.schema.physx-110.1.13] startup
[2.749s] [ext: omni.usd.schema.render_settings.rtx-1.0.2] startup
[2.753s] [ext: omni.usd.schema.usd_particle_field-1.0.0] startup
[2.753s] [ext: isaacsim.core.version-2.1.1] startup
[2.754s] [ext: omni.kit.menu.core-1.2.0] startup
[2.755s] [ext: omni.kit.menu.utils-2.2.4] startup
[2.763s] [ext: isaacsim.app.about-2.3.1] startup
[2.769s] [ext: isaacsim.asset.transformer-1.2.5] startup
[2.772s] [ext: omni.scene.optimizer.core-110.1.0] startup
[2.838s] [ext: isaacsim.asset.importer.utils-1.8.1] startup
[2.841s] [ext: omni.convexdecomposition-110.1.13] startup
[2.844s] [ext: omni.physics-110.1.13] startup
[2.847s] [ext: omni.physx.gpu-110.1.13] startup
[2.848s] [ext: omni.physx.foundation-110.1.13] startup
[2.850s] [ext: omni.usdphysics-110.1.13] startup
[2.852s] [ext: omni.physx.cooking-110.1.13] startup
[2.855s] [ext: omni.physx-110.1.13] startup
[2.868s] [ext: omni.physics.physx-110.1.13] startup
[2.870s] [ext: isaacsim.asset.exporter.urdf-2.0.5] startup
[2.879s] [ext: omni.kit.clipboard-1.1.1] startup
[2.880s] [ext: omni.kit.usd.layers-2.6.1] startup
[2.889s] [ext: omni.kit.widget.context_menu-1.4.0] startup
[2.891s] [ext: omni.kit.context_menu-1.9.0] startup
[2.892s] [ext: omni.kit.helper.file_utils-0.1.10] startup
[2.894s] [ext: omni.kit.widget.nucleus_info-2.0.2] startup
[2.895s] [ext: omni.kit.search_core-1.0.8] startup
[2.895s] [ext: omni.kit.widget.path_field-2.0.13] startup
[2.896s] [ext: omni.kit.widget.browser_bar-2.0.10] startup
[2.897s] [ext: omni.kit.widget.filebrowser-2.13.4] startup
[2.902s] [ext: omni.kit.widget.options_menu-1.1.6] startup
[2.905s] [ext: omni.kit.widget.options_button-1.0.3] startup
[2.905s] [ext: omni.kit.widget.search_delegate-1.0.9] startup
[2.906s] [ext: omni.ui.scene-2.0.3] startup
[2.912s] [ext: omni.kit.window.filepicker-2.15.5] startup
[2.928s] [ext: omni.kit.window.file_importer-1.1.21] startup
[2.930s] [ext: omni.kit.material.library-3.1.2] startup
[2.936s] [ext: isaacsim.asset.transformer.rules-1.7.10] startup
[2.948s] [ext: omni.usdex.libs-2.2.2] startup
[2.959s] [ext: isaacsim.asset.importer.mjcf-3.10.1] startup
[2.961s] [ext: isaacsim.asset.importer.urdf-3.11.2] startup
[2.965s] [ext: omni.kit.primitive.mesh-1.1.0] startup
[2.968s] [ext: omni.kit.stage_template.core-1.1.22] startup
[2.968s] [ext: omni.kit.stage_templates-2.0.2] startup
[2.970s] [ext: omni.usd.metrics.assembler-110.1.2] startup
[2.974s] [ext: omni.warp.core-1.13.0] startup
[3.182s] [ext: isaacsim.core.experimental.utils-0.17.2] startup
[3.184s] [ext: omni.physics.stageupdate-110.1.13] startup
[3.186s] [ext: omni.physics.tensors-110.1.13] startup
[3.192s] [ext: omni.physx.tensors-110.1.13] startup
[3.196s] [ext: isaacsim.core.simulation_manager-1.15.6] startup
[3.213s] [ext: isaacsim.storage.native-1.9.3] startup
[3.215s] [ext: omni.usd.metrics.assembler.physics-110.1.13] startup
[3.216s] [ext: isaacsim.core.utils-4.1.7] startup
[3.219s] [ext: isaacsim.core.prims-0.11.7] startup
[4.592s] [ext: isaacsim.core.api-5.2.13] startup
[4.602s] [ext: isaacsim.core.cloner-1.7.3] startup
[4.604s] [ext: isaacsim.test.docstring-1.3.2] startup
[4.609s] [ext: isaacsim.core.experimental.prims-1.8.9] startup
[4.636s] [ext: isaacsim.core.experimental.primdata-0.3.2] startup
[4.639s] [ext: omni.graph.tools-1.81.0] startup
[4.665s] [ext: omni.graph-1.142.5] startup
[4.708s] [ext: isaacsim.core.experimental.actuators-0.1.2] startup
[4.729s] [ext: isaacsim.core.experimental.materials-0.7.1] startup
[4.733s] [ext: isaacsim.core.experimental.objects-0.8.1] startup
[4.805s] [ext: omni.hydra.engine.stats-1.0.5] startup
[4.808s] [ext: omni.hydra.rtx.shadercache.vulkan-1.0.0] startup
[4.809s] [ext: omni.index.libs-387500.4413.0] startup
[4.809s] [ext: omni.index-1.0.1] startup
[4.810s] [ext: omni.ujitso.client-0.0.0] startup
[4.811s] [ext: omni.usd.schema.playback-1.0.0] startup
[4.815s] [ext: omni.volume-0.5.2] startup
[4.821s] [ext: omni.hydra.rtx-1.0.4] startup
2026-08-13T11:48:48Z [4,797ms] [Warning] [omni.log] Source: omni.hydra was already registered.
[4.865s] [ext: omni.kit.hydra_texture-1.6.0] startup
[4.870s] [ext: omni.kit.raycast.query-1.2.0] startup
[4.876s] [ext: omni.kit.viewport.legacy_gizmos-1.0.24] startup
[4.879s] [ext: omni.kit.viewport.registry-104.0.6] startup
[4.880s] [ext: omni.kit.viewport.scene_camera_model-1.0.7] startup
[4.886s] [ext: omni.kit.widget.viewport-109.2.0] startup
[4.891s] [ext: omni.kit.window.drop_support-1.0.8] startup
[4.892s] [ext: omni.kit.viewport.window-109.0.2] startup
[4.913s] [ext: omni.kit.viewport.utility-2.0.1] startup
[4.915s] [ext: isaacsim.core.rendering_manager-0.4.3] startup
[4.936s] [ext: omni.graph.action_core-1.1.9] startup
[4.939s] [ext: omni.graph.action_nodes_core-2.11.0] startup
[4.942s] [ext: omni.graph.action_nodes-2.11.0] startup
[4.983s] [ext: omni.graph.action-2.10.2] startup
[4.985s] [ext: omni.graph.image.core-0.6.1] startup
[4.986s] [ext: omni.graph.image.nodes-1.3.1] startup
[4.988s] [ext: omni.graph.nodes_core-2.11.0] startup
[4.995s] [ext: omni.graph.nodes-2.12.0] startup
[5.003s] [ext: omni.kit.hotkeys.core-1.3.12] startup
[5.004s] [ext: omni.kit.property.adapter.core-1.1.1] startup
[5.007s] [ext: omni.kit.property.adapter.usd-1.0.5] startup
[5.009s] [ext: omni.kit.widget.filter-1.1.5] startup
[5.010s] [ext: omni.kit.widget.highlight_label-1.0.3] startup
[5.011s] [ext: omni.kit.widget.searchfield-1.1.8] startup
[5.013s] [ext: omni.kit.window.file_exporter-1.0.36] startup
[5.015s] [ext: omni.kit.widget.stage-4.4.0] startup
[5.025s] [ext: omni.kit.window.content_browser_registry-0.0.6] startup
[5.026s] [ext: omni.kit.window.file-2.0.10] startup
[5.030s] [ext: omni.kit.window.content_browser-3.1.8] startup
[5.043s] [ext: omni.kit.window.property-1.15.1] startup
[5.057s] [ext: omni.kit.property.usd-4.9.4] startup
[5.069s] [ext: omni.graph.scriptnode-2.10.2] startup
[5.081s] [ext: omni.kit.widget.searchable_combobox-1.0.7] startup
[5.083s] [ext: omni.kit.widget.settings-2.0.0] startup
[5.085s] [ext: omni.kit.window.preferences-1.8.3] startup
[5.091s] [ext: omni.kit.viewport.menubar.core-107.2.2] startup
[5.105s] [ext: omni.syntheticdata-0.6.15] startup
[5.145s] [ext: omni.replicator.nv-1.1.1] startup
[5.153s] [ext: omni.videoencoding-0.2.1] startup
[5.156s] [ext: omni.replicator.core-1.13.27] startup
2026-08-13T11:48:49Z [5,129ms] [Warning] [pxr.Semantics] pxr.Semantics is deprecated - please use Semantics instead
2026-08-13T11:48:49Z [5,223ms] [Warning] [omni.replicator.core.scripts.extension] No material configuration file, adding configuration to material settings directly.
[5.447s] [ext: isaacsim.core.nodes-5.10.5] startup
[5.496s] [ext: isaacsim.core.throttling-2.3.5] startup
[5.498s] [ext: omni.kit.manipulator.viewport-107.0.1] startup
[5.499s] [ext: omni.graph.visualization.nodes-2.1.4] startup
[5.518s] [ext: omni.kit.window.extensions-1.5.10] startup
[5.525s] [ext: isaacsim.gui.components-1.8.5] startup
[5.531s] [ext: isaacsim.robot.surface_gripper-3.6.2] startup
[5.546s] [ext: isaacsim.robot.manipulators-3.4.4] startup
[5.560s] [ext: isaacsim.robot_motion.lula-4.1.3] startup
[5.569s] [ext: isaacsim.robot_motion.motion_generation-8.2.9] startup
[5.580s] [ext: isaacsim.cortex.framework-1.0.18] startup
[5.582s] [ext: isaacsim.cortex.behaviors-2.0.17] startup
[5.585s] [ext: isaacsim.examples.base-1.3.2] startup
[5.587s] [ext: omni.kit.widget.zoombar-1.0.7] startup
[5.588s] [ext: omni.kit.browser.core-2.3.18] startup
[5.593s] [ext: omni.kit.browser.folder.core-2.0.2] startup
[5.599s] [ext: omni.kit.widget.stage_icons-1.0.8] startup
[5.600s] [ext: omni.kit.window.stage-2.6.1] startup
[5.605s] [ext: omni.kit.menu.stage-1.2.7] startup
[5.607s] [ext: omni.kit.usd.collect-3.0.6] startup
[5.610s] [ext: omni.kit.widget.prompt-1.0.7] startup
[5.612s] [ext: omni.kit.tool.collect-2.2.19] startup
[5.614s] [ext: isaacsim.examples.browser-0.3.2] startup
[5.618s] [ext: omni.kit.search.files-1.0.4] startup
[5.619s] [ext: omni.kit.widget.calendar-1.0.9] startup
[5.620s] [ext: omni.kit.widget.extended_searchfield-1.0.31] startup
[5.631s] [ext: omni.simready.content.browser-0.3.7] startup
[5.735s] [ext: isaacsim.gui.content_browser-0.4.3] startup
[5.739s] [ext: omni.kit.selection-0.1.6] startup
[5.740s] [ext: isaacsim.gui.menu-2.10.5] startup
[5.751s] [ext: isaacsim.gui.property-1.6.4] startup
[5.760s] [ext: omni.kit.viewport.actions-110.0.0] startup
[5.764s] [ext: omni.kit.viewport.menubar.display-107.1.3] startup
[5.767s] [ext: isaacsim.gui.sensors.icon-2.2.1] startup
[5.771s] [ext: omni.behavior.scripting.core-110.1.0] startup
[5.774s] [ext: isaacsim.replicator.behavior-1.5.4] startup
[5.775s] [ext: isaacsim.replicator.experimental.domain_randomization-1.2.5] startup
[5.797s] [ext: isaacsim.replicator.domain_randomization-1.2.2] startup
[5.889s] [ext: isaacsim.replicator.writers-1.5.4] startup
[5.920s] [ext: isaacsim.robot.experimental.wheeled_robots-0.2.11] startup
[5.951s] [ext: isaacsim.robot.policy.examples-5.2.12] startup
[5.976s] [ext: isaacsim.robot.wheeled_robots-5.2.4] startup
[5.981s] [ext: isaacsim.robot.wheeled_robots.nodes-0.1.5] startup
[6.009s] [ext: isaacsim.robot_motion.experimental.motion_generation-6.1.3] startup
[6.022s] [ext: isaacsim.robot_motion.cumotion-1.3.1] startup
[6.038s] [ext: omni.kit.numpy.common-0.1.3] startup
[6.040s] [ext: isaacsim.sensors.camera-1.7.9] startup
[6.073s] [ext: isaacsim.sensors.experimental.physics-3.0.2] startup
[6.083s] [ext: omni.sensors.net-1.0.1] startup
[6.089s] [ext: omni.sensors.nv.common-3.0.0] startup
[6.105s] [ext: omni.sensors.nv.materials-2.0.0] startup
[6.109s] [ext: omni.sensors.nv.acoustic-3.0.0] startup
[6.113s] [ext: omni.sensors.nv.ids-2.0.1] startup
[6.116s] [ext: omni.sensors.nv.lidar-3.0.0] startup
[6.121s] [ext: omni.sensors.nv.radar-3.0.0] startup
[6.125s] [ext: isaacsim.sensors.experimental.rtx-1.4.6] startup
[6.386s] [ext: isaacsim.sensors.physics.nodes-1.5.3] startup
[6.395s] [ext: isaacsim.util.debug_draw-3.2.3] startup
[6.403s] [ext: isaacsim.sensors.physx-2.5.5] startup
[6.415s] [ext: isaacsim.sensors.rtx-15.17.1] startup
[6.431s] [ext: isaacsim.simulation_app-2.18.4] startup
[6.432s] [ext: omni.anim.curve.core-1.6.0] startup
[6.445s] [ext: omni.graph.ui_nodes-2.11.1] startup
[6.496s] [ext: omni.hydra.scene_api-0.1.3] startup
[6.503s] [ext: omni.kit.manipulator.camera-110.0.0] startup
[6.508s] [ext: omni.kit.manipulator.selector-1.1.4] startup
[6.509s] [ext: omni.kit.manipulator.transform-107.0.0] startup
[6.515s] [ext: omni.kit.widget.toolbar-2.1.0] startup
[6.522s] [ext: omni.kit.manipulator.tool.snap-1.5.14] startup
[6.527s] [ext: omni.kit.viewport.manipulator.transform-107.0.4] startup
[6.530s] [ext: omni.kit.manipulator.prim.core-108.0.2] startup
[6.537s] [ext: omni.kit.manipulator.prim.usd-107.0.3] startup
[6.539s] [ext: omni.kit.manipulator.prim-108.0.0] startup
[6.539s] [ext: omni.kit.manipulator.selection-109.0.1] startup
[6.541s] [ext: omni.kit.menu.create-2.0.2] startup
[6.543s] [ext: omni.kit.property.audio-1.0.16] startup
[6.547s] [ext: omni.kit.property.camera-1.0.14] startup
[6.549s] [ext: omni.kit.property.geometry-2.1.2] startup
[6.553s] [ext: omni.kit.property.light-1.0.14] startup
2026-08-13T11:48:50Z [6,544ms] [Warning] [omni.usd] Encountered USD Warnings but USD Diagnostics are currently muted. To view USD Warnings, please set the '/persistent/app/usd/muteUsdDiagnostics' setting to false in Preferences page.
[6.640s] [ext: omni.kit.property.material-1.14.6] startup
[6.653s] [ext: omni.kit.property.render-1.2.2] startup
[6.656s] [ext: omni.kit.property.transform-1.6.9] startup
[6.664s] [ext: omni.kit.property.bundle-1.5.1] startup
[6.667s] [ext: omni.kit.usdz_export-1.1.0] startup
[6.672s] [ext: omni.kit.tool.asset_importer-6.0.1] startup
[6.683s] [ext: omni.kit.ui.actions-1.0.5] startup
[6.686s] [ext: omni.kit.viewport.menubar.camera-107.0.10] startup
[6.695s] [ext: omni.kit.viewport.menubar.lighting-107.3.2] startup
[6.700s] [ext: omni.kit.viewport.menubar.render-110.0.0] startup
[6.705s] [ext: omni.kit.viewport.menubar.settings-110.0.1] startup
[6.711s] [ext: omni.kit.window.console-1.1.9] startup
[6.718s] [ext: omni.kit.window.status_bar-0.1.11] startup
[6.723s] [ext: omni.kit.window.toolbar-3.0.3] startup
[6.726s] [ext: omni.ocio-0.1.1] startup
[6.728s] [ext: omni.physx.commands-110.1.13] startup
[6.732s] [ext: omni.replicator.replicator_yaml-2.0.12] startup
[6.746s] [ext: omni.rtx.window.settings-0.8.0] startup
[6.752s] [ext: omni.rtx.settings.core-0.7.1] startup
[6.756s] [ext: omni.usd.metrics.assembler.ui-110.1.1] startup
[6.764s] [ext: semantics.schema.editor-2.0.2] startup
[6.768s] [ext: semantics.schema.property-2.0.2] startup
[6.770s] [ext: omni.kit.menu.common-2.0.2] startup
[6.771s] [ext: isaacsim.exp.base-6.0.1] startup
[6.772s] [ext: isaacsim.exp.base.python-6.0.1] startup
[6.774s] Simulation App Starting
[9.740s] Simulation App Startup Complete
[9.754s] app ready
[10.353s] [ext: isaacsim.robot_motion.pink-0.1.3] startup
2026-08-13T11:48:59Z [15,977ms] [Error] [omni.rtx.materials] [UsdToMdl] Prim '/World/Task/living_room_table/Visual/Looks/Louisa_Coffee_Table_LTV3/Louisa_Coffee_Table_LTV3' parameter 'normalmap_texture': References an asset that can not be found: './materials/textures/louisa-coffee-table-wood-bump.jpg'
2026-08-13T11:48:59Z [15,978ms] [Error] [omni.rtx.materials] [UsdToMdl] Prim '/World/Task/living_room_table/Visual/Looks/Louisa_Coffee_Table_LTV3/Louisa_Coffee_Table_LTV3' parameter 'normalmap_texture': References an asset that can not be found: './materials/textures/louisa-coffee-table-wood-bump.jpg'
2026-08-13T11:49:00Z [16,799ms] [Error] [omni.rtx.materials] [UsdToMdl] Prim '/World/Task/living_room_table/Visual/Looks/Louisa_Coffee_Table_LTV3/Louisa_Coffee_Table_LTV3' parameter 'normalmap_texture': References an asset that can not be found: './materials/textures/louisa-coffee-table-wood-bump.jpg'
2026-08-13T11:49:00Z [16,800ms] [Error] [omni.rtx.materials] [UsdToMdl] Prim '/World/Task/living_room_table/Visual/Looks/Louisa_Coffee_Table_LTV3/Louisa_Coffee_Table_LTV3' parameter 'normalmap_texture': References an asset that can not be found: './materials/textures/louisa-coffee-table-wood-bump.jpg'
Starting kit application with the following args:  ['/root/autodl-tmp/isaac_sim/venv/lib/python3.12/site-packages/isaacsim/exts/isaacsim.simulation_app/isaacsim/simulation_app/simulation_app.py', '/root/autodl-tmp/isaac_sim/venv/lib/python3.12/site-packages/isaacsim/apps/isaacsim.exp.base.python.kit', '--/app/tokens/exe-path=/root/autodl-tmp/isaac_sim/venv/lib/python3.12/site-packages/isaacsim/kit', '--/persistent/app/viewport/displayOptions=3094', '--/rtx/materialDb/syncLoads=True', '--/rtx/hydra/materialSyncLoads=True', '--/omni/kit/plugin/syncUsdLoads=True', '--/app/renderer/resolution/width=1280', '--/app/renderer/resolution/height=720', '--/app/window/width=1440', '--/app/window/height=900', '--/renderer/multiGpu/enabled=True', '--/app/fastShutdown=True', '--/app/installSignalHandlers=0', '--ext-folder', '/root/autodl-tmp/isaac_sim/venv/lib/python3.12/site-packages/isaacsim/exts', '--ext-folder', '/root/autodl-tmp/isaac_sim/venv/lib/python3.12/site-packages/isaacsim/apps', '--/physics/cudaDevice=0', '--/plugins/carb.tasking.plugin/threadCount=32', '--/plugins/omni.tbb.globalcontrol/maxThreadCount=32', '--portable', '--no-window', '--/app/window/hideUi=1', '--allow-root']
Passing the following args to the base kit application:  ['--object', 'tomato', '--trial-index', '1', '--output-dir', '/root/autodl-tmp/VLA-Intern-Sprint/results/phase3_step7/tomato_oracle_postfix/trial_01']
Warp 1.13.0 initialized:
   CUDA Toolkit 12.9, Driver 13.0
   Devices:
     "cpu"      : "x86_64"
     "cuda:0"   : "NVIDIA GeForce RTX 5090" (31 GiB, sm_120, mempool enabled)
   Kernel cache:
     /root/autodl-tmp/isaac_cache/xdg/warp/1.13.0
2026-08-13T11:49:02Z [18,186ms] [Warning] [omni.rtx] DLSS increasing input dimensions: Render resolution of (128, 128) is below minimal input resolution of 300.
2026-08-13T11:49:07Z [23,838ms] [Warning] [isaacsim.robot_motion.pink.impl.pink_ik_controller] PINK solve_ik failed: Joint 8 violates configuration limits 0.0 <= 0.04000149667263031 <= 0.04
[24.366s] Simulation App Shutting Down
