WARNING: All log messages before absl::InitializeLog() is called are written to STDERR
E0000 00:00:1786621697.186161   37067 descriptor_database.cc:633] File already exists in database: grpc/health/v1/health.proto
W0000 00:00:1786621697.186205   37067 message.cc:301] Protobuf GeneratedMessageFactory: File is already registered: grpc/health/v1/health.proto
2026-08-13T11:48:16Z [Info] [carb] Logging to file: /root/autodl-tmp/isaac_sim/venv/lib/python3.12/site-packages/isaacsim/kit/logs/Kit/Isaac-Sim Python/6.0/kit_20260813_194816.log
[0.117s] [ext: omni.assets.plugins-0.0.0] startup
[0.120s] [ext: omni.blobkey-1.1.2] startup
[0.120s] [ext: omni.kit.async_engine-0.0.3] startup
[0.353s] [ext: omni.client.lib-1.1.1] startup
[0.396s] [ext: omni.client-1.3.0] startup
[0.402s] [ext: omni.protobuf.lib-1.0.0] startup
[0.406s] [ext: omni.grpc.lib-1.0.0] startup
[0.416s] [ext: omni.metrics.core-0.0.3] startup
[0.416s] [ext: omni.datastore-0.0.0] startup
[0.418s] [ext: omni.gpu_foundation.shadercache.vulkan-1.0.0] startup
[0.421s] [ext: omni.hsscclient-1.1.4] startup
[0.422s] [ext: omni.stats-1.0.1] startup
[0.425s] [ext: omni.ujitso.default-1.0.0] startup
[0.433s] [ext: omni.gpu_foundation-0.0.0] startup
[0.734s] [ext: carb.windowing.plugins-1.0.1] startup
[0.736s] [ext: omni.kit.renderer.init-1.0.1] startup
2026-08-13T11:48:17Z [755ms] [Warning] [omni.platforminfo.plugin] failed to open the default display.  Can't verify X Server version.

|---------------------------------------------------------------------------------------------|
| Driver Version: 580.105.08    | Graphics API: Vulkan
|=============================================================================================|
| GPU | Name                             | Active | LDA | GPU Memory | Vendor-ID | LUID       |
|     |                                  |        |     |            | Device-ID | UUID       |
|     |                                  |        |     |            | Bus-ID    |            |
|---------------------------------------------------------------------------------------------|
| 0   | NVIDIA GeForce RTX 5090          | Yes: 0 |     | 32853   MB | 10de      | 0          |
|     |                                  |        |     |            | 2b85      | bdb6f84a.. |
|     |                                  |        |     |            | a8        |            |
|=============================================================================================|
| OS: 22.04.5 LTS (Jammy Jellyfish) ubuntu, Version: 22.04.5, Kernel: 5.15.0-78-generic
| Processor: Intel(R) Xeon(R) Platinum 8470Q
| Bare Metal Cores: 104 | Bare Metal Logical Cores: 208
| Core Usage Quota: 25
|---------------------------------------------------------------------------------------------|
| Total Memory (MB): 92160 | Free Memory: 89557
| Total Page/Swap (MB): 0 | Free Page/Swap: 0
|---------------------------------------------------------------------------------------------|
[2.233s] [ext: omni.kit.pipapi-0.0.0] startup
[2.235s] [ext: omni.kit.telemetry-0.5.2] startup
[2.286s] [ext: omni.kit.loop-isaac-1.6.0] startup
[2.290s] [ext: omni.kit.test-2.0.7] startup
[2.404s] [ext: omni.materialx.libs-1.0.9] startup
[2.419s] [ext: omni.gpucompute.plugins-0.0.0] startup
[2.420s] [ext: omni.usd.config-1.0.7] startup
[2.427s] [ext: omni.usd.libs-1.0.3] startup
[2.684s] [ext: omni.iray.libs-0.0.1] startup
[2.701s] [ext: omni.mdl-57.0.3] startup
[2.735s] [ext: omni.mdl.neuraylib-0.2.20] startup
[2.739s] [ext: omni.kit.usd.mdl-1.1.9] startup
[2.921s] [ext: omni.appwindow-1.2.2] startup
[2.924s] [ext: omni.kit.renderer.core-1.2.2] startup
2026-08-13T11:48:19Z [2,869ms] [Warning] [carb.windowing-glfw.plugin] GLFW initialization failed.
2026-08-13T11:48:19Z [2,869ms] [Warning] [carb] Failed to startup plugin carb.windowing-glfw.plugin (interfaces: [carb::windowing::IGLContext v1.0],[carb::windowing::IWindowing v1.5]) (impl: carb.windowing-glfw.plugin)
[2.961s] [ext: omni.kit.renderer.capture-2.0.1] startup
[2.964s] [ext: omni.kit.renderer.imgui-2.0.6] startup
2026-08-13T11:48:19Z [2,895ms] [Warning] [carb.windowing-glfw.plugin] GLFW initialization failed.
2026-08-13T11:48:19Z [2,895ms] [Warning] [carb] Failed to startup plugin carb.windowing-glfw.plugin (interfaces: [carb::windowing::IGLContext v1.0],[carb::windowing::IWindowing v1.5]) (impl: carb.windowing-glfw.plugin)
2026-08-13T11:48:19Z [2,897ms] [Warning] [carb.windowing-glfw.plugin] GLFW initialization failed.
2026-08-13T11:48:19Z [2,897ms] [Warning] [carb] Failed to startup plugin carb.windowing-glfw.plugin (interfaces: [carb::windowing::IGLContext v1.0],[carb::windowing::IWindowing v1.5]) (impl: carb.windowing-glfw.plugin)
[3.066s] [ext: omni.ui-3.2.0] startup
[3.089s] [ext: omni.kit.mainwindow-1.0.3] startup
[3.090s] [ext: carb.audio-0.1.0] startup
[3.095s] [ext: omni.uiaudio-1.0.0] startup
[3.098s] [ext: omni.kit.uiapp-0.0.0] startup
[3.098s] [ext: omni.usd.schema.metrics.assembler-110.1.0] startup
[3.101s] [ext: omni.usd.schema.audio-0.0.1] startup
[3.107s] [ext: omni.usd_resolver-1.0.0] startup
[3.113s] [ext: omni.usd.core-1.8.3] startup
[3.125s] [ext: omni.metropolis.schema-0.0.3] startup
[3.126s] [ext: isaacsim.anim.robot.schema-0.1.1] startup
[3.127s] [ext: omni.usd.schema.anim-0.0.1] startup
[3.158s] [ext: omni.usd.schema.geospatial-0.0.1] startup
[3.162s] [ext: omni.usd.schema.omnigraph-1.0.1] startup
[3.171s] [ext: omni.usd.schema.semantics-0.0.0] startup
[3.175s] [ext: omni.activity.core-1.0.3] startup
[3.176s] [ext: omni.cubric-0.1.0] startup
[3.176s] [ext: omni.graph.exec-0.9.6] startup
[3.177s] [ext: omni.hydra.scene_delegate-0.3.5] startup
[3.181s] [ext: usdrt.scenegraph-7.6.3] startup
[3.237s] [ext: omni.hydra.usdrt_delegate-7.5.2] startup
[3.244s] [ext: omni.inspect-1.0.2] startup
[3.246s] [ext: omni.kit.actions.core-1.0.0] startup
[3.248s] [ext: omni.kit.audiodeviceenum-1.0.2] startup
[3.249s] [ext: omni.kit.commands-1.5.0] startup
[3.253s] [ext: omni.kit.exec.core-0.13.5] startup
[3.254s] [ext: omni.kit.usd_undo-0.1.8] startup
[3.255s] [ext: omni.kit.window.popup_dialog-2.0.25] startup
[3.260s] [ext: omni.kit.widget.nucleus_connector-2.3.1] startup
[3.263s] [ext: omni.timeline-1.1.0] startup
[3.268s] [ext: omni.usd-1.16.0] startup
[3.327s] [ext: omni.graph.core-3.1.2] startup
[3.331s] [ext: omni.kit.notification_manager-1.0.11] startup
[3.332s] [ext: isaacsim.core.deprecation_manager-0.4.2] startup
[3.333s] [ext: isaacsim.replicator.agent.schema-0.1.1] startup
[3.334s] [ext: isaacsim.robot.schema-6.3.7] startup
[3.340s] [ext: isaacsim.robot_motion.schema-0.2.1] startup
[3.341s] [ext: omni.anim.behavior.schema-110.1.0] startup
[3.345s] [ext: omni.anim.graph.schema-110.1.1] startup
[3.351s] [ext: omni.anim.navigation.schema-110.1.0] startup
[3.355s] [ext: omni.behavior.tree.schema-110.1.0] startup
[3.355s] [ext: omni.kit.asset_converter-6.0.1] startup
[3.370s] [ext: omni.usd.schema.flow-110.0.0] startup
[3.371s] [ext: omni.usd.schema.mujoco-1.1.1] startup
[3.372s] [ext: omni.usd.schema.newton-1.2.1] startup
[3.373s] [ext: omni.usd.schema.omni_lens_distortion-1.0.0] startup
[3.374s] [ext: omni.usd.schema.omni_projectors-1.0.0] startup
[3.374s] [ext: omni.usd.schema.omni_sensors-0.0.0] startup
[3.387s] [ext: omni.usd.schema.omniscripting-1.0.1] startup
[3.393s] [ext: omni.usd.schema.physical_lighting-0.1.0] startup
[3.398s] [ext: omni.usd.schema.physx-110.1.13] startup
[3.445s] [ext: omni.usd.schema.render_settings.rtx-1.0.2] startup
[3.451s] [ext: omni.usd.schema.usd_particle_field-1.0.0] startup
[3.452s] [ext: isaacsim.core.version-2.1.1] startup
[3.452s] [ext: omni.kit.menu.core-1.2.0] startup
[3.453s] [ext: omni.kit.menu.utils-2.2.4] startup
[3.461s] [ext: isaacsim.app.about-2.3.1] startup
[3.466s] [ext: isaacsim.asset.transformer-1.2.5] startup
[3.470s] [ext: omni.scene.optimizer.core-110.1.0] startup
[3.575s] [ext: isaacsim.asset.importer.utils-1.8.1] startup
[3.577s] [ext: omni.convexdecomposition-110.1.13] startup
[3.580s] [ext: omni.physics-110.1.13] startup
[3.584s] [ext: omni.physx.gpu-110.1.13] startup
[3.584s] [ext: omni.physx.foundation-110.1.13] startup
[3.586s] [ext: omni.usdphysics-110.1.13] startup
[3.589s] [ext: omni.physx.cooking-110.1.13] startup
[3.592s] [ext: omni.physx-110.1.13] startup
[3.604s] [ext: omni.physics.physx-110.1.13] startup
[3.607s] [ext: isaacsim.asset.exporter.urdf-2.0.5] startup
[3.615s] [ext: omni.kit.clipboard-1.1.1] startup
[3.616s] [ext: omni.kit.usd.layers-2.6.1] startup
[3.625s] [ext: omni.kit.widget.context_menu-1.4.0] startup
[3.627s] [ext: omni.kit.context_menu-1.9.0] startup
[3.628s] [ext: omni.kit.helper.file_utils-0.1.10] startup
[3.630s] [ext: omni.kit.widget.nucleus_info-2.0.2] startup
[3.630s] [ext: omni.kit.search_core-1.0.8] startup
[3.631s] [ext: omni.kit.widget.path_field-2.0.13] startup
[3.632s] [ext: omni.kit.widget.browser_bar-2.0.10] startup
[3.633s] [ext: omni.kit.widget.filebrowser-2.13.4] startup
[3.638s] [ext: omni.kit.widget.options_menu-1.1.6] startup
[3.641s] [ext: omni.kit.widget.options_button-1.0.3] startup
[3.642s] [ext: omni.kit.widget.search_delegate-1.0.9] startup
[3.643s] [ext: omni.ui.scene-2.0.3] startup
[3.652s] [ext: omni.kit.window.filepicker-2.15.5] startup
[3.671s] [ext: omni.kit.window.file_importer-1.1.21] startup
[3.674s] [ext: omni.kit.material.library-3.1.2] startup
[3.680s] [ext: isaacsim.asset.transformer.rules-1.7.10] startup
[3.694s] [ext: omni.usdex.libs-2.2.2] startup
[3.708s] [ext: isaacsim.asset.importer.mjcf-3.10.1] startup
[3.711s] [ext: isaacsim.asset.importer.urdf-3.11.2] startup
[3.715s] [ext: omni.kit.primitive.mesh-1.1.0] startup
[3.718s] [ext: omni.kit.stage_template.core-1.1.22] startup
[3.718s] [ext: omni.kit.stage_templates-2.0.2] startup
[3.720s] [ext: omni.usd.metrics.assembler-110.1.2] startup
[3.725s] [ext: omni.warp.core-1.13.0] startup
[3.940s] [ext: isaacsim.core.experimental.utils-0.17.2] startup
[3.941s] [ext: omni.physics.stageupdate-110.1.13] startup
[3.944s] [ext: omni.physics.tensors-110.1.13] startup
[3.950s] [ext: omni.physx.tensors-110.1.13] startup
[3.957s] [ext: isaacsim.core.simulation_manager-1.15.6] startup
[3.973s] [ext: isaacsim.storage.native-1.9.3] startup
[3.975s] [ext: omni.usd.metrics.assembler.physics-110.1.13] startup
[3.977s] [ext: isaacsim.core.utils-4.1.7] startup
[3.980s] [ext: isaacsim.core.prims-0.11.7] startup
[6.138s] [ext: isaacsim.core.api-5.2.13] startup
[6.149s] [ext: isaacsim.core.cloner-1.7.3] startup
[6.150s] [ext: isaacsim.test.docstring-1.3.2] startup
[6.157s] [ext: isaacsim.core.experimental.prims-1.8.9] startup
[6.186s] [ext: isaacsim.core.experimental.primdata-0.3.2] startup
[6.189s] [ext: omni.graph.tools-1.81.0] startup
[6.217s] [ext: omni.graph-1.142.5] startup
[6.262s] [ext: isaacsim.core.experimental.actuators-0.1.2] startup
[6.283s] [ext: isaacsim.core.experimental.materials-0.7.1] startup
[6.287s] [ext: isaacsim.core.experimental.objects-0.8.1] startup
[6.382s] [ext: omni.hydra.engine.stats-1.0.5] startup
[6.386s] [ext: omni.hydra.rtx.shadercache.vulkan-1.0.0] startup
[6.387s] [ext: omni.index.libs-387500.4413.0] startup
[6.387s] [ext: omni.index-1.0.1] startup
[6.388s] [ext: omni.ujitso.client-0.0.0] startup
[6.389s] [ext: omni.usd.schema.playback-1.0.0] startup
[6.394s] [ext: omni.volume-0.5.2] startup
[6.412s] [ext: omni.hydra.rtx-1.0.4] startup
2026-08-13T11:48:23Z [6,362ms] [Warning] [omni.log] Source: omni.hydra was already registered.
[6.455s] [ext: omni.kit.hydra_texture-1.6.0] startup
[6.460s] [ext: omni.kit.raycast.query-1.2.0] startup
[6.467s] [ext: omni.kit.viewport.legacy_gizmos-1.0.24] startup
[6.470s] [ext: omni.kit.viewport.registry-104.0.6] startup
[6.471s] [ext: omni.kit.viewport.scene_camera_model-1.0.7] startup
[6.476s] [ext: omni.kit.widget.viewport-109.2.0] startup
[6.483s] [ext: omni.kit.window.drop_support-1.0.8] startup
[6.484s] [ext: omni.kit.viewport.window-109.0.2] startup
[6.505s] [ext: omni.kit.viewport.utility-2.0.1] startup
[6.507s] [ext: isaacsim.core.rendering_manager-0.4.3] startup
[6.528s] [ext: omni.graph.action_core-1.1.9] startup
[6.531s] [ext: omni.graph.action_nodes_core-2.11.0] startup
[6.534s] [ext: omni.graph.action_nodes-2.11.0] startup
[6.573s] [ext: omni.graph.action-2.10.2] startup
[6.575s] [ext: omni.graph.image.core-0.6.1] startup
[6.576s] [ext: omni.graph.image.nodes-1.3.1] startup
[6.577s] [ext: omni.graph.nodes_core-2.11.0] startup
[6.585s] [ext: omni.graph.nodes-2.12.0] startup
[6.593s] [ext: omni.kit.hotkeys.core-1.3.12] startup
[6.594s] [ext: omni.kit.property.adapter.core-1.1.1] startup
[6.597s] [ext: omni.kit.property.adapter.usd-1.0.5] startup
[6.599s] [ext: omni.kit.widget.filter-1.1.5] startup
[6.600s] [ext: omni.kit.widget.highlight_label-1.0.3] startup
[6.601s] [ext: omni.kit.widget.searchfield-1.1.8] startup
[6.603s] [ext: omni.kit.window.file_exporter-1.0.36] startup
[6.604s] [ext: omni.kit.widget.stage-4.4.0] startup
[6.615s] [ext: omni.kit.window.content_browser_registry-0.0.6] startup
[6.616s] [ext: omni.kit.window.file-2.0.10] startup
[6.620s] [ext: omni.kit.window.content_browser-3.1.8] startup
[6.633s] [ext: omni.kit.window.property-1.15.1] startup
[6.656s] [ext: omni.kit.property.usd-4.9.4] startup
[6.669s] [ext: omni.graph.scriptnode-2.10.2] startup
[6.682s] [ext: omni.kit.widget.searchable_combobox-1.0.7] startup
[6.683s] [ext: omni.kit.widget.settings-2.0.0] startup
[6.686s] [ext: omni.kit.window.preferences-1.8.3] startup
[6.692s] [ext: omni.kit.viewport.menubar.core-107.2.2] startup
[6.706s] [ext: omni.syntheticdata-0.6.15] startup
[6.754s] [ext: omni.replicator.nv-1.1.1] startup
[6.763s] [ext: omni.videoencoding-0.2.1] startup
[6.768s] [ext: omni.replicator.core-1.13.27] startup
2026-08-13T11:48:23Z [6,710ms] [Warning] [pxr.Semantics] pxr.Semantics is deprecated - please use Semantics instead
2026-08-13T11:48:23Z [6,972ms] [Warning] [omni.replicator.core.scripts.extension] No material configuration file, adding configuration to material settings directly.
[7.241s] [ext: isaacsim.core.nodes-5.10.5] startup
[7.289s] [ext: isaacsim.core.throttling-2.3.5] startup
[7.291s] [ext: omni.kit.manipulator.viewport-107.0.1] startup
[7.292s] [ext: omni.graph.visualization.nodes-2.1.4] startup
[7.312s] [ext: omni.kit.window.extensions-1.5.10] startup
[7.319s] [ext: isaacsim.gui.components-1.8.5] startup
[7.325s] [ext: isaacsim.robot.surface_gripper-3.6.2] startup
[7.340s] [ext: isaacsim.robot.manipulators-3.4.4] startup
[7.354s] [ext: isaacsim.robot_motion.lula-4.1.3] startup
[7.363s] [ext: isaacsim.robot_motion.motion_generation-8.2.9] startup
[7.372s] [ext: isaacsim.cortex.framework-1.0.18] startup
[7.374s] [ext: isaacsim.cortex.behaviors-2.0.17] startup
[7.376s] [ext: isaacsim.examples.base-1.3.2] startup
[7.379s] [ext: omni.kit.widget.zoombar-1.0.7] startup
[7.380s] [ext: omni.kit.browser.core-2.3.18] startup
[7.385s] [ext: omni.kit.browser.folder.core-2.0.2] startup
[7.390s] [ext: omni.kit.widget.stage_icons-1.0.8] startup
[7.392s] [ext: omni.kit.window.stage-2.6.1] startup
[7.397s] [ext: omni.kit.menu.stage-1.2.7] startup
[7.398s] [ext: omni.kit.usd.collect-3.0.6] startup
[7.402s] [ext: omni.kit.widget.prompt-1.0.7] startup
[7.403s] [ext: omni.kit.tool.collect-2.2.19] startup
[7.406s] [ext: isaacsim.examples.browser-0.3.2] startup
[7.409s] [ext: omni.kit.search.files-1.0.4] startup
[7.410s] [ext: omni.kit.widget.calendar-1.0.9] startup
[7.412s] [ext: omni.kit.widget.extended_searchfield-1.0.31] startup
[7.423s] [ext: omni.simready.content.browser-0.3.7] startup
[7.565s] [ext: isaacsim.gui.content_browser-0.4.3] startup
[7.569s] [ext: omni.kit.selection-0.1.6] startup
[7.571s] [ext: isaacsim.gui.menu-2.10.5] startup
[7.582s] [ext: isaacsim.gui.property-1.6.4] startup
[7.591s] [ext: omni.kit.viewport.actions-110.0.0] startup
[7.597s] [ext: omni.kit.viewport.menubar.display-107.1.3] startup
[7.599s] [ext: isaacsim.gui.sensors.icon-2.2.1] startup
[7.603s] [ext: omni.behavior.scripting.core-110.1.0] startup
[7.607s] [ext: isaacsim.replicator.behavior-1.5.4] startup
[7.608s] [ext: isaacsim.replicator.experimental.domain_randomization-1.2.5] startup
[7.631s] [ext: isaacsim.replicator.domain_randomization-1.2.2] startup
[7.728s] [ext: isaacsim.replicator.writers-1.5.4] startup
[7.767s] [ext: isaacsim.robot.experimental.wheeled_robots-0.2.11] startup
[7.800s] [ext: isaacsim.robot.policy.examples-5.2.12] startup
[7.829s] [ext: isaacsim.robot.wheeled_robots-5.2.4] startup
[7.835s] [ext: isaacsim.robot.wheeled_robots.nodes-0.1.5] startup
[7.864s] [ext: isaacsim.robot_motion.experimental.motion_generation-6.1.3] startup
[7.877s] [ext: isaacsim.robot_motion.cumotion-1.3.1] startup
[7.893s] [ext: omni.kit.numpy.common-0.1.3] startup
[7.895s] [ext: isaacsim.sensors.camera-1.7.9] startup
[7.928s] [ext: isaacsim.sensors.experimental.physics-3.0.2] startup
[7.938s] [ext: omni.sensors.net-1.0.1] startup
[7.949s] [ext: omni.sensors.nv.common-3.0.0] startup
[8.054s] [ext: omni.sensors.nv.materials-2.0.0] startup
[8.075s] [ext: omni.sensors.nv.acoustic-3.0.0] startup
[8.089s] [ext: omni.sensors.nv.ids-2.0.1] startup
[8.095s] [ext: omni.sensors.nv.lidar-3.0.0] startup
[8.112s] [ext: omni.sensors.nv.radar-3.0.0] startup
[8.123s] [ext: isaacsim.sensors.experimental.rtx-1.4.6] startup
[8.418s] [ext: isaacsim.sensors.physics.nodes-1.5.3] startup
[8.428s] [ext: isaacsim.util.debug_draw-3.2.3] startup
[8.436s] [ext: isaacsim.sensors.physx-2.5.5] startup
[8.447s] [ext: isaacsim.sensors.rtx-15.17.1] startup
[8.464s] [ext: isaacsim.simulation_app-2.18.4] startup
[8.465s] [ext: omni.anim.curve.core-1.6.0] startup
[8.478s] [ext: omni.graph.ui_nodes-2.11.1] startup
[8.533s] [ext: omni.hydra.scene_api-0.1.3] startup
[8.539s] [ext: omni.kit.manipulator.camera-110.0.0] startup
[8.544s] [ext: omni.kit.manipulator.selector-1.1.4] startup
[8.546s] [ext: omni.kit.manipulator.transform-107.0.0] startup
[8.551s] [ext: omni.kit.widget.toolbar-2.1.0] startup
[8.559s] [ext: omni.kit.manipulator.tool.snap-1.5.14] startup
[8.565s] [ext: omni.kit.viewport.manipulator.transform-107.0.4] startup
[8.568s] [ext: omni.kit.manipulator.prim.core-108.0.2] startup
[8.575s] [ext: omni.kit.manipulator.prim.usd-107.0.3] startup
[8.577s] [ext: omni.kit.manipulator.prim-108.0.0] startup
[8.577s] [ext: omni.kit.manipulator.selection-109.0.1] startup
[8.579s] [ext: omni.kit.menu.create-2.0.2] startup
[8.581s] [ext: omni.kit.property.audio-1.0.16] startup
[8.587s] [ext: omni.kit.property.camera-1.0.14] startup
[8.589s] [ext: omni.kit.property.geometry-2.1.2] startup
[8.593s] [ext: omni.kit.property.light-1.0.14] startup
2026-08-13T11:48:25Z [8,580ms] [Warning] [omni.usd] Encountered USD Warnings but USD Diagnostics are currently muted. To view USD Warnings, please set the '/persistent/app/usd/muteUsdDiagnostics' setting to false in Preferences page.
[8.674s] [ext: omni.kit.property.material-1.14.6] startup
[8.682s] [ext: omni.kit.property.render-1.2.2] startup
[8.683s] [ext: omni.kit.property.transform-1.6.9] startup
[8.688s] [ext: omni.kit.property.bundle-1.5.1] startup
[8.690s] [ext: omni.kit.usdz_export-1.1.0] startup
[8.693s] [ext: omni.kit.tool.asset_importer-6.0.1] startup
[8.700s] [ext: omni.kit.ui.actions-1.0.5] startup
[8.702s] [ext: omni.kit.viewport.menubar.camera-107.0.10] startup
[8.709s] [ext: omni.kit.viewport.menubar.lighting-107.3.2] startup
[8.712s] [ext: omni.kit.viewport.menubar.render-110.0.0] startup
[8.715s] [ext: omni.kit.viewport.menubar.settings-110.0.1] startup
[8.720s] [ext: omni.kit.window.console-1.1.9] startup
[8.725s] [ext: omni.kit.window.status_bar-0.1.11] startup
[8.729s] [ext: omni.kit.window.toolbar-3.0.3] startup
[8.732s] [ext: omni.ocio-0.1.1] startup
[8.734s] [ext: omni.physx.commands-110.1.13] startup
[8.737s] [ext: omni.replicator.replicator_yaml-2.0.12] startup
[8.752s] [ext: omni.rtx.window.settings-0.8.0] startup
[8.758s] [ext: omni.rtx.settings.core-0.7.1] startup
[8.762s] [ext: omni.usd.metrics.assembler.ui-110.1.1] startup
[8.772s] [ext: semantics.schema.editor-2.0.2] startup
[8.777s] [ext: semantics.schema.property-2.0.2] startup
[8.780s] [ext: omni.kit.menu.common-2.0.2] startup
[8.781s] [ext: isaacsim.exp.base-6.0.1] startup
[8.782s] [ext: isaacsim.exp.base.python-6.0.1] startup
[8.784s] Simulation App Starting
[11.816s] Simulation App Startup Complete
[11.832s] app ready
[12.479s] [ext: isaacsim.robot_motion.pink-0.1.3] startup
2026-08-13T11:48:34Z [17,330ms] [Error] [omni.rtx.materials] [UsdToMdl] Prim '/World/Task/living_room_table/Visual/Looks/Louisa_Coffee_Table_LTV3/Louisa_Coffee_Table_LTV3' parameter 'normalmap_texture': References an asset that can not be found: './materials/textures/louisa-coffee-table-wood-bump.jpg'
2026-08-13T11:48:34Z [17,333ms] [Error] [omni.rtx.materials] [UsdToMdl] Prim '/World/Task/living_room_table/Visual/Looks/Louisa_Coffee_Table_LTV3/Louisa_Coffee_Table_LTV3' parameter 'normalmap_texture': References an asset that can not be found: './materials/textures/louisa-coffee-table-wood-bump.jpg'
2026-08-13T11:48:34Z [18,070ms] [Error] [omni.rtx.materials] [UsdToMdl] Prim '/World/Task/living_room_table/Visual/Looks/Louisa_Coffee_Table_LTV3/Louisa_Coffee_Table_LTV3' parameter 'normalmap_texture': References an asset that can not be found: './materials/textures/louisa-coffee-table-wood-bump.jpg'
2026-08-13T11:48:34Z [18,070ms] [Error] [omni.rtx.materials] [UsdToMdl] Prim '/World/Task/living_room_table/Visual/Looks/Louisa_Coffee_Table_LTV3/Louisa_Coffee_Table_LTV3' parameter 'normalmap_texture': References an asset that can not be found: './materials/textures/louisa-coffee-table-wood-bump.jpg'
Starting kit application with the following args:  ['/root/autodl-tmp/isaac_sim/venv/lib/python3.12/site-packages/isaacsim/exts/isaacsim.simulation_app/isaacsim/simulation_app/simulation_app.py', '/root/autodl-tmp/isaac_sim/venv/lib/python3.12/site-packages/isaacsim/apps/isaacsim.exp.base.python.kit', '--/app/tokens/exe-path=/root/autodl-tmp/isaac_sim/venv/lib/python3.12/site-packages/isaacsim/kit', '--/persistent/app/viewport/displayOptions=3094', '--/rtx/materialDb/syncLoads=True', '--/rtx/hydra/materialSyncLoads=True', '--/omni/kit/plugin/syncUsdLoads=True', '--/app/renderer/resolution/width=1280', '--/app/renderer/resolution/height=720', '--/app/window/width=1440', '--/app/window/height=900', '--/renderer/multiGpu/enabled=True', '--/app/fastShutdown=True', '--/app/installSignalHandlers=0', '--ext-folder', '/root/autodl-tmp/isaac_sim/venv/lib/python3.12/site-packages/isaacsim/exts', '--ext-folder', '/root/autodl-tmp/isaac_sim/venv/lib/python3.12/site-packages/isaacsim/apps', '--/physics/cudaDevice=0', '--/plugins/carb.tasking.plugin/threadCount=32', '--/plugins/omni.tbb.globalcontrol/maxThreadCount=32', '--portable', '--no-window', '--/app/window/hideUi=1', '--allow-root']
Passing the following args to the base kit application:  ['--object', 'tomato', '--trial-index', '0', '--output-dir', '/root/autodl-tmp/VLA-Intern-Sprint/results/phase3_step7/tomato_oracle_postfix/trial_00']
Warp 1.13.0 initialized:
   CUDA Toolkit 12.9, Driver 13.0
   Devices:
     "cpu"      : "x86_64"
     "cuda:0"   : "NVIDIA GeForce RTX 5090" (31 GiB, sm_120, mempool enabled)
   Kernel cache:
     /root/autodl-tmp/isaac_cache/xdg/warp/1.13.0
2026-08-13T11:48:36Z [19,516ms] [Warning] [omni.rtx] DLSS increasing input dimensions: Render resolution of (128, 128) is below minimal input resolution of 300.
2026-08-13T11:48:42Z [25,208ms] [Warning] [isaacsim.robot_motion.pink.impl.pink_ik_controller] PINK solve_ik failed: Joint 8 violates configuration limits 0.0 <= 0.04000149667263031 <= 0.04
[25.696s] Simulation App Shutting Down
