WARNING: All log messages before absl::InitializeLog() is called are written to STDERR
E0000 00:00:1786621749.973143   38775 descriptor_database.cc:633] File already exists in database: grpc/health/v1/health.proto
W0000 00:00:1786621749.973186   38775 message.cc:301] Protobuf GeneratedMessageFactory: File is already registered: grpc/health/v1/health.proto
2026-08-13T11:49:09Z [Info] [carb] Logging to file: /root/autodl-tmp/isaac_sim/venv/lib/python3.12/site-packages/isaacsim/kit/logs/Kit/Isaac-Sim Python/6.0/kit_20260813_194909.log
[0.100s] [ext: omni.assets.plugins-0.0.0] startup
[0.102s] [ext: omni.blobkey-1.1.2] startup
[0.102s] [ext: omni.kit.async_engine-0.0.3] startup
[0.222s] [ext: omni.client.lib-1.1.1] startup
[0.238s] [ext: omni.client-1.3.0] startup
[0.242s] [ext: omni.protobuf.lib-1.0.0] startup
[0.244s] [ext: omni.grpc.lib-1.0.0] startup
[0.250s] [ext: omni.metrics.core-0.0.3] startup
[0.250s] [ext: omni.datastore-0.0.0] startup
[0.251s] [ext: omni.gpu_foundation.shadercache.vulkan-1.0.0] startup
[0.253s] [ext: omni.hsscclient-1.1.4] startup
[0.254s] [ext: omni.stats-1.0.1] startup
[0.255s] [ext: omni.ujitso.default-1.0.0] startup
[0.262s] [ext: omni.gpu_foundation-0.0.0] startup
[0.568s] [ext: carb.windowing.plugins-1.0.1] startup
[0.569s] [ext: omni.kit.renderer.init-1.0.1] startup
2026-08-13T11:49:10Z [599ms] [Warning] [omni.platforminfo.plugin] failed to open the default display.  Can't verify X Server version.

|---------------------------------------------------------------------------------------------|
| Driver Version: 580.105.08    | Graphics API: Vulkan
|=============================================================================================|
| GPU | Name                             | Active | LDA | GPU Memory | Vendor-ID | LUID       |
|     |                                  |        |     |            | Device-ID | UUID       |
|     |                                  |        |     |            | Bus-ID    |            |
|---------------------------------------------------------------------------------------------|
| 0   | NVIDIA GeForce RTX 5090          | Yes: 0 |     | 32853   MB | 10de      | 0          |
|     |                                  |        |     |            | 2b85      | bdb6f84a.. |
|     |                                  |        |     |            | a8        |            |
|=============================================================================================|
| OS: 22.04.5 LTS (Jammy Jellyfish) ubuntu, Version: 22.04.5, Kernel: 5.15.0-78-generic
| Processor: Intel(R) Xeon(R) Platinum 8470Q
| Bare Metal Cores: 104 | Bare Metal Logical Cores: 208
| Core Usage Quota: 25
|---------------------------------------------------------------------------------------------|
| Total Memory (MB): 92160 | Free Memory: 87728
| Total Page/Swap (MB): 0 | Free Page/Swap: 0
|---------------------------------------------------------------------------------------------|
[2.059s] [ext: omni.kit.pipapi-0.0.0] startup
[2.061s] [ext: omni.kit.telemetry-0.5.2] startup
[2.102s] [ext: omni.kit.loop-isaac-1.6.0] startup
[2.105s] [ext: omni.kit.test-2.0.7] startup
[2.177s] [ext: omni.materialx.libs-1.0.9] startup
[2.185s] [ext: omni.gpucompute.plugins-0.0.0] startup
[2.185s] [ext: omni.usd.config-1.0.7] startup
[2.189s] [ext: omni.usd.libs-1.0.3] startup
[2.298s] [ext: omni.iray.libs-0.0.1] startup
[2.304s] [ext: omni.mdl-57.0.3] startup
[2.326s] [ext: omni.mdl.neuraylib-0.2.20] startup
[2.328s] [ext: omni.kit.usd.mdl-1.1.9] startup
[2.455s] [ext: omni.appwindow-1.2.2] startup
[2.458s] [ext: omni.kit.renderer.core-1.2.2] startup
2026-08-13T11:49:12Z [2,428ms] [Warning] [carb.windowing-glfw.plugin] GLFW initialization failed.
2026-08-13T11:49:12Z [2,428ms] [Warning] [carb] Failed to startup plugin carb.windowing-glfw.plugin (interfaces: [carb::windowing::IGLContext v1.0],[carb::windowing::IWindowing v1.5]) (impl: carb.windowing-glfw.plugin)
[2.505s] [ext: omni.kit.renderer.capture-2.0.1] startup
[2.507s] [ext: omni.kit.renderer.imgui-2.0.6] startup
2026-08-13T11:49:12Z [2,456ms] [Warning] [carb.windowing-glfw.plugin] GLFW initialization failed.
2026-08-13T11:49:12Z [2,456ms] [Warning] [carb] Failed to startup plugin carb.windowing-glfw.plugin (interfaces: [carb::windowing::IGLContext v1.0],[carb::windowing::IWindowing v1.5]) (impl: carb.windowing-glfw.plugin)
2026-08-13T11:49:12Z [2,461ms] [Warning] [carb.windowing-glfw.plugin] GLFW initialization failed.
2026-08-13T11:49:12Z [2,462ms] [Warning] [carb] Failed to startup plugin carb.windowing-glfw.plugin (interfaces: [carb::windowing::IGLContext v1.0],[carb::windowing::IWindowing v1.5]) (impl: carb.windowing-glfw.plugin)
[2.615s] [ext: omni.ui-3.2.0] startup
[2.630s] [ext: omni.kit.mainwindow-1.0.3] startup
[2.631s] [ext: carb.audio-0.1.0] startup
[2.659s] [ext: omni.uiaudio-1.0.0] startup
[2.660s] [ext: omni.kit.uiapp-0.0.0] startup
[2.660s] [ext: omni.usd.schema.metrics.assembler-110.1.0] startup
[2.663s] [ext: omni.usd.schema.audio-0.0.1] startup
[2.668s] [ext: omni.usd_resolver-1.0.0] startup
[2.672s] [ext: omni.usd.core-1.8.3] startup
[2.676s] [ext: omni.metropolis.schema-0.0.3] startup
[2.677s] [ext: isaacsim.anim.robot.schema-0.1.1] startup
[2.678s] [ext: omni.usd.schema.anim-0.0.1] startup
[2.701s] [ext: omni.usd.schema.geospatial-0.0.1] startup
[2.704s] [ext: omni.usd.schema.omnigraph-1.0.1] startup
[2.710s] [ext: omni.usd.schema.semantics-0.0.0] startup
[2.713s] [ext: omni.activity.core-1.0.3] startup
[2.715s] [ext: omni.cubric-0.1.0] startup
[2.715s] [ext: omni.graph.exec-0.9.6] startup
[2.715s] [ext: omni.hydra.scene_delegate-0.3.5] startup
[2.720s] [ext: usdrt.scenegraph-7.6.3] startup
[2.752s] [ext: omni.hydra.usdrt_delegate-7.5.2] startup
[2.760s] [ext: omni.inspect-1.0.2] startup
[2.761s] [ext: omni.kit.actions.core-1.0.0] startup
[2.764s] [ext: omni.kit.audiodeviceenum-1.0.2] startup
[2.765s] [ext: omni.kit.commands-1.5.0] startup
[2.769s] [ext: omni.kit.exec.core-0.13.5] startup
[2.770s] [ext: omni.kit.usd_undo-0.1.8] startup
[2.771s] [ext: omni.kit.window.popup_dialog-2.0.25] startup
[2.775s] [ext: omni.kit.widget.nucleus_connector-2.3.1] startup
[2.779s] [ext: omni.timeline-1.1.0] startup
[2.781s] [ext: omni.usd-1.16.0] startup
[2.826s] [ext: omni.graph.core-3.1.2] startup
[2.831s] [ext: omni.kit.notification_manager-1.0.11] startup
[2.834s] [ext: isaacsim.core.deprecation_manager-0.4.2] startup
[2.834s] [ext: isaacsim.replicator.agent.schema-0.1.1] startup
[2.835s] [ext: isaacsim.robot.schema-6.3.7] startup
[2.841s] [ext: isaacsim.robot_motion.schema-0.2.1] startup
[2.842s] [ext: omni.anim.behavior.schema-110.1.0] startup
[2.846s] [ext: omni.anim.graph.schema-110.1.1] startup
[2.853s] [ext: omni.anim.navigation.schema-110.1.0] startup
[2.856s] [ext: omni.behavior.tree.schema-110.1.0] startup
[2.857s] [ext: omni.kit.asset_converter-6.0.1] startup
[2.872s] [ext: omni.usd.schema.flow-110.0.0] startup
[2.873s] [ext: omni.usd.schema.mujoco-1.1.1] startup
[2.874s] [ext: omni.usd.schema.newton-1.2.1] startup
[2.874s] [ext: omni.usd.schema.omni_lens_distortion-1.0.0] startup
[2.875s] [ext: omni.usd.schema.omni_projectors-1.0.0] startup
[2.875s] [ext: omni.usd.schema.omni_sensors-0.0.0] startup
[2.884s] [ext: omni.usd.schema.omniscripting-1.0.1] startup
[2.888s] [ext: omni.usd.schema.physical_lighting-0.1.0] startup
[2.892s] [ext: omni.usd.schema.physx-110.1.13] startup
[2.926s] [ext: omni.usd.schema.render_settings.rtx-1.0.2] startup
[2.930s] [ext: omni.usd.schema.usd_particle_field-1.0.0] startup
[2.931s] [ext: isaacsim.core.version-2.1.1] startup
[2.932s] [ext: omni.kit.menu.core-1.2.0] startup
[2.932s] [ext: omni.kit.menu.utils-2.2.4] startup
[2.940s] [ext: isaacsim.app.about-2.3.1] startup
[2.947s] [ext: isaacsim.asset.transformer-1.2.5] startup
[2.951s] [ext: omni.scene.optimizer.core-110.1.0] startup
[3.018s] [ext: isaacsim.asset.importer.utils-1.8.1] startup
[3.021s] [ext: omni.convexdecomposition-110.1.13] startup
[3.024s] [ext: omni.physics-110.1.13] startup
[3.028s] [ext: omni.physx.gpu-110.1.13] startup
[3.028s] [ext: omni.physx.foundation-110.1.13] startup
[3.030s] [ext: omni.usdphysics-110.1.13] startup
[3.032s] [ext: omni.physx.cooking-110.1.13] startup
[3.035s] [ext: omni.physx-110.1.13] startup
[3.047s] [ext: omni.physics.physx-110.1.13] startup
[3.050s] [ext: isaacsim.asset.exporter.urdf-2.0.5] startup
[3.059s] [ext: omni.kit.clipboard-1.1.1] startup
[3.060s] [ext: omni.kit.usd.layers-2.6.1] startup
[3.070s] [ext: omni.kit.widget.context_menu-1.4.0] startup
[3.072s] [ext: omni.kit.context_menu-1.9.0] startup
[3.073s] [ext: omni.kit.helper.file_utils-0.1.10] startup
[3.075s] [ext: omni.kit.widget.nucleus_info-2.0.2] startup
[3.075s] [ext: omni.kit.search_core-1.0.8] startup
[3.076s] [ext: omni.kit.widget.path_field-2.0.13] startup
[3.077s] [ext: omni.kit.widget.browser_bar-2.0.10] startup
[3.078s] [ext: omni.kit.widget.filebrowser-2.13.4] startup
[3.083s] [ext: omni.kit.widget.options_menu-1.1.6] startup
[3.086s] [ext: omni.kit.widget.options_button-1.0.3] startup
[3.086s] [ext: omni.kit.widget.search_delegate-1.0.9] startup
[3.087s] [ext: omni.ui.scene-2.0.3] startup
[3.093s] [ext: omni.kit.window.filepicker-2.15.5] startup
[3.108s] [ext: omni.kit.window.file_importer-1.1.21] startup
[3.110s] [ext: omni.kit.material.library-3.1.2] startup
[3.116s] [ext: isaacsim.asset.transformer.rules-1.7.10] startup
[3.128s] [ext: omni.usdex.libs-2.2.2] startup
[3.138s] [ext: isaacsim.asset.importer.mjcf-3.10.1] startup
[3.140s] [ext: isaacsim.asset.importer.urdf-3.11.2] startup
[3.144s] [ext: omni.kit.primitive.mesh-1.1.0] startup
[3.147s] [ext: omni.kit.stage_template.core-1.1.22] startup
[3.148s] [ext: omni.kit.stage_templates-2.0.2] startup
[3.149s] [ext: omni.usd.metrics.assembler-110.1.2] startup
[3.153s] [ext: omni.warp.core-1.13.0] startup
[3.357s] [ext: isaacsim.core.experimental.utils-0.17.2] startup
[3.360s] [ext: omni.physics.stageupdate-110.1.13] startup
[3.363s] [ext: omni.physics.tensors-110.1.13] startup
[3.369s] [ext: omni.physx.tensors-110.1.13] startup
[3.375s] [ext: isaacsim.core.simulation_manager-1.15.6] startup
[3.392s] [ext: isaacsim.storage.native-1.9.3] startup
[3.393s] [ext: omni.usd.metrics.assembler.physics-110.1.13] startup
[3.395s] [ext: isaacsim.core.utils-4.1.7] startup
[3.398s] [ext: isaacsim.core.prims-0.11.7] startup
[4.774s] [ext: isaacsim.core.api-5.2.13] startup
[4.784s] [ext: isaacsim.core.cloner-1.7.3] startup
[4.785s] [ext: isaacsim.test.docstring-1.3.2] startup
[4.790s] [ext: isaacsim.core.experimental.prims-1.8.9] startup
[4.820s] [ext: isaacsim.core.experimental.primdata-0.3.2] startup
[4.823s] [ext: omni.graph.tools-1.81.0] startup
[4.849s] [ext: omni.graph-1.142.5] startup
[4.893s] [ext: isaacsim.core.experimental.actuators-0.1.2] startup
[4.913s] [ext: isaacsim.core.experimental.materials-0.7.1] startup
[4.918s] [ext: isaacsim.core.experimental.objects-0.8.1] startup
[4.991s] [ext: omni.hydra.engine.stats-1.0.5] startup
[4.994s] [ext: omni.hydra.rtx.shadercache.vulkan-1.0.0] startup
[4.995s] [ext: omni.index.libs-387500.4413.0] startup
[4.996s] [ext: omni.index-1.0.1] startup
[4.996s] [ext: omni.ujitso.client-0.0.0] startup
[4.997s] [ext: omni.usd.schema.playback-1.0.0] startup
[5.001s] [ext: omni.volume-0.5.2] startup
[5.008s] [ext: omni.hydra.rtx-1.0.4] startup
2026-08-13T11:49:14Z [4,977ms] [Warning] [omni.log] Source: omni.hydra was already registered.
[5.054s] [ext: omni.kit.hydra_texture-1.6.0] startup
[5.059s] [ext: omni.kit.raycast.query-1.2.0] startup
[5.065s] [ext: omni.kit.viewport.legacy_gizmos-1.0.24] startup
[5.068s] [ext: omni.kit.viewport.registry-104.0.6] startup
[5.069s] [ext: omni.kit.viewport.scene_camera_model-1.0.7] startup
[5.075s] [ext: omni.kit.widget.viewport-109.2.0] startup
[5.080s] [ext: omni.kit.window.drop_support-1.0.8] startup
[5.081s] [ext: omni.kit.viewport.window-109.0.2] startup
[5.101s] [ext: omni.kit.viewport.utility-2.0.1] startup
[5.103s] [ext: isaacsim.core.rendering_manager-0.4.3] startup
[5.125s] [ext: omni.graph.action_core-1.1.9] startup
[5.128s] [ext: omni.graph.action_nodes_core-2.11.0] startup
[5.132s] [ext: omni.graph.action_nodes-2.11.0] startup
[5.165s] [ext: omni.graph.action-2.10.2] startup
[5.166s] [ext: omni.graph.image.core-0.6.1] startup
[5.168s] [ext: omni.graph.image.nodes-1.3.1] startup
[5.169s] [ext: omni.graph.nodes_core-2.11.0] startup
[5.177s] [ext: omni.graph.nodes-2.12.0] startup
[5.185s] [ext: omni.kit.hotkeys.core-1.3.12] startup
[5.186s] [ext: omni.kit.property.adapter.core-1.1.1] startup
[5.189s] [ext: omni.kit.property.adapter.usd-1.0.5] startup
[5.191s] [ext: omni.kit.widget.filter-1.1.5] startup
[5.192s] [ext: omni.kit.widget.highlight_label-1.0.3] startup
[5.194s] [ext: omni.kit.widget.searchfield-1.1.8] startup
[5.195s] [ext: omni.kit.window.file_exporter-1.0.36] startup
[5.197s] [ext: omni.kit.widget.stage-4.4.0] startup
[5.207s] [ext: omni.kit.window.content_browser_registry-0.0.6] startup
[5.209s] [ext: omni.kit.window.file-2.0.10] startup
[5.212s] [ext: omni.kit.window.content_browser-3.1.8] startup
[5.226s] [ext: omni.kit.window.property-1.15.1] startup
[5.240s] [ext: omni.kit.property.usd-4.9.4] startup
[5.252s] [ext: omni.graph.scriptnode-2.10.2] startup
[5.264s] [ext: omni.kit.widget.searchable_combobox-1.0.7] startup
[5.265s] [ext: omni.kit.widget.settings-2.0.0] startup
[5.268s] [ext: omni.kit.window.preferences-1.8.3] startup
[5.274s] [ext: omni.kit.viewport.menubar.core-107.2.2] startup
[5.287s] [ext: omni.syntheticdata-0.6.15] startup
[5.326s] [ext: omni.replicator.nv-1.1.1] startup
[5.336s] [ext: omni.videoencoding-0.2.1] startup
[5.338s] [ext: omni.replicator.core-1.13.27] startup
2026-08-13T11:49:15Z [5,297ms] [Warning] [pxr.Semantics] pxr.Semantics is deprecated - please use Semantics instead
2026-08-13T11:49:15Z [6,217ms] [Warning] [omni.replicator.core.scripts.extension] No material configuration file, adding configuration to material settings directly.
[6.463s] [ext: isaacsim.core.nodes-5.10.5] startup
[6.511s] [ext: isaacsim.core.throttling-2.3.5] startup
[6.513s] [ext: omni.kit.manipulator.viewport-107.0.1] startup
[6.515s] [ext: omni.graph.visualization.nodes-2.1.4] startup
[6.534s] [ext: omni.kit.window.extensions-1.5.10] startup
[6.541s] [ext: isaacsim.gui.components-1.8.5] startup
[6.547s] [ext: isaacsim.robot.surface_gripper-3.6.2] startup
[6.563s] [ext: isaacsim.robot.manipulators-3.4.4] startup
[6.579s] [ext: isaacsim.robot_motion.lula-4.1.3] startup
[6.589s] [ext: isaacsim.robot_motion.motion_generation-8.2.9] startup
[6.598s] [ext: isaacsim.cortex.framework-1.0.18] startup
[6.601s] [ext: isaacsim.cortex.behaviors-2.0.17] startup
[6.603s] [ext: isaacsim.examples.base-1.3.2] startup
[6.606s] [ext: omni.kit.widget.zoombar-1.0.7] startup
[6.607s] [ext: omni.kit.browser.core-2.3.18] startup
[6.612s] [ext: omni.kit.browser.folder.core-2.0.2] startup
[6.618s] [ext: omni.kit.widget.stage_icons-1.0.8] startup
[6.619s] [ext: omni.kit.window.stage-2.6.1] startup
[6.624s] [ext: omni.kit.menu.stage-1.2.7] startup
[6.626s] [ext: omni.kit.usd.collect-3.0.6] startup
[6.630s] [ext: omni.kit.widget.prompt-1.0.7] startup
[6.631s] [ext: omni.kit.tool.collect-2.2.19] startup
[6.634s] [ext: isaacsim.examples.browser-0.3.2] startup
[6.637s] [ext: omni.kit.search.files-1.0.4] startup
[6.638s] [ext: omni.kit.widget.calendar-1.0.9] startup
[6.640s] [ext: omni.kit.widget.extended_searchfield-1.0.31] startup
[6.651s] [ext: omni.simready.content.browser-0.3.7] startup
[6.758s] [ext: isaacsim.gui.content_browser-0.4.3] startup
[6.761s] [ext: omni.kit.selection-0.1.6] startup
[6.763s] [ext: isaacsim.gui.menu-2.10.5] startup
[6.775s] [ext: isaacsim.gui.property-1.6.4] startup
[6.784s] [ext: omni.kit.viewport.actions-110.0.0] startup
[6.789s] [ext: omni.kit.viewport.menubar.display-107.1.3] startup
[6.792s] [ext: isaacsim.gui.sensors.icon-2.2.1] startup
[6.796s] [ext: omni.behavior.scripting.core-110.1.0] startup
[6.799s] [ext: isaacsim.replicator.behavior-1.5.4] startup
[6.801s] [ext: isaacsim.replicator.experimental.domain_randomization-1.2.5] startup
[6.823s] [ext: isaacsim.replicator.domain_randomization-1.2.2] startup
[6.923s] [ext: isaacsim.replicator.writers-1.5.4] startup
[6.954s] [ext: isaacsim.robot.experimental.wheeled_robots-0.2.11] startup
[6.982s] [ext: isaacsim.robot.policy.examples-5.2.12] startup
[7.008s] [ext: isaacsim.robot.wheeled_robots-5.2.4] startup
[7.013s] [ext: isaacsim.robot.wheeled_robots.nodes-0.1.5] startup
[7.050s] [ext: isaacsim.robot_motion.experimental.motion_generation-6.1.3] startup
[7.063s] [ext: isaacsim.robot_motion.cumotion-1.3.1] startup
[7.079s] [ext: omni.kit.numpy.common-0.1.3] startup
[7.081s] [ext: isaacsim.sensors.camera-1.7.9] startup
[7.116s] [ext: isaacsim.sensors.experimental.physics-3.0.2] startup
[7.127s] [ext: omni.sensors.net-1.0.1] startup
[7.133s] [ext: omni.sensors.nv.common-3.0.0] startup
[7.149s] [ext: omni.sensors.nv.materials-2.0.0] startup
[7.154s] [ext: omni.sensors.nv.acoustic-3.0.0] startup
[7.158s] [ext: omni.sensors.nv.ids-2.0.1] startup
[7.160s] [ext: omni.sensors.nv.lidar-3.0.0] startup
[7.166s] [ext: omni.sensors.nv.radar-3.0.0] startup
[7.170s] [ext: isaacsim.sensors.experimental.rtx-1.4.6] startup
[7.442s] [ext: isaacsim.sensors.physics.nodes-1.5.3] startup
[7.452s] [ext: isaacsim.util.debug_draw-3.2.3] startup
[7.461s] [ext: isaacsim.sensors.physx-2.5.5] startup
[7.472s] [ext: isaacsim.sensors.rtx-15.17.1] startup
[7.489s] [ext: isaacsim.simulation_app-2.18.4] startup
[7.489s] [ext: omni.anim.curve.core-1.6.0] startup
[7.503s] [ext: omni.graph.ui_nodes-2.11.1] startup
[7.553s] [ext: omni.hydra.scene_api-0.1.3] startup
[7.560s] [ext: omni.kit.manipulator.camera-110.0.0] startup
[7.565s] [ext: omni.kit.manipulator.selector-1.1.4] startup
[7.567s] [ext: omni.kit.manipulator.transform-107.0.0] startup
[7.573s] [ext: omni.kit.widget.toolbar-2.1.0] startup
[7.580s] [ext: omni.kit.manipulator.tool.snap-1.5.14] startup
[7.586s] [ext: omni.kit.viewport.manipulator.transform-107.0.4] startup
[7.588s] [ext: omni.kit.manipulator.prim.core-108.0.2] startup
[7.596s] [ext: omni.kit.manipulator.prim.usd-107.0.3] startup
[7.598s] [ext: omni.kit.manipulator.prim-108.0.0] startup
[7.598s] [ext: omni.kit.manipulator.selection-109.0.1] startup
[7.600s] [ext: omni.kit.menu.create-2.0.2] startup
[7.602s] [ext: omni.kit.property.audio-1.0.16] startup
[7.607s] [ext: omni.kit.property.camera-1.0.14] startup
[7.609s] [ext: omni.kit.property.geometry-2.1.2] startup
[7.613s] [ext: omni.kit.property.light-1.0.14] startup
2026-08-13T11:49:17Z [7,602ms] [Warning] [omni.usd] Encountered USD Warnings but USD Diagnostics are currently muted. To view USD Warnings, please set the '/persistent/app/usd/muteUsdDiagnostics' setting to false in Preferences page.
[7.692s] [ext: omni.kit.property.material-1.14.6] startup
[7.699s] [ext: omni.kit.property.render-1.2.2] startup
[7.701s] [ext: omni.kit.property.transform-1.6.9] startup
[7.705s] [ext: omni.kit.property.bundle-1.5.1] startup
[7.707s] [ext: omni.kit.usdz_export-1.1.0] startup
[7.711s] [ext: omni.kit.tool.asset_importer-6.0.1] startup
[7.718s] [ext: omni.kit.ui.actions-1.0.5] startup
[7.720s] [ext: omni.kit.viewport.menubar.camera-107.0.10] startup
[7.726s] [ext: omni.kit.viewport.menubar.lighting-107.3.2] startup
[7.730s] [ext: omni.kit.viewport.menubar.render-110.0.0] startup
[7.734s] [ext: omni.kit.viewport.menubar.settings-110.0.1] startup
[7.738s] [ext: omni.kit.window.console-1.1.9] startup
[7.744s] [ext: omni.kit.window.status_bar-0.1.11] startup
[7.747s] [ext: omni.kit.window.toolbar-3.0.3] startup
[7.751s] [ext: omni.ocio-0.1.1] startup
[7.752s] [ext: omni.physx.commands-110.1.13] startup
[7.756s] [ext: omni.replicator.replicator_yaml-2.0.12] startup
[7.770s] [ext: omni.rtx.window.settings-0.8.0] startup
[7.776s] [ext: omni.rtx.settings.core-0.7.1] startup
[7.780s] [ext: omni.usd.metrics.assembler.ui-110.1.1] startup
[7.789s] [ext: semantics.schema.editor-2.0.2] startup
[7.793s] [ext: semantics.schema.property-2.0.2] startup
[7.795s] [ext: omni.kit.menu.common-2.0.2] startup
[7.797s] [ext: isaacsim.exp.base-6.0.1] startup
[7.797s] [ext: isaacsim.exp.base.python-6.0.1] startup
[7.800s] Simulation App Starting
[10.972s] Simulation App Startup Complete
[10.984s] app ready
[11.574s] [ext: isaacsim.robot_motion.pink-0.1.3] startup
2026-08-13T11:49:27Z [17,570ms] [Error] [omni.rtx.materials] [UsdToMdl] Prim '/World/Task/living_room_table/Visual/Looks/Louisa_Coffee_Table_LTV3/Louisa_Coffee_Table_LTV3' parameter 'normalmap_texture': References an asset that can not be found: './materials/textures/louisa-coffee-table-wood-bump.jpg'
2026-08-13T11:49:27Z [17,571ms] [Error] [omni.rtx.materials] [UsdToMdl] Prim '/World/Task/living_room_table/Visual/Looks/Louisa_Coffee_Table_LTV3/Louisa_Coffee_Table_LTV3' parameter 'normalmap_texture': References an asset that can not be found: './materials/textures/louisa-coffee-table-wood-bump.jpg'
2026-08-13T11:49:28Z [18,394ms] [Error] [omni.rtx.materials] [UsdToMdl] Prim '/World/Task/living_room_table/Visual/Looks/Louisa_Coffee_Table_LTV3/Louisa_Coffee_Table_LTV3' parameter 'normalmap_texture': References an asset that can not be found: './materials/textures/louisa-coffee-table-wood-bump.jpg'
2026-08-13T11:49:28Z [18,395ms] [Error] [omni.rtx.materials] [UsdToMdl] Prim '/World/Task/living_room_table/Visual/Looks/Louisa_Coffee_Table_LTV3/Louisa_Coffee_Table_LTV3' parameter 'normalmap_texture': References an asset that can not be found: './materials/textures/louisa-coffee-table-wood-bump.jpg'
Starting kit application with the following args:  ['/root/autodl-tmp/isaac_sim/venv/lib/python3.12/site-packages/isaacsim/exts/isaacsim.simulation_app/isaacsim/simulation_app/simulation_app.py', '/root/autodl-tmp/isaac_sim/venv/lib/python3.12/site-packages/isaacsim/apps/isaacsim.exp.base.python.kit', '--/app/tokens/exe-path=/root/autodl-tmp/isaac_sim/venv/lib/python3.12/site-packages/isaacsim/kit', '--/persistent/app/viewport/displayOptions=3094', '--/rtx/materialDb/syncLoads=True', '--/rtx/hydra/materialSyncLoads=True', '--/omni/kit/plugin/syncUsdLoads=True', '--/app/renderer/resolution/width=1280', '--/app/renderer/resolution/height=720', '--/app/window/width=1440', '--/app/window/height=900', '--/renderer/multiGpu/enabled=True', '--/app/fastShutdown=True', '--/app/installSignalHandlers=0', '--ext-folder', '/root/autodl-tmp/isaac_sim/venv/lib/python3.12/site-packages/isaacsim/exts', '--ext-folder', '/root/autodl-tmp/isaac_sim/venv/lib/python3.12/site-packages/isaacsim/apps', '--/physics/cudaDevice=0', '--/plugins/carb.tasking.plugin/threadCount=32', '--/plugins/omni.tbb.globalcontrol/maxThreadCount=32', '--portable', '--no-window', '--/app/window/hideUi=1', '--allow-root']
Passing the following args to the base kit application:  ['--object', 'tomato', '--trial-index', '2', '--output-dir', '/root/autodl-tmp/VLA-Intern-Sprint/results/phase3_step7/tomato_oracle_postfix/trial_02']
Warp 1.13.0 initialized:
   CUDA Toolkit 12.9, Driver 13.0
   Devices:
     "cpu"      : "x86_64"
     "cuda:0"   : "NVIDIA GeForce RTX 5090" (31 GiB, sm_120, mempool enabled)
   Kernel cache:
     /root/autodl-tmp/isaac_cache/xdg/warp/1.13.0
2026-08-13T11:49:29Z [19,843ms] [Warning] [omni.rtx] DLSS increasing input dimensions: Render resolution of (128, 128) is below minimal input resolution of 300.
2026-08-13T11:49:35Z [25,928ms] [Warning] [isaacsim.robot_motion.pink.impl.pink_ik_controller] PINK solve_ik failed: Joint 8 violates configuration limits 0.0 <= 0.04000149667263031 <= 0.04
[26.439s] Simulation App Shutting Down
