WARNING: All log messages before absl::InitializeLog() is called are written to STDERR
E0000 00:00:1786625439.823862   42435 descriptor_database.cc:633] File already exists in database: grpc/health/v1/health.proto
W0000 00:00:1786625439.823907   42435 message.cc:301] Protobuf GeneratedMessageFactory: File is already registered: grpc/health/v1/health.proto
2026-08-13T12:50:39Z [Info] [carb] Logging to file: /root/autodl-tmp/isaac_sim/venv/lib/python3.12/site-packages/isaacsim/kit/logs/Kit/Isaac-Sim Python/6.0/kit_20260813_205039.log
[0.096s] [ext: omni.assets.plugins-0.0.0] startup
[0.098s] [ext: omni.blobkey-1.1.2] startup
[0.098s] [ext: omni.kit.async_engine-0.0.3] startup
[0.218s] [ext: omni.client.lib-1.1.1] startup
[0.234s] [ext: omni.client-1.3.0] startup
[0.240s] [ext: omni.protobuf.lib-1.0.0] startup
[0.241s] [ext: omni.grpc.lib-1.0.0] startup
[0.247s] [ext: omni.metrics.core-0.0.3] startup
[0.247s] [ext: omni.datastore-0.0.0] startup
[0.248s] [ext: omni.gpu_foundation.shadercache.vulkan-1.0.0] startup
[0.251s] [ext: omni.hsscclient-1.1.4] startup
[0.251s] [ext: omni.stats-1.0.1] startup
[0.252s] [ext: omni.ujitso.default-1.0.0] startup
[0.256s] [ext: omni.gpu_foundation-0.0.0] startup
[0.573s] [ext: carb.windowing.plugins-1.0.1] startup
[0.574s] [ext: omni.kit.renderer.init-1.0.1] startup
2026-08-13T12:50:40Z [659ms] [Warning] [omni.platforminfo.plugin] failed to open the default display.  Can't verify X Server version.

|---------------------------------------------------------------------------------------------|
| Driver Version: 580.105.08    | Graphics API: Vulkan
|=============================================================================================|
| GPU | Name                             | Active | LDA | GPU Memory | Vendor-ID | LUID       |
|     |                                  |        |     |            | Device-ID | UUID       |
|     |                                  |        |     |            | Bus-ID    |            |
|---------------------------------------------------------------------------------------------|
| 0   | NVIDIA GeForce RTX 5090          | Yes: 0 |     | 32853   MB | 10de      | 0          |
|     |                                  |        |     |            | 2b85      | bdb6f84a.. |
|     |                                  |        |     |            | a8        |            |
|=============================================================================================|
| OS: 22.04.5 LTS (Jammy Jellyfish) ubuntu, Version: 22.04.5, Kernel: 5.15.0-78-generic
| Processor: Intel(R) Xeon(R) Platinum 8470Q
| Bare Metal Cores: 104 | Bare Metal Logical Cores: 208
| Core Usage Quota: 25
|---------------------------------------------------------------------------------------------|
| Total Memory (MB): 92160 | Free Memory: 87577
| Total Page/Swap (MB): 0 | Free Page/Swap: 0
|---------------------------------------------------------------------------------------------|
[1.977s] [ext: omni.kit.pipapi-0.0.0] startup
[1.979s] [ext: omni.kit.telemetry-0.5.2] startup
[2.030s] [ext: omni.kit.loop-isaac-1.6.0] startup
[2.032s] [ext: omni.kit.test-2.0.7] startup
[2.100s] [ext: omni.materialx.libs-1.0.9] startup
[2.109s] [ext: omni.gpucompute.plugins-0.0.0] startup
[2.109s] [ext: omni.usd.config-1.0.7] startup
[2.113s] [ext: omni.usd.libs-1.0.3] startup
[2.224s] [ext: omni.iray.libs-0.0.1] startup
[2.230s] [ext: omni.mdl-57.0.3] startup
[2.253s] [ext: omni.mdl.neuraylib-0.2.20] startup
[2.256s] [ext: omni.kit.usd.mdl-1.1.9] startup
[2.386s] [ext: omni.appwindow-1.2.2] startup
[2.395s] [ext: omni.kit.renderer.core-1.2.2] startup
2026-08-13T12:50:41Z [2,368ms] [Warning] [carb.windowing-glfw.plugin] GLFW initialization failed.
2026-08-13T12:50:41Z [2,368ms] [Warning] [carb] Failed to startup plugin carb.windowing-glfw.plugin (interfaces: [carb::windowing::IGLContext v1.0],[carb::windowing::IWindowing v1.5]) (impl: carb.windowing-glfw.plugin)
[2.437s] [ext: omni.kit.renderer.capture-2.0.1] startup
[2.440s] [ext: omni.kit.renderer.imgui-2.0.6] startup
2026-08-13T12:50:42Z [2,400ms] [Warning] [carb.windowing-glfw.plugin] GLFW initialization failed.
2026-08-13T12:50:42Z [2,400ms] [Warning] [carb] Failed to startup plugin carb.windowing-glfw.plugin (interfaces: [carb::windowing::IGLContext v1.0],[carb::windowing::IWindowing v1.5]) (impl: carb.windowing-glfw.plugin)
2026-08-13T12:50:42Z [2,401ms] [Warning] [carb.windowing-glfw.plugin] GLFW initialization failed.
2026-08-13T12:50:42Z [2,401ms] [Warning] [carb] Failed to startup plugin carb.windowing-glfw.plugin (interfaces: [carb::windowing::IGLContext v1.0],[carb::windowing::IWindowing v1.5]) (impl: carb.windowing-glfw.plugin)
[2.538s] [ext: omni.ui-3.2.0] startup
[2.549s] [ext: omni.kit.mainwindow-1.0.3] startup
[2.550s] [ext: carb.audio-0.1.0] startup
[2.556s] [ext: omni.uiaudio-1.0.0] startup
[2.557s] [ext: omni.kit.uiapp-0.0.0] startup
[2.557s] [ext: omni.usd.schema.metrics.assembler-110.1.0] startup
[2.560s] [ext: omni.usd.schema.audio-0.0.1] startup
[2.564s] [ext: omni.usd_resolver-1.0.0] startup
[2.568s] [ext: omni.usd.core-1.8.3] startup
[2.572s] [ext: omni.metropolis.schema-0.0.3] startup
[2.573s] [ext: isaacsim.anim.robot.schema-0.1.1] startup
[2.573s] [ext: omni.usd.schema.anim-0.0.1] startup
[2.594s] [ext: omni.usd.schema.geospatial-0.0.1] startup
[2.597s] [ext: omni.usd.schema.omnigraph-1.0.1] startup
[2.603s] [ext: omni.usd.schema.semantics-0.0.0] startup
[2.606s] [ext: omni.activity.core-1.0.3] startup
[2.607s] [ext: omni.cubric-0.1.0] startup
[2.609s] [ext: omni.graph.exec-0.9.6] startup
[2.609s] [ext: omni.hydra.scene_delegate-0.3.5] startup
[2.615s] [ext: usdrt.scenegraph-7.6.3] startup
[2.644s] [ext: omni.hydra.usdrt_delegate-7.5.2] startup
[2.653s] [ext: omni.inspect-1.0.2] startup
[2.655s] [ext: omni.kit.actions.core-1.0.0] startup
[2.657s] [ext: omni.kit.audiodeviceenum-1.0.2] startup
[2.659s] [ext: omni.kit.commands-1.5.0] startup
[2.663s] [ext: omni.kit.exec.core-0.13.5] startup
[2.665s] [ext: omni.kit.usd_undo-0.1.8] startup
[2.665s] [ext: omni.kit.window.popup_dialog-2.0.25] startup
[2.669s] [ext: omni.kit.widget.nucleus_connector-2.3.1] startup
[2.672s] [ext: omni.timeline-1.1.0] startup
[2.674s] [ext: omni.usd-1.16.0] startup
[2.717s] [ext: omni.graph.core-3.1.2] startup
[2.721s] [ext: omni.kit.notification_manager-1.0.11] startup
[2.723s] [ext: isaacsim.core.deprecation_manager-0.4.2] startup
[2.724s] [ext: isaacsim.replicator.agent.schema-0.1.1] startup
[2.725s] [ext: isaacsim.robot.schema-6.3.7] startup
[2.730s] [ext: isaacsim.robot_motion.schema-0.2.1] startup
[2.731s] [ext: omni.anim.behavior.schema-110.1.0] startup
[2.735s] [ext: omni.anim.graph.schema-110.1.1] startup
[2.742s] [ext: omni.anim.navigation.schema-110.1.0] startup
[2.745s] [ext: omni.behavior.tree.schema-110.1.0] startup
[2.746s] [ext: omni.kit.asset_converter-6.0.1] startup
[2.766s] [ext: omni.usd.schema.flow-110.0.0] startup
[2.767s] [ext: omni.usd.schema.mujoco-1.1.1] startup
[2.768s] [ext: omni.usd.schema.newton-1.2.1] startup
[2.769s] [ext: omni.usd.schema.omni_lens_distortion-1.0.0] startup
[2.769s] [ext: omni.usd.schema.omni_projectors-1.0.0] startup
[2.770s] [ext: omni.usd.schema.omni_sensors-0.0.0] startup
[2.778s] [ext: omni.usd.schema.omniscripting-1.0.1] startup
[2.782s] [ext: omni.usd.schema.physical_lighting-0.1.0] startup
[2.786s] [ext: omni.usd.schema.physx-110.1.13] startup
[2.819s] [ext: omni.usd.schema.render_settings.rtx-1.0.2] startup
[2.823s] [ext: omni.usd.schema.usd_particle_field-1.0.0] startup
[2.823s] [ext: isaacsim.core.version-2.1.1] startup
[2.824s] [ext: omni.kit.menu.core-1.2.0] startup
[2.824s] [ext: omni.kit.menu.utils-2.2.4] startup
[2.832s] [ext: isaacsim.app.about-2.3.1] startup
[2.838s] [ext: isaacsim.asset.transformer-1.2.5] startup
[2.841s] [ext: omni.scene.optimizer.core-110.1.0] startup
[2.908s] [ext: isaacsim.asset.importer.utils-1.8.1] startup
[2.911s] [ext: omni.convexdecomposition-110.1.13] startup
[2.914s] [ext: omni.physics-110.1.13] startup
[2.917s] [ext: omni.physx.gpu-110.1.13] startup
[2.918s] [ext: omni.physx.foundation-110.1.13] startup
[2.920s] [ext: omni.usdphysics-110.1.13] startup
[2.922s] [ext: omni.physx.cooking-110.1.13] startup
[2.926s] [ext: omni.physx-110.1.13] startup
[2.939s] [ext: omni.physics.physx-110.1.13] startup
[2.942s] [ext: isaacsim.asset.exporter.urdf-2.0.5] startup
[2.950s] [ext: omni.kit.clipboard-1.1.1] startup
[2.951s] [ext: omni.kit.usd.layers-2.6.1] startup
[2.960s] [ext: omni.kit.widget.context_menu-1.4.0] startup
[2.962s] [ext: omni.kit.context_menu-1.9.0] startup
[2.963s] [ext: omni.kit.helper.file_utils-0.1.10] startup
[2.965s] [ext: omni.kit.widget.nucleus_info-2.0.2] startup
[2.966s] [ext: omni.kit.search_core-1.0.8] startup
[2.966s] [ext: omni.kit.widget.path_field-2.0.13] startup
[2.967s] [ext: omni.kit.widget.browser_bar-2.0.10] startup
[2.968s] [ext: omni.kit.widget.filebrowser-2.13.4] startup
[2.973s] [ext: omni.kit.widget.options_menu-1.1.6] startup
[2.975s] [ext: omni.kit.widget.options_button-1.0.3] startup
[2.976s] [ext: omni.kit.widget.search_delegate-1.0.9] startup
[2.977s] [ext: omni.ui.scene-2.0.3] startup
[2.983s] [ext: omni.kit.window.filepicker-2.15.5] startup
[2.997s] [ext: omni.kit.window.file_importer-1.1.21] startup
[2.999s] [ext: omni.kit.material.library-3.1.2] startup
[3.005s] [ext: isaacsim.asset.transformer.rules-1.7.10] startup
[3.017s] [ext: omni.usdex.libs-2.2.2] startup
[3.027s] [ext: isaacsim.asset.importer.mjcf-3.10.1] startup
[3.029s] [ext: isaacsim.asset.importer.urdf-3.11.2] startup
[3.033s] [ext: omni.kit.primitive.mesh-1.1.0] startup
[3.035s] [ext: omni.kit.stage_template.core-1.1.22] startup
[3.036s] [ext: omni.kit.stage_templates-2.0.2] startup
[3.038s] [ext: omni.usd.metrics.assembler-110.1.2] startup
[3.041s] [ext: omni.warp.core-1.13.0] startup
[3.239s] [ext: isaacsim.core.experimental.utils-0.17.2] startup
[3.241s] [ext: omni.physics.stageupdate-110.1.13] startup
[3.243s] [ext: omni.physics.tensors-110.1.13] startup
[3.249s] [ext: omni.physx.tensors-110.1.13] startup
[3.254s] [ext: isaacsim.core.simulation_manager-1.15.6] startup
[3.271s] [ext: isaacsim.storage.native-1.9.3] startup
[3.272s] [ext: omni.usd.metrics.assembler.physics-110.1.13] startup
[3.274s] [ext: isaacsim.core.utils-4.1.7] startup
[3.277s] [ext: isaacsim.core.prims-0.11.7] startup
[4.696s] [ext: isaacsim.core.api-5.2.13] startup
[4.706s] [ext: isaacsim.core.cloner-1.7.3] startup
[4.708s] [ext: isaacsim.test.docstring-1.3.2] startup
[4.713s] [ext: isaacsim.core.experimental.prims-1.8.9] startup
[4.749s] [ext: isaacsim.core.experimental.primdata-0.3.2] startup
[4.753s] [ext: omni.graph.tools-1.81.0] startup
[4.781s] [ext: omni.graph-1.142.5] startup
[4.830s] [ext: isaacsim.core.experimental.actuators-0.1.2] startup
[4.854s] [ext: isaacsim.core.experimental.materials-0.7.1] startup
[4.858s] [ext: isaacsim.core.experimental.objects-0.8.1] startup
[4.932s] [ext: omni.hydra.engine.stats-1.0.5] startup
[4.935s] [ext: omni.hydra.rtx.shadercache.vulkan-1.0.0] startup
[4.937s] [ext: omni.index.libs-387500.4413.0] startup
[4.937s] [ext: omni.index-1.0.1] startup
[4.938s] [ext: omni.ujitso.client-0.0.0] startup
[4.938s] [ext: omni.usd.schema.playback-1.0.0] startup
[4.942s] [ext: omni.volume-0.5.2] startup
[4.949s] [ext: omni.hydra.rtx-1.0.4] startup
2026-08-13T12:50:44Z [4,927ms] [Warning] [omni.log] Source: omni.hydra was already registered.
[5.000s] [ext: omni.kit.hydra_texture-1.6.0] startup
[5.005s] [ext: omni.kit.raycast.query-1.2.0] startup
[5.011s] [ext: omni.kit.viewport.legacy_gizmos-1.0.24] startup
[5.015s] [ext: omni.kit.viewport.registry-104.0.6] startup
[5.015s] [ext: omni.kit.viewport.scene_camera_model-1.0.7] startup
[5.021s] [ext: omni.kit.widget.viewport-109.2.0] startup
[5.026s] [ext: omni.kit.window.drop_support-1.0.8] startup
[5.030s] [ext: omni.kit.viewport.window-109.0.2] startup
[5.053s] [ext: omni.kit.viewport.utility-2.0.1] startup
[5.054s] [ext: isaacsim.core.rendering_manager-0.4.3] startup
[5.075s] [ext: omni.graph.action_core-1.1.9] startup
[5.078s] [ext: omni.graph.action_nodes_core-2.11.0] startup
[5.082s] [ext: omni.graph.action_nodes-2.11.0] startup
[5.124s] [ext: omni.graph.action-2.10.2] startup
[5.125s] [ext: omni.graph.image.core-0.6.1] startup
[5.126s] [ext: omni.graph.image.nodes-1.3.1] startup
[5.128s] [ext: omni.graph.nodes_core-2.11.0] startup
[5.135s] [ext: omni.graph.nodes-2.12.0] startup
[5.143s] [ext: omni.kit.hotkeys.core-1.3.12] startup
[5.145s] [ext: omni.kit.property.adapter.core-1.1.1] startup
[5.148s] [ext: omni.kit.property.adapter.usd-1.0.5] startup
[5.150s] [ext: omni.kit.widget.filter-1.1.5] startup
[5.151s] [ext: omni.kit.widget.highlight_label-1.0.3] startup
[5.152s] [ext: omni.kit.widget.searchfield-1.1.8] startup
[5.154s] [ext: omni.kit.window.file_exporter-1.0.36] startup
[5.156s] [ext: omni.kit.widget.stage-4.4.0] startup
[5.167s] [ext: omni.kit.window.content_browser_registry-0.0.6] startup
[5.168s] [ext: omni.kit.window.file-2.0.10] startup
[5.172s] [ext: omni.kit.window.content_browser-3.1.8] startup
[5.185s] [ext: omni.kit.window.property-1.15.1] startup
[5.200s] [ext: omni.kit.property.usd-4.9.4] startup
[5.212s] [ext: omni.graph.scriptnode-2.10.2] startup
[5.224s] [ext: omni.kit.widget.searchable_combobox-1.0.7] startup
[5.226s] [ext: omni.kit.widget.settings-2.0.0] startup
[5.228s] [ext: omni.kit.window.preferences-1.8.3] startup
[5.235s] [ext: omni.kit.viewport.menubar.core-107.2.2] startup
[5.249s] [ext: omni.syntheticdata-0.6.15] startup
[5.289s] [ext: omni.replicator.nv-1.1.1] startup
[5.300s] [ext: omni.videoencoding-0.2.1] startup
[5.303s] [ext: omni.replicator.core-1.13.27] startup
2026-08-13T12:50:44Z [5,269ms] [Warning] [pxr.Semantics] pxr.Semantics is deprecated - please use Semantics instead
2026-08-13T12:50:44Z [5,371ms] [Warning] [omni.replicator.core.scripts.extension] No material configuration file, adding configuration to material settings directly.
[5.598s] [ext: isaacsim.core.nodes-5.10.5] startup
[5.646s] [ext: isaacsim.core.throttling-2.3.5] startup
[5.648s] [ext: omni.kit.manipulator.viewport-107.0.1] startup
[5.649s] [ext: omni.graph.visualization.nodes-2.1.4] startup
[5.668s] [ext: omni.kit.window.extensions-1.5.10] startup
[5.675s] [ext: isaacsim.gui.components-1.8.5] startup
[5.681s] [ext: isaacsim.robot.surface_gripper-3.6.2] startup
[5.696s] [ext: isaacsim.robot.manipulators-3.4.4] startup
[5.710s] [ext: isaacsim.robot_motion.lula-4.1.3] startup
[5.719s] [ext: isaacsim.robot_motion.motion_generation-8.2.9] startup
[5.728s] [ext: isaacsim.cortex.framework-1.0.18] startup
[5.731s] [ext: isaacsim.cortex.behaviors-2.0.17] startup
[5.734s] [ext: isaacsim.examples.base-1.3.2] startup
[5.736s] [ext: omni.kit.widget.zoombar-1.0.7] startup
[5.737s] [ext: omni.kit.browser.core-2.3.18] startup
[5.743s] [ext: omni.kit.browser.folder.core-2.0.2] startup
[5.748s] [ext: omni.kit.widget.stage_icons-1.0.8] startup
[5.749s] [ext: omni.kit.window.stage-2.6.1] startup
[5.755s] [ext: omni.kit.menu.stage-1.2.7] startup
[5.757s] [ext: omni.kit.usd.collect-3.0.6] startup
[5.760s] [ext: omni.kit.widget.prompt-1.0.7] startup
[5.761s] [ext: omni.kit.tool.collect-2.2.19] startup
[5.764s] [ext: isaacsim.examples.browser-0.3.2] startup
[5.767s] [ext: omni.kit.search.files-1.0.4] startup
[5.769s] [ext: omni.kit.widget.calendar-1.0.9] startup
[5.770s] [ext: omni.kit.widget.extended_searchfield-1.0.31] startup
[5.782s] [ext: omni.simready.content.browser-0.3.7] startup
[5.893s] [ext: isaacsim.gui.content_browser-0.4.3] startup
[5.896s] [ext: omni.kit.selection-0.1.6] startup
[5.898s] [ext: isaacsim.gui.menu-2.10.5] startup
[5.908s] [ext: isaacsim.gui.property-1.6.4] startup
[5.917s] [ext: omni.kit.viewport.actions-110.0.0] startup
[5.922s] [ext: omni.kit.viewport.menubar.display-107.1.3] startup
[5.925s] [ext: isaacsim.gui.sensors.icon-2.2.1] startup
[5.928s] [ext: omni.behavior.scripting.core-110.1.0] startup
[5.932s] [ext: isaacsim.replicator.behavior-1.5.4] startup
[5.933s] [ext: isaacsim.replicator.experimental.domain_randomization-1.2.5] startup
[5.955s] [ext: isaacsim.replicator.domain_randomization-1.2.2] startup
[6.047s] [ext: isaacsim.replicator.writers-1.5.4] startup
[6.082s] [ext: isaacsim.robot.experimental.wheeled_robots-0.2.11] startup
[6.109s] [ext: isaacsim.robot.policy.examples-5.2.12] startup
[6.135s] [ext: isaacsim.robot.wheeled_robots-5.2.4] startup
[6.141s] [ext: isaacsim.robot.wheeled_robots.nodes-0.1.5] startup
[6.172s] [ext: isaacsim.robot_motion.experimental.motion_generation-6.1.3] startup
[6.185s] [ext: isaacsim.robot_motion.cumotion-1.3.1] startup
[6.202s] [ext: omni.kit.numpy.common-0.1.3] startup
[6.204s] [ext: isaacsim.sensors.camera-1.7.9] startup
[6.239s] [ext: isaacsim.sensors.experimental.physics-3.0.2] startup
[6.250s] [ext: omni.sensors.net-1.0.1] startup
[6.257s] [ext: omni.sensors.nv.common-3.0.0] startup
[6.275s] [ext: omni.sensors.nv.materials-2.0.0] startup
[6.279s] [ext: omni.sensors.nv.acoustic-3.0.0] startup
[6.284s] [ext: omni.sensors.nv.ids-2.0.1] startup
[6.287s] [ext: omni.sensors.nv.lidar-3.0.0] startup
[6.292s] [ext: omni.sensors.nv.radar-3.0.0] startup
[6.296s] [ext: isaacsim.sensors.experimental.rtx-1.4.6] startup
[6.565s] [ext: isaacsim.sensors.physics.nodes-1.5.3] startup
[6.575s] [ext: isaacsim.util.debug_draw-3.2.3] startup
[6.584s] [ext: isaacsim.sensors.physx-2.5.5] startup
[6.594s] [ext: isaacsim.sensors.rtx-15.17.1] startup
[6.611s] [ext: isaacsim.simulation_app-2.18.4] startup
[6.612s] [ext: omni.anim.curve.core-1.6.0] startup
[6.625s] [ext: omni.graph.ui_nodes-2.11.1] startup
[6.676s] [ext: omni.hydra.scene_api-0.1.3] startup
[6.683s] [ext: omni.kit.manipulator.camera-110.0.0] startup
[6.688s] [ext: omni.kit.manipulator.selector-1.1.4] startup
[6.690s] [ext: omni.kit.manipulator.transform-107.0.0] startup
[6.695s] [ext: omni.kit.widget.toolbar-2.1.0] startup
[6.703s] [ext: omni.kit.manipulator.tool.snap-1.5.14] startup
[6.708s] [ext: omni.kit.viewport.manipulator.transform-107.0.4] startup
[6.711s] [ext: omni.kit.manipulator.prim.core-108.0.2] startup
[6.718s] [ext: omni.kit.manipulator.prim.usd-107.0.3] startup
[6.720s] [ext: omni.kit.manipulator.prim-108.0.0] startup
[6.720s] [ext: omni.kit.manipulator.selection-109.0.1] startup
[6.722s] [ext: omni.kit.menu.create-2.0.2] startup
[6.725s] [ext: omni.kit.property.audio-1.0.16] startup
[6.730s] [ext: omni.kit.property.camera-1.0.14] startup
[6.732s] [ext: omni.kit.property.geometry-2.1.2] startup
[6.736s] [ext: omni.kit.property.light-1.0.14] startup
2026-08-13T12:50:46Z [6,729ms] [Warning] [omni.usd] Encountered USD Warnings but USD Diagnostics are currently muted. To view USD Warnings, please set the '/persistent/app/usd/muteUsdDiagnostics' setting to false in Preferences page.
[6.816s] [ext: omni.kit.property.material-1.14.6] startup
[6.823s] [ext: omni.kit.property.render-1.2.2] startup
[6.825s] [ext: omni.kit.property.transform-1.6.9] startup
[6.830s] [ext: omni.kit.property.bundle-1.5.1] startup
[6.832s] [ext: omni.kit.usdz_export-1.1.0] startup
[6.835s] [ext: omni.kit.tool.asset_importer-6.0.1] startup
[6.842s] [ext: omni.kit.ui.actions-1.0.5] startup
[6.844s] [ext: omni.kit.viewport.menubar.camera-107.0.10] startup
[6.850s] [ext: omni.kit.viewport.menubar.lighting-107.3.2] startup
[6.853s] [ext: omni.kit.viewport.menubar.render-110.0.0] startup
[6.856s] [ext: omni.kit.viewport.menubar.settings-110.0.1] startup
[6.861s] [ext: omni.kit.window.console-1.1.9] startup
[6.866s] [ext: omni.kit.window.status_bar-0.1.11] startup
[6.870s] [ext: omni.kit.window.toolbar-3.0.3] startup
[6.873s] [ext: omni.ocio-0.1.1] startup
[6.875s] [ext: omni.physx.commands-110.1.13] startup
[6.879s] [ext: omni.replicator.replicator_yaml-2.0.12] startup
[6.893s] [ext: omni.rtx.window.settings-0.8.0] startup
[6.899s] [ext: omni.rtx.settings.core-0.7.1] startup
[6.902s] [ext: omni.usd.metrics.assembler.ui-110.1.1] startup
[6.912s] [ext: semantics.schema.editor-2.0.2] startup
[6.915s] [ext: semantics.schema.property-2.0.2] startup
[6.917s] [ext: omni.kit.menu.common-2.0.2] startup
[6.919s] [ext: isaacsim.exp.base-6.0.1] startup
[6.919s] [ext: isaacsim.exp.base.python-6.0.1] startup
[6.922s] Simulation App Starting
[10.096s] Simulation App Startup Complete
[10.109s] app ready
[10.750s] [ext: isaacsim.robot_motion.pink-0.1.3] startup
2026-08-13T12:50:55Z [15,791ms] [Error] [omni.rtx.materials] [UsdToMdl] Prim '/World/Task/living_room_table/Visual/Looks/Louisa_Coffee_Table_LTV3/Louisa_Coffee_Table_LTV3' parameter 'normalmap_texture': References an asset that can not be found: './materials/textures/louisa-coffee-table-wood-bump.jpg'
2026-08-13T12:50:55Z [15,796ms] [Error] [omni.rtx.materials] [UsdToMdl] Prim '/World/Task/living_room_table/Visual/Looks/Louisa_Coffee_Table_LTV3/Louisa_Coffee_Table_LTV3' parameter 'normalmap_texture': References an asset that can not be found: './materials/textures/louisa-coffee-table-wood-bump.jpg'
2026-08-13T12:50:56Z [16,806ms] [Error] [omni.rtx.materials] [UsdToMdl] Prim '/World/Task/living_room_table/Visual/Looks/Louisa_Coffee_Table_LTV3/Louisa_Coffee_Table_LTV3' parameter 'normalmap_texture': References an asset that can not be found: './materials/textures/louisa-coffee-table-wood-bump.jpg'
2026-08-13T12:50:56Z [16,807ms] [Error] [omni.rtx.materials] [UsdToMdl] Prim '/World/Task/living_room_table/Visual/Looks/Louisa_Coffee_Table_LTV3/Louisa_Coffee_Table_LTV3' parameter 'normalmap_texture': References an asset that can not be found: './materials/textures/louisa-coffee-table-wood-bump.jpg'
Starting kit application with the following args:  ['/root/autodl-tmp/isaac_sim/venv/lib/python3.12/site-packages/isaacsim/exts/isaacsim.simulation_app/isaacsim/simulation_app/simulation_app.py', '/root/autodl-tmp/isaac_sim/venv/lib/python3.12/site-packages/isaacsim/apps/isaacsim.exp.base.python.kit', '--/app/tokens/exe-path=/root/autodl-tmp/isaac_sim/venv/lib/python3.12/site-packages/isaacsim/kit', '--/persistent/app/viewport/displayOptions=3094', '--/rtx/materialDb/syncLoads=True', '--/rtx/hydra/materialSyncLoads=True', '--/omni/kit/plugin/syncUsdLoads=True', '--/app/renderer/resolution/width=1280', '--/app/renderer/resolution/height=720', '--/app/window/width=1440', '--/app/window/height=900', '--/renderer/multiGpu/enabled=True', '--/app/fastShutdown=True', '--/app/installSignalHandlers=0', '--ext-folder', '/root/autodl-tmp/isaac_sim/venv/lib/python3.12/site-packages/isaacsim/exts', '--ext-folder', '/root/autodl-tmp/isaac_sim/venv/lib/python3.12/site-packages/isaacsim/apps', '--/physics/cudaDevice=0', '--/plugins/carb.tasking.plugin/threadCount=32', '--/plugins/omni.tbb.globalcontrol/maxThreadCount=32', '--portable', '--no-window', '--/app/window/hideUi=1', '--allow-root']
Passing the following args to the base kit application:  ['--object', 'tomato', '--trial-index', '0', '--diagnostic', '--arm-only-urdf', '/root/autodl-tmp/VLA-Intern-Sprint/results/phase3_step7/arm_gripper_decoupling/franka_arm_only.urdf', '--output-dir', '/root/autodl-tmp/VLA-Intern-Sprint/results/phase3_step7/arm_gripper_decoupling/diagnostic_trial']
Warp 1.13.0 initialized:
   CUDA Toolkit 12.9, Driver 13.0
   Devices:
     "cpu"      : "x86_64"
     "cuda:0"   : "NVIDIA GeForce RTX 5090" (31 GiB, sm_120, mempool enabled)
   Kernel cache:
     /root/autodl-tmp/isaac_cache/xdg/warp/1.13.0
2026-08-13T12:50:57Z [18,263ms] [Warning] [omni.rtx] DLSS increasing input dimensions: Render resolution of (128, 128) is below minimal input resolution of 300.
[35.291s] Simulation App Shutting Down
