WARNING: All log messages before absl::InitializeLog() is called are written to STDERR
E0000 00:00:1786559584.976012   16265 descriptor_database.cc:633] File already exists in database: grpc/health/v1/health.proto
W0000 00:00:1786559584.976054   16265 message.cc:301] Protobuf GeneratedMessageFactory: File is already registered: grpc/health/v1/health.proto
2026-08-12T18:33:04Z [Info] [carb] Logging to file: /root/autodl-tmp/isaac_sim/venv/lib/python3.12/site-packages/isaacsim/kit/logs/Kit/Isaac-Sim Python/6.0/kit_20260813_023304.log
[0.084s] [ext: omni.assets.plugins-0.0.0] startup
[0.085s] [ext: omni.blobkey-1.1.2] startup
[0.085s] [ext: omni.kit.async_engine-0.0.3] startup
[0.199s] [ext: omni.client.lib-1.1.1] startup
[0.214s] [ext: omni.client-1.3.0] startup
[0.220s] [ext: omni.protobuf.lib-1.0.0] startup
[0.221s] [ext: omni.grpc.lib-1.0.0] startup
[0.227s] [ext: omni.metrics.core-0.0.3] startup
[0.227s] [ext: omni.datastore-0.0.0] startup
[0.228s] [ext: omni.gpu_foundation.shadercache.vulkan-1.0.0] startup
[0.230s] [ext: omni.hsscclient-1.1.4] startup
[0.231s] [ext: omni.stats-1.0.1] startup
[0.232s] [ext: omni.ujitso.default-1.0.0] startup
[0.235s] [ext: omni.gpu_foundation-0.0.0] startup
[0.546s] [ext: carb.windowing.plugins-1.0.1] startup
[0.546s] [ext: omni.kit.renderer.init-1.0.1] startup
2026-08-12T18:33:05Z [624ms] [Warning] [omni.platforminfo.plugin] failed to open the default display.  Can't verify X Server version.

|---------------------------------------------------------------------------------------------|
| Driver Version: 580.105.08    | Graphics API: Vulkan
|=============================================================================================|
| GPU | Name                             | Active | LDA | GPU Memory | Vendor-ID | LUID       |
|     |                                  |        |     |            | Device-ID | UUID       |
|     |                                  |        |     |            | Bus-ID    |            |
|---------------------------------------------------------------------------------------------|
| 0   | NVIDIA GeForce RTX 5090          | Yes: 0 |     | 32853   MB | 10de      | 0          |
|     |                                  |        |     |            | 2b85      | 105e4e5f.. |
|     |                                  |        |     |            | 49        |            |
|=============================================================================================|
| OS: 22.04.5 LTS (Jammy Jellyfish) ubuntu, Version: 22.04.5, Kernel: 5.15.0-78-generic
| Processor: Intel(R) Xeon(R) Platinum 8470Q
| Bare Metal Cores: 104 | Bare Metal Logical Cores: 208
| Core Usage Quota: 25
|---------------------------------------------------------------------------------------------|
| Total Memory (MB): 92160 | Free Memory: 76729
| Total Page/Swap (MB): 0 | Free Page/Swap: 0
|---------------------------------------------------------------------------------------------|
[1.826s] [ext: omni.kit.pipapi-0.0.0] startup
[1.828s] [ext: omni.kit.telemetry-0.5.2] startup
[1.874s] [ext: omni.kit.loop-isaac-1.6.0] startup
[1.877s] [ext: omni.kit.test-2.0.7] startup
[1.935s] [ext: omni.materialx.libs-1.0.9] startup
[1.943s] [ext: omni.gpucompute.plugins-0.0.0] startup
[1.944s] [ext: omni.usd.config-1.0.7] startup
[1.947s] [ext: omni.usd.libs-1.0.3] startup
[2.059s] [ext: omni.iray.libs-0.0.1] startup
[2.065s] [ext: omni.mdl-57.0.3] startup
[2.086s] [ext: omni.mdl.neuraylib-0.2.20] startup
[2.088s] [ext: omni.kit.usd.mdl-1.1.9] startup
[2.209s] [ext: omni.appwindow-1.2.2] startup
[2.212s] [ext: omni.kit.renderer.core-1.2.2] startup
2026-08-12T18:33:06Z [2,181ms] [Warning] [carb.windowing-glfw.plugin] GLFW initialization failed.
2026-08-12T18:33:06Z [2,181ms] [Warning] [carb] Failed to startup plugin carb.windowing-glfw.plugin (interfaces: [carb::windowing::IGLContext v1.0],[carb::windowing::IWindowing v1.5]) (impl: carb.windowing-glfw.plugin)
[2.248s] [ext: omni.kit.renderer.capture-2.0.1] startup
[2.251s] [ext: omni.kit.renderer.imgui-2.0.6] startup
2026-08-12T18:33:07Z [2,206ms] [Warning] [carb.windowing-glfw.plugin] GLFW initialization failed.
2026-08-12T18:33:07Z [2,206ms] [Warning] [carb] Failed to startup plugin carb.windowing-glfw.plugin (interfaces: [carb::windowing::IGLContext v1.0],[carb::windowing::IWindowing v1.5]) (impl: carb.windowing-glfw.plugin)
2026-08-12T18:33:07Z [2,208ms] [Warning] [carb.windowing-glfw.plugin] GLFW initialization failed.
2026-08-12T18:33:07Z [2,208ms] [Warning] [carb] Failed to startup plugin carb.windowing-glfw.plugin (interfaces: [carb::windowing::IGLContext v1.0],[carb::windowing::IWindowing v1.5]) (impl: carb.windowing-glfw.plugin)
[2.352s] [ext: omni.ui-3.2.0] startup
[2.364s] [ext: omni.kit.mainwindow-1.0.3] startup
[2.365s] [ext: carb.audio-0.1.0] startup
[2.371s] [ext: omni.uiaudio-1.0.0] startup
[2.372s] [ext: omni.kit.uiapp-0.0.0] startup
[2.372s] [ext: omni.usd.schema.metrics.assembler-110.1.0] startup
[2.375s] [ext: omni.usd.schema.audio-0.0.1] startup
[2.379s] [ext: omni.usd_resolver-1.0.0] startup
[2.383s] [ext: omni.usd.core-1.8.3] startup
[2.387s] [ext: omni.metropolis.schema-0.0.3] startup
[2.388s] [ext: isaacsim.anim.robot.schema-0.1.1] startup
[2.389s] [ext: omni.usd.schema.anim-0.0.1] startup
[2.410s] [ext: omni.usd.schema.geospatial-0.0.1] startup
[2.413s] [ext: omni.usd.schema.omnigraph-1.0.1] startup
[2.420s] [ext: omni.usd.schema.semantics-0.0.0] startup
[2.423s] [ext: omni.activity.core-1.0.3] startup
[2.424s] [ext: omni.cubric-0.1.0] startup
[2.425s] [ext: omni.graph.exec-0.9.6] startup
[2.425s] [ext: omni.hydra.scene_delegate-0.3.5] startup
[2.430s] [ext: usdrt.scenegraph-7.6.3] startup
[2.462s] [ext: omni.hydra.usdrt_delegate-7.5.2] startup
[2.469s] [ext: omni.inspect-1.0.2] startup
[2.471s] [ext: omni.kit.actions.core-1.0.0] startup
[2.473s] [ext: omni.kit.audiodeviceenum-1.0.2] startup
[2.475s] [ext: omni.kit.commands-1.5.0] startup
[2.479s] [ext: omni.kit.exec.core-0.13.5] startup
[2.480s] [ext: omni.kit.usd_undo-0.1.8] startup
[2.481s] [ext: omni.kit.window.popup_dialog-2.0.25] startup
[2.485s] [ext: omni.kit.widget.nucleus_connector-2.3.1] startup
[2.489s] [ext: omni.timeline-1.1.0] startup
[2.491s] [ext: omni.usd-1.16.0] startup
[2.544s] [ext: omni.graph.core-3.1.2] startup
[2.549s] [ext: omni.kit.notification_manager-1.0.11] startup
[2.551s] [ext: isaacsim.core.deprecation_manager-0.4.2] startup
[2.553s] [ext: isaacsim.replicator.agent.schema-0.1.1] startup
[2.553s] [ext: isaacsim.robot.schema-6.3.7] startup
[2.560s] [ext: isaacsim.robot_motion.schema-0.2.1] startup
[2.561s] [ext: omni.anim.behavior.schema-110.1.0] startup
[2.566s] [ext: omni.anim.graph.schema-110.1.1] startup
[2.573s] [ext: omni.anim.navigation.schema-110.1.0] startup
[2.577s] [ext: omni.behavior.tree.schema-110.1.0] startup
[2.578s] [ext: omni.kit.asset_converter-6.0.1] startup
[2.594s] [ext: omni.usd.schema.flow-110.0.0] startup
[2.595s] [ext: omni.usd.schema.mujoco-1.1.1] startup
[2.595s] [ext: omni.usd.schema.newton-1.2.1] startup
[2.596s] [ext: omni.usd.schema.omni_lens_distortion-1.0.0] startup
[2.597s] [ext: omni.usd.schema.omni_projectors-1.0.0] startup
[2.598s] [ext: omni.usd.schema.omni_sensors-0.0.0] startup
[2.607s] [ext: omni.usd.schema.omniscripting-1.0.1] startup
[2.612s] [ext: omni.usd.schema.physical_lighting-0.1.0] startup
[2.616s] [ext: omni.usd.schema.physx-110.1.13] startup
[2.655s] [ext: omni.usd.schema.render_settings.rtx-1.0.2] startup
[2.659s] [ext: omni.usd.schema.usd_particle_field-1.0.0] startup
[2.660s] [ext: isaacsim.core.version-2.1.1] startup
[2.661s] [ext: omni.kit.menu.core-1.2.0] startup
[2.662s] [ext: omni.kit.menu.utils-2.2.4] startup
[2.671s] [ext: isaacsim.app.about-2.3.1] startup
[2.680s] [ext: isaacsim.asset.transformer-1.2.5] startup
[2.685s] [ext: omni.scene.optimizer.core-110.1.0] startup
[2.788s] [ext: isaacsim.asset.importer.utils-1.8.1] startup
[2.792s] [ext: omni.convexdecomposition-110.1.13] startup
[2.796s] [ext: omni.physics-110.1.13] startup
[2.802s] [ext: omni.physx.gpu-110.1.13] startup
[2.802s] [ext: omni.physx.foundation-110.1.13] startup
[2.805s] [ext: omni.usdphysics-110.1.13] startup
[2.808s] [ext: omni.physx.cooking-110.1.13] startup
[2.812s] [ext: omni.physx-110.1.13] startup
[2.831s] [ext: omni.physics.physx-110.1.13] startup
[2.834s] [ext: isaacsim.asset.exporter.urdf-2.0.5] startup
[2.854s] [ext: omni.kit.clipboard-1.1.1] startup
[2.856s] [ext: omni.kit.usd.layers-2.6.1] startup
[2.868s] [ext: omni.kit.widget.context_menu-1.4.0] startup
[2.871s] [ext: omni.kit.context_menu-1.9.0] startup
[2.873s] [ext: omni.kit.helper.file_utils-0.1.10] startup
[2.881s] [ext: omni.kit.widget.nucleus_info-2.0.2] startup
[2.882s] [ext: omni.kit.search_core-1.0.8] startup
[2.884s] [ext: omni.kit.widget.path_field-2.0.13] startup
[2.886s] [ext: omni.kit.widget.browser_bar-2.0.10] startup
[2.888s] [ext: omni.kit.widget.filebrowser-2.13.4] startup
[2.899s] [ext: omni.kit.widget.options_menu-1.1.6] startup
[2.903s] [ext: omni.kit.widget.options_button-1.0.3] startup
[2.904s] [ext: omni.kit.widget.search_delegate-1.0.9] startup
[2.905s] [ext: omni.ui.scene-2.0.3] startup
[2.916s] [ext: omni.kit.window.filepicker-2.15.5] startup
[2.939s] [ext: omni.kit.window.file_importer-1.1.21] startup
[2.942s] [ext: omni.kit.material.library-3.1.2] startup
[2.951s] [ext: isaacsim.asset.transformer.rules-1.7.10] startup
[2.969s] [ext: omni.usdex.libs-2.2.2] startup
[2.992s] [ext: isaacsim.asset.importer.mjcf-3.10.1] startup
[2.995s] [ext: isaacsim.asset.importer.urdf-3.11.2] startup
[3.001s] [ext: omni.kit.primitive.mesh-1.1.0] startup
[3.008s] [ext: omni.kit.stage_template.core-1.1.22] startup
[3.008s] [ext: omni.kit.stage_templates-2.0.2] startup
[3.010s] [ext: omni.usd.metrics.assembler-110.1.2] startup
[3.014s] [ext: omni.warp.core-1.13.0] startup
[3.220s] [ext: isaacsim.core.experimental.utils-0.17.2] startup
[3.221s] [ext: omni.physics.stageupdate-110.1.13] startup
[3.224s] [ext: omni.physics.tensors-110.1.13] startup
[3.230s] [ext: omni.physx.tensors-110.1.13] startup
[3.235s] [ext: isaacsim.core.simulation_manager-1.15.6] startup
[3.252s] [ext: isaacsim.storage.native-1.9.3] startup
[3.253s] [ext: omni.usd.metrics.assembler.physics-110.1.13] startup
[3.255s] [ext: isaacsim.core.utils-4.1.7] startup
[3.258s] [ext: isaacsim.core.prims-0.11.7] startup
[4.715s] [ext: isaacsim.core.api-5.2.13] startup
[4.726s] [ext: isaacsim.core.cloner-1.7.3] startup
[4.728s] [ext: isaacsim.test.docstring-1.3.2] startup
[4.733s] [ext: isaacsim.core.experimental.prims-1.8.9] startup
[4.763s] [ext: isaacsim.core.experimental.primdata-0.3.2] startup
[4.766s] [ext: omni.graph.tools-1.81.0] startup
[4.792s] [ext: omni.graph-1.142.5] startup
[4.837s] [ext: isaacsim.core.experimental.actuators-0.1.2] startup
[4.859s] [ext: isaacsim.core.experimental.materials-0.7.1] startup
[4.864s] [ext: isaacsim.core.experimental.objects-0.8.1] startup
[4.940s] [ext: omni.hydra.engine.stats-1.0.5] startup
[4.944s] [ext: omni.hydra.rtx.shadercache.vulkan-1.0.0] startup
[4.945s] [ext: omni.index.libs-387500.4413.0] startup
[4.945s] [ext: omni.index-1.0.1] startup
[4.946s] [ext: omni.ujitso.client-0.0.0] startup
[4.947s] [ext: omni.usd.schema.playback-1.0.0] startup
[4.951s] [ext: omni.volume-0.5.2] startup
[4.958s] [ext: omni.hydra.rtx-1.0.4] startup
2026-08-12T18:33:09Z [4,933ms] [Warning] [omni.log] Source: omni.hydra was already registered.
[5.004s] [ext: omni.kit.hydra_texture-1.6.0] startup
[5.009s] [ext: omni.kit.raycast.query-1.2.0] startup
[5.016s] [ext: omni.kit.viewport.legacy_gizmos-1.0.24] startup
[5.020s] [ext: omni.kit.viewport.registry-104.0.6] startup
[5.021s] [ext: omni.kit.viewport.scene_camera_model-1.0.7] startup
[5.026s] [ext: omni.kit.widget.viewport-109.2.0] startup
[5.032s] [ext: omni.kit.window.drop_support-1.0.8] startup
[5.033s] [ext: omni.kit.viewport.window-109.0.2] startup
[5.055s] [ext: omni.kit.viewport.utility-2.0.1] startup
[5.056s] [ext: isaacsim.core.rendering_manager-0.4.3] startup
[5.078s] [ext: omni.graph.action_core-1.1.9] startup
[5.081s] [ext: omni.graph.action_nodes_core-2.11.0] startup
[5.085s] [ext: omni.graph.action_nodes-2.11.0] startup
[5.124s] [ext: omni.graph.action-2.10.2] startup
[5.126s] [ext: omni.graph.image.core-0.6.1] startup
[5.128s] [ext: omni.graph.image.nodes-1.3.1] startup
[5.129s] [ext: omni.graph.nodes_core-2.11.0] startup
[5.138s] [ext: omni.graph.nodes-2.12.0] startup
[5.146s] [ext: omni.kit.hotkeys.core-1.3.12] startup
[5.148s] [ext: omni.kit.property.adapter.core-1.1.1] startup
[5.151s] [ext: omni.kit.property.adapter.usd-1.0.5] startup
[5.153s] [ext: omni.kit.widget.filter-1.1.5] startup
[5.154s] [ext: omni.kit.widget.highlight_label-1.0.3] startup
[5.155s] [ext: omni.kit.widget.searchfield-1.1.8] startup
[5.157s] [ext: omni.kit.window.file_exporter-1.0.36] startup
[5.159s] [ext: omni.kit.widget.stage-4.4.0] startup
[5.170s] [ext: omni.kit.window.content_browser_registry-0.0.6] startup
[5.171s] [ext: omni.kit.window.file-2.0.10] startup
[5.175s] [ext: omni.kit.window.content_browser-3.1.8] startup
[5.188s] [ext: omni.kit.window.property-1.15.1] startup
[5.203s] [ext: omni.kit.property.usd-4.9.4] startup
[5.216s] [ext: omni.graph.scriptnode-2.10.2] startup
[5.228s] [ext: omni.kit.widget.searchable_combobox-1.0.7] startup
[5.229s] [ext: omni.kit.widget.settings-2.0.0] startup
[5.232s] [ext: omni.kit.window.preferences-1.8.3] startup
[5.238s] [ext: omni.kit.viewport.menubar.core-107.2.2] startup
[5.252s] [ext: omni.syntheticdata-0.6.15] startup
[5.291s] [ext: omni.replicator.nv-1.1.1] startup
[5.300s] [ext: omni.videoencoding-0.2.1] startup
[5.303s] [ext: omni.replicator.core-1.13.27] startup
2026-08-12T18:33:10Z [5,268ms] [Warning] [pxr.Semantics] pxr.Semantics is deprecated - please use Semantics instead
2026-08-12T18:33:10Z [5,448ms] [Warning] [omni.replicator.core.scripts.extension] No material configuration file, adding configuration to material settings directly.
[5.669s] [ext: isaacsim.core.nodes-5.10.5] startup
[5.709s] [ext: isaacsim.core.throttling-2.3.5] startup
[5.711s] [ext: omni.kit.manipulator.viewport-107.0.1] startup
[5.713s] [ext: omni.graph.visualization.nodes-2.1.4] startup
[5.732s] [ext: omni.kit.window.extensions-1.5.10] startup
[5.739s] [ext: isaacsim.gui.components-1.8.5] startup
[5.745s] [ext: isaacsim.robot.surface_gripper-3.6.2] startup
[5.759s] [ext: isaacsim.robot.manipulators-3.4.4] startup
[5.772s] [ext: isaacsim.robot_motion.lula-4.1.3] startup
[5.782s] [ext: isaacsim.robot_motion.motion_generation-8.2.9] startup
[5.790s] [ext: isaacsim.cortex.framework-1.0.18] startup
[5.792s] [ext: isaacsim.cortex.behaviors-2.0.17] startup
[5.795s] [ext: isaacsim.examples.base-1.3.2] startup
[5.797s] [ext: omni.kit.widget.zoombar-1.0.7] startup
[5.799s] [ext: omni.kit.browser.core-2.3.18] startup
[5.803s] [ext: omni.kit.browser.folder.core-2.0.2] startup
[5.809s] [ext: omni.kit.widget.stage_icons-1.0.8] startup
[5.810s] [ext: omni.kit.window.stage-2.6.1] startup
[5.815s] [ext: omni.kit.menu.stage-1.2.7] startup
[5.817s] [ext: omni.kit.usd.collect-3.0.6] startup
[5.821s] [ext: omni.kit.widget.prompt-1.0.7] startup
[5.822s] [ext: omni.kit.tool.collect-2.2.19] startup
[5.825s] [ext: isaacsim.examples.browser-0.3.2] startup
[5.828s] [ext: omni.kit.search.files-1.0.4] startup
[5.829s] [ext: omni.kit.widget.calendar-1.0.9] startup
[5.831s] [ext: omni.kit.widget.extended_searchfield-1.0.31] startup
[5.842s] [ext: omni.simready.content.browser-0.3.7] startup
[5.952s] [ext: isaacsim.gui.content_browser-0.4.3] startup
[5.955s] [ext: omni.kit.selection-0.1.6] startup
[5.957s] [ext: isaacsim.gui.menu-2.10.5] startup
[5.968s] [ext: isaacsim.gui.property-1.6.4] startup
[5.977s] [ext: omni.kit.viewport.actions-110.0.0] startup
[5.982s] [ext: omni.kit.viewport.menubar.display-107.1.3] startup
[5.985s] [ext: isaacsim.gui.sensors.icon-2.2.1] startup
[5.989s] [ext: omni.behavior.scripting.core-110.1.0] startup
[5.993s] [ext: isaacsim.replicator.behavior-1.5.4] startup
[5.994s] [ext: isaacsim.replicator.experimental.domain_randomization-1.2.5] startup
[6.016s] [ext: isaacsim.replicator.domain_randomization-1.2.2] startup
[6.110s] [ext: isaacsim.replicator.writers-1.5.4] startup
[6.141s] [ext: isaacsim.robot.experimental.wheeled_robots-0.2.11] startup
[6.170s] [ext: isaacsim.robot.policy.examples-5.2.12] startup
[6.196s] [ext: isaacsim.robot.wheeled_robots-5.2.4] startup
[6.202s] [ext: isaacsim.robot.wheeled_robots.nodes-0.1.5] startup
[6.229s] [ext: isaacsim.robot_motion.experimental.motion_generation-6.1.3] startup
[6.242s] [ext: isaacsim.robot_motion.cumotion-1.3.1] startup
[6.259s] [ext: omni.kit.numpy.common-0.1.3] startup
[6.261s] [ext: isaacsim.sensors.camera-1.7.9] startup
[6.295s] [ext: isaacsim.sensors.experimental.physics-3.0.2] startup
[6.305s] [ext: omni.sensors.net-1.0.1] startup
[6.312s] [ext: omni.sensors.nv.common-3.0.0] startup
[6.330s] [ext: omni.sensors.nv.materials-2.0.0] startup
[6.335s] [ext: omni.sensors.nv.acoustic-3.0.0] startup
[6.339s] [ext: omni.sensors.nv.ids-2.0.1] startup
[6.342s] [ext: omni.sensors.nv.lidar-3.0.0] startup
[6.347s] [ext: omni.sensors.nv.radar-3.0.0] startup
[6.351s] [ext: isaacsim.sensors.experimental.rtx-1.4.6] startup
[6.616s] [ext: isaacsim.sensors.physics.nodes-1.5.3] startup
[6.626s] [ext: isaacsim.util.debug_draw-3.2.3] startup
[6.634s] [ext: isaacsim.sensors.physx-2.5.5] startup
[6.645s] [ext: isaacsim.sensors.rtx-15.17.1] startup
[6.662s] [ext: isaacsim.simulation_app-2.18.4] startup
[6.662s] [ext: omni.anim.curve.core-1.6.0] startup
[6.676s] [ext: omni.graph.ui_nodes-2.11.1] startup
[6.726s] [ext: omni.hydra.scene_api-0.1.3] startup
[6.732s] [ext: omni.kit.manipulator.camera-110.0.0] startup
[6.737s] [ext: omni.kit.manipulator.selector-1.1.4] startup
[6.739s] [ext: omni.kit.manipulator.transform-107.0.0] startup
[6.744s] [ext: omni.kit.widget.toolbar-2.1.0] startup
[6.752s] [ext: omni.kit.manipulator.tool.snap-1.5.14] startup
[6.757s] [ext: omni.kit.viewport.manipulator.transform-107.0.4] startup
[6.759s] [ext: omni.kit.manipulator.prim.core-108.0.2] startup
[6.767s] [ext: omni.kit.manipulator.prim.usd-107.0.3] startup
[6.769s] [ext: omni.kit.manipulator.prim-108.0.0] startup
[6.769s] [ext: omni.kit.manipulator.selection-109.0.1] startup
[6.771s] [ext: omni.kit.menu.create-2.0.2] startup
[6.773s] [ext: omni.kit.property.audio-1.0.16] startup
[6.778s] [ext: omni.kit.property.camera-1.0.14] startup
[6.780s] [ext: omni.kit.property.geometry-2.1.2] startup
[6.785s] [ext: omni.kit.property.light-1.0.14] startup
2026-08-12T18:33:11Z [6,783ms] [Warning] [omni.usd] Encountered USD Warnings but USD Diagnostics are currently muted. To view USD Warnings, please set the '/persistent/app/usd/muteUsdDiagnostics' setting to false in Preferences page.
[6.908s] [ext: omni.kit.property.material-1.14.6] startup
[6.915s] [ext: omni.kit.property.render-1.2.2] startup
[6.917s] [ext: omni.kit.property.transform-1.6.9] startup
[6.922s] [ext: omni.kit.property.bundle-1.5.1] startup
[6.924s] [ext: omni.kit.usdz_export-1.1.0] startup
[6.927s] [ext: omni.kit.tool.asset_importer-6.0.1] startup
[6.934s] [ext: omni.kit.ui.actions-1.0.5] startup
[6.936s] [ext: omni.kit.viewport.menubar.camera-107.0.10] startup
[6.942s] [ext: omni.kit.viewport.menubar.lighting-107.3.2] startup
[6.946s] [ext: omni.kit.viewport.menubar.render-110.0.0] startup
[6.949s] [ext: omni.kit.viewport.menubar.settings-110.0.1] startup
[6.954s] [ext: omni.kit.window.console-1.1.9] startup
[6.959s] [ext: omni.kit.window.status_bar-0.1.11] startup
[6.963s] [ext: omni.kit.window.toolbar-3.0.3] startup
[6.966s] [ext: omni.ocio-0.1.1] startup
[6.968s] [ext: omni.physx.commands-110.1.13] startup
[6.972s] [ext: omni.replicator.replicator_yaml-2.0.12] startup
[6.987s] [ext: omni.rtx.window.settings-0.8.0] startup
[6.992s] [ext: omni.rtx.settings.core-0.7.1] startup
[6.996s] [ext: omni.usd.metrics.assembler.ui-110.1.1] startup
[7.005s] [ext: semantics.schema.editor-2.0.2] startup
[7.009s] [ext: semantics.schema.property-2.0.2] startup
[7.011s] [ext: omni.kit.menu.common-2.0.2] startup
[7.013s] [ext: isaacsim.exp.base-6.0.1] startup
[7.013s] [ext: isaacsim.exp.base.python-6.0.1] startup
[7.016s] Simulation App Starting
[10.194s] Simulation App Startup Complete
[10.207s] app ready
Starting kit application with the following args:  ['/root/autodl-tmp/isaac_sim/venv/lib/python3.12/site-packages/isaacsim/exts/isaacsim.simulation_app/isaacsim/simulation_app/simulation_app.py', '/root/autodl-tmp/isaac_sim/venv/lib/python3.12/site-packages/isaacsim/apps/isaacsim.exp.base.python.kit', '--/app/tokens/exe-path=/root/autodl-tmp/isaac_sim/venv/lib/python3.12/site-packages/isaacsim/kit', '--/persistent/app/viewport/displayOptions=3094', '--/rtx/materialDb/syncLoads=True', '--/rtx/hydra/materialSyncLoads=True', '--/omni/kit/plugin/syncUsdLoads=True', '--/app/renderer/resolution/width=1280', '--/app/renderer/resolution/height=720', '--/app/window/width=1440', '--/app/window/height=900', '--/renderer/multiGpu/enabled=True', '--/app/fastShutdown=True', '--/app/installSignalHandlers=0', '--ext-folder', '/root/autodl-tmp/isaac_sim/venv/lib/python3.12/site-packages/isaacsim/exts', '--ext-folder', '/root/autodl-tmp/isaac_sim/venv/lib/python3.12/site-packages/isaacsim/apps', '--/physics/cudaDevice=0', '--/plugins/carb.tasking.plugin/threadCount=32', '--/plugins/omni.tbb.globalcontrol/maxThreadCount=32', '--portable', '--no-window', '--/app/window/hideUi=1', '--allow-root']
Passing the following args to the base kit application:  []
Warp 1.13.0 initialized:
   CUDA Toolkit 12.9, Driver 13.0
   Devices:
     "cpu"      : "x86_64"
     "cuda:0"   : "NVIDIA GeForce RTX 5090" (31 GiB, sm_120, mempool enabled)
   Kernel cache:
     /root/autodl-tmp/isaac_cache/xdg/warp/1.13.0
{"commanded_eef_delta_m": [-0.0037196028232574507, -0.0002608300186693665, -0.001111601591110234], "actual_eef_delta_m": [-0.0037825405597686768, -0.0002582026645541191, -0.002208888530731201], "target_position_error_m": 0.0010990935763298554, "target_orientation_error_rad": 0.0065167456977896976, "robot_moved": true}
[10.833s] [ext: isaacsim.robot_motion.pink-0.1.3] startup
2026-08-12T18:33:20Z [15,575ms] [Warning] [omni.rtx] DLSS increasing input dimensions: Render resolution of (128, 128) is below minimal input resolution of 300.
2026-08-12T18:33:20Z [15,623ms] [Warning] [rtx.scenedb.plugin] [InstanceTransformStorage] The amount of world update transforms WorldUpdateStorageWindow 17 needed to cover is larger than max allowed storage MaxHistoryTransformCount 8.            Motions may be wrong for long exposure sensors/cameras. Consider allow a larger storage for transforms through --/rtx/scenedb/maxHistoryTransformCount=17
[23.386s] Simulation App Shutting Down
