WARNING: All log messages before absl::InitializeLog() is called are written to STDERR
E0000 00:00:1786559401.793407   14113 descriptor_database.cc:633] File already exists in database: grpc/health/v1/health.proto
W0000 00:00:1786559401.793453   14113 message.cc:301] Protobuf GeneratedMessageFactory: File is already registered: grpc/health/v1/health.proto
2026-08-12T18:30:01Z [Info] [carb] Logging to file: /root/autodl-tmp/isaac_sim/venv/lib/python3.12/site-packages/isaacsim/kit/logs/Kit/Isaac-Sim Python/6.0/kit_20260813_023001.log
[0.087s] [ext: omni.assets.plugins-0.0.0] startup
[0.088s] [ext: omni.blobkey-1.1.2] startup
[0.088s] [ext: omni.kit.async_engine-0.0.3] startup
[0.206s] [ext: omni.client.lib-1.1.1] startup
[0.222s] [ext: omni.client-1.3.0] startup
[0.228s] [ext: omni.protobuf.lib-1.0.0] startup
[0.229s] [ext: omni.grpc.lib-1.0.0] startup
[0.235s] [ext: omni.metrics.core-0.0.3] startup
[0.235s] [ext: omni.datastore-0.0.0] startup
[0.236s] [ext: omni.gpu_foundation.shadercache.vulkan-1.0.0] startup
[0.239s] [ext: omni.hsscclient-1.1.4] startup
[0.239s] [ext: omni.stats-1.0.1] startup
[0.240s] [ext: omni.ujitso.default-1.0.0] startup
[0.244s] [ext: omni.gpu_foundation-0.0.0] startup
[0.534s] [ext: carb.windowing.plugins-1.0.1] startup
[0.535s] [ext: omni.kit.renderer.init-1.0.1] startup
2026-08-12T18:30:02Z [607ms] [Warning] [omni.platforminfo.plugin] failed to open the default display.  Can't verify X Server version.

|---------------------------------------------------------------------------------------------|
| Driver Version: 580.105.08    | Graphics API: Vulkan
|=============================================================================================|
| GPU | Name                             | Active | LDA | GPU Memory | Vendor-ID | LUID       |
|     |                                  |        |     |            | Device-ID | UUID       |
|     |                                  |        |     |            | Bus-ID    |            |
|---------------------------------------------------------------------------------------------|
| 0   | NVIDIA GeForce RTX 5090          | Yes: 0 |     | 32853   MB | 10de      | 0          |
|     |                                  |        |     |            | 2b85      | 105e4e5f.. |
|     |                                  |        |     |            | 49        |            |
|=============================================================================================|
| OS: 22.04.5 LTS (Jammy Jellyfish) ubuntu, Version: 22.04.5, Kernel: 5.15.0-78-generic
| Processor: Intel(R) Xeon(R) Platinum 8470Q
| Bare Metal Cores: 104 | Bare Metal Logical Cores: 208
| Core Usage Quota: 25
|---------------------------------------------------------------------------------------------|
| Total Memory (MB): 92160 | Free Memory: 87527
| Total Page/Swap (MB): 0 | Free Page/Swap: 0
|---------------------------------------------------------------------------------------------|
[1.883s] [ext: omni.kit.pipapi-0.0.0] startup
[1.885s] [ext: omni.kit.telemetry-0.5.2] startup
[1.939s] [ext: omni.kit.loop-isaac-1.6.0] startup
[1.941s] [ext: omni.kit.test-2.0.7] startup
[2.009s] [ext: omni.materialx.libs-1.0.9] startup
[2.017s] [ext: omni.gpucompute.plugins-0.0.0] startup
[2.018s] [ext: omni.usd.config-1.0.7] startup
[2.022s] [ext: omni.usd.libs-1.0.3] startup
[2.133s] [ext: omni.iray.libs-0.0.1] startup
[2.140s] [ext: omni.mdl-57.0.3] startup
[2.162s] [ext: omni.mdl.neuraylib-0.2.20] startup
[2.164s] [ext: omni.kit.usd.mdl-1.1.9] startup
[2.292s] [ext: omni.appwindow-1.2.2] startup
[2.295s] [ext: omni.kit.renderer.core-1.2.2] startup
2026-08-12T18:30:03Z [2,262ms] [Warning] [carb.windowing-glfw.plugin] GLFW initialization failed.
2026-08-12T18:30:03Z [2,262ms] [Warning] [carb] Failed to startup plugin carb.windowing-glfw.plugin (interfaces: [carb::windowing::IGLContext v1.0],[carb::windowing::IWindowing v1.5]) (impl: carb.windowing-glfw.plugin)
[2.332s] [ext: omni.kit.renderer.capture-2.0.1] startup
[2.335s] [ext: omni.kit.renderer.imgui-2.0.6] startup
2026-08-12T18:30:03Z [2,287ms] [Warning] [carb.windowing-glfw.plugin] GLFW initialization failed.
2026-08-12T18:30:03Z [2,287ms] [Warning] [carb] Failed to startup plugin carb.windowing-glfw.plugin (interfaces: [carb::windowing::IGLContext v1.0],[carb::windowing::IWindowing v1.5]) (impl: carb.windowing-glfw.plugin)
2026-08-12T18:30:03Z [2,288ms] [Warning] [carb.windowing-glfw.plugin] GLFW initialization failed.
2026-08-12T18:30:03Z [2,288ms] [Warning] [carb] Failed to startup plugin carb.windowing-glfw.plugin (interfaces: [carb::windowing::IGLContext v1.0],[carb::windowing::IWindowing v1.5]) (impl: carb.windowing-glfw.plugin)
[2.433s] [ext: omni.ui-3.2.0] startup
[2.444s] [ext: omni.kit.mainwindow-1.0.3] startup
[2.446s] [ext: carb.audio-0.1.0] startup
[2.472s] [ext: omni.uiaudio-1.0.0] startup
[2.473s] [ext: omni.kit.uiapp-0.0.0] startup
[2.473s] [ext: omni.usd.schema.metrics.assembler-110.1.0] startup
[2.476s] [ext: omni.usd.schema.audio-0.0.1] startup
[2.480s] [ext: omni.usd_resolver-1.0.0] startup
[2.484s] [ext: omni.usd.core-1.8.3] startup
[2.488s] [ext: omni.metropolis.schema-0.0.3] startup
[2.489s] [ext: isaacsim.anim.robot.schema-0.1.1] startup
[2.490s] [ext: omni.usd.schema.anim-0.0.1] startup
[2.517s] [ext: omni.usd.schema.geospatial-0.0.1] startup
[2.520s] [ext: omni.usd.schema.omnigraph-1.0.1] startup
[2.526s] [ext: omni.usd.schema.semantics-0.0.0] startup
[2.529s] [ext: omni.activity.core-1.0.3] startup
[2.530s] [ext: omni.cubric-0.1.0] startup
[2.531s] [ext: omni.graph.exec-0.9.6] startup
[2.531s] [ext: omni.hydra.scene_delegate-0.3.5] startup
[2.536s] [ext: usdrt.scenegraph-7.6.3] startup
[2.566s] [ext: omni.hydra.usdrt_delegate-7.5.2] startup
[2.574s] [ext: omni.inspect-1.0.2] startup
[2.575s] [ext: omni.kit.actions.core-1.0.0] startup
[2.577s] [ext: omni.kit.audiodeviceenum-1.0.2] startup
[2.579s] [ext: omni.kit.commands-1.5.0] startup
[2.583s] [ext: omni.kit.exec.core-0.13.5] startup
[2.584s] [ext: omni.kit.usd_undo-0.1.8] startup
[2.584s] [ext: omni.kit.window.popup_dialog-2.0.25] startup
[2.588s] [ext: omni.kit.widget.nucleus_connector-2.3.1] startup
[2.592s] [ext: omni.timeline-1.1.0] startup
[2.594s] [ext: omni.usd-1.16.0] startup
[2.638s] [ext: omni.graph.core-3.1.2] startup
[2.642s] [ext: omni.kit.notification_manager-1.0.11] startup
[2.643s] [ext: isaacsim.core.deprecation_manager-0.4.2] startup
[2.644s] [ext: isaacsim.replicator.agent.schema-0.1.1] startup
[2.645s] [ext: isaacsim.robot.schema-6.3.7] startup
[2.651s] [ext: isaacsim.robot_motion.schema-0.2.1] startup
[2.651s] [ext: omni.anim.behavior.schema-110.1.0] startup
[2.655s] [ext: omni.anim.graph.schema-110.1.1] startup
[2.662s] [ext: omni.anim.navigation.schema-110.1.0] startup
[2.665s] [ext: omni.behavior.tree.schema-110.1.0] startup
[2.666s] [ext: omni.kit.asset_converter-6.0.1] startup
[2.681s] [ext: omni.usd.schema.flow-110.0.0] startup
[2.682s] [ext: omni.usd.schema.mujoco-1.1.1] startup
[2.682s] [ext: omni.usd.schema.newton-1.2.1] startup
[2.683s] [ext: omni.usd.schema.omni_lens_distortion-1.0.0] startup
[2.684s] [ext: omni.usd.schema.omni_projectors-1.0.0] startup
[2.684s] [ext: omni.usd.schema.omni_sensors-0.0.0] startup
[2.692s] [ext: omni.usd.schema.omniscripting-1.0.1] startup
[2.697s] [ext: omni.usd.schema.physical_lighting-0.1.0] startup
[2.701s] [ext: omni.usd.schema.physx-110.1.13] startup
[2.741s] [ext: omni.usd.schema.render_settings.rtx-1.0.2] startup
[2.745s] [ext: omni.usd.schema.usd_particle_field-1.0.0] startup
[2.746s] [ext: isaacsim.core.version-2.1.1] startup
[2.747s] [ext: omni.kit.menu.core-1.2.0] startup
[2.747s] [ext: omni.kit.menu.utils-2.2.4] startup
[2.755s] [ext: isaacsim.app.about-2.3.1] startup
[2.761s] [ext: isaacsim.asset.transformer-1.2.5] startup
[2.764s] [ext: omni.scene.optimizer.core-110.1.0] startup
[2.831s] [ext: isaacsim.asset.importer.utils-1.8.1] startup
[2.834s] [ext: omni.convexdecomposition-110.1.13] startup
[2.837s] [ext: omni.physics-110.1.13] startup
[2.840s] [ext: omni.physx.gpu-110.1.13] startup
[2.840s] [ext: omni.physx.foundation-110.1.13] startup
[2.842s] [ext: omni.usdphysics-110.1.13] startup
[2.844s] [ext: omni.physx.cooking-110.1.13] startup
[2.847s] [ext: omni.physx-110.1.13] startup
[2.859s] [ext: omni.physics.physx-110.1.13] startup
[2.862s] [ext: isaacsim.asset.exporter.urdf-2.0.5] startup
[2.870s] [ext: omni.kit.clipboard-1.1.1] startup
[2.871s] [ext: omni.kit.usd.layers-2.6.1] startup
[2.880s] [ext: omni.kit.widget.context_menu-1.4.0] startup
[2.882s] [ext: omni.kit.context_menu-1.9.0] startup
[2.883s] [ext: omni.kit.helper.file_utils-0.1.10] startup
[2.885s] [ext: omni.kit.widget.nucleus_info-2.0.2] startup
[2.885s] [ext: omni.kit.search_core-1.0.8] startup
[2.886s] [ext: omni.kit.widget.path_field-2.0.13] startup
[2.887s] [ext: omni.kit.widget.browser_bar-2.0.10] startup
[2.887s] [ext: omni.kit.widget.filebrowser-2.13.4] startup
[2.892s] [ext: omni.kit.widget.options_menu-1.1.6] startup
[2.895s] [ext: omni.kit.widget.options_button-1.0.3] startup
[2.896s] [ext: omni.kit.widget.search_delegate-1.0.9] startup
[2.897s] [ext: omni.ui.scene-2.0.3] startup
[2.903s] [ext: omni.kit.window.filepicker-2.15.5] startup
[2.917s] [ext: omni.kit.window.file_importer-1.1.21] startup
[2.920s] [ext: omni.kit.material.library-3.1.2] startup
[2.926s] [ext: isaacsim.asset.transformer.rules-1.7.10] startup
[2.938s] [ext: omni.usdex.libs-2.2.2] startup
[2.948s] [ext: isaacsim.asset.importer.mjcf-3.10.1] startup
[2.950s] [ext: isaacsim.asset.importer.urdf-3.11.2] startup
[2.954s] [ext: omni.kit.primitive.mesh-1.1.0] startup
[2.957s] [ext: omni.kit.stage_template.core-1.1.22] startup
[2.958s] [ext: omni.kit.stage_templates-2.0.2] startup
[2.959s] [ext: omni.usd.metrics.assembler-110.1.2] startup
[2.964s] [ext: omni.warp.core-1.13.0] startup
[3.167s] [ext: isaacsim.core.experimental.utils-0.17.2] startup
[3.168s] [ext: omni.physics.stageupdate-110.1.13] startup
[3.171s] [ext: omni.physics.tensors-110.1.13] startup
[3.176s] [ext: omni.physx.tensors-110.1.13] startup
[3.181s] [ext: isaacsim.core.simulation_manager-1.15.6] startup
[3.197s] [ext: isaacsim.storage.native-1.9.3] startup
[3.199s] [ext: omni.usd.metrics.assembler.physics-110.1.13] startup
[3.200s] [ext: isaacsim.core.utils-4.1.7] startup
[3.203s] [ext: isaacsim.core.prims-0.11.7] startup
[4.658s] [ext: isaacsim.core.api-5.2.13] startup
[4.669s] [ext: isaacsim.core.cloner-1.7.3] startup
[4.670s] [ext: isaacsim.test.docstring-1.3.2] startup
[4.675s] [ext: isaacsim.core.experimental.prims-1.8.9] startup
[4.702s] [ext: isaacsim.core.experimental.primdata-0.3.2] startup
[4.705s] [ext: omni.graph.tools-1.81.0] startup
[4.732s] [ext: omni.graph-1.142.5] startup
[4.778s] [ext: isaacsim.core.experimental.actuators-0.1.2] startup
[4.799s] [ext: isaacsim.core.experimental.materials-0.7.1] startup
[4.803s] [ext: isaacsim.core.experimental.objects-0.8.1] startup
[4.877s] [ext: omni.hydra.engine.stats-1.0.5] startup
[4.880s] [ext: omni.hydra.rtx.shadercache.vulkan-1.0.0] startup
[4.882s] [ext: omni.index.libs-387500.4413.0] startup
[4.882s] [ext: omni.index-1.0.1] startup
[4.883s] [ext: omni.ujitso.client-0.0.0] startup
[4.883s] [ext: omni.usd.schema.playback-1.0.0] startup
[4.888s] [ext: omni.volume-0.5.2] startup
[4.895s] [ext: omni.hydra.rtx-1.0.4] startup
2026-08-12T18:30:06Z [4,867ms] [Warning] [omni.log] Source: omni.hydra was already registered.
[4.941s] [ext: omni.kit.hydra_texture-1.6.0] startup
[4.946s] [ext: omni.kit.raycast.query-1.2.0] startup
[4.952s] [ext: omni.kit.viewport.legacy_gizmos-1.0.24] startup
[4.956s] [ext: omni.kit.viewport.registry-104.0.6] startup
[4.957s] [ext: omni.kit.viewport.scene_camera_model-1.0.7] startup
[4.962s] [ext: omni.kit.widget.viewport-109.2.0] startup
[4.968s] [ext: omni.kit.window.drop_support-1.0.8] startup
[4.968s] [ext: omni.kit.viewport.window-109.0.2] startup
[4.989s] [ext: omni.kit.viewport.utility-2.0.1] startup
[4.991s] [ext: isaacsim.core.rendering_manager-0.4.3] startup
[5.012s] [ext: omni.graph.action_core-1.1.9] startup
[5.015s] [ext: omni.graph.action_nodes_core-2.11.0] startup
[5.019s] [ext: omni.graph.action_nodes-2.11.0] startup
[5.063s] [ext: omni.graph.action-2.10.2] startup
[5.065s] [ext: omni.graph.image.core-0.6.1] startup
[5.066s] [ext: omni.graph.image.nodes-1.3.1] startup
[5.068s] [ext: omni.graph.nodes_core-2.11.0] startup
[5.081s] [ext: omni.graph.nodes-2.12.0] startup
[5.090s] [ext: omni.kit.hotkeys.core-1.3.12] startup
[5.091s] [ext: omni.kit.property.adapter.core-1.1.1] startup
[5.094s] [ext: omni.kit.property.adapter.usd-1.0.5] startup
[5.096s] [ext: omni.kit.widget.filter-1.1.5] startup
[5.097s] [ext: omni.kit.widget.highlight_label-1.0.3] startup
[5.098s] [ext: omni.kit.widget.searchfield-1.1.8] startup
[5.100s] [ext: omni.kit.window.file_exporter-1.0.36] startup
[5.102s] [ext: omni.kit.widget.stage-4.4.0] startup
[5.112s] [ext: omni.kit.window.content_browser_registry-0.0.6] startup
[5.114s] [ext: omni.kit.window.file-2.0.10] startup
[5.118s] [ext: omni.kit.window.content_browser-3.1.8] startup
[5.130s] [ext: omni.kit.window.property-1.15.1] startup
[5.145s] [ext: omni.kit.property.usd-4.9.4] startup
[5.157s] [ext: omni.graph.scriptnode-2.10.2] startup
[5.169s] [ext: omni.kit.widget.searchable_combobox-1.0.7] startup
[5.170s] [ext: omni.kit.widget.settings-2.0.0] startup
[5.173s] [ext: omni.kit.window.preferences-1.8.3] startup
[5.179s] [ext: omni.kit.viewport.menubar.core-107.2.2] startup
[5.193s] [ext: omni.syntheticdata-0.6.15] startup
[5.234s] [ext: omni.replicator.nv-1.1.1] startup
[5.243s] [ext: omni.videoencoding-0.2.1] startup
[5.246s] [ext: omni.replicator.core-1.13.27] startup
2026-08-12T18:30:06Z [5,208ms] [Warning] [pxr.Semantics] pxr.Semantics is deprecated - please use Semantics instead
2026-08-12T18:30:06Z [5,309ms] [Warning] [omni.replicator.core.scripts.extension] No material configuration file, adding configuration to material settings directly.
[5.547s] [ext: isaacsim.core.nodes-5.10.5] startup
[5.594s] [ext: isaacsim.core.throttling-2.3.5] startup
[5.597s] [ext: omni.kit.manipulator.viewport-107.0.1] startup
[5.598s] [ext: omni.graph.visualization.nodes-2.1.4] startup
[5.617s] [ext: omni.kit.window.extensions-1.5.10] startup
[5.625s] [ext: isaacsim.gui.components-1.8.5] startup
[5.631s] [ext: isaacsim.robot.surface_gripper-3.6.2] startup
[5.646s] [ext: isaacsim.robot.manipulators-3.4.4] startup
[5.660s] [ext: isaacsim.robot_motion.lula-4.1.3] startup
[5.670s] [ext: isaacsim.robot_motion.motion_generation-8.2.9] startup
[5.678s] [ext: isaacsim.cortex.framework-1.0.18] startup
[5.680s] [ext: isaacsim.cortex.behaviors-2.0.17] startup
[5.683s] [ext: isaacsim.examples.base-1.3.2] startup
[5.685s] [ext: omni.kit.widget.zoombar-1.0.7] startup
[5.686s] [ext: omni.kit.browser.core-2.3.18] startup
[5.691s] [ext: omni.kit.browser.folder.core-2.0.2] startup
[5.697s] [ext: omni.kit.widget.stage_icons-1.0.8] startup
[5.698s] [ext: omni.kit.window.stage-2.6.1] startup
[5.703s] [ext: omni.kit.menu.stage-1.2.7] startup
[5.705s] [ext: omni.kit.usd.collect-3.0.6] startup
[5.708s] [ext: omni.kit.widget.prompt-1.0.7] startup
[5.709s] [ext: omni.kit.tool.collect-2.2.19] startup
[5.712s] [ext: isaacsim.examples.browser-0.3.2] startup
[5.715s] [ext: omni.kit.search.files-1.0.4] startup
[5.717s] [ext: omni.kit.widget.calendar-1.0.9] startup
[5.718s] [ext: omni.kit.widget.extended_searchfield-1.0.31] startup
[5.729s] [ext: omni.simready.content.browser-0.3.7] startup
[5.836s] [ext: isaacsim.gui.content_browser-0.4.3] startup
[5.840s] [ext: omni.kit.selection-0.1.6] startup
[5.842s] [ext: isaacsim.gui.menu-2.10.5] startup
[5.852s] [ext: isaacsim.gui.property-1.6.4] startup
[5.861s] [ext: omni.kit.viewport.actions-110.0.0] startup
[5.866s] [ext: omni.kit.viewport.menubar.display-107.1.3] startup
[5.869s] [ext: isaacsim.gui.sensors.icon-2.2.1] startup
[5.877s] [ext: omni.behavior.scripting.core-110.1.0] startup
[5.880s] [ext: isaacsim.replicator.behavior-1.5.4] startup
[5.881s] [ext: isaacsim.replicator.experimental.domain_randomization-1.2.5] startup
[5.901s] [ext: isaacsim.replicator.domain_randomization-1.2.2] startup
[5.995s] [ext: isaacsim.replicator.writers-1.5.4] startup
[6.026s] [ext: isaacsim.robot.experimental.wheeled_robots-0.2.11] startup
[6.054s] [ext: isaacsim.robot.policy.examples-5.2.12] startup
[6.080s] [ext: isaacsim.robot.wheeled_robots-5.2.4] startup
[6.085s] [ext: isaacsim.robot.wheeled_robots.nodes-0.1.5] startup
[6.117s] [ext: isaacsim.robot_motion.experimental.motion_generation-6.1.3] startup
[6.130s] [ext: isaacsim.robot_motion.cumotion-1.3.1] startup
[6.147s] [ext: omni.kit.numpy.common-0.1.3] startup
[6.148s] [ext: isaacsim.sensors.camera-1.7.9] startup
[6.182s] [ext: isaacsim.sensors.experimental.physics-3.0.2] startup
[6.192s] [ext: omni.sensors.net-1.0.1] startup
[6.199s] [ext: omni.sensors.nv.common-3.0.0] startup
[6.217s] [ext: omni.sensors.nv.materials-2.0.0] startup
[6.222s] [ext: omni.sensors.nv.acoustic-3.0.0] startup
[6.226s] [ext: omni.sensors.nv.ids-2.0.1] startup
[6.228s] [ext: omni.sensors.nv.lidar-3.0.0] startup
[6.234s] [ext: omni.sensors.nv.radar-3.0.0] startup
[6.238s] [ext: isaacsim.sensors.experimental.rtx-1.4.6] startup
[6.496s] [ext: isaacsim.sensors.physics.nodes-1.5.3] startup
[6.506s] [ext: isaacsim.util.debug_draw-3.2.3] startup
[6.514s] [ext: isaacsim.sensors.physx-2.5.5] startup
[6.525s] [ext: isaacsim.sensors.rtx-15.17.1] startup
[6.540s] [ext: isaacsim.simulation_app-2.18.4] startup
[6.541s] [ext: omni.anim.curve.core-1.6.0] startup
[6.554s] [ext: omni.graph.ui_nodes-2.11.1] startup
[6.608s] [ext: omni.hydra.scene_api-0.1.3] startup
[6.618s] [ext: omni.kit.manipulator.camera-110.0.0] startup
[6.625s] [ext: omni.kit.manipulator.selector-1.1.4] startup
[6.628s] [ext: omni.kit.manipulator.transform-107.0.0] startup
[6.637s] [ext: omni.kit.widget.toolbar-2.1.0] startup
[6.649s] [ext: omni.kit.manipulator.tool.snap-1.5.14] startup
[6.658s] [ext: omni.kit.viewport.manipulator.transform-107.0.4] startup
[6.661s] [ext: omni.kit.manipulator.prim.core-108.0.2] startup
[6.670s] [ext: omni.kit.manipulator.prim.usd-107.0.3] startup
[6.672s] [ext: omni.kit.manipulator.prim-108.0.0] startup
[6.672s] [ext: omni.kit.manipulator.selection-109.0.1] startup
[6.674s] [ext: omni.kit.menu.create-2.0.2] startup
[6.676s] [ext: omni.kit.property.audio-1.0.16] startup
[6.681s] [ext: omni.kit.property.camera-1.0.14] startup
[6.683s] [ext: omni.kit.property.geometry-2.1.2] startup
[6.687s] [ext: omni.kit.property.light-1.0.14] startup
2026-08-12T18:30:08Z [6,676ms] [Warning] [omni.usd] Encountered USD Warnings but USD Diagnostics are currently muted. To view USD Warnings, please set the '/persistent/app/usd/muteUsdDiagnostics' setting to false in Preferences page.
[6.791s] [ext: omni.kit.property.material-1.14.6] startup
[6.799s] [ext: omni.kit.property.render-1.2.2] startup
[6.800s] [ext: omni.kit.property.transform-1.6.9] startup
[6.805s] [ext: omni.kit.property.bundle-1.5.1] startup
[6.807s] [ext: omni.kit.usdz_export-1.1.0] startup
[6.810s] [ext: omni.kit.tool.asset_importer-6.0.1] startup
[6.817s] [ext: omni.kit.ui.actions-1.0.5] startup
[6.819s] [ext: omni.kit.viewport.menubar.camera-107.0.10] startup
[6.825s] [ext: omni.kit.viewport.menubar.lighting-107.3.2] startup
[6.828s] [ext: omni.kit.viewport.menubar.render-110.0.0] startup
[6.831s] [ext: omni.kit.viewport.menubar.settings-110.0.1] startup
[6.835s] [ext: omni.kit.window.console-1.1.9] startup
[6.841s] [ext: omni.kit.window.status_bar-0.1.11] startup
[6.844s] [ext: omni.kit.window.toolbar-3.0.3] startup
[6.847s] [ext: omni.ocio-0.1.1] startup
[6.849s] [ext: omni.physx.commands-110.1.13] startup
[6.853s] [ext: omni.replicator.replicator_yaml-2.0.12] startup
[6.867s] [ext: omni.rtx.window.settings-0.8.0] startup
[6.873s] [ext: omni.rtx.settings.core-0.7.1] startup
[6.876s] [ext: omni.usd.metrics.assembler.ui-110.1.1] startup
[6.885s] [ext: semantics.schema.editor-2.0.2] startup
[6.889s] [ext: semantics.schema.property-2.0.2] startup
[6.890s] [ext: omni.kit.menu.common-2.0.2] startup
[6.892s] [ext: isaacsim.exp.base-6.0.1] startup
[6.892s] [ext: isaacsim.exp.base.python-6.0.1] startup
[6.895s] Simulation App Starting
2026-08-12T18:30:09Z [8,205ms] [Warning] [usdrt.population.plugin] [UsdNoticeHandler] Unhandled attribute type VtArray<std::string> (prim attribute: omni:rtx:material:db:flattener:transmittance_color)
2026-08-12T18:30:09Z [8,205ms] [Warning] [usdrt.population.plugin] [UsdNoticeHandler] Unhandled attribute type VtArray<std::string> (prim attribute: omni:rtx:material:db:flattener:ior_constant)
2026-08-12T18:30:09Z [8,205ms] [Warning] [usdrt.population.plugin] [UsdNoticeHandler] Unhandled attribute type VtArray<std::string> (prim attribute: omni:rtx:material:db:flattener:reflection_roughness_constant)
[9.959s] Simulation App Startup Complete
[9.972s] app ready
Starting kit application with the following args:  ['/root/autodl-tmp/isaac_sim/venv/lib/python3.12/site-packages/isaacsim/exts/isaacsim.simulation_app/isaacsim/simulation_app/simulation_app.py', '/root/autodl-tmp/isaac_sim/venv/lib/python3.12/site-packages/isaacsim/apps/isaacsim.exp.base.python.kit', '--/app/tokens/exe-path=/root/autodl-tmp/isaac_sim/venv/lib/python3.12/site-packages/isaacsim/kit', '--/persistent/app/viewport/displayOptions=3094', '--/rtx/materialDb/syncLoads=True', '--/rtx/hydra/materialSyncLoads=True', '--/omni/kit/plugin/syncUsdLoads=True', '--/app/renderer/resolution/width=1280', '--/app/renderer/resolution/height=720', '--/app/window/width=1440', '--/app/window/height=900', '--/renderer/multiGpu/enabled=True', '--/app/fastShutdown=True', '--/app/installSignalHandlers=0', '--ext-folder', '/root/autodl-tmp/isaac_sim/venv/lib/python3.12/site-packages/isaacsim/exts', '--ext-folder', '/root/autodl-tmp/isaac_sim/venv/lib/python3.12/site-packages/isaacsim/apps', '--/physics/cudaDevice=0', '--/plugins/carb.tasking.plugin/threadCount=32', '--/plugins/omni.tbb.globalcontrol/maxThreadCount=32', '--portable', '--no-window', '--/app/window/hideUi=1', '--allow-root']
Passing the following args to the base kit application:  []
Warp 1.13.0 initialized:
   CUDA Toolkit 12.9, Driver 13.0
   Devices:
     "cpu"      : "x86_64"
     "cuda:0"   : "NVIDIA GeForce RTX 5090" (31 GiB, sm_120, mempool enabled)
   Kernel cache:
     /root/autodl-tmp/isaac_cache/xdg/warp/1.13.0
{"command": "LIBERO action [0.1,0,0,0,0,0,0] -> +5 mm Isaac /World x", "frame_mapping_pass": true, "gripper_mapping_pass": true, "robot_moved": true, "controller_latency_mean_ms": 2.21448953056501, "controller_latency_p95_ms": 2.6501921936869617, "pass": true}
[10.565s] [ext: isaacsim.robot_motion.pink-0.1.3] startup
[26.836s] Simulation App Shutting Down
