ffmpeg version 7.0.2-static https://johnvansickle.com/ffmpeg/  Copyright (c) 2000-2024 the FFmpeg developers
  built with gcc 8 (Debian 8.3.0-6)
  configuration: --enable-gpl --enable-version3 --enable-static --disable-debug --disable-ffplay --disable-indev=sndio --disable-outdev=sndio --cc=gcc --enable-fontconfig --enable-frei0r --enable-gnutls --enable-gmp --enable-libgme --enable-gray --enable-libaom --enable-libfribidi --enable-libass --enable-libvmaf --enable-libfreetype --enable-libmp3lame --enable-libopencore-amrnb --enable-libopencore-amrwb --enable-libopenjpeg --enable-librubberband --enable-libsoxr --enable-libspeex --enable-libsrt --enable-libvorbis --enable-libopus --enable-libtheora --enable-libvidstab --enable-libvo-amrwbenc --enable-libvpx --enable-libwebp --enable-libx264 --enable-libx265 --enable-libxml2 --enable-libdav1d --enable-libxvid --enable-libzvbi --enable-libzimg
  libavutil      59.  8.100 / 59.  8.100
  libavcodec     61.  3.100 / 61.  3.100
  libavformat    61.  1.100 / 61.  1.100
  libavdevice    61.  1.100 / 61.  1.100
  libavfilter    10.  1.100 / 10.  1.100
  libswscale      8.  1.100 /  8.  1.100
  libswresample   5.  1.100 /  5.  1.100
  libpostproc    58.  1.100 / 58.  1.100
Input #0, image2, from '/root/autodl-tmp/VLA-Intern-Sprint/results/phase3_step7/grasp_oracle/tomato_00/video_frames/*.png':
  Duration: 00:00:01.53, start: 0.000000, bitrate: N/A
  Stream #0:0: Video: png, rgb24(pc, gbr/unknown/unknown), 256x256, 15 fps, 15 tbr, 15 tbn
Stream mapping:
  Stream #0:0 -> #0:0 (png (native) -> h264 (libx264))
Press [q] to stop, [?] for help
[libx264 @ 0x82eac40] using cpu capabilities: MMX2 SSE2Fast SSSE3 SSE4.2 AVX FMA3 BMI2 AVX2 AVX512
[libx264 @ 0x82eac40] profile High, level 1.2, 4:2:0, 8-bit
[libx264 @ 0x82eac40] 264 - core 164 r3191 4613ac3 - H.264/MPEG-4 AVC codec - Copyleft 2003-2024 - http://www.videolan.org/x264.html - options: cabac=1 ref=3 deblock=1:0:0 analyse=0x3:0x113 me=hex subme=7 psy=1 psy_rd=1.00:0.00 mixed_ref=1 me_range=16 chroma_me=1 trellis=1 8x8dct=1 cqm=0 deadzone=21,11 fast_pskip=1 chroma_qp_offset=-2 threads=8 lookahead_threads=1 sliced_threads=0 nr=0 decimate=1 interlaced=0 bluray_compat=0 constrained_intra=0 bframes=3 b_pyramid=2 b_adapt=1 b_bias=0 direct=1 weightb=1 open_gop=0 weightp=2 keyint=250 keyint_min=15 scenecut=40 intra_refresh=0 rc_lookahead=40 rc=crf mbtree=1 crf=23.0 qcomp=0.60 qpmin=0 qpmax=69 qpstep=4 ip_ratio=1.40 aq=1:1.00
Output #0, mp4, to '/root/autodl-tmp/VLA-Intern-Sprint/assets/videos/phase3_step7_oracle_tomato_00.mp4':
  Metadata:
    encoder         : Lavf61.1.100
  Stream #0:0: Video: h264 (avc1 / 0x31637661), yuv420p(progressive), 256x256, q=2-31, 15 fps, 15360 tbn
      Metadata:
        encoder         : Lavc61.3.100 libx264
      Side data:
        cpb: bitrate max/min/avg: 0/0/0 buffer size: 0 vbv_delay: N/A
[out#0/mp4 @ 0x82e9480] video:16KiB audio:0KiB subtitle:0KiB other streams:0KiB global headers:0KiB muxing overhead: 6.750402%
frame=   23 fps=0.0 q=-1.0 Lsize=      18KiB time=00:00:01.40 bitrate= 102.5kbits/s speed=  31x    
[libx264 @ 0x82eac40] frame I:1     Avg QP:19.95  size:  6116
[libx264 @ 0x82eac40] frame P:6     Avg QP:22.75  size:  1036
[libx264 @ 0x82eac40] frame B:16    Avg QP:24.52  size:   236
[libx264 @ 0x82eac40] consecutive B-frames:  4.3%  8.7%  0.0% 87.0%
[libx264 @ 0x82eac40] mb I  I16..4:  3.5% 60.2% 36.3%
[libx264 @ 0x82eac40] mb P  I16..4:  0.7%  2.9%  2.1%  P16..4: 22.7% 10.6%  5.1%  0.0%  0.0%    skip:55.9%
[libx264 @ 0x82eac40] mb B  I16..4:  0.0%  0.2%  0.1%  B16..8: 15.9%  2.7%  0.4%  direct: 1.3%  skip:79.2%  L0:25.8% L1:62.9% BI:11.3%
[libx264 @ 0x82eac40] 8x8 transform intra:58.1% inter:63.1%
[libx264 @ 0x82eac40] coded y,uvDC,uvAC intra: 78.5% 67.5% 50.6% inter: 7.3% 3.7% 0.1%
[libx264 @ 0x82eac40] i16 v,h,dc,p: 23% 55% 23%  0%
[libx264 @ 0x82eac40] i8 v,h,dc,ddl,ddr,vr,hd,vl,hu:  9% 48% 17%  3%  5%  3%  5%  3%  6%
[libx264 @ 0x82eac40] i4 v,h,dc,ddl,ddr,vr,hd,vl,hu: 17% 44% 11%  3%  5%  5%  6%  3%  6%
[libx264 @ 0x82eac40] i8c dc,h,v,p: 46% 39% 11%  4%
[libx264 @ 0x82eac40] Weighted P-Frames: Y:0.0% UV:0.0%
[libx264 @ 0x82eac40] ref P L0: 73.4% 12.4% 11.8%  2.5%
[libx264 @ 0x82eac40] ref B L0: 88.3% 11.5%  0.2%
[libx264 @ 0x82eac40] ref B L1: 93.3%  6.7%
[libx264 @ 0x82eac40] kb/s:84.05
