WARNING: All log messages before absl::InitializeLog() is called are written to STDERR
E0000 00:00:1786553042.576729    5291 descriptor_database.cc:633] File already exists in database: grpc/health/v1/health.proto
W0000 00:00:1786553042.576772    5291 message.cc:301] Protobuf GeneratedMessageFactory: File is already registered: grpc/health/v1/health.proto
2026-08-12T16:44:02Z [Info] [carb] Logging to file: /root/autodl-tmp/isaac_sim/venv/lib/python3.12/site-packages/isaacsim/kit/logs/Kit/Isaac-Sim Python/6.0/kit_20260813_004402.log
[0.087s] [ext: omni.assets.plugins-0.0.0] startup
[0.089s] [ext: omni.blobkey-1.1.2] startup
[0.089s] [ext: omni.kit.async_engine-0.0.3] startup
[0.207s] [ext: omni.client.lib-1.1.1] startup
[0.223s] [ext: omni.client-1.3.0] startup
[0.229s] [ext: omni.protobuf.lib-1.0.0] startup
[0.230s] [ext: omni.grpc.lib-1.0.0] startup
[0.237s] [ext: omni.metrics.core-0.0.3] startup
[0.237s] [ext: omni.datastore-0.0.0] startup
[0.238s] [ext: omni.gpu_foundation.shadercache.vulkan-1.0.0] startup
[0.241s] [ext: omni.hsscclient-1.1.4] startup
[0.241s] [ext: omni.stats-1.0.1] startup
[0.242s] [ext: omni.ujitso.default-1.0.0] startup
[0.246s] [ext: omni.gpu_foundation-0.0.0] startup
[0.572s] [ext: carb.windowing.plugins-1.0.1] startup
[0.573s] [ext: omni.kit.renderer.init-1.0.1] startup
2026-08-12T16:44:03Z [656ms] [Warning] [omni.platforminfo.plugin] failed to open the default display.  Can't verify X Server version.

|---------------------------------------------------------------------------------------------|
| Driver Version: 580.105.08    | Graphics API: Vulkan
|=============================================================================================|
| GPU | Name                             | Active | LDA | GPU Memory | Vendor-ID | LUID       |
|     |                                  |        |     |            | Device-ID | UUID       |
|     |                                  |        |     |            | Bus-ID    |            |
|---------------------------------------------------------------------------------------------|
| 0   | NVIDIA GeForce RTX 5090          | Yes: 0 |     | 32853   MB | 10de      | 0          |
|     |                                  |        |     |            | 2b85      | 105e4e5f.. |
|     |                                  |        |     |            | 49        |            |
|=============================================================================================|
| OS: 22.04.5 LTS (Jammy Jellyfish) ubuntu, Version: 22.04.5, Kernel: 5.15.0-78-generic
| Processor: Intel(R) Xeon(R) Platinum 8470Q
| Bare Metal Cores: 104 | Bare Metal Logical Cores: 208
| Core Usage Quota: 25
|---------------------------------------------------------------------------------------------|
| Total Memory (MB): 92160 | Free Memory: 90895
| Total Page/Swap (MB): 0 | Free Page/Swap: 0
|---------------------------------------------------------------------------------------------|
[1.901s] [ext: omni.kit.pipapi-0.0.0] startup
[1.902s] [ext: omni.kit.telemetry-0.5.2] startup
[1.954s] [ext: omni.kit.loop-isaac-1.6.0] startup
[1.956s] [ext: omni.kit.test-2.0.7] startup
[2.027s] [ext: omni.materialx.libs-1.0.9] startup
[2.036s] [ext: omni.gpucompute.plugins-0.0.0] startup
[2.036s] [ext: omni.usd.config-1.0.7] startup
[2.040s] [ext: omni.usd.libs-1.0.3] startup
[2.153s] [ext: omni.iray.libs-0.0.1] startup
[2.159s] [ext: omni.mdl-57.0.3] startup
[2.184s] [ext: omni.mdl.neuraylib-0.2.20] startup
[2.187s] [ext: omni.kit.usd.mdl-1.1.9] startup
[2.312s] [ext: omni.appwindow-1.2.2] startup
[2.315s] [ext: omni.kit.renderer.core-1.2.2] startup
2026-08-12T16:44:04Z [2,286ms] [Warning] [carb.windowing-glfw.plugin] GLFW initialization failed.
2026-08-12T16:44:04Z [2,286ms] [Warning] [carb] Failed to startup plugin carb.windowing-glfw.plugin (interfaces: [carb::windowing::IGLContext v1.0],[carb::windowing::IWindowing v1.5]) (impl: carb.windowing-glfw.plugin)
[2.356s] [ext: omni.kit.renderer.capture-2.0.1] startup
[2.358s] [ext: omni.kit.renderer.imgui-2.0.6] startup
2026-08-12T16:44:04Z [2,313ms] [Warning] [carb.windowing-glfw.plugin] GLFW initialization failed.
2026-08-12T16:44:04Z [2,313ms] [Warning] [carb] Failed to startup plugin carb.windowing-glfw.plugin (interfaces: [carb::windowing::IGLContext v1.0],[carb::windowing::IWindowing v1.5]) (impl: carb.windowing-glfw.plugin)
2026-08-12T16:44:04Z [2,315ms] [Warning] [carb.windowing-glfw.plugin] GLFW initialization failed.
2026-08-12T16:44:04Z [2,315ms] [Warning] [carb] Failed to startup plugin carb.windowing-glfw.plugin (interfaces: [carb::windowing::IGLContext v1.0],[carb::windowing::IWindowing v1.5]) (impl: carb.windowing-glfw.plugin)
[2.463s] [ext: omni.ui-3.2.0] startup
[2.475s] [ext: omni.kit.mainwindow-1.0.3] startup
[2.476s] [ext: carb.audio-0.1.0] startup
[2.483s] [ext: omni.uiaudio-1.0.0] startup
[2.484s] [ext: omni.kit.uiapp-0.0.0] startup
[2.484s] [ext: omni.usd.schema.metrics.assembler-110.1.0] startup
[2.487s] [ext: omni.usd.schema.audio-0.0.1] startup
[2.492s] [ext: omni.usd_resolver-1.0.0] startup
[2.496s] [ext: omni.usd.core-1.8.3] startup
[2.501s] [ext: omni.metropolis.schema-0.0.3] startup
[2.502s] [ext: isaacsim.anim.robot.schema-0.1.1] startup
[2.503s] [ext: omni.usd.schema.anim-0.0.1] startup
[2.525s] [ext: omni.usd.schema.geospatial-0.0.1] startup
[2.528s] [ext: omni.usd.schema.omnigraph-1.0.1] startup
[2.534s] [ext: omni.usd.schema.semantics-0.0.0] startup
[2.537s] [ext: omni.activity.core-1.0.3] startup
[2.538s] [ext: omni.cubric-0.1.0] startup
[2.539s] [ext: omni.graph.exec-0.9.6] startup
[2.539s] [ext: omni.hydra.scene_delegate-0.3.5] startup
[2.543s] [ext: usdrt.scenegraph-7.6.3] startup
[2.574s] [ext: omni.hydra.usdrt_delegate-7.5.2] startup
[2.582s] [ext: omni.inspect-1.0.2] startup
[2.584s] [ext: omni.kit.actions.core-1.0.0] startup
[2.586s] [ext: omni.kit.audiodeviceenum-1.0.2] startup
[2.587s] [ext: omni.kit.commands-1.5.0] startup
[2.600s] [ext: omni.kit.exec.core-0.13.5] startup
[2.602s] [ext: omni.kit.usd_undo-0.1.8] startup
[2.602s] [ext: omni.kit.window.popup_dialog-2.0.25] startup
[2.607s] [ext: omni.kit.widget.nucleus_connector-2.3.1] startup
[2.611s] [ext: omni.timeline-1.1.0] startup
[2.614s] [ext: omni.usd-1.16.0] startup
[2.665s] [ext: omni.graph.core-3.1.2] startup
[2.669s] [ext: omni.kit.notification_manager-1.0.11] startup
[2.672s] [ext: isaacsim.core.deprecation_manager-0.4.2] startup
[2.673s] [ext: isaacsim.replicator.agent.schema-0.1.1] startup
[2.674s] [ext: isaacsim.robot.schema-6.3.7] startup
[2.679s] [ext: isaacsim.robot_motion.schema-0.2.1] startup
[2.680s] [ext: omni.anim.behavior.schema-110.1.0] startup
[2.684s] [ext: omni.anim.graph.schema-110.1.1] startup
[2.691s] [ext: omni.anim.navigation.schema-110.1.0] startup
[2.695s] [ext: omni.behavior.tree.schema-110.1.0] startup
[2.695s] [ext: omni.kit.asset_converter-6.0.1] startup
[2.711s] [ext: omni.usd.schema.flow-110.0.0] startup
[2.712s] [ext: omni.usd.schema.mujoco-1.1.1] startup
[2.712s] [ext: omni.usd.schema.newton-1.2.1] startup
[2.713s] [ext: omni.usd.schema.omni_lens_distortion-1.0.0] startup
[2.714s] [ext: omni.usd.schema.omni_projectors-1.0.0] startup
[2.715s] [ext: omni.usd.schema.omni_sensors-0.0.0] startup
[2.725s] [ext: omni.usd.schema.omniscripting-1.0.1] startup
[2.731s] [ext: omni.usd.schema.physical_lighting-0.1.0] startup
[2.734s] [ext: omni.usd.schema.physx-110.1.13] startup
[2.770s] [ext: omni.usd.schema.render_settings.rtx-1.0.2] startup
[2.774s] [ext: omni.usd.schema.usd_particle_field-1.0.0] startup
[2.775s] [ext: isaacsim.core.version-2.1.1] startup
[2.776s] [ext: omni.kit.menu.core-1.2.0] startup
[2.777s] [ext: omni.kit.menu.utils-2.2.4] startup
[2.785s] [ext: isaacsim.app.about-2.3.1] startup
[2.792s] [ext: isaacsim.asset.transformer-1.2.5] startup
[2.796s] [ext: omni.scene.optimizer.core-110.1.0] startup
[2.867s] [ext: isaacsim.asset.importer.utils-1.8.1] startup
[2.871s] [ext: omni.convexdecomposition-110.1.13] startup
[2.875s] [ext: omni.physics-110.1.13] startup
[2.879s] [ext: omni.physx.gpu-110.1.13] startup
[2.879s] [ext: omni.physx.foundation-110.1.13] startup
[2.882s] [ext: omni.usdphysics-110.1.13] startup
[2.884s] [ext: omni.physx.cooking-110.1.13] startup
[2.887s] [ext: omni.physx-110.1.13] startup
[2.901s] [ext: omni.physics.physx-110.1.13] startup
[2.903s] [ext: isaacsim.asset.exporter.urdf-2.0.5] startup
[2.914s] [ext: omni.kit.clipboard-1.1.1] startup
[2.915s] [ext: omni.kit.usd.layers-2.6.1] startup
[2.924s] [ext: omni.kit.widget.context_menu-1.4.0] startup
[2.926s] [ext: omni.kit.context_menu-1.9.0] startup
[2.928s] [ext: omni.kit.helper.file_utils-0.1.10] startup
[2.929s] [ext: omni.kit.widget.nucleus_info-2.0.2] startup
[2.930s] [ext: omni.kit.search_core-1.0.8] startup
[2.931s] [ext: omni.kit.widget.path_field-2.0.13] startup
[2.932s] [ext: omni.kit.widget.browser_bar-2.0.10] startup
[2.932s] [ext: omni.kit.widget.filebrowser-2.13.4] startup
[2.938s] [ext: omni.kit.widget.options_menu-1.1.6] startup
[2.941s] [ext: omni.kit.widget.options_button-1.0.3] startup
[2.941s] [ext: omni.kit.widget.search_delegate-1.0.9] startup
[2.942s] [ext: omni.ui.scene-2.0.3] startup
[2.949s] [ext: omni.kit.window.filepicker-2.15.5] startup
[2.968s] [ext: omni.kit.window.file_importer-1.1.21] startup
[2.971s] [ext: omni.kit.material.library-3.1.2] startup
[2.978s] [ext: isaacsim.asset.transformer.rules-1.7.10] startup
[2.994s] [ext: omni.usdex.libs-2.2.2] startup
[3.004s] [ext: isaacsim.asset.importer.mjcf-3.10.1] startup
[3.006s] [ext: isaacsim.asset.importer.urdf-3.11.2] startup
[3.011s] [ext: omni.kit.primitive.mesh-1.1.0] startup
[3.014s] [ext: omni.kit.stage_template.core-1.1.22] startup
[3.014s] [ext: omni.kit.stage_templates-2.0.2] startup
[3.016s] [ext: omni.usd.metrics.assembler-110.1.2] startup
[3.020s] [ext: omni.warp.core-1.13.0] startup
[3.229s] [ext: isaacsim.core.experimental.utils-0.17.2] startup
[3.230s] [ext: omni.physics.stageupdate-110.1.13] startup
[3.232s] [ext: omni.physics.tensors-110.1.13] startup
[3.238s] [ext: omni.physx.tensors-110.1.13] startup
[3.243s] [ext: isaacsim.core.simulation_manager-1.15.6] startup
[3.260s] [ext: isaacsim.storage.native-1.9.3] startup
[3.261s] [ext: omni.usd.metrics.assembler.physics-110.1.13] startup
[3.263s] [ext: isaacsim.core.utils-4.1.7] startup
[3.266s] [ext: isaacsim.core.prims-0.11.7] startup
[4.718s] [ext: isaacsim.core.api-5.2.13] startup
[4.729s] [ext: isaacsim.core.cloner-1.7.3] startup
[4.730s] [ext: isaacsim.test.docstring-1.3.2] startup
[4.736s] [ext: isaacsim.core.experimental.prims-1.8.9] startup
[4.769s] [ext: isaacsim.core.experimental.primdata-0.3.2] startup
[4.772s] [ext: omni.graph.tools-1.81.0] startup
[4.801s] [ext: omni.graph-1.142.5] startup
[4.849s] [ext: isaacsim.core.experimental.actuators-0.1.2] startup
[4.870s] [ext: isaacsim.core.experimental.materials-0.7.1] startup
[4.874s] [ext: isaacsim.core.experimental.objects-0.8.1] startup
[4.952s] [ext: omni.hydra.engine.stats-1.0.5] startup
[4.955s] [ext: omni.hydra.rtx.shadercache.vulkan-1.0.0] startup
[4.957s] [ext: omni.index.libs-387500.4413.0] startup
[4.957s] [ext: omni.index-1.0.1] startup
[4.958s] [ext: omni.ujitso.client-0.0.0] startup
[4.958s] [ext: omni.usd.schema.playback-1.0.0] startup
[4.963s] [ext: omni.volume-0.5.2] startup
[4.970s] [ext: omni.hydra.rtx-1.0.4] startup
2026-08-12T16:44:07Z [4,942ms] [Warning] [omni.log] Source: omni.hydra was already registered.
[5.014s] [ext: omni.kit.hydra_texture-1.6.0] startup
[5.019s] [ext: omni.kit.raycast.query-1.2.0] startup
[5.025s] [ext: omni.kit.viewport.legacy_gizmos-1.0.24] startup
[5.029s] [ext: omni.kit.viewport.registry-104.0.6] startup
[5.030s] [ext: omni.kit.viewport.scene_camera_model-1.0.7] startup
[5.035s] [ext: omni.kit.widget.viewport-109.2.0] startup
[5.040s] [ext: omni.kit.window.drop_support-1.0.8] startup
[5.041s] [ext: omni.kit.viewport.window-109.0.2] startup
[5.062s] [ext: omni.kit.viewport.utility-2.0.1] startup
[5.064s] [ext: isaacsim.core.rendering_manager-0.4.3] startup
[5.086s] [ext: omni.graph.action_core-1.1.9] startup
[5.089s] [ext: omni.graph.action_nodes_core-2.11.0] startup
[5.093s] [ext: omni.graph.action_nodes-2.11.0] startup
[5.133s] [ext: omni.graph.action-2.10.2] startup
[5.135s] [ext: omni.graph.image.core-0.6.1] startup
[5.136s] [ext: omni.graph.image.nodes-1.3.1] startup
[5.137s] [ext: omni.graph.nodes_core-2.11.0] startup
[5.145s] [ext: omni.graph.nodes-2.12.0] startup
[5.153s] [ext: omni.kit.hotkeys.core-1.3.12] startup
[5.155s] [ext: omni.kit.property.adapter.core-1.1.1] startup
[5.158s] [ext: omni.kit.property.adapter.usd-1.0.5] startup
[5.160s] [ext: omni.kit.widget.filter-1.1.5] startup
[5.161s] [ext: omni.kit.widget.highlight_label-1.0.3] startup
[5.162s] [ext: omni.kit.widget.searchfield-1.1.8] startup
[5.164s] [ext: omni.kit.window.file_exporter-1.0.36] startup
[5.166s] [ext: omni.kit.widget.stage-4.4.0] startup
[5.176s] [ext: omni.kit.window.content_browser_registry-0.0.6] startup
[5.178s] [ext: omni.kit.window.file-2.0.10] startup
[5.182s] [ext: omni.kit.window.content_browser-3.1.8] startup
[5.195s] [ext: omni.kit.window.property-1.15.1] startup
[5.209s] [ext: omni.kit.property.usd-4.9.4] startup
[5.222s] [ext: omni.graph.scriptnode-2.10.2] startup
[5.235s] [ext: omni.kit.widget.searchable_combobox-1.0.7] startup
[5.236s] [ext: omni.kit.widget.settings-2.0.0] startup
[5.239s] [ext: omni.kit.window.preferences-1.8.3] startup
[5.245s] [ext: omni.kit.viewport.menubar.core-107.2.2] startup
[5.260s] [ext: omni.syntheticdata-0.6.15] startup
[5.299s] [ext: omni.replicator.nv-1.1.1] startup
[5.309s] [ext: omni.videoencoding-0.2.1] startup
[5.312s] [ext: omni.replicator.core-1.13.27] startup
2026-08-12T16:44:07Z [5,276ms] [Warning] [pxr.Semantics] pxr.Semantics is deprecated - please use Semantics instead
2026-08-12T16:44:07Z [5,376ms] [Warning] [omni.replicator.core.scripts.extension] No material configuration file, adding configuration to material settings directly.
[5.614s] [ext: isaacsim.core.nodes-5.10.5] startup
[5.660s] [ext: isaacsim.core.throttling-2.3.5] startup
[5.662s] [ext: omni.kit.manipulator.viewport-107.0.1] startup
[5.663s] [ext: omni.graph.visualization.nodes-2.1.4] startup
[5.683s] [ext: omni.kit.window.extensions-1.5.10] startup
[5.690s] [ext: isaacsim.gui.components-1.8.5] startup
[5.696s] [ext: isaacsim.robot.surface_gripper-3.6.2] startup
[5.710s] [ext: isaacsim.robot.manipulators-3.4.4] startup
[5.726s] [ext: isaacsim.robot_motion.lula-4.1.3] startup
[5.736s] [ext: isaacsim.robot_motion.motion_generation-8.2.9] startup
[5.745s] [ext: isaacsim.cortex.framework-1.0.18] startup
[5.748s] [ext: isaacsim.cortex.behaviors-2.0.17] startup
[5.751s] [ext: isaacsim.examples.base-1.3.2] startup
[5.755s] [ext: omni.kit.widget.zoombar-1.0.7] startup
[5.756s] [ext: omni.kit.browser.core-2.3.18] startup
[5.763s] [ext: omni.kit.browser.folder.core-2.0.2] startup
[5.769s] [ext: omni.kit.widget.stage_icons-1.0.8] startup
[5.771s] [ext: omni.kit.window.stage-2.6.1] startup
[5.776s] [ext: omni.kit.menu.stage-1.2.7] startup
[5.778s] [ext: omni.kit.usd.collect-3.0.6] startup
[5.782s] [ext: omni.kit.widget.prompt-1.0.7] startup
[5.783s] [ext: omni.kit.tool.collect-2.2.19] startup
[5.786s] [ext: isaacsim.examples.browser-0.3.2] startup
[5.790s] [ext: omni.kit.search.files-1.0.4] startup
[5.791s] [ext: omni.kit.widget.calendar-1.0.9] startup
[5.793s] [ext: omni.kit.widget.extended_searchfield-1.0.31] startup
[5.804s] [ext: omni.simready.content.browser-0.3.7] startup
[5.929s] [ext: isaacsim.gui.content_browser-0.4.3] startup
[5.933s] [ext: omni.kit.selection-0.1.6] startup
[5.934s] [ext: isaacsim.gui.menu-2.10.5] startup
[5.948s] [ext: isaacsim.gui.property-1.6.4] startup
[5.957s] [ext: omni.kit.viewport.actions-110.0.0] startup
[5.963s] [ext: omni.kit.viewport.menubar.display-107.1.3] startup
[5.965s] [ext: isaacsim.gui.sensors.icon-2.2.1] startup
[5.970s] [ext: omni.behavior.scripting.core-110.1.0] startup
[5.973s] [ext: isaacsim.replicator.behavior-1.5.4] startup
[5.975s] [ext: isaacsim.replicator.experimental.domain_randomization-1.2.5] startup
[6.003s] [ext: isaacsim.replicator.domain_randomization-1.2.2] startup
[6.105s] [ext: isaacsim.replicator.writers-1.5.4] startup
[6.139s] [ext: isaacsim.robot.experimental.wheeled_robots-0.2.11] startup
[6.166s] [ext: isaacsim.robot.policy.examples-5.2.12] startup
[6.198s] [ext: isaacsim.robot.wheeled_robots-5.2.4] startup
[6.203s] [ext: isaacsim.robot.wheeled_robots.nodes-0.1.5] startup
[6.232s] [ext: isaacsim.robot_motion.experimental.motion_generation-6.1.3] startup
[6.244s] [ext: isaacsim.robot_motion.cumotion-1.3.1] startup
[6.261s] [ext: omni.kit.numpy.common-0.1.3] startup
[6.263s] [ext: isaacsim.sensors.camera-1.7.9] startup
[6.296s] [ext: isaacsim.sensors.experi