WARNING: All log messages before absl::InitializeLog() is called are written to STDERR
E0000 00:00:1786601671.176199   23333 descriptor_database.cc:633] File already exists in database: grpc/health/v1/health.proto
W0000 00:00:1786601671.176234   23333 message.cc:301] Protobuf GeneratedMessageFactory: File is already registered: grpc/health/v1/health.proto
2026-08-13T06:14:30Z [Info] [carb] Logging to file: /root/autodl-tmp/isaac_sim/venv/lib/python3.12/site-packages/isaacsim/kit/logs/Kit/Isaac-Sim Python/6.0/kit_20260813_141430.log
[0.103s] [ext: omni.assets.plugins-0.0.0] startup
[0.104s] [ext: omni.blobkey-1.1.2] startup
[0.104s] [ext: omni.kit.async_engine-0.0.3] startup
[0.224s] [ext: omni.client.lib-1.1.1] startup
[0.239s] [ext: omni.client-1.3.0] startup
[0.245s] [ext: omni.protobuf.lib-1.0.0] startup
[0.246s] [ext: omni.grpc.lib-1.0.0] startup
[0.252s] [ext: omni.metrics.core-0.0.3] startup
[0.252s] [ext: omni.datastore-0.0.0] startup
[0.253s] [ext: omni.gpu_foundation.shadercache.vulkan-1.0.0] startup
[0.255s] [ext: omni.hsscclient-1.1.4] startup
[0.256s] [ext: omni.stats-1.0.1] startup
[0.256s] [ext: omni.ujitso.default-1.0.0] startup
[0.260s] [ext: omni.gpu_foundation-0.0.0] startup
[0.581s] [ext: carb.windowing.plugins-1.0.1] startup
[0.581s] [ext: omni.kit.renderer.init-1.0.1] startup
2026-08-13T06:14:31Z [666ms] [Warning] [omni.platforminfo.plugin] failed to open the default display.  Can't verify X Server version.

|---------------------------------------------------------------------------------------------|
| Driver Version: 580.105.08    | Graphics API: Vulkan
|=============================================================================================|
| GPU | Name                             | Active | LDA | GPU Memory | Vendor-ID | LUID       |
|     |                                  |        |     |            | Device-ID | UUID       |
|     |                                  |        |     |            | Bus-ID    |            |
|---------------------------------------------------------------------------------------------|
| 0   | NVIDIA GeForce RTX 5090          | Yes: 0 |     | 32853   MB | 10de      | 0          |
|     |                                  |        |     |            | 2b85      | bdb6f84a.. |
|     |                                  |        |     |            | a8        |            |
|=============================================================================================|
| OS: 22.04.5 LTS (Jammy Jellyfish) ubuntu, Version: 22.04.5, Kernel: 5.15.0-78-generic
| Processor: Intel(R) Xeon(R) Platinum 8470Q
| Bare Metal Cores: 104 | Bare Metal Logical Cores: 208
| Core Usage Quota: 25
|---------------------------------------------------------------------------------------------|
| Total Memory (MB): 92160 | Free Memory: 85263
| Total Page/Swap (MB): 0 | Free Page/Swap: 0
|---------------------------------------------------------------------------------------------|
[1.965s] [ext: omni.kit.pipapi-0.0.0] startup
[1.967s] [ext: omni.kit.telemetry-0.5.2] startup
[2.019s] [ext: omni.kit.loop-isaac-1.6.0] startup
[2.022s] [ext: omni.kit.test-2.0.7] startup
[2.081s] [ext: omni.materialx.libs-1.0.9] startup
[2.089s] [ext: omni.gpucompute.plugins-0.0.0] startup
[2.089s] [ext: omni.usd.config-1.0.7] startup
[2.093s] [ext: omni.usd.libs-1.0.3] startup
[2.197s] [ext: omni.iray.libs-0.0.1] startup
[2.203s] [ext: omni.mdl-57.0.3] startup
[2.225s] [ext: omni.mdl.neuraylib-0.2.20] startup
[2.227s] [ext: omni.kit.usd.mdl-1.1.9] startup
[2.352s] [ext: omni.appwindow-1.2.2] startup
[2.355s] [ext: omni.kit.renderer.core-1.2.2] startup
2026-08-13T06:14:33Z [2,325ms] [Warning] [carb.windowing-glfw.plugin] GLFW initialization failed.
2026-08-13T06:14:33Z [2,325ms] [Warning] [carb] Failed to startup plugin carb.windowing-glfw.plugin (interfaces: [carb::windowing::IGLContext v1.0],[carb::windowing::IWindowing v1.5]) (impl: carb.windowing-glfw.plugin)
[2.396s] [ext: omni.kit.renderer.capture-2.0.1] startup
[2.398s] [ext: omni.kit.renderer.imgui-2.0.6] startup
2026-08-13T06:14:33Z [2,353ms] [Warning] [carb.windowing-glfw.plugin] GLFW initialization failed.
2026-08-13T06:14:33Z [2,353ms] [Warning] [carb] Failed to startup plugin carb.windowing-glfw.plugin (interfaces: [carb::windowing::IGLContext v1.0],[carb::windowing::IWindowing v1.5]) (impl: carb.windowing-glfw.plugin)
2026-08-13T06:14:33Z [2,355ms] [Warning] [carb.windowing-glfw.plugin] GLFW initialization failed.
2026-08-13T06:14:33Z [2,355ms] [Warning] [carb] Failed to startup plugin carb.windowing-glfw.plugin (interfaces: [carb::windowing::IGLContext v1.0],[carb::windowing::IWindowing v1.5]) (impl: carb.windowing-glfw.plugin)
[2.501s] [ext: omni.ui-3.2.0] startup
[2.513s] [ext: omni.kit.mainwindow-1.0.3] startup
[2.519s] [ext: carb.audio-0.1.0] startup
[2.550s] [ext: omni.uiaudio-1.0.0] startup
[2.552s] [ext: omni.kit.uiapp-0.0.0] startup
[2.552s] [ext: omni.usd.schema.metrics.assembler-110.1.0] startup
[2.556s] [ext: omni.usd.schema.audio-0.0.1] startup
[2.562s] [ext: omni.usd_resolver-1.0.0] startup
[2.566s] [ext: omni.usd.core-1.8.3] startup
[2.571s] [ext: omni.metropolis.schema-0.0.3] startup
[2.572s] [ext: isaacsim.anim.robot.schema-0.1.1] startup
[2.573s] [ext: omni.usd.schema.anim-0.0.1] startup
[2.596s] [ext: omni.usd.schema.geospatial-0.0.1] startup
[2.599s] [ext: omni.usd.schema.omnigraph-1.0.1] startup
[2.605s] [ext: omni.usd.schema.semantics-0.0.0] startup
[2.608s] [ext: omni.activity.core-1.0.3] startup
[2.610s] [ext: omni.cubric-0.1.0] startup
[2.610s] [ext: omni.graph.exec-0.9.6] startup
[2.610s] [ext: omni.hydra.scene_delegate-0.3.5] startup
[2.615s] [ext: usdrt.scenegraph-7.6.3] startup
[2.648s] [ext: omni.hydra.usdrt_delegate-7.5.2] startup
[2.655s] [ext: omni.inspect-1.0.2] startup
[2.657s] [ext: omni.kit.actions.core-1.0.0] startup
[2.659s] [ext: omni.kit.audiodeviceenum-1.0.2] startup
[2.661s] [ext: omni.kit.commands-1.5.0] startup
[2.665s] [ext: omni.kit.exec.core-0.13.5] startup
[2.666s] [ext: omni.kit.usd_undo-0.1.8] startup
[2.667s] [ext: omni.kit.window.popup_dialog-2.0.25] startup
[2.672s] [ext: omni.kit.widget.nucleus_connector-2.3.1] startup
[2.677s] [ext: omni.timeline-1.1.0] startup
[2.679s] [ext: omni.usd-1.16.0] startup
[2.729s] [ext: omni.graph.core-3.1.2] startup
[2.732s] [ext: omni.kit.notification_manager-1.0.11] startup
[2.734s] [ext: isaacsim.core.deprecation_manager-0.4.2] startup
[2.735s] [ext: isaacsim.replicator.agent.schema-0.1.1] startup
[2.736s] [ext: isaacsim.robot.schema-6.3.7] startup
[2.742s] [ext: isaacsim.robot_motion.schema-0.2.1] startup
[2.743s] [ext: omni.anim.behavior.schema-110.1.0] startup
[2.747s] [ext: omni.anim.graph.schema-110.1.1] startup
[2.754s] [ext: omni.anim.navigation.schema-110.1.0] startup
[2.758s] [ext: omni.behavior.tree.schema-110.1.0] startup
[2.759s] [ext: omni.kit.asset_converter-6.0.1] startup
[2.774s] [ext: omni.usd.schema.flow-110.0.0] startup
[2.775s] [ext: omni.usd.schema.mujoco-1.1.1] startup
[2.775s] [ext: omni.usd.schema.newton-1.2.1] startup
[2.777s] [ext: omni.usd.schema.omni_lens_distortion-1.0.0] startup
[2.777s] [ext: omni.usd.schema.omni_projectors-1.0.0] startup
[2.778s] [ext: omni.usd.schema.omni_sensors-0.0.0] startup
[2.787s] [ext: omni.usd.schema.omniscripting-1.0.1] startup
[2.792s] [ext: omni.usd.schema.physical_lighting-0.1.0] startup
[2.796s] [ext: omni.usd.schema.physx-110.1.13] startup
[2.832s] [ext: omni.usd.schema.render_settings.rtx-1.0.2] startup
[2.837s] [ext: omni.usd.schema.usd_particle_field-1.0.0] startup
[2.838s] [ext: isaacsim.core.version-2.1.1] startup
[2.838s] [ext: omni.kit.menu.core-1.2.0] startup
[2.839s] [ext: omni.kit.menu.utils-2.2.4] startup
[2.847s] [ext: isaacsim.app.about-2.3.1] startup
[2.854s] [ext: isaacsim.asset.transformer-1.2.5] startup
[2.857s] [ext: omni.scene.optimizer.core-110.1.0] startup
[2.923s] [ext: isaacsim.asset.importer.utils-1.8.1] startup
[2.926s] [ext: omni.convexdecomposition-110.1.13] startup
[2.929s] [ext: omni.physics-110.1.13] startup
[2.932s] [ext: omni.physx.gpu-110.1.13] startup
[2.933s] [ext: omni.physx.foundation-110.1.13] startup
[2.935s] [ext: omni.usdphysics-110.1.13] startup
[2.937s] [ext: omni.physx.cooking-110.1.13] startup
[2.940s] [ext: omni.physx-110.1.13] startup
[2.952s] [ext: omni.physics.physx-110.1.13] startup
[2.954s] [ext: isaacsim.asset.exporter.urdf-2.0.5] startup
[2.963s] [ext: omni.kit.clipboard-1.1.1] startup
[2.964s] [ext: omni.kit.usd.layers-2.6.1] startup
[2.972s] [ext: omni.kit.widget.context_menu-1.4.0] startup
[2.974s] [ext: omni.kit.context_menu-1.9.0] startup
[2.976s] [ext: omni.kit.helper.file_utils-0.1.10] startup
[2.977s] [ext: omni.kit.widget.nucleus_info-2.0.2] startup
[2.978s] [ext: omni.kit.search_core-1.0.8] startup
[2.979s] [ext: omni.kit.widget.path_field-2.0.13] startup
[2.979s] [ext: omni.kit.widget.browser_bar-2.0.10] startup
[2.980s] [ext: omni.kit.widget.filebrowser-2.13.4] startup
[2.985s] [ext: omni.kit.widget.options_menu-1.1.6] startup
[2.988s] [ext: omni.kit.widget.options_button-1.0.3] startup
[2.989s] [ext: omni.kit.widget.search_delegate-1.0.9] startup
[2.990s] [ext: omni.ui.scene-2.0.3] startup
[2.995s] [ext: omni.kit.window.filepicker-2.15.5] startup
[3.009s] [ext: omni.kit.window.file_importer-1.1.21] startup
[3.011s] [ext: omni.kit.material.library-3.1.2] startup
[3.017s] [ext: isaacsim.asset.transformer.rules-1.7.10] startup
[3.031s] [ext: omni.usdex.libs-2.2.2] startup
[3.042s] [ext: isaacsim.asset.importer.mjcf-3.10.1] startup
[3.044s] [ext: isaacsim.asset.importer.urdf-3.11.2] startup
[3.048s] [ext: omni.kit.primitive.mesh-1.1.0] startup
[3.051s] [ext: omni.kit.stage_template.core-1.1.22] startup
[3.051s] [ext: omni.kit.stage_templates-2.0.2] startup
[3.053s] [ext: omni.usd.metrics.assembler-110.1.2] startup
[3.057s] [ext: omni.warp.core-1.13.0] startup
[3.263s] [ext: isaacsim.core.experimental.utils-0.17.2] startup
[3.265s] [ext: omni.physics.stageupdate-110.1.13] startup
[3.267s] [ext: omni.physics.tensors-110.1.13] startup
[3.272s] [ext: omni.physx.tensors-110.1.13] startup
[3.277s] [ext: isaacsim.core.simulation_manager-1.15.6] startup
[3.293s] [ext: isaacsim.storage.native-1.9.3] startup
[3.294s] [ext: omni.usd.metrics.assembler.physics-110.1.13] startup
[3.296s] [ext: isaacsim.core.utils-4.1.7] startup
[3.299s] [ext: isaacsim.core.prims-0.11.7] startup
[4.727s] [ext: isaacsim.core.api-5.2.13] startup
[4.739s] [ext: isaacsim.core.cloner-1.7.3] startup
[4.740s] [ext: isaacsim.test.docstring-1.3.2] startup
[4.746s] [ext: isaacsim.core.experimental.prims-1.8.9] startup
[4.777s] [ext: isaacsim.core.experimental.primdata-0.3.2] startup
[4.781s] [ext: omni.graph.tools-1.81.0] startup
[4.809s] [ext: omni.graph-1.142.5] startup
[4.861s] [ext: isaacsim.core.experimental.actuators-0.1.2] startup
[4.882s] [ext: isaacsim.core.experimental.materials-0.7.1] startup
[4.886s] [ext: isaacsim.core.experimental.objects-0.8.1] startup
[4.959s] [ext: omni.hydra.engine.stats-1.0.5] startup
[4.963s] [ext: omni.hydra.rtx.shadercache.vulkan-1.0.0] startup
[4.964s] [ext: omni.index.libs-387500.4413.0] startup
[4.965s] [ext: omni.index-1.0.1] startup
[4.965s] [ext: omni.ujitso.client-0.0.0] startup
[4.966s] [ext: omni.usd.schema.playback-1.0.0] startup
[4.970s] [ext: omni.volume-0.5.2] startup
[4.977s] [ext: omni.hydra.rtx-1.0.4] startup
2026-08-13T06:14:35Z [4,950ms] [Warning] [omni.log] Source: omni.hydra was already registered.
[5.021s] [ext: omni.kit.hydra_texture-1.6.0] startup
[5.027s] [ext: omni.kit.raycast.query-1.2.0] startup
[5.033s] [ext: omni.kit.viewport.legacy_gizmos-1.0.24] startup
[5.037s] [ext: omni.kit.viewport.registry-104.0.6] startup
[5.038s] [ext: omni.kit.viewport.scene_camera_model-1.0.7] startup
[5.044s] [ext: omni.kit.widget.viewport-109.2.0] startup
[5.049s] [ext: omni.kit.window.drop_support-1.0.8] startup
[5.050s] [ext: omni.kit.viewport.window-109.0.2] startup
[5.072s] [ext: omni.kit.viewport.utility-2.0.1] startup
[5.074s] [ext: isaacsim.core.rendering_manager-0.4.3] startup
[5.094s] [ext: omni.graph.action_core-1.1.9] startup
[5.098s] [ext: omni.graph.action_nodes_core-2.11.0] startup
[5.101s] [ext: omni.graph.action_nodes-2.11.0] startup
[5.141s] [ext: omni.graph.action-2.10.2] startup
[5.144s] [ext: omni.graph.image.core-0.6.1] startup
[5.146s] [ext: omni.graph.image.nodes-1.3.1] startup
[5.148s] [ext: omni.graph.nodes_core-2.11.0] startup
[5.161s] [ext: omni.graph.nodes-2.12.0] startup
[5.173s] [ext: omni.kit.hotkeys.core-1.3.12] startup
[5.175s] [ext: omni.kit.property.adapter.core-1.1.1] startup
[5.180s] [ext: omni.kit.property.adapter.usd-1.0.5] startup
[5.182s] [ext: omni.kit.widget.filter-1.1.5] startup
[5.184s] [ext: omni.kit.widget.highlight_label-1.0.3] startup
[5.186s] [ext: omni.kit.widget.searchfield-1.1.8] startup
[5.191s] [ext: omni.kit.window.file_exporter-1.0.36] startup
[5.193s] [ext: omni.kit.widget.stage-4.4.0] startup
[5.203s] [ext: omni.kit.window.content_browser_registry-0.0.6] startup
[5.204s] [ext: omni.kit.window.file-2.0.10] startup
[5.208s] [ext: omni.kit.window.content_browser-3.1.8] startup
[5.221s] [ext: omni.kit.window.property-1.15.1] startup
[5.234s] [ext: omni.kit.property.usd-4.9.4] startup
[5.247s] [ext: omni.graph.scriptnode-2.10.2] startup
[5.259s] [ext: omni.kit.widget.searchable_combobox-1.0.7] startup
[5.260s] [ext: omni.kit.widget.settings-2.0.0] startup
[5.263s] [ext: omni.kit.window.preferences-1.8.3] startup
[5.269s] [ext: omni.kit.viewport.menubar.core-107.2.2] startup
[5.282s] [ext: omni.syntheticdata-0.6.15] startup
[5.320s] [ext: omni.replicator.nv-1.1.1] startup
[5.331s] [ext: omni.videoencoding-0.2.1] startup
[5.333s] [ext: omni.replicator.core-1.13.27] startup
2026-08-13T06:14:36Z [5,295ms] [Warning] [pxr.Semantics] pxr.Semantics is deprecated - please use Semantics instead
2026-08-13T06:14:36Z [5,386ms] [Warning] [omni.replicator.core.scripts.extension] No material configuration file, adding configuration to material settings directly.
[5.673s] [ext: isaacsim.core.nodes-5.10.5] startup
[5.722s] [ext: isaacsim.core.throttling-2.3.5] startup
[5.724s] [ext: omni.kit.manipulator.viewport-107.0.1] startup
[5.725s] [ext: omni.graph.visualization.nodes-2.1.4] startup
[5.747s] [ext: omni.kit.window.extensions-1.5.10] startup
[5.754s] [ext: isaacsim.gui.components-1.8.5] startup
[5.760s] [ext: isaacsim.robot.surface_gripper-3.6.2] startup
[5.776s] [ext: isaacsim.robot.manipulators-3.4.4] startup
[5.790s] [ext: isaacsim.robot_motion.lula-4.1.3] startup
[5.799s] [ext: isaacsim.robot_motion.motion_generation-8.2.9] startup
[5.807s] [ext: isaacsim.cortex.framework-1.0.18] startup
[5.809s] [ext: isaacsim.cortex.behaviors-2.0.17] startup
[5.812s] [ext: isaacsim.examples.base-1.3.2] startup
[5.814s] [ext: omni.kit.widget.zoombar-1.0.7] startup
[5.815s] [ext: omni.kit.browser.core-2.3.18] startup
[5.820s] [ext: omni.kit.browser.folder.core-2.0.2] startup
[5.825s] [ext: omni.kit.widget.stage_icons-1.0.8] startup
[5.827s] [ext: omni.kit.window.stage-2.6.1] startup
[5.832s] [ext: omni.kit.menu.stage-1.2.7] startup
[5.833s] [ext: omni.kit.usd.collect-3.0.6] startup
[5.837s] [ext: omni.kit.widget.prompt-1.0.7] startup
[5.838s] [ext: omni.kit.tool.collect-2.2.19] startup
[5.841s] [ext: isaacsim.examples.browser-0.3.2] startup
[5.844s] [ext: omni.kit.search.files-1.0.4] startup
[5.845s] [ext: omni.kit.widget.calendar-1.0.9] startup
[5.847s] [ext: omni.kit.widget.extended_searchfield-1.0.31] startup
[5.858s] [ext: omni.simready.content.browser-0.3.7] startup
[5.968s] [ext: isaacsim.gui.content_browser-0.4.3] startup
[5.971s] [ext: omni.kit.selection-0.1.6] startup
[5.973s] [ext: isaacsim.gui.menu-2.10.5] startup
[5.984s] [ext: isaacsim.gui.property-1.6.4] startup
[5.993s] [ext: omni.kit.viewport.actions-110.0.0] startup
[5.998s] [ext: omni.kit.viewport.menubar.display-107.1.3] startup
[6.000s] [ext: isaacsim.gui.sensors.icon-2.2.1] startup
[6.004s] [ext: omni.behavior.scripting.core-110.1.0] startup
[6.008s] [ext: isaacsim.replicator.behavior-1.5.4] startup
[6.009s] [ext: isaacsim.replicator.experimental.domain_randomization-1.2.5] startup
[6.030s] [ext: isaacsim.replicator.domain_randomization-1.2.2] startup
[6.124s] [ext: isaacsim.replicator.writers-1.5.4] startup
[6.156s] [ext: isaacsim.robot.experimental.wheeled_robots-0.2.11] startup
[6.183s] [ext: isaacsim.robot.policy.examples-5.2.12] startup
[6.208s] [ext: isaacsim.robot.wheeled_robots-5.2.4] startup
[6.213s] [ext: isaacsim.robot.wheeled_robots.nodes-0.1.5] startup
[6.243s] [ext: isaacsim.robot_motion.experimental.motion_generation-6.1.3] startup
[6.257s] [ext: isaacsim.robot_motion.cumotion-1.3.1] startup
[6.274s] [ext: omni.kit.numpy.common-0.1.3] startup
[6.277s] [ext: isaacsim.sensors.camera-1.7.9] startup
[6.310s] [ext: isaacsim.sensors.experimental.physics-3.0.2] startup
[6.321s] [ext: omni.sensors.net-1.0.1] startup
[6.328s] [ext: omni.sensors.nv.common-3.0.0] startup
[6.346s] [ext: omni.sensors.nv.materials-2.0.0] startup
[6.350s] [ext: omni.sensors.nv.acoustic-3.0.0] startup
[6.354s] [ext: omni.sensors.nv.ids-2.0.1] startup
[6.356s] [ext: omni.sensors.nv.lidar-3.0.0] startup
[6.362s] [ext: omni.sensors.nv.radar-3.0.0] startup
[6.366s] [ext: isaacsim.sensors.experimental.rtx-1.4.6] startup
[6.626s] [ext: isaacsim.sensors.physics.nodes-1.5.3] startup
[6.636s] [ext: isaacsim.util.debug_draw-3.2.3] startup
[6.643s] [ext: isaacsim.sensors.physx-2.5.5] startup
[6.655s] [ext: isaacsim.sensors.rtx-15.17.1] startup
[6.672s] [ext: isaacsim.simulation_app-2.18.4] startup
[6.675s] [ext: omni.anim.curve.core-1.6.0] startup
[6.689s] [ext: omni.graph.ui_nodes-2.11.1] startup
[6.740s] [ext: omni.hydra.scene_api-0.1.3] startup
[6.746s] [ext: omni.kit.manipulator.camera-110.0.0] startup
[6.751s] [ext: omni.kit.manipulator.selector-1.1.4] startup
[6.753s] [ext: omni.kit.manipulator.transform-107.0.0] startup
[6.758s] [ext: omni.kit.widget.toolbar-2.1.0] startup
[6.766s] [ext: omni.kit.manipulator.tool.snap-1.5.14] startup
[6.771s] [ext: omni.kit.viewport.manipulator.transform-107.0.4] startup
[6.773s] [ext: omni.kit.manipulator.prim.core-108.0.2] startup
[6.780s] [ext: omni.kit.manipulator.prim.usd-107.0.3] startup
[6.782s] [ext: omni.kit.manipulator.prim-108.0.0] startup
[6.782s] [ext: omni.kit.manipulator.selection-109.0.1] startup
[6.784s] [ext: omni.kit.menu.create-2.0.2] startup
[6.786s] [ext: omni.kit.property.audio-1.0.16] startup
[6.791s] [ext: omni.kit.property.camera-1.0.14] startup
[6.792s] [ext: omni.kit.property.geometry-2.1.2] startup
[6.797s] [ext: omni.kit.property.light-1.0.14] startup
2026-08-13T06:14:37Z [6,784ms] [Warning] [omni.usd] Encountered USD Warnings but USD Diagnostics are currently muted. To view USD Warnings, please set the '/persistent/app/usd/muteUsdDiagnostics' setting to false in Preferences page.
[6.876s] [ext: omni.kit.property.material-1.14.6] startup
[6.884s] [ext: omni.kit.property.render-1.2.2] startup
[6.886s] [ext: omni.kit.property.transform-1.6.9] startup
[6.890s] [ext: omni.kit.property.bundle-1.5.1] startup
[6.892s] [ext: omni.kit.usdz_export-1.1.0] startup
[6.896s] [ext: omni.kit.tool.asset_importer-6.0.1] startup
[6.902s] [ext: omni.kit.ui.actions-1.0.5] startup
[6.905s] [ext: omni.kit.viewport.menubar.camera-107.0.10] startup
[6.911s] [ext: omni.kit.viewport.menubar.lighting-107.3.2] startup
[6.914s] [ext: omni.kit.viewport.menubar.render-110.0.0] startup
[6.917s] [ext: omni.kit.viewport.menubar.settings-110.0.1] startup
[6.922s] [ext: omni.kit.window.console-1.1.9] startup
[6.927s] [ext: omni.kit.window.status_bar-0.1.11] startup
[6.931s] [ext: omni.kit.window.toolbar-3.0.3] startup
[6.934s] [ext: omni.ocio-0.1.1] startup
[6.935s] [ext: omni.physx.commands-110.1.13] startup
[6.939s] [ext: omni.replicator.replicator_yaml-2.0.12] startup
[6.954s] [ext: omni.rtx.window.settings-0.8.0] startup
[6.960s] [ext: omni.rtx.settings.core-0.7.1] startup
[6.964s] [ext: omni.usd.metrics.assembler.ui-110.1.1] startup
[6.973s] [ext: semantics.schema.editor-2.0.2] startup
[6.977s] [ext: semantics.schema.property-2.0.2] startup
[6.979s] [ext: omni.kit.menu.common-2.0.2] startup
[6.980s] [ext: isaacsim.exp.base-6.0.1] startup
[6.981s] [ext: isaacsim.exp.base.python-6.0.1] startup
[6.983s] Simulation App Starting
[10.201s] Simulation App Startup Complete
[10.214s] app ready
[10.824s] [ext: isaacsim.robot_motion.pink-0.1.3] startup
2026-08-13T06:14:46Z [15,110ms] [Error] [omni.rtx.materials] [UsdToMdl] Prim '/World/Task/living_room_table/Visual/Looks/Louisa_Coffee_Table_LTV3/Louisa_Coffee_Table_LTV3' parameter 'normalmap_texture': References an asset that can not be found: './materials/textures/louisa-coffee-table-wood-bump.jpg'
2026-08-13T06:14:46Z [15,112ms] [Error] [omni.rtx.materials] [UsdToMdl] Prim '/World/Task/living_room_table/Visual/Looks/Louisa_Coffee_Table_LTV3/Louisa_Coffee_Table_LTV3' parameter 'normalmap_texture': References an asset that can not be found: './materials/textures/louisa-coffee-table-wood-bump.jpg'
2026-08-13T06:14:47Z [16,120ms] [Error] [omni.rtx.materials] [UsdToMdl] Prim '/World/Task/living_room_table/Visual/Looks/Louisa_Coffee_Table_LTV3/Louisa_Coffee_Table_LTV3' parameter 'normalmap_texture': References an asset that can not be found: './materials/textures/louisa-coffee-table-wood-bump.jpg'
2026-08-13T06:14:47Z [16,121ms] [Error] [omni.rtx.materials] [UsdToMdl] Prim '/World/Task/living_room_table/Visual/Looks/Louisa_Coffee_Table_LTV3/Louisa_Coffee_Table_LTV3' parameter 'normalmap_texture': References an asset that can not be found: './materials/textures/louisa-coffee-table-wood-bump.jpg'
Starting kit application with the following args:  ['/root/autodl-tmp/isaac_sim/venv/lib/python3.12/site-packages/isaacsim/exts/isaacsim.simulation_app/isaacsim/simulation_app/simulation_app.py', '/root/autodl-tmp/isaac_sim/venv/lib/python3.12/site-packages/isaacsim/apps/isaacsim.exp.base.python.kit', '--/app/tokens/exe-path=/root/autodl-tmp/isaac_sim/venv/lib/python3.12/site-packages/isaacsim/kit', '--/persistent/app/viewport/displayOptions=3094', '--/rtx/materialDb/syncLoads=True', '--/rtx/hydra/materialSyncLoads=True', '--/omni/kit/plugin/syncUsdLoads=True', '--/app/renderer/resolution/width=1280', '--/app/renderer/resolution/height=720', '--/app/window/width=1440', '--/app/window/height=900', '--/renderer/multiGpu/enabled=True', '--/app/fastShutdown=True', '--/app/installSignalHandlers=0', '--ext-folder', '/root/autodl-tmp/isaac_sim/venv/lib/python3.12/site-packages/isaacsim/exts', '--ext-folder', '/root/autodl-tmp/isaac_sim/venv/lib/python3.12/site-packages/isaacsim/apps', '--/physics/cudaDevice=0', '--/plugins/carb.tasking.plugin/threadCount=32', '--/plugins/omni.tbb.globalcontrol/maxThreadCount=32', '--portable', '--no-window', '--/app/window/hideUi=1', '--allow-root']
Passing the following args to the base kit application:  ['--object', 'alphabet', '--trial-index', '2', '--output-dir', '/root/autodl-tmp/VLA-Intern-Sprint/results/phase3_step7/grasp_oracle/alphabet_02']
Warp 1.13.0 initialized:
   CUDA Toolkit 12.9, Driver 13.0
   Devices:
     "cpu"      : "x86_64"
     "cuda:0"   : "NVIDIA GeForce RTX 5090" (31 GiB, sm_120, mempool enabled)
   Kernel cache:
     /root/autodl-tmp/isaac_cache/xdg/warp/1.13.0
2026-08-13T06:14:48Z [17,552ms] [Warning] [omni.rtx] DLSS increasing input dimensions: Render resolution of (128, 128) is below minimal input resolution of 300.
[33.018s] Simulation App Shutting Down
