WARNING: All log messages before absl::InitializeLog() is called are written to STDERR
E0000 00:00:1786601705.594038   24190 descriptor_database.cc:633] File already exists in database: grpc/health/v1/health.proto
W0000 00:00:1786601705.594078   24190 message.cc:301] Protobuf GeneratedMessageFactory: File is already registered: grpc/health/v1/health.proto
2026-08-13T06:15:05Z [Info] [carb] Logging to file: /root/autodl-tmp/isaac_sim/venv/lib/python3.12/site-packages/isaacsim/kit/logs/Kit/Isaac-Sim Python/6.0/kit_20260813_141505.log
[0.078s] [ext: omni.assets.plugins-0.0.0] startup
[0.079s] [ext: omni.blobkey-1.1.2] startup
[0.079s] [ext: omni.kit.async_engine-0.0.3] startup
[0.191s] [ext: omni.client.lib-1.1.1] startup
[0.205s] [ext: omni.client-1.3.0] startup
[0.210s] [ext: omni.protobuf.lib-1.0.0] startup
[0.211s] [ext: omni.grpc.lib-1.0.0] startup
[0.217s] [ext: omni.metrics.core-0.0.3] startup
[0.217s] [ext: omni.datastore-0.0.0] startup
[0.218s] [ext: omni.gpu_foundation.shadercache.vulkan-1.0.0] startup
[0.220s] [ext: omni.hsscclient-1.1.4] startup
[0.220s] [ext: omni.stats-1.0.1] startup
[0.221s] [ext: omni.ujitso.default-1.0.0] startup
[0.225s] [ext: omni.gpu_foundation-0.0.0] startup
[0.530s] [ext: carb.windowing.plugins-1.0.1] startup
[0.530s] [ext: omni.kit.renderer.init-1.0.1] startup
2026-08-13T06:15:05Z [581ms] [Warning] [omni.platforminfo.plugin] failed to open the default display.  Can't verify X Server version.

|---------------------------------------------------------------------------------------------|
| Driver Version: 580.105.08    | Graphics API: Vulkan
|=============================================================================================|
| GPU | Name                             | Active | LDA | GPU Memory | Vendor-ID | LUID       |
|     |                                  |        |     |            | Device-ID | UUID       |
|     |                                  |        |     |            | Bus-ID    |            |
|---------------------------------------------------------------------------------------------|
| 0   | NVIDIA GeForce RTX 5090          | Yes: 0 |     | 32853   MB | 10de      | 0          |
|     |                                  |        |     |            | 2b85      | bdb6f84a.. |
|     |                                  |        |     |            | a8        |            |
|=============================================================================================|
| OS: 22.04.5 LTS (Jammy Jellyfish) ubuntu, Version: 22.04.5, Kernel: 5.15.0-78-generic
| Processor: Intel(R) Xeon(R) Platinum 8470Q
| Bare Metal Cores: 104 | Bare Metal Logical Cores: 208
| Core Usage Quota: 25
|---------------------------------------------------------------------------------------------|
| Total Memory (MB): 92160 | Free Memory: 85252
| Total Page/Swap (MB): 0 | Free Page/Swap: 0
|---------------------------------------------------------------------------------------------|
[1.740s] [ext: omni.kit.pipapi-0.0.0] startup
[1.741s] [ext: omni.kit.telemetry-0.5.2] startup
[1.789s] [ext: omni.kit.loop-isaac-1.6.0] startup
[1.791s] [ext: omni.kit.test-2.0.7] startup
[1.848s] [ext: omni.materialx.libs-1.0.9] startup
[1.855s] [ext: omni.gpucompute.plugins-0.0.0] startup
[1.856s] [ext: omni.usd.config-1.0.7] startup
[1.859s] [ext: omni.usd.libs-1.0.3] startup
[1.964s] [ext: omni.iray.libs-0.0.1] startup
[1.969s] [ext: omni.mdl-57.0.3] startup
[1.989s] [ext: omni.mdl.neuraylib-0.2.20] startup
[1.991s] [ext: omni.kit.usd.mdl-1.1.9] startup
[2.111s] [ext: omni.appwindow-1.2.2] startup
[2.114s] [ext: omni.kit.renderer.core-1.2.2] startup
2026-08-13T06:15:07Z [2,090ms] [Warning] [carb.windowing-glfw.plugin] GLFW initialization failed.
2026-08-13T06:15:07Z [2,090ms] [Warning] [carb] Failed to startup plugin carb.windowing-glfw.plugin (interfaces: [carb::windowing::IGLContext v1.0],[carb::windowing::IWindowing v1.5]) (impl: carb.windowing-glfw.plugin)
[2.151s] [ext: omni.kit.renderer.capture-2.0.1] startup
[2.153s] [ext: omni.kit.renderer.imgui-2.0.6] startup
2026-08-13T06:15:07Z [2,116ms] [Warning] [carb.windowing-glfw.plugin] GLFW initialization failed.
2026-08-13T06:15:07Z [2,116ms] [Warning] [carb] Failed to startup plugin carb.windowing-glfw.plugin (interfaces: [carb::windowing::IGLContext v1.0],[carb::windowing::IWindowing v1.5]) (impl: carb.windowing-glfw.plugin)
2026-08-13T06:15:07Z [2,117ms] [Warning] [carb.windowing-glfw.plugin] GLFW initialization failed.
2026-08-13T06:15:07Z [2,117ms] [Warning] [carb] Failed to startup plugin carb.windowing-glfw.plugin (interfaces: [carb::windowing::IGLContext v1.0],[carb::windowing::IWindowing v1.5]) (impl: carb.windowing-glfw.plugin)
[2.242s] [ext: omni.ui-3.2.0] startup
[2.252s] [ext: omni.kit.mainwindow-1.0.3] startup
[2.254s] [ext: carb.audio-0.1.0] startup
[2.259s] [ext: omni.uiaudio-1.0.0] startup
[2.260s] [ext: omni.kit.uiapp-0.0.0] startup
[2.260s] [ext: omni.usd.schema.metrics.assembler-110.1.0] startup
[2.262s] [ext: omni.usd.schema.audio-0.0.1] startup
[2.266s] [ext: omni.usd_resolver-1.0.0] startup
[2.269s] [ext: omni.usd.core-1.8.3] startup
[2.274s] [ext: omni.metropolis.schema-0.0.3] startup
[2.274s] [ext: isaacsim.anim.robot.schema-0.1.1] startup
[2.275s] [ext: omni.usd.schema.anim-0.0.1] startup
[2.295s] [ext: omni.usd.schema.geospatial-0.0.1] startup
[2.298s] [ext: omni.usd.schema.omnigraph-1.0.1] startup
[2.304s] [ext: omni.usd.schema.semantics-0.0.0] startup
[2.307s] [ext: omni.activity.core-1.0.3] startup
[2.308s] [ext: omni.cubric-0.1.0] startup
[2.308s] [ext: omni.graph.exec-0.9.6] startup
[2.309s] [ext: omni.hydra.scene_delegate-0.3.5] startup
[2.313s] [ext: usdrt.scenegraph-7.6.3] startup
[2.343s] [ext: omni.hydra.usdrt_delegate-7.5.2] startup
[2.350s] [ext: omni.inspect-1.0.2] startup
[2.351s] [ext: omni.kit.actions.core-1.0.0] startup
[2.353s] [ext: omni.kit.audiodeviceenum-1.0.2] startup
[2.355s] [ext: omni.kit.commands-1.5.0] startup
[2.358s] [ext: omni.kit.exec.core-0.13.5] startup
[2.360s] [ext: omni.kit.usd_undo-0.1.8] startup
[2.360s] [ext: omni.kit.window.popup_dialog-2.0.25] startup
[2.364s] [ext: omni.kit.widget.nucleus_connector-2.3.1] startup
[2.367s] [ext: omni.timeline-1.1.0] startup
[2.369s] [ext: omni.usd-1.16.0] startup
[2.411s] [ext: omni.graph.core-3.1.2] startup
[2.414s] [ext: omni.kit.notification_manager-1.0.11] startup
[2.416s] [ext: isaacsim.core.deprecation_manager-0.4.2] startup
[2.416s] [ext: isaacsim.replicator.agent.schema-0.1.1] startup
[2.417s] [ext: isaacsim.robot.schema-6.3.7] startup
[2.422s] [ext: isaacsim.robot_motion.schema-0.2.1] startup
[2.423s] [ext: omni.anim.behavior.schema-110.1.0] startup
[2.427s] [ext: omni.anim.graph.schema-110.1.1] startup
[2.433s] [ext: omni.anim.navigation.schema-110.1.0] startup
[2.436s] [ext: omni.behavior.tree.schema-110.1.0] startup
[2.437s] [ext: omni.kit.asset_converter-6.0.1] startup
[2.451s] [ext: omni.usd.schema.flow-110.0.0] startup
[2.452s] [ext: omni.usd.schema.mujoco-1.1.1] startup
[2.453s] [ext: omni.usd.schema.newton-1.2.1] startup
[2.453s] [ext: omni.usd.schema.omni_lens_distortion-1.0.0] startup
[2.454s] [ext: omni.usd.schema.omni_projectors-1.0.0] startup
[2.454s] [ext: omni.usd.schema.omni_sensors-0.0.0] startup
[2.462s] [ext: omni.usd.schema.omniscripting-1.0.1] startup
[2.467s] [ext: omni.usd.schema.physical_lighting-0.1.0] startup
[2.470s] [ext: omni.usd.schema.physx-110.1.13] startup
[2.503s] [ext: omni.usd.schema.render_settings.rtx-1.0.2] startup
[2.507s] [ext: omni.usd.schema.usd_particle_field-1.0.0] startup
[2.508s] [ext: isaacsim.core.version-2.1.1] startup
[2.508s] [ext: omni.kit.menu.core-1.2.0] startup
[2.509s] [ext: omni.kit.menu.utils-2.2.4] startup
[2.516s] [ext: isaacsim.app.about-2.3.1] startup
[2.521s] [ext: isaacsim.asset.transformer-1.2.5] startup
[2.525s] [ext: omni.scene.optimizer.core-110.1.0] startup
[2.590s] [ext: isaacsim.asset.importer.utils-1.8.1] startup
[2.592s] [ext: omni.convexdecomposition-110.1.13] startup
[2.595s] [ext: omni.physics-110.1.13] startup
[2.598s] [ext: omni.physx.gpu-110.1.13] startup
[2.598s] [ext: omni.physx.foundation-110.1.13] startup
[2.600s] [ext: omni.usdphysics-110.1.13] startup
[2.602s] [ext: omni.physx.cooking-110.1.13] startup
[2.605s] [ext: omni.physx-110.1.13] startup
[2.616s] [ext: omni.physics.physx-110.1.13] startup
[2.618s] [ext: isaacsim.asset.exporter.urdf-2.0.5] startup
[2.627s] [ext: omni.kit.clipboard-1.1.1] startup
[2.628s] [ext: omni.kit.usd.layers-2.6.1] startup
[2.636s] [ext: omni.kit.widget.context_menu-1.4.0] startup
[2.637s] [ext: omni.kit.context_menu-1.9.0] startup
[2.639s] [ext: omni.kit.helper.file_utils-0.1.10] startup
[2.640s] [ext: omni.kit.widget.nucleus_info-2.0.2] startup
[2.641s] [ext: omni.kit.search_core-1.0.8] startup
[2.641s] [ext: omni.kit.widget.path_field-2.0.13] startup
[2.642s] [ext: omni.kit.widget.browser_bar-2.0.10] startup
[2.643s] [ext: omni.kit.widget.filebrowser-2.13.4] startup
[2.648s] [ext: omni.kit.widget.options_menu-1.1.6] startup
[2.650s] [ext: omni.kit.widget.options_button-1.0.3] startup
[2.651s] [ext: omni.kit.widget.search_delegate-1.0.9] startup
[2.652s] [ext: omni.ui.scene-2.0.3] startup
[2.657s] [ext: omni.kit.window.filepicker-2.15.5] startup
[2.671s] [ext: omni.kit.window.file_importer-1.1.21] startup
[2.673s] [ext: omni.kit.material.library-3.1.2] startup
[2.678s] [ext: isaacsim.asset.transformer.rules-1.7.10] startup
[2.689s] [ext: omni.usdex.libs-2.2.2] startup
[2.699s] [ext: isaacsim.asset.importer.mjcf-3.10.1] startup
[2.701s] [ext: isaacsim.asset.importer.urdf-3.11.2] startup
[2.705s] [ext: omni.kit.primitive.mesh-1.1.0] startup
[2.708s] [ext: omni.kit.stage_template.core-1.1.22] startup
[2.708s] [ext: omni.kit.stage_templates-2.0.2] startup
[2.710s] [ext: omni.usd.metrics.assembler-110.1.2] startup
[2.714s] [ext: omni.warp.core-1.13.0] startup
[2.911s] [ext: isaacsim.core.experimental.utils-0.17.2] startup
[2.912s] [ext: omni.physics.stageupdate-110.1.13] startup
[2.913s] [ext: omni.physics.tensors-110.1.13] startup
[2.918s] [ext: omni.physx.tensors-110.1.13] startup
[2.923s] [ext: isaacsim.core.simulation_manager-1.15.6] startup
[2.939s] [ext: isaacsim.storage.native-1.9.3] startup
[2.940s] [ext: omni.usd.metrics.assembler.physics-110.1.13] startup
[2.941s] [ext: isaacsim.core.utils-4.1.7] startup
[2.944s] [ext: isaacsim.core.prims-0.11.7] startup
[4.306s] [ext: isaacsim.core.api-5.2.13] startup
[4.317s] [ext: isaacsim.core.cloner-1.7.3] startup
[4.319s] [ext: isaacsim.test.docstring-1.3.2] startup
[4.324s] [ext: isaacsim.core.experimental.prims-1.8.9] startup
[4.350s] [ext: isaacsim.core.experimental.primdata-0.3.2] startup
[4.353s] [ext: omni.graph.tools-1.81.0] startup
[4.378s] [ext: omni.graph-1.142.5] startup
[4.425s] [ext: isaacsim.core.experimental.actuators-0.1.2] startup
[4.448s] [ext: isaacsim.core.experimental.materials-0.7.1] startup
[4.452s] [ext: isaacsim.core.experimental.objects-0.8.1] startup
[4.523s] [ext: omni.hydra.engine.stats-1.0.5] startup
[4.526s] [ext: omni.hydra.rtx.shadercache.vulkan-1.0.0] startup
[4.528s] [ext: omni.index.libs-387500.4413.0] startup
[4.528s] [ext: omni.index-1.0.1] startup
[4.528s] [ext: omni.ujitso.client-0.0.0] startup
[4.529s] [ext: omni.usd.schema.playback-1.0.0] startup
[4.533s] [ext: omni.volume-0.5.2] startup
[4.543s] [ext: omni.hydra.rtx-1.0.4] startup
2026-08-13T06:15:09Z [4,524ms] [Warning] [omni.log] Source: omni.hydra was already registered.
[4.588s] [ext: omni.kit.hydra_texture-1.6.0] startup
[4.593s] [ext: omni.kit.raycast.query-1.2.0] startup
[4.599s] [ext: omni.kit.viewport.legacy_gizmos-1.0.24] startup
[4.602s] [ext: omni.kit.viewport.registry-104.0.6] startup
[4.603s] [ext: omni.kit.viewport.scene_camera_model-1.0.7] startup
[4.609s] [ext: omni.kit.widget.viewport-109.2.0] startup
[4.614s] [ext: omni.kit.window.drop_support-1.0.8] startup
[4.615s] [ext: omni.kit.viewport.window-109.0.2] startup
[4.638s] [ext: omni.kit.viewport.utility-2.0.1] startup
[4.639s] [ext: isaacsim.core.rendering_manager-0.4.3] startup
[4.661s] [ext: omni.graph.action_core-1.1.9] startup
[4.664s] [ext: omni.graph.action_nodes_core-2.11.0] startup
[4.667s] [ext: omni.graph.action_nodes-2.11.0] startup
[4.709s] [ext: omni.graph.action-2.10.2] startup
[4.711s] [ext: omni.graph.image.core-0.6.1] startup
[4.712s] [ext: omni.graph.image.nodes-1.3.1] startup
[4.714s] [ext: omni.graph.nodes_core-2.11.0] startup
[4.721s] [ext: omni.graph.nodes-2.12.0] startup
[4.729s] [ext: omni.kit.hotkeys.core-1.3.12] startup
[4.730s] [ext: omni.kit.property.adapter.core-1.1.1] startup
[4.733s] [ext: omni.kit.property.adapter.usd-1.0.5] startup
[4.735s] [ext: omni.kit.widget.filter-1.1.5] startup
[4.736s] [ext: omni.kit.widget.highlight_label-1.0.3] startup
[4.737s] [ext: omni.kit.widget.searchfield-1.1.8] startup
[4.739s] [ext: omni.kit.window.file_exporter-1.0.36] startup
[4.741s] [ext: omni.kit.widget.stage-4.4.0] startup
[4.751s] [ext: omni.kit.window.content_browser_registry-0.0.6] startup
[4.752s] [ext: omni.kit.window.file-2.0.10] startup
[4.756s] [ext: omni.kit.window.content_browser-3.1.8] startup
[4.769s] [ext: omni.kit.window.property-1.15.1] startup
[4.784s] [ext: omni.kit.property.usd-4.9.4] startup
[4.797s] [ext: omni.graph.scriptnode-2.10.2] startup
[4.808s] [ext: omni.kit.widget.searchable_combobox-1.0.7] startup
[4.809s] [ext: omni.kit.widget.settings-2.0.0] startup
[4.812s] [ext: omni.kit.window.preferences-1.8.3] startup
[4.818s] [ext: omni.kit.viewport.menubar.core-107.2.2] startup
[4.831s] [ext: omni.syntheticdata-0.6.15] startup
[4.871s] [ext: omni.replicator.nv-1.1.1] startup
[4.881s] [ext: omni.videoencoding-0.2.1] startup
[4.884s] [ext: omni.replicator.core-1.13.27] startup
2026-08-13T06:15:10Z [4,855ms] [Warning] [pxr.Semantics] pxr.Semantics is deprecated - please use Semantics instead
2026-08-13T06:15:10Z [4,948ms] [Warning] [omni.replicator.core.scripts.extension] No material configuration file, adding configuration to material settings directly.
[5.166s] [ext: isaacsim.core.nodes-5.10.5] startup
[5.212s] [ext: isaacsim.core.throttling-2.3.5] startup
[5.214s] [ext: omni.kit.manipulator.viewport-107.0.1] startup
[5.217s] [ext: omni.graph.visualization.nodes-2.1.4] startup
[5.241s] [ext: omni.kit.window.extensions-1.5.10] startup
[5.248s] [ext: isaacsim.gui.components-1.8.5] startup
[5.254s] [ext: isaacsim.robot.surface_gripper-3.6.2] startup
[5.268s] [ext: isaacsim.robot.manipulators-3.4.4] startup
[5.282s] [ext: isaacsim.robot_motion.lula-4.1.3] startup
[5.291s] [ext: isaacsim.robot_motion.motion_generation-8.2.9] startup
[5.299s] [ext: isaacsim.cortex.framework-1.0.18] startup
[5.301s] [ext: isaacsim.cortex.behaviors-2.0.17] startup
[5.303s] [ext: isaacsim.examples.base-1.3.2] startup
[5.306s] [ext: omni.kit.widget.zoombar-1.0.7] startup
[5.307s] [ext: omni.kit.browser.core-2.3.18] startup
[5.312s] [ext: omni.kit.browser.folder.core-2.0.2] startup
[5.317s] [ext: omni.kit.widget.stage_icons-1.0.8] startup
[5.318s] [ext: omni.kit.window.stage-2.6.1] startup
[5.323s] [ext: omni.kit.menu.stage-1.2.7] startup
[5.325s] [ext: omni.kit.usd.collect-3.0.6] startup
[5.328s] [ext: omni.kit.widget.prompt-1.0.7] startup
[5.329s] [ext: omni.kit.tool.collect-2.2.19] startup
[5.332s] [ext: isaacsim.examples.browser-0.3.2] startup
[5.335s] [ext: omni.kit.search.files-1.0.4] startup
[5.336s] [ext: omni.kit.widget.calendar-1.0.9] startup
[5.338s] [ext: omni.kit.widget.extended_searchfield-1.0.31] startup
[5.348s] [ext: omni.simready.content.browser-0.3.7] startup
[5.452s] [ext: isaacsim.gui.content_browser-0.4.3] startup
[5.457s] [ext: omni.kit.selection-0.1.6] startup
[5.462s] [ext: isaacsim.gui.menu-2.10.5] startup
[5.472s] [ext: isaacsim.gui.property-1.6.4] startup
[5.481s] [ext: omni.kit.viewport.actions-110.0.0] startup
[5.486s] [ext: omni.kit.viewport.menubar.display-107.1.3] startup
[5.488s] [ext: isaacsim.gui.sensors.icon-2.2.1] startup
[5.492s] [ext: omni.behavior.scripting.core-110.1.0] startup
[5.495s] [ext: isaacsim.replicator.behavior-1.5.4] startup
[5.496s] [ext: isaacsim.replicator.experimental.domain_randomization-1.2.5] startup
[5.518s] [ext: isaacsim.replicator.domain_randomization-1.2.2] startup
[5.611s] [ext: isaacsim.replicator.writers-1.5.4] startup
[5.643s] [ext: isaacsim.robot.experimental.wheeled_robots-0.2.11] startup
[5.669s] [ext: isaacsim.robot.policy.examples-5.2.12] startup
[5.694s] [ext: isaacsim.robot.wheeled_robots-5.2.4] startup
[5.699s] [ext: isaacsim.robot.wheeled_robots.nodes-0.1.5] startup
[5.727s] [ext: isaacsim.robot_motion.experimental.motion_generation-6.1.3] startup
[5.740s] [ext: isaacsim.robot_motion.cumotion-1.3.1] startup
[5.757s] [ext: omni.kit.numpy.common-0.1.3] startup
[5.759s] [ext: isaacsim.sensors.camera-1.7.9] startup
[5.792s] [ext: isaacsim.sensors.experimental.physics-3.0.2] startup
[5.802s] [ext: omni.sensors.net-1.0.1] startup
[5.809s] [ext: omni.sensors.nv.common-3.0.0] startup
[5.826s] [ext: omni.sensors.nv.materials-2.0.0] startup
[5.830s] [ext: omni.sensors.nv.acoustic-3.0.0] startup
[5.834s] [ext: omni.sensors.nv.ids-2.0.1] startup
[5.836s] [ext: omni.sensors.nv.lidar-3.0.0] startup
[5.842s] [ext: omni.sensors.nv.radar-3.0.0] startup
[5.846s] [ext: isaacsim.sensors.experimental.rtx-1.4.6] startup
[6.098s] [ext: isaacsim.sensors.physics.nodes-1.5.3] startup
[6.107s] [ext: isaacsim.util.debug_draw-3.2.3] startup
[6.115s] [ext: isaacsim.sensors.physx-2.5.5] startup
[6.125s] [ext: isaacsim.sensors.rtx-15.17.1] startup
[6.141s] [ext: isaacsim.simulation_app-2.18.4] startup
[6.141s] [ext: omni.anim.curve.core-1.6.0] startup
[6.154s] [ext: omni.graph.ui_nodes-2.11.1] startup
[6.205s] [ext: omni.hydra.scene_api-0.1.3] startup
[6.210s] [ext: omni.kit.manipulator.camera-110.0.0] startup
[6.215s] [ext: omni.kit.manipulator.selector-1.1.4] startup
[6.217s] [ext: omni.kit.manipulator.transform-107.0.0] startup
[6.222s] [ext: omni.kit.widget.toolbar-2.1.0] startup
[6.229s] [ext: omni.kit.manipulator.tool.snap-1.5.14] startup
[6.234s] [ext: omni.kit.viewport.manipulator.transform-107.0.4] startup
[6.236s] [ext: omni.kit.manipulator.prim.core-108.0.2] startup
[6.243s] [ext: omni.kit.manipulator.prim.usd-107.0.3] startup
[6.245s] [ext: omni.kit.manipulator.prim-108.0.0] startup
[6.245s] [ext: omni.kit.manipulator.selection-109.0.1] startup
[6.247s] [ext: omni.kit.menu.create-2.0.2] startup
[6.249s] [ext: omni.kit.property.audio-1.0.16] startup
[6.253s] [ext: omni.kit.property.camera-1.0.14] startup
[6.255s] [ext: omni.kit.property.geometry-2.1.2] startup
[6.259s] [ext: omni.kit.property.light-1.0.14] startup
2026-08-13T06:15:11Z [6,257ms] [Warning] [omni.usd] Encountered USD Warnings but USD Diagnostics are currently muted. To view USD Warnings, please set the '/persistent/app/usd/muteUsdDiagnostics' setting to false in Preferences page.
[6.348s] [ext: omni.kit.property.material-1.14.6] startup
[6.360s] [ext: omni.kit.property.render-1.2.2] startup
[6.363s] [ext: omni.kit.property.transform-1.6.9] startup
[6.369s] [ext: omni.kit.property.bundle-1.5.1] startup
[6.372s] [ext: omni.kit.usdz_export-1.1.0] startup
[6.377s] [ext: omni.kit.tool.asset_importer-6.0.1] startup
[6.386s] [ext: omni.kit.ui.actions-1.0.5] startup
[6.389s] [ext: omni.kit.viewport.menubar.camera-107.0.10] startup
[6.398s] [ext: omni.kit.viewport.menubar.lighting-107.3.2] startup
[6.402s] [ext: omni.kit.viewport.menubar.render-110.0.0] startup
[6.407s] [ext: omni.kit.viewport.menubar.settings-110.0.1] startup
[6.412s] [ext: omni.kit.window.console-1.1.9] startup
[6.416s] [ext: omni.kit.window.status_bar-0.1.11] startup
[6.420s] [ext: omni.kit.window.toolbar-3.0.3] startup
[6.423s] [ext: omni.ocio-0.1.1] startup
[6.425s] [ext: omni.physx.commands-110.1.13] startup
[6.428s] [ext: omni.replicator.replicator_yaml-2.0.12] startup
[6.442s] [ext: omni.rtx.window.settings-0.8.0] startup
[6.447s] [ext: omni.rtx.settings.core-0.7.1] startup
[6.451s] [ext: omni.usd.metrics.assembler.ui-110.1.1] startup
[6.459s] [ext: semantics.schema.editor-2.0.2] startup
[6.462s] [ext: semantics.schema.property-2.0.2] startup
[6.464s] [ext: omni.kit.menu.common-2.0.2] startup
[6.466s] [ext: isaacsim.exp.base-6.0.1] startup
[6.466s] [ext: isaacsim.exp.base.python-6.0.1] startup
[6.469s] Simulation App Starting
[9.508s] Simulation App Startup Complete
[9.519s] app ready
[10.075s] [ext: isaacsim.robot_motion.pink-0.1.3] startup
2026-08-13T06:15:18Z [13,473ms] [Error] [omni.rtx.materials] [UsdToMdl] Prim '/World/Task/living_room_table/Visual/Looks/Louisa_Coffee_Table_LTV3/Louisa_Coffee_Table_LTV3' parameter 'normalmap_texture': References an asset that can not be found: './materials/textures/louisa-coffee-table-wood-bump.jpg'
2026-08-13T06:15:18Z [13,477ms] [Error] [omni.rtx.materials] [UsdToMdl] Prim '/World/Task/living_room_table/Visual/Looks/Louisa_Coffee_Table_LTV3/Louisa_Coffee_Table_LTV3' parameter 'normalmap_texture': References an asset that can not be found: './materials/textures/louisa-coffee-table-wood-bump.jpg'
2026-08-13T06:15:19Z [14,443ms] [Error] [omni.rtx.materials] [UsdToMdl] Prim '/World/Task/living_room_table/Visual/Looks/Louisa_Coffee_Table_LTV3/Louisa_Coffee_Table_LTV3' parameter 'normalmap_texture': References an asset that can not be found: './materials/textures/louisa-coffee-table-wood-bump.jpg'
2026-08-13T06:15:19Z [14,443ms] [Error] [omni.rtx.materials] [UsdToMdl] Prim '/World/Task/living_room_table/Visual/Looks/Louisa_Coffee_Table_LTV3/Louisa_Coffee_Table_LTV3' parameter 'normalmap_texture': References an asset that can not be found: './materials/textures/louisa-coffee-table-wood-bump.jpg'
Starting kit application with the following args:  ['/root/autodl-tmp/isaac_sim/venv/lib/python3.12/site-packages/isaacsim/exts/isaacsim.simulation_app/isaacsim/simulation_app/simulation_app.py', '/root/autodl-tmp/isaac_sim/venv/lib/python3.12/site-packages/isaacsim/apps/isaacsim.exp.base.python.kit', '--/app/tokens/exe-path=/root/autodl-tmp/isaac_sim/venv/lib/python3.12/site-packages/isaacsim/kit', '--/persistent/app/viewport/displayOptions=3094', '--/rtx/materialDb/syncLoads=True', '--/rtx/hydra/materialSyncLoads=True', '--/omni/kit/plugin/syncUsdLoads=True', '--/app/renderer/resolution/width=1280', '--/app/renderer/resolution/height=720', '--/app/window/width=1440', '--/app/window/height=900', '--/renderer/multiGpu/enabled=True', '--/app/fastShutdown=True', '--/app/installSignalHandlers=0', '--ext-folder', '/root/autodl-tmp/isaac_sim/venv/lib/python3.12/site-packages/isaacsim/exts', '--ext-folder', '/root/autodl-tmp/isaac_sim/venv/lib/python3.12/site-packages/isaacsim/apps', '--/physics/cudaDevice=0', '--/plugins/carb.tasking.plugin/threadCount=32', '--/plugins/omni.tbb.globalcontrol/maxThreadCount=32', '--portable', '--no-window', '--/app/window/hideUi=1', '--allow-root']
Passing the following args to the base kit application:  ['--object', 'tomato', '--trial-index', '0', '--output-dir', '/root/autodl-tmp/VLA-Intern-Sprint/results/phase3_step7/grasp_oracle/tomato_00']
Warp 1.13.0 initialized:
   CUDA Toolkit 12.9, Driver 13.0
   Devices:
     "cpu"      : "x86_64"
     "cuda:0"   : "NVIDIA GeForce RTX 5090" (31 GiB, sm_120, mempool enabled)
   Kernel cache:
     /root/autodl-tmp/isaac_cache/xdg/warp/1.13.0
2026-08-13T06:15:21Z [15,793ms] [Warning] [omni.rtx] DLSS increasing input dimensions: Render resolution of (128, 128) is below minimal input resolution of 300.
[20.592s] Simulation App Shutting Down
