WARNING: All log messages before absl::InitializeLog() is called are written to STDERR
E0000 00:00:1786520552.055871   22396 descriptor_database.cc:633] File already exists in database: grpc/health/v1/health.proto
W0000 00:00:1786520552.055900   22396 message.cc:301] Protobuf GeneratedMessageFactory: File is already registered: grpc/health/v1/health.proto
2026-08-12T07:42:31Z [Info] [carb] Logging to file: /root/autodl-tmp/isaac_sim/venv/lib/python3.12/site-packages/isaacsim/kit/logs/Kit/Isaac-Sim Python/6.0/kit_20260812_154231.log
[0.089s] [ext: omni.assets.plugins-0.0.0] startup
[0.090s] [ext: omni.blobkey-1.1.2] startup
[0.090s] [ext: omni.kit.async_engine-0.0.3] startup
[0.185s] [ext: omni.client.lib-1.1.1] startup
[0.197s] [ext: omni.client-1.3.0] startup
[0.202s] [ext: omni.protobuf.lib-1.0.0] startup
[0.203s] [ext: omni.grpc.lib-1.0.0] startup
[0.208s] [ext: omni.metrics.core-0.0.3] startup
[0.208s] [ext: omni.datastore-0.0.0] startup
[0.209s] [ext: omni.gpu_foundation.shadercache.vulkan-1.0.0] startup
[0.211s] [ext: omni.hsscclient-1.1.4] startup
[0.211s] [ext: omni.stats-1.0.1] startup
[0.212s] [ext: omni.ujitso.default-1.0.0] startup
[0.215s] [ext: omni.gpu_foundation-0.0.0] startup
[0.487s] [ext: carb.windowing.plugins-1.0.1] startup
[0.488s] [ext: omni.kit.renderer.init-1.0.1] startup
2026-08-12T07:42:32Z [517ms] [Warning] [omni.platforminfo.plugin] failed to open the default display.  Can't verify X Server version.
2026-08-12T07:42:33Z [1,452ms] [Error] [omni.rtx] VkResult: ERROR_INCOMPATIBLE_DRIVER
2026-08-12T07:42:33Z [1,452ms] [Error] [omni.rtx] vkCreateInstance failed. Vulkan 1.1 is not supported, or your driver requires an update.
2026-08-12T07:42:33Z [1,452ms] [Error] [omni.rtx] carb::graphics::createInstance failed.
2026-08-12T07:42:34Z [2,100ms] [Error] [omni.rtx] VkResult: ERROR_INCOMPATIBLE_DRIVER
2026-08-12T07:42:34Z [2,100ms] [Error] [omni.rtx] vkCreateInstance failed. Vulkan 1.1 is not supported, or your driver requires an update.
2026-08-12T07:42:34Z [2,100ms] [Error] [omni.rtx] carb::graphics::createInstance failed.
2026-08-12T07:42:34Z [2,100ms] [Error] [omni.gpu_foundation_factory.plugin] Failed to create any GPU devices, including an attempt with compatibility mode.
sh: 1: zenity: not found
[2.159s] [ext: omni.kit.pipapi-0.0.0] startup
[2.160s] [ext: omni.kit.telemetry-0.5.2] startup
[2.165s] [ext: omni.kit.loop-isaac-1.6.0] startup
[2.183s] [ext: omni.kit.test-2.0.7] startup
[2.240s] [ext: omni.materialx.libs-1.0.9] startup
[2.246s] [ext: omni.gpucompute.plugins-0.0.0] startup
[2.247s] [ext: omni.usd.config-1.0.7] startup
[2.250s] [ext: omni.usd.libs-1.0.3] startup
[2.330s] [ext: omni.iray.libs-0.0.1] startup
[2.335s] [ext: omni.mdl-57.0.3] startup
[2.387s] [ext: omni.mdl.neuraylib-0.2.20] startup
[2.388s] [ext: omni.kit.usd.mdl-1.1.9] startup
[2.492s] [ext: omni.appwindow-1.2.2] startup
[2.499s] [ext: omni.kit.renderer.core-1.2.2] startup
2026-08-12T07:42:34Z [2,444ms] [Error] [omni.kit.renderer.plugin] GPU Foundation is not initialized!
[2.502s] [ext: omni.kit.renderer.capture-2.0.1] startup
[2.504s] [ext: omni.kit.renderer.imgui-2.0.6] startup
2026-08-12T07:42:34Z [2,451ms] [Warning] [carb.windowing-glfw.plugin] GLFW initialization failed.
2026-08-12T07:42:34Z [2,451ms] [Warning] [carb] Failed to startup plugin carb.windowing-glfw.plugin (interfaces: [carb::windowing::IGLContext v1.0],[carb::windowing::IWindowing v1.5]) (impl: carb.windowing-glfw.plugin)
2026-08-12T07:42:34Z [2,452ms] [Error] [omni.kit.imgui_renderer.plugin] _prepareDefaultWindow: invalid device attached to the default window!
[2.509s] [ext: omni.ui-3.2.0] startup
[2.518s] [ext: omni.kit.mainwindow-1.0.3] startup
[2.519s] [ext: carb.audio-0.1.0] startup
[2.524s] [ext: omni.uiaudio-1.0.0] startup
[2.524s] [ext: omni.kit.uiapp-0.0.0] startup
[2.524s] [ext: omni.usd.schema.metrics.assembler-110.1.0] startup
[2.527s] [ext: omni.usd.schema.audio-0.0.1] startup
[2.529s] [ext: omni.usd_resolver-1.0.0] startup
[2.532s] [ext: omni.usd.core-1.8.3] startup
[2.536s] [ext: omni.metropolis.schema-0.0.3] startup
[2.536s] [ext: isaacsim.anim.robot.schema-0.1.1] startup
[2.537s] [ext: omni.usd.schema.anim-0.0.1] startup
[2.554s] [ext: omni.usd.schema.geospatial-0.0.1] startup
[2.556s] [ext: omni.usd.schema.omnigraph-1.0.1] startup
[2.561s] [ext: omni.usd.schema.semantics-0.0.0] startup
[2.563s] [ext: omni.activity.core-1.0.3] startup
[2.564s] [ext: omni.cubric-0.1.0] startup
[2.564s] [ext: omni.graph.exec-0.9.6] startup
[2.565s] [ext: omni.hydra.scene_delegate-0.3.5] startup
[2.568s] [ext: usdrt.scenegraph-7.6.3] startup
[2.594s] [ext: omni.hydra.usdrt_delegate-7.5.2] startup
[2.599s] [ext: omni.inspect-1.0.2] startup
[2.601s] [ext: omni.kit.actions.core-1.0.0] startup
[2.603s] [ext: omni.kit.audiodeviceenum-1.0.2] startup
[2.604s] [ext: omni.kit.commands-1.5.0] startup
[2.607s] [ext: omni.kit.exec.core-0.13.5] startup
[2.608s] [ext: omni.kit.usd_undo-0.1.8] startup
[2.608s] [ext: omni.kit.window.popup_dialog-2.0.25] startup
[2.612s] [ext: omni.kit.widget.nucleus_connector-2.3.1] startup
[2.614s] [ext: omni.timeline-1.1.0] startup
[2.616s] [ext: omni.usd-1.16.0] startup
[2.654s] [ext: omni.graph.core-3.1.2] startup
[2.660s] [ext: omni.kit.notification_manager-1.0.11] startup
[2.663s] [ext: isaacsim.core.deprecation_manager-0.4.2] startup
[2.664s] [ext: isaacsim.replicator.agent.schema-0.1.1] startup
[2.664s] [ext: isaacsim.robot.schema-6.3.7] startup
[2.669s] [ext: isaacsim.robot_motion.schema-0.2.1] startup
[2.670s] [ext: omni.anim.behavior.schema-110.1.0] startup
[2.673s] [ext: omni.anim.graph.schema-110.1.1] startup
[2.678s] [ext: omni.anim.navigation.schema-110.1.0] startup
[2.680s] [ext: omni.behavior.tree.schema-110.1.0] startup
[2.681s] [ext: omni.kit.asset_converter-6.0.1] startup
[2.692s] [ext: omni.usd.schema.flow-110.0.0] startup
[2.693s] [ext: omni.usd.schema.mujoco-1.1.1] startup
[2.693s] [ext: omni.usd.schema.newton-1.2.1] startup
[2.694s] [ext: omni.usd.schema.omni_lens_distortion-1.0.0] startup
[2.694s] [ext: omni.usd.schema.omni_projectors-1.0.0] startup
[2.695s] [ext: omni.usd.schema.omni_sensors-0.0.0] startup
[2.701s] [ext: omni.usd.schema.omniscripting-1.0.1] startup
[2.705s] [ext: omni.usd.schema.physical_lighting-0.1.0] startup
[2.708s] [ext: omni.usd.schema.physx-110.1.13] startup
[2.737s] [ext: omni.usd.schema.render_settings.rtx-1.0.2] startup
[2.740s] [ext: omni.usd.schema.usd_particle_field-1.0.0] startup
[2.740s] [ext: isaacsim.core.version-2.1.1] startup
[2.741s] [ext: omni.kit.menu.core-1.2.0] startup
[2.741s] [ext: omni.kit.menu.utils-2.2.4] startup
[2.748s] [ext: isaacsim.app.about-2.3.1] startup
[2.752s] [ext: isaacsim.asset.transformer-1.2.5] startup
[2.755s] [ext: omni.scene.optimizer.core-110.1.0] startup
[2.802s] [ext: isaacsim.asset.importer.utils-1.8.1] startup
[2.804s] [ext: omni.convexdecomposition-110.1.13] startup
[2.806s] [ext: omni.physics-110.1.13] startup
[2.809s] [ext: omni.physx.gpu-110.1.13] startup
[2.809s] [ext: omni.physx.foundation-110.1.13] startup
[2.811s] [ext: omni.usdphysics-110.1.13] startup
[2.813s] [ext: omni.physx.cooking-110.1.13] startup
[2.815s] [ext: omni.physx-110.1.13] startup
[2.824s] [ext: omni.physics.physx-110.1.13] startup
[2.826s] [ext: isaacsim.asset.exporter.urdf-2.0.5] startup
[2.833s] [ext: omni.kit.clipboard-1.1.1] startup
[2.834s] [ext: omni.kit.usd.layers-2.6.1] startup
[2.841s] [ext: omni.kit.widget.context_menu-1.4.0] startup
[2.842s] [ext: omni.kit.context_menu-1.9.0] startup
[2.843s] [ext: omni.kit.helper.file_utils-0.1.10] startup
[2.844s] [ext: omni.kit.widget.nucleus_info-2.0.2] startup
[2.845s] [ext: omni.kit.search_core-1.0.8] startup
[2.846s] [ext: omni.kit.widget.path_field-2.0.13] startup
[2.846s] [ext: omni.kit.widget.browser_bar-2.0.10] startup
[2.847s] [ext: omni.kit.widget.filebrowser-2.13.4] startup
[2.851s] [ext: omni.kit.widget.options_menu-1.1.6] startup
[2.853s] [ext: omni.kit.widget.options_button-1.0.3] startup
[2.854s] [ext: omni.kit.widget.search_delegate-1.0.9] startup
[2.855s] [ext: omni.ui.scene-2.0.3] startup
[2.859s] [ext: omni.kit.window.filepicker-2.15.5] startup
[2.872s] [ext: omni.kit.window.file_importer-1.1.21] startup
[2.874s] [ext: omni.kit.material.library-3.1.2] startup
[2.879s] [ext: isaacsim.asset.transformer.rules-1.7.10] startup
[2.889s] [ext: omni.usdex.libs-2.2.2] startup
[2.897s] [ext: isaacsim.asset.importer.mjcf-3.10.1] startup
[2.899s] [ext: isaacsim.asset.importer.urdf-3.11.2] startup
[2.902s] [ext: omni.kit.primitive.mesh-1.1.0] startup
[2.905s] [ext: omni.kit.stage_template.core-1.1.22] startup
[2.905s] [ext: omni.kit.stage_templates-2.0.2] startup
[2.907s] [ext: omni.usd.metrics.assembler-110.1.2] startup
[2.910s] [ext: omni.warp.core-1.13.0] startup
[3.083s] [ext: isaacsim.core.experimental.utils-0.17.2] startup
[3.084s] [ext: omni.physics.stageupdate-110.1.13] startup
[3.086s] [ext: omni.physics.tensors-110.1.13] startup
[3.090s] [ext: omni.physx.tensors-110.1.13] startup
[3.207s] [ext: isaacsim.core.simulation_manager-1.15.6] startup
[3.222s] [ext: isaacsim.storage.native-1.9.3] startup
[3.223s] [ext: omni.usd.metrics.assembler.physics-110.1.13] startup
[3.224s] [ext: isaacsim.core.utils-4.1.7] startup
[3.227s] [ext: isaacsim.core.prims-0.11.7] startup
[4.412s] [ext: isaacsim.core.api-5.2.13] startup
[4.420s] [ext: isaacsim.core.cloner-1.7.3] startup
[4.422s] [ext: isaacsim.test.docstring-1.3.2] startup
[4.426s] [ext: isaacsim.core.experimental.prims-1.8.9] startup
[4.449s] [ext: isaacsim.core.experimental.primdata-0.3.2] startup
[4.451s] [ext: omni.graph.tools-1.81.0] startup
[4.474s] [ext: omni.graph-1.142.5] startup
[4.512s] [ext: isaacsim.core.experimental.actuators-0.1.2] startup
[4.534s] [ext: isaacsim.core.experimental.materials-0.7.1] startup
[4.538s] [ext: isaacsim.core.experimental.objects-0.8.1] startup
[4.600s] [ext: omni.hydra.engine.stats-1.0.5] startup
[4.603s] [ext: omni.hydra.rtx.shadercache.vulkan-1.0.0] startup
[4.604s] [ext: omni.index.libs-387500.4413.0] startup
[4.604s] [ext: omni.index-1.0.1] startup
[4.605s] [ext: omni.ujitso.client-0.0.0] startup
[4.605s] [ext: omni.usd.schema.playback-1.0.0] startup
[4.609s] [ext: omni.volume-0.5.2] startup
[4.614s] [ext: omni.hydra.rtx-1.0.4] startup
2026-08-12T07:42:36Z [4,575ms] [Warning] [omni.log] Source: omni.hydra was already registered.
[4.648s] [ext: omni.kit.hydra_texture-1.6.0] startup
[4.652s] [ext: omni.kit.raycast.query-1.2.0] startup
[4.656s] [ext: omni.kit.viewport.legacy_gizmos-1.0.24] startup
[4.659s] [ext: omni.kit.viewport.registry-104.0.6] startup
[4.660s] [ext: omni.kit.viewport.scene_camera_model-1.0.7] startup
[4.664s] [ext: omni.kit.widget.viewport-109.2.0] startup
[4.669s] [ext: omni.kit.window.drop_support-1.0.8] startup
[4.669s] [ext: omni.kit.viewport.window-109.0.2] startup
[4.688s] [ext: omni.kit.viewport.utility-2.0.1] startup
[4.689s] [ext: isaacsim.core.rendering_manager-0.4.3] startup
[4.708s] [ext: omni.graph.action_core-1.1.9] startup
[4.710s] [ext: omni.graph.action_nodes_core-2.11.0] startup
[4.713s] [ext: omni.graph.action_nodes-2.11.0] startup
[4.769s] [ext: omni.graph.action-2.10.2] startup
[4.770s] [ext: omni.graph.image.core-0.6.1] startup
[4.771s] [ext: omni.graph.image.nodes-1.3.1] startup
[4.772s] [ext: omni.graph.nodes_core-2.11.0] startup
[4.779s] [ext: omni.graph.nodes-2.12.0] startup
[4.785s] [ext: omni.kit.hotkeys.core-1.3.12] startup
[4.786s] [ext: omni.kit.property.adapter.core-1.1.1] startup
[4.789s] [ext: omni.kit.property.adapter.usd-1.0.5] startup
[4.790s] [ext: omni.kit.widget.filter-1.1.5] startup
[4.791s] [ext: omni.kit.widget.highlight_label-1.0.3] startup
[4.792s] [ext: omni.kit.widget.searchfield-1.1.8] startup
[4.795s] [ext: omni.kit.window.file_exporter-1.0.36] startup
[4.796s] [ext: omni.kit.widget.stage-4.4.0] startup
[4.805s] [ext: omni.kit.window.content_browser_registry-0.0.6] startup
[4.806s] [ext: omni.kit.window.file-2.0.10] startup
[4.809s] [ext: omni.kit.window.content_browser-3.1.8] startup
[4.820s] [ext: omni.kit.window.property-1.15.1] startup
[4.832s] [ext: omni.kit.property.usd-4.9.4] startup
[4.842s] [ext: omni.graph.scriptnode-2.10.2] startup
[4.857s] [ext: omni.kit.widget.searchable_combobox-1.0.7] startup
[4.858s] [ext: omni.kit.widget.settings-2.0.0] startup
[4.860s] [ext: omni.kit.window.preferences-1.8.3] startup
[4.866s] [ext: omni.kit.viewport.menubar.core-107.2.2] startup
[4.877s] [ext: omni.syntheticdata-0.6.15] startup
[4.921s] [ext: omni.replicator.nv-1.1.1] startup
[4.929s] [ext: omni.videoencoding-0.2.1] startup
[4.931s] [ext: omni.replicator.core-1.13.27] startup
2026-08-12T07:42:36Z [4,884ms] [Warning] [pxr.Semantics] pxr.Semantics is deprecated - please use Semantics instead
2026-08-12T07:42:36Z [4,964ms] [Warning] [omni.replicator.core.scripts.extension] No material configuration file, adding configuration to material settings directly.
[5.193s] [ext: isaacsim.core.nodes-5.10.5] startup
[5.238s] [ext: isaacsim.core.throttling-2.3.5] startup
[5.239s] [ext: omni.kit.manipulator.viewport-107.0.1] startup
[5.240s] [ext: omni.graph.visualization.nodes-2.1.4] startup
[5.261s] [ext: omni.kit.window.extensions-1.5.10] startup
[5.267s] [ext: isaacsim.gui.components-1.8.5] startup
[5.272s] [ext: isaacsim.robot.surface_gripper-3.6.2] startup
[5.293s] [ext: isaacsim.robot.manipulators-3.4.4] startup
[5.308s] [ext: isaacsim.robot_motion.lula-4.1.3] startup
[5.316s] [ext: isaacsim.robot_motion.motion_generation-8.2.9] startup
[5.323s] [ext: isaacsim.cortex.framework-1.0.18] startup
[5.325s] [ext: isaacsim.cortex.behaviors-2.0.17] startup
[5.327s] [ext: isaacsim.examples.base-1.3.2] startup
[5.329s] [ext: omni.kit.widget.zoombar-1.0.7] startup
[5.330s] [ext: omni.kit.browser.core-2.3.18] startup
[5.334s] [ext: omni.kit.browser.folder.core-2.0.2] startup
[5.339s] [ext: omni.kit.widget.stage_icons-1.0.8] startup
[5.340s] [ext: omni.kit.window.stage-2.6.1] startup
[5.344s] [ext: omni.kit.menu.stage-1.2.7] startup
[5.346s] [ext: omni.kit.usd.collect-3.0.6] startup
[5.348s] [ext: omni.kit.widget.prompt-1.0.7] startup
[5.350s] [ext: omni.kit.tool.collect-2.2.19] startup
[5.352s] [ext: isaacsim.examples.browser-0.3.2] startup
[5.355s] [ext: omni.kit.search.files-1.0.4] startup
[5.356s] [ext: omni.kit.widget.calendar-1.0.9] startup
[5.357s] [ext: omni.kit.widget.extended_searchfield-1.0.31] startup
[5.366s] [ext: omni.simready.content.browser-0.3.7] startup
[5.460s] [ext: isaacsim.gui.content_browser-0.4.3] startup
[5.463s] [ext: omni.kit.selection-0.1.6] startup
[5.464s] [ext: isaacsim.gui.menu-2.10.5] startup
[5.474s] [ext: isaacsim.gui.property-1.6.4] startup
[5.481s] [ext: omni.kit.viewport.actions-110.0.0] startup
[5.485s] [ext: omni.kit.viewport.menubar.display-107.1.3] startup
[5.487s] [ext: isaacsim.gui.sensors.icon-2.2.1] startup
[5.491s] [ext: omni.behavior.scripting.core-110.1.0] startup
[5.494s] [ext: isaacsim.replicator.behavior-1.5.4] startup
[5.495s] [ext: isaacsim.replicator.experimental.domain_randomization-1.2.5] startup
[5.526s] [ext: isaacsim.replicator.domain_randomization-1.2.2] startup
[5.604s] [ext: isaacsim.replicator.writers-1.5.4] startup
[5.634s] [ext: isaacsim.robot.experimental.wheeled_robots-0.2.11] startup
[5.656s] [ext: isaacsim.robot.policy.examples-5.2.12] startup
[5.679s] [ext: isaacsim.robot.wheeled_robots-5.2.4] startup
[5.683s] [ext: isaacsim.robot.wheeled_robots.nodes-0.1.5] startup
[5.716s] [ext: isaacsim.robot_motion.experimental.motion_generation-6.1.3] startup
[5.726s] [ext: isaacsim.robot_motion.cumotion-1.3.1] startup
[5.741s] [ext: omni.kit.numpy.common-0.1.3] startup
[5.743s] [ext: isaacsim.sensors.camera-1.7.9] startup
[5.771s] [ext: isaacsim.sensors.experimental.physics-3.0.2] startup
[5.779s] [ext: omni.sensors.net-1.0.1] startup
[5.790s] [ext: omni.sensors.nv.common-3.0.0] startup
[5.804s] [ext: omni.sensors.nv.materials-2.0.0] startup
[5.808s] [ext: omni.sensors.nv.acoustic-3.0.0] startup
[5.812s] [ext: omni.sensors.nv.ids-2.0.1] startup
[5.814s] [ext: omni.sensors.nv.lidar-3.0.0] startup
[5.819s] [ext: omni.sensors.nv.radar-3.0.0] startup
[5.822s] [ext: isaacsim.sensors.experimental.rtx-1.4.6] startup
[6.047s] [ext: isaacsim.sensors.physics.nodes-1.5.3] startup
[6.058s] [ext: isaacsim.util.debug_draw-3.2.3] startup
[6.067s] [ext: isaacsim.sensors.physx-2.5.5] startup
[6.076s] [ext: isaacsim.sensors.rtx-15.17.1] startup
[6.090s] [ext: isaacsim.simulation_app-2.18.4] startup
[6.091s] [ext: omni.anim.curve.core-1.6.0] startup
[6.103s] [ext: omni.graph.ui_nodes-2.11.1] startup
[6.142s] [ext: omni.hydra.scene_api-0.1.3] startup
[6.148s] [ext: omni.kit.manipulator.camera-110.0.0] startup
[6.152s] [ext: omni.kit.manipulator.selector-1.1.4] startup
[6.153s] [ext: omni.kit.manipulator.transform-107.0.0] startup
[6.158s] [ext: omni.kit.widget.toolbar-2.1.0] startup
[6.165s] [ext: omni.kit.manipulator.tool.snap-1.5.14] startup
[6.169s] [ext: omni.kit.viewport.manipulator.transform-107.0.4] startup
[6.171s] [ext: omni.kit.manipulator.prim.core-108.0.2] startup
[6.177s] [ext: omni.kit.manipulator.prim.usd-107.0.3] startup
[6.179s] [ext: omni.kit.manipulator.prim-108.0.0] startup
[6.179s] [ext: omni.kit.manipulator.selection-109.0.1] startup
[6.181s] [ext: omni.kit.menu.create-2.0.2] startup
[6.182s] [ext: omni.kit.property.audio-1.0.16] startup
[6.186s] [ext: omni.kit.property.camera-1.0.14] startup
[6.188s] [ext: omni.kit.property.geometry-2.1.2] startup
[6.191s] [ext: omni.kit.property.light-1.0.14] startup
2026-08-12T07:42:38Z [6,167ms] [Warning] [omni.usd] Encountered USD Warnings but USD Diagnostics are currently muted. To view USD Warnings, please set the '/persistent/app/usd/muteUsdDiagnostics' setting to false in Preferences page.
[6.252s] [ext: omni.kit.property.material-1.14.6] startup
[6.258s] [ext: omni.kit.property.render-1.2.2] startup
[6.259s] [ext: omni.kit.property.transform-1.6.9] startup
[6.263s] [ext: omni.kit.property.bundle-1.5.1] startup
[6.264s] [ext: omni.kit.usdz_export-1.1.0] startup
[6.267s] [ext: omni.kit.tool.asset_importer-6.0.1] startup
[6.273s] [ext: omni.kit.ui.actions-1.0.5] startup
[6.275s] [ext: omni.kit.viewport.menubar.camera-107.0.10] startup
[6.280s] [ext: omni.kit.viewport.menubar.lighting-107.3.2] startup
[6.282s] [ext: omni.kit.viewport.menubar.render-110.0.0] startup
[6.285s] [ext: omni.kit.viewport.menubar.settings-110.0.1] startup
[6.289s] [ext: omni.kit.window.console-1.1.9] startup
[6.293s] [ext: omni.kit.window.status_bar-0.1.11] startup
[6.296s] [ext: omni.kit.window.toolbar-3.0.3] startup
[6.298s] [ext: omni.ocio-0.1.1] startup
[6.300s] [ext: omni.physx.commands-110.1.13] startup
[6.303s] [ext: omni.replicator.replicator_yaml-2.0.12] startup
[6.317s] [ext: omni.rtx.window.settings-0.8.0] startup
[6.322s] [ext: omni.rtx.settings.core-0.7.1] startup
[6.325s] [ext: omni.usd.metrics.assembler.ui-110.1.1] startup
[6.332s] [ext: semantics.schema.editor-2.0.2] startup
[6.335s] [ext: semantics.schema.property-2.0.2] startup
[6.337s] [ext: omni.kit.menu.common-2.0.2] startup
[6.339s] [ext: isaacsim.exp.base-6.0.1] startup
[6.339s] [ext: isaacsim.exp.base.python-6.0.1] startup
[6.341s] Simulation App Starting
2026-08-12T07:42:38Z [6,351ms] [Warning] [omni.usd] UsdManager::createHydraEngineWithDefaultConfigImpl - no valid foundation interface found
2026-08-12T07:42:38Z [6,367ms] [Warning] [omni.graph.core.plugin] OmniGraphSettings::getCudaDeviceOrdinal: unable to get a valid CUDA device id from the renderer. Defaulting to GPU0.
[8.973s] Simulation App Startup Complete
[8.974s] app ready
[9.441s] [ext: isaacsim.sensors.rtx.nodes-0.1.2] startup
[9.453s] [ext: isaacsim.ros2.core-1.9.4] startup
[9.478s] Attempting to load system rclpy
[9.478s] Could not import system rclpy: No module named 'rclpy'
[9.478s] Attempting to load internal rclpy for ROS Distro: humble
[9.492s] rclpy loaded
[9.497s] [ext: isaacsim.ros2.nodes-1.18.13] startup
[9.554s] [ext: isaacsim.ros2.examples-1.2.4] startup
[9.561s] [ext: isaacsim.ros2.ui-1.6.5] startup
[9.832s] [ext: isaacsim.ros2.bridge-5.1.2] startup
Starting kit application with the following args:  ['/root/autodl-tmp/isaac_sim/venv/lib/python3.12/site-packages/isaacsim/exts/isaacsim.simulation_app/isaacsim/simulation_app/simulation_app.py', '/root/autodl-tmp/isaac_sim/venv/lib/python3.12/site-packages/isaacsim/apps/isaacsim.exp.base.python.kit', '--/app/tokens/exe-path=/root/autodl-tmp/isaac_sim/venv/lib/python3.12/site-packages/isaacsim/kit', '--/persistent/app/viewport/displayOptions=3094', '--/rtx/materialDb/syncLoads=True', '--/rtx/hydra/materialSyncLoads=True', '--/omni/kit/plugin/syncUsdLoads=True', '--/app/renderer/resolution/width=1280', '--/app/renderer/resolution/height=720', '--/app/window/width=1440', '--/app/window/height=900', '--/renderer/multiGpu/enabled=True', '--/app/fastShutdown=True', '--/app/installSignalHandlers=0', '--ext-folder', '/root/autodl-tmp/isaac_sim/venv/lib/python3.12/site-packages/isaacsim/exts', '--ext-folder', '/root/autodl-tmp/isaac_sim/venv/lib/python3.12/site-packages/isaacsim/apps', '--/physics/cudaDevice=0', '--/plugins/carb.tasking.plugin/threadCount=32', '--/plugins/omni.tbb.globalcontrol/maxThreadCount=32', '--portable', '--no-window', '--/app/window/hideUi=1', '--allow-root']
Passing the following args to the base kit application:  []
Warp 1.13.0 initialized:
   CUDA Toolkit 12.9, Driver 13.2
   Devices:
     "cpu"      : "x86_64"
     "cuda:0"   : "NVIDIA RTX 6000D" (83 GiB, sm_120, mempool enabled)
   Kernel cache:
     /root/autodl-tmp/isaac_cache/xdg/warp/1.13.0
ISAAC_READY=/root/autodl-tmp/VLA-Intern-Sprint/results/phase2_step1/isaac_ready.json
ISAAC_STOPPING
2026-08-12T07:42:53Z [21,734ms] [Warning] [isaacsim.ros2.nodes] [ROS2 Publish Joint State] Reading from targetPrim is deprecated. Connect an Isaac Read Joint State node and use its outputs instead.
[23.999s] Simulation App Shutting Down
