WARNING: All log messages before absl::InitializeLog() is called are written to STDERR
E0000 00:00:1786518308.563643   18132 descriptor_database.cc:633] File already exists in database: grpc/health/v1/health.proto
W0000 00:00:1786518308.563680   18132 message.cc:301] Protobuf GeneratedMessageFactory: File is already registered: grpc/health/v1/health.proto
2026-08-12T07:05:08Z [Info] [carb] Logging to file: /root/autodl-tmp/isaac_sim/venv/lib/python3.12/site-packages/isaacsim/kit/logs/Kit/Isaac-Sim Python/6.0/kit_20260812_150508.log
[0.093s] [ext: omni.assets.plugins-0.0.0] startup
[0.094s] [ext: omni.blobkey-1.1.2] startup
[0.094s] [ext: omni.kit.async_engine-0.0.3] startup
[0.189s] [ext: omni.client.lib-1.1.1] startup
[0.200s] [ext: omni.client-1.3.0] startup
[0.206s] [ext: omni.protobuf.lib-1.0.0] startup
[0.207s] [ext: omni.grpc.lib-1.0.0] startup
[0.213s] [ext: omni.metrics.core-0.0.3] startup
[0.213s] [ext: omni.datastore-0.0.0] startup
[0.214s] [ext: omni.gpu_foundation.shadercache.vulkan-1.0.0] startup
[0.216s] [ext: omni.hsscclient-1.1.4] startup
[0.216s] [ext: omni.stats-1.0.1] startup
[0.217s] [ext: omni.ujitso.default-1.0.0] startup
[0.219s] [ext: omni.gpu_foundation-0.0.0] startup
[0.467s] [ext: carb.windowing.plugins-1.0.1] startup
[0.467s] [ext: omni.kit.renderer.init-1.0.1] startup
2026-08-12T07:05:08Z [498ms] [Warning] [omni.platforminfo.plugin] failed to open the default display.  Can't verify X Server version.
2026-08-12T07:05:09Z [1,446ms] [Error] [omni.rtx] VkResult: ERROR_INCOMPATIBLE_DRIVER
2026-08-12T07:05:09Z [1,446ms] [Error] [omni.rtx] vkCreateInstance failed. Vulkan 1.1 is not supported, or your driver requires an update.
2026-08-12T07:05:09Z [1,446ms] [Error] [omni.rtx] carb::graphics::createInstance failed.
2026-08-12T07:05:10Z [2,061ms] [Error] [omni.rtx] VkResult: ERROR_INCOMPATIBLE_DRIVER
2026-08-12T07:05:10Z [2,062ms] [Error] [omni.rtx] vkCreateInstance failed. Vulkan 1.1 is not supported, or your driver requires an update.
2026-08-12T07:05:10Z [2,062ms] [Error] [omni.rtx] carb::graphics::createInstance failed.
2026-08-12T07:05:10Z [2,062ms] [Error] [omni.gpu_foundation_factory.plugin] Failed to create any GPU devices, including an attempt with compatibility mode.
sh: 1: zenity: not found
[2.127s] [ext: omni.kit.pipapi-0.0.0] startup
[2.128s] [ext: omni.kit.telemetry-0.5.2] startup
[2.152s] [ext: omni.kit.loop-isaac-1.6.0] startup
[2.153s] [ext: omni.kit.test-2.0.7] startup
[2.207s] [ext: omni.materialx.libs-1.0.9] startup
[2.213s] [ext: omni.gpucompute.plugins-0.0.0] startup
[2.214s] [ext: omni.usd.config-1.0.7] startup
[2.217s] [ext: omni.usd.libs-1.0.3] startup
[2.298s] [ext: omni.iray.libs-0.0.1] startup
[2.302s] [ext: omni.mdl-57.0.3] startup
[2.355s] [ext: omni.mdl.neuraylib-0.2.20] startup
[2.357s] [ext: omni.kit.usd.mdl-1.1.9] startup
[2.457s] [ext: omni.appwindow-1.2.2] startup
[2.462s] [ext: omni.kit.renderer.core-1.2.2] startup
2026-08-12T07:05:10Z [2,400ms] [Error] [omni.kit.renderer.plugin] GPU Foundation is not initialized!
[2.465s] [ext: omni.kit.renderer.capture-2.0.1] startup
[2.467s] [ext: omni.kit.renderer.imgui-2.0.6] startup
2026-08-12T07:05:10Z [2,407ms] [Warning] [carb.windowing-glfw.plugin] GLFW initialization failed.
2026-08-12T07:05:10Z [2,407ms] [Warning] [carb] Failed to startup plugin carb.windowing-glfw.plugin (interfaces: [carb::windowing::IGLContext v1.0],[carb::windowing::IWindowing v1.5]) (impl: carb.windowing-glfw.plugin)
2026-08-12T07:05:10Z [2,408ms] [Error] [omni.kit.imgui_renderer.plugin] _prepareDefaultWindow: invalid device attached to the default window!
[2.472s] [ext: omni.ui-3.2.0] startup
[2.483s] [ext: omni.kit.mainwindow-1.0.3] startup
[2.484s] [ext: carb.audio-0.1.0] startup
[2.488s] [ext: omni.uiaudio-1.0.0] startup
[2.489s] [ext: omni.kit.uiapp-0.0.0] startup
[2.489s] [ext: omni.usd.schema.metrics.assembler-110.1.0] startup
[2.491s] [ext: omni.usd.schema.audio-0.0.1] startup
[2.494s] [ext: omni.usd_resolver-1.0.0] startup
[2.497s] [ext: omni.usd.core-1.8.3] startup
[2.501s] [ext: omni.metropolis.schema-0.0.3] startup
[2.501s] [ext: isaacsim.anim.robot.schema-0.1.1] startup
[2.502s] [ext: omni.usd.schema.anim-0.0.1] startup
[2.517s] [ext: omni.usd.schema.geospatial-0.0.1] startup
[2.520s] [ext: omni.usd.schema.omnigraph-1.0.1] startup
[2.524s] [ext: omni.usd.schema.semantics-0.0.0] startup
[2.527s] [ext: omni.activity.core-1.0.3] startup
[2.528s] [ext: omni.cubric-0.1.0] startup
[2.528s] [ext: omni.graph.exec-0.9.6] startup
[2.528s] [ext: omni.hydra.scene_delegate-0.3.5] startup
[2.532s] [ext: usdrt.scenegraph-7.6.3] startup
[2.557s] [ext: omni.hydra.usdrt_delegate-7.5.2] startup
[2.562s] [ext: omni.inspect-1.0.2] startup
[2.564s] [ext: omni.kit.actions.core-1.0.0] startup
[2.565s] [ext: omni.kit.audiodeviceenum-1.0.2] startup
[2.566s] [ext: omni.kit.commands-1.5.0] startup
[2.569s] [ext: omni.kit.exec.core-0.13.5] startup
[2.571s] [ext: omni.kit.usd_undo-0.1.8] startup
[2.571s] [ext: omni.kit.window.popup_dialog-2.0.25] startup
[2.574s] [ext: omni.kit.widget.nucleus_connector-2.3.1] startup
[2.577s] [ext: omni.timeline-1.1.0] startup
[2.578s] [ext: omni.usd-1.16.0] startup
[2.612s] [ext: omni.graph.core-3.1.2] startup
[2.616s] [ext: omni.kit.notification_manager-1.0.11] startup
[2.618s] [ext: isaacsim.core.deprecation_manager-0.4.2] startup
[2.619s] [ext: isaacsim.replicator.agent.schema-0.1.1] startup
[2.620s] [ext: isaacsim.robot.schema-6.3.7] startup
[2.624s] [ext: isaacsim.robot_motion.schema-0.2.1] startup
[2.624s] [ext: omni.anim.behavior.schema-110.1.0] startup
[2.628s] [ext: omni.anim.graph.schema-110.1.1] startup
[2.633s] [ext: omni.anim.navigation.schema-110.1.0] startup
[2.636s] [ext: omni.behavior.tree.schema-110.1.0] startup
[2.636s] [ext: omni.kit.asset_converter-6.0.1] startup
[2.647s] [ext: omni.usd.schema.flow-110.0.0] startup
[2.648s] [ext: omni.usd.schema.mujoco-1.1.1] startup
[2.648s] [ext: omni.usd.schema.newton-1.2.1] startup
[2.649s] [ext: omni.usd.schema.omni_lens_distortion-1.0.0] startup
[2.649s] [ext: omni.usd.schema.omni_projectors-1.0.0] startup
[2.650s] [ext: omni.usd.schema.omni_sensors-0.0.0] startup
[2.656s] [ext: omni.usd.schema.omniscripting-1.0.1] startup
[2.660s] [ext: omni.usd.schema.physical_lighting-0.1.0] startup
[2.663s] [ext: omni.usd.schema.physx-110.1.13] startup
[2.689s] [ext: omni.usd.schema.render_settings.rtx-1.0.2] startup
[2.692s] [ext: omni.usd.schema.usd_particle_field-1.0.0] startup
[2.693s] [ext: isaacsim.core.version-2.1.1] startup
[2.693s] [ext: omni.kit.menu.core-1.2.0] startup
[2.693s] [ext: omni.kit.menu.utils-2.2.4] startup
[2.700s] [ext: isaacsim.app.about-2.3.1] startup
[2.704s] [ext: isaacsim.asset.transformer-1.2.5] startup
[2.707s] [ext: omni.scene.optimizer.core-110.1.0] startup
[2.754s] [ext: isaacsim.asset.importer.utils-1.8.1] startup
[2.756s] [ext: omni.convexdecomposition-110.1.13] startup
[2.758s] [ext: omni.physics-110.1.13] startup
[2.761s] [ext: omni.physx.gpu-110.1.13] startup
[2.762s] [ext: omni.physx.foundation-110.1.13] startup
[2.763s] [ext: omni.usdphysics-110.1.13] startup
[2.765s] [ext: omni.physx.cooking-110.1.13] startup
[2.767s] [ext: omni.physx-110.1.13] startup
[2.776s] [ext: omni.physics.physx-110.1.13] startup
[2.778s] [ext: isaacsim.asset.exporter.urdf-2.0.5] startup
[2.785s] [ext: omni.kit.clipboard-1.1.1] startup
[2.786s] [ext: omni.kit.usd.layers-2.6.1] startup
[2.793s] [ext: omni.kit.widget.context_menu-1.4.0] startup
[2.794s] [ext: omni.kit.context_menu-1.9.0] startup
[2.795s] [ext: omni.kit.helper.file_utils-0.1.10] startup
[2.797s] [ext: omni.kit.widget.nucleus_info-2.0.2] startup
[2.797s] [ext: omni.kit.search_core-1.0.8] startup
[2.798s] [ext: omni.kit.widget.path_field-2.0.13] startup
[2.798s] [ext: omni.kit.widget.browser_bar-2.0.10] startup
[2.799s] [ext: omni.kit.widget.filebrowser-2.13.4] startup
[2.803s] [ext: omni.kit.widget.options_menu-1.1.6] startup
[2.805s] [ext: omni.kit.widget.options_button-1.0.3] startup
[2.806s] [ext: omni.kit.widget.search_delegate-1.0.9] startup
[2.806s] [ext: omni.ui.scene-2.0.3] startup
[2.811s] [ext: omni.kit.window.filepicker-2.15.5] startup
[2.822s] [ext: omni.kit.window.file_importer-1.1.21] startup
[2.824s] [ext: omni.kit.material.library-3.1.2] startup
[2.829s] [ext: isaacsim.asset.transformer.rules-1.7.10] startup
[2.838s] [ext: omni.usdex.libs-2.2.2] startup
[2.846s] [ext: isaacsim.asset.importer.mjcf-3.10.1] startup
[2.847s] [ext: isaacsim.asset.importer.urdf-3.11.2] startup
[2.851s] [ext: omni.kit.primitive.mesh-1.1.0] startup
[2.853s] [ext: omni.kit.stage_template.core-1.1.22] startup
[2.854s] [ext: omni.kit.stage_templates-2.0.2] startup
[2.855s] [ext: omni.usd.metrics.assembler-110.1.2] startup
[2.858s] [ext: omni.warp.core-1.13.0] startup
[3.024s] [ext: isaacsim.core.experimental.utils-0.17.2] startup
[3.025s] [ext: omni.physics.stageupdate-110.1.13] startup
[3.027s] [ext: omni.physics.tensors-110.1.13] startup
[3.031s] [ext: omni.physx.tensors-110.1.13] startup
[3.148s] [ext: isaacsim.core.simulation_manager-1.15.6] startup
[3.161s] [ext: isaacsim.storage.native-1.9.3] startup
[3.163s] [ext: omni.usd.metrics.assembler.physics-110.1.13] startup
[3.164s] [ext: isaacsim.core.utils-4.1.7] startup
[3.166s] [ext: isaacsim.core.prims-0.11.7] startup
[4.352s] [ext: isaacsim.core.api-5.2.13] startup
[4.360s] [ext: isaacsim.core.cloner-1.7.3] startup
[4.362s] [ext: isaacsim.test.docstring-1.3.2] startup
[4.366s] [ext: isaacsim.core.experimental.prims-1.8.9] startup
[4.388s] [ext: isaacsim.core.experimental.primdata-0.3.2] startup
[4.390s] [ext: omni.graph.tools-1.81.0] startup
[4.413s] [ext: omni.graph-1.142.5] startup
[4.450s] [ext: isaacsim.core.experimental.actuators-0.1.2] startup
[4.473s] [ext: isaacsim.core.experimental.materials-0.7.1] startup
[4.476s] [ext: isaacsim.core.experimental.objects-0.8.1] startup
[4.537s] [ext: omni.hydra.engine.stats-1.0.5] startup
[4.540s] [ext: omni.hydra.rtx.shadercache.vulkan-1.0.0] startup
[4.541s] [ext: omni.index.libs-387500.4413.0] startup
[4.541s] [ext: omni.index-1.0.1] startup
[4.542s] [ext: omni.ujitso.client-0.0.0] startup
[4.542s] [ext: omni.usd.schema.playback-1.0.0] startup
[4.546s] [ext: omni.volume-0.5.2] startup
[4.552s] [ext: omni.hydra.rtx-1.0.4] startup
2026-08-12T07:05:12Z [4,506ms] [Warning] [omni.log] Source: omni.hydra was already registered.
[4.624s] [ext: omni.kit.hydra_texture-1.6.0] startup
[4.628s] [ext: omni.kit.raycast.query-1.2.0] startup
[4.632s] [ext: omni.kit.viewport.legacy_gizmos-1.0.24] startup
[4.635s] [ext: omni.kit.viewport.registry-104.0.6] startup
[4.636s] [ext: omni.kit.viewport.scene_camera_model-1.0.7] startup
[4.640s] [ext: omni.kit.widget.viewport-109.2.0] startup
[4.645s] [ext: omni.kit.window.drop_support-1.0.8] startup
[4.646s] [ext: omni.kit.viewport.window-109.0.2] startup
[4.663s] [ext: omni.kit.viewport.utility-2.0.1] startup
[4.664s] [ext: isaacsim.core.rendering_manager-0.4.3] startup
[4.682s] [ext: omni.graph.action_core-1.1.9] startup
[4.685s] [ext: omni.graph.action_nodes_core-2.11.0] startup
[4.687s] [ext: omni.graph.action_nodes-2.11.0] startup
[4.738s] [ext: omni.graph.action-2.10.2] startup
[4.741s] [ext: omni.graph.image.core-0.6.1] startup
[4.742s] [ext: omni.graph.image.nodes-1.3.1] startup
[4.743s] [ext: omni.graph.nodes_core-2.11.0] startup
[4.750s] [ext: omni.graph.nodes-2.12.0] startup
[4.756s] [ext: omni.kit.hotkeys.core-1.3.12] startup
[4.757s] [ext: omni.kit.property.adapter.core-1.1.1] startup
[4.760s] [ext: omni.kit.property.adapter.usd-1.0.5] startup
[4.761s] [ext: omni.kit.widget.filter-1.1.5] startup
[4.762s] [ext: omni.kit.widget.highlight_label-1.0.3] startup
[4.763s] [ext: omni.kit.widget.searchfield-1.1.8] startup
[4.765s] [ext: omni.kit.window.file_exporter-1.0.36] startup
[4.766s] [ext: omni.kit.widget.stage-4.4.0] startup
[4.775s] [ext: omni.kit.window.content_browser_registry-0.0.6] startup
[4.776s] [ext: omni.kit.window.file-2.0.10] startup
[4.779s] [ext: omni.kit.window.content_browser-3.1.8] startup
[4.789s] [ext: omni.kit.window.property-1.15.1] startup
[4.801s] [ext: omni.kit.property.usd-4.9.4] startup
[4.811s] [ext: omni.graph.scriptnode-2.10.2] startup
[4.828s] [ext: omni.kit.widget.searchable_combobox-1.0.7] startup
[4.829s] [ext: omni.kit.widget.settings-2.0.0] startup
[4.831s] [ext: omni.kit.window.preferences-1.8.3] startup
[4.836s] [ext: omni.kit.viewport.menubar.core-107.2.2] startup
[4.848s] [ext: omni.syntheticdata-0.6.15] startup
[4.890s] [ext: omni.replicator.nv-1.1.1] startup
[4.896s] [ext: omni.videoencoding-0.2.1] startup
[4.898s] [ext: omni.replicator.core-1.13.27] startup
2026-08-12T07:05:13Z [4,845ms] [Warning] [pxr.Semantics] pxr.Semantics is deprecated - please use Semantics instead
2026-08-12T07:05:13Z [4,921ms] [Warning] [omni.replicator.core.scripts.extension] No material configuration file, adding configuration to material settings directly.
[5.156s] [ext: isaacsim.core.nodes-5.10.5] startup
[5.198s] [ext: isaacsim.core.throttling-2.3.5] startup
[5.200s] [ext: omni.kit.manipulator.viewport-107.0.1] startup
[5.201s] [ext: omni.graph.visualization.nodes-2.1.4] startup
[5.223s] [ext: omni.kit.window.extensions-1.5.10] startup
[5.229s] [ext: isaacsim.gui.components-1.8.5] startup
[5.234s] [ext: isaacsim.robot.surface_gripper-3.6.2] startup
[5.250s] [ext: isaacsim.robot.manipulators-3.4.4] startup
[5.267s] [ext: isaacsim.robot_motion.lula-4.1.3] startup
[5.274s] [ext: isaacsim.robot_motion.motion_generation-8.2.9] startup
[5.281s] [ext: isaacsim.cortex.framework-1.0.18] startup
[5.283s] [ext: isaacsim.cortex.behaviors-2.0.17] startup
[5.286s] [ext: isaacsim.examples.base-1.3.2] startup
[5.287s] [ext: omni.kit.widget.zoombar-1.0.7] startup
[5.289s] [ext: omni.kit.browser.core-2.3.18] startup
[5.293s] [ext: omni.kit.browser.folder.core-2.0.2] startup
[5.299s] [ext: omni.kit.widget.stage_icons-1.0.8] startup
[5.300s] [ext: omni.kit.window.stage-2.6.1] startup
[5.304s] [ext: omni.kit.menu.stage-1.2.7] startup
[5.306s] [ext: omni.kit.usd.collect-3.0.6] startup
[5.309s] [ext: omni.kit.widget.prompt-1.0.7] startup
[5.310s] [ext: omni.kit.tool.collect-2.2.19] startup
[5.312s] [ext: isaacsim.examples.browser-0.3.2] startup
[5.315s] [ext: omni.kit.search.files-1.0.4] startup
[5.316s] [ext: omni.kit.widget.calendar-1.0.9] startup
[5.318s] [ext: omni.kit.widget.extended_searchfield-1.0.31] startup
[5.326s] [ext: omni.simready.content.browser-0.3.7] startup
[5.420s] [ext: isaacsim.gui.content_browser-0.4.3] startup
[5.422s] [ext: omni.kit.selection-0.1.6] startup
[5.424s] [ext: isaacsim.gui.menu-2.10.5] startup
[5.432s] [ext: isaacsim.gui.property-1.6.4] startup
[5.440s] [ext: omni.kit.viewport.actions-110.0.0] startup
[5.444s] [ext: omni.kit.viewport.menubar.display-107.1.3] startup
[5.446s] [ext: isaacsim.gui.sensors.icon-2.2.1] startup
[5.450s] [ext: omni.behavior.scripting.core-110.1.0] startup
[5.453s] [ext: isaacsim.replicator.behavior-1.5.4] startup
[5.454s] [ext: isaacsim.replicator.experimental.domain_randomization-1.2.5] startup
[5.476s] [ext: isaacsim.replicator.domain_randomization-1.2.2] startup
[5.556s] [ext: isaacsim.replicator.writers-1.5.4] startup
[5.587s] [ext: isaacsim.robot.experimental.wheeled_robots-0.2.11] startup
[5.608s] [ext: isaacsim.robot.policy.examples-5.2.12] startup
[5.631s] [ext: isaacsim.robot.wheeled_robots-5.2.4] startup
[5.636s] [ext: isaacsim.robot.wheeled_robots.nodes-0.1.5] startup
[5.669s] [ext: isaacsim.robot_motion.experimental.motion_generation-6.1.3] startup
[5.680s] [ext: isaacsim.robot_motion.cumotion-1.3.1] startup
[5.693s] [ext: omni.kit.numpy.common-0.1.3] startup
[5.694s] [ext: isaacsim.sensors.camera-1.7.9] startup
[5.722s] [ext: isaacsim.sensors.experimental.physics-3.0.2] startup
[5.729s] [ext: omni.sensors.net-1.0.1] startup
[5.742s] [ext: omni.sensors.nv.common-3.0.0] startup
[5.755s] [ext: omni.sensors.nv.materials-2.0.0] startup
[5.759s] [ext: omni.sensors.nv.acoustic-3.0.0] startup
[5.762s] [ext: omni.sensors.nv.ids-2.0.1] startup
[5.764s] [ext: omni.sensors.nv.lidar-3.0.0] startup
[5.769s] [ext: omni.sensors.nv.radar-3.0.0] startup
[5.772s] [ext: isaacsim.sensors.experimental.rtx-1.4.6] startup
[5.994s] [ext: isaacsim.sensors.physics.nodes-1.5.3] startup
[6.005s] [ext: isaacsim.util.debug_draw-3.2.3] startup
[6.012s] [ext: isaacsim.sensors.physx-2.5.5] startup
[6.022s] [ext: isaacsim.sensors.rtx-15.17.1] startup
[6.037s] [ext: isaacsim.simulation_app-2.18.4] startup
[6.038s] [ext: omni.anim.curve.core-1.6.0] startup
[6.050s] [ext: omni.graph.ui_nodes-2.11.1] startup
[6.092s] [ext: omni.hydra.scene_api-0.1.3] startup
[6.098s] [ext: omni.kit.manipulator.camera-110.0.0] startup
[6.102s] [ext: omni.kit.manipulator.selector-1.1.4] startup
[6.104s] [ext: omni.kit.manipulator.transform-107.0.0] startup
[6.108s] [ext: omni.kit.widget.toolbar-2.1.0] startup
[6.115s] [ext: omni.kit.manipulator.tool.snap-1.5.14] startup
[6.119s] [ext: omni.kit.viewport.manipulator.transform-107.0.4] startup
[6.121s] [ext: omni.kit.manipulator.prim.core-108.0.2] startup
[6.127s] [ext: omni.kit.manipulator.prim.usd-107.0.3] startup
[6.128s] [ext: omni.kit.manipulator.prim-108.0.0] startup
[6.128s] [ext: omni.kit.manipulator.selection-109.0.1] startup
[6.130s] [ext: omni.kit.menu.create-2.0.2] startup
[6.133s] [ext: omni.kit.property.audio-1.0.16] startup
[6.136s] [ext: omni.kit.property.camera-1.0.14] startup
[6.138s] [ext: omni.kit.property.geometry-2.1.2] startup
[6.141s] [ext: omni.kit.property.light-1.0.14] startup
2026-08-12T07:05:14Z [6,125ms] [Warning] [omni.usd] Encountered USD Warnings but USD Diagnostics are currently muted. To view USD Warnings, please set the '/persistent/app/usd/muteUsdDiagnostics' setting to false in Preferences page.
[6.200s] [ext: omni.kit.property.material-1.14.6] startup
[6.206s] [ext: omni.kit.property.render-1.2.2] startup
[6.207s] [ext: omni.kit.property.transform-1.6.9] startup
[6.211s] [ext: omni.kit.property.bundle-1.5.1] startup
[6.213s] [ext: omni.kit.usdz_export-1.1.0] startup
[6.215s] [ext: omni.kit.tool.asset_importer-6.0.1] startup
[6.220s] [ext: omni.kit.ui.actions-1.0.5] startup
[6.222s] [ext: omni.kit.viewport.menubar.camera-107.0.10] startup
[6.227s] [ext: omni.kit.viewport.menubar.lighting-107.3.2] startup
[6.230s] [ext: omni.kit.viewport.menubar.render-110.0.0] startup
[6.234s] [ext: omni.kit.viewport.menubar.settings-110.0.1] startup
[6.237s] [ext: omni.kit.window.console-1.1.9] startup
[6.241s] [ext: omni.kit.window.status_bar-0.1.11] startup
[6.244s] [ext: omni.kit.window.toolbar-3.0.3] startup
[6.247s] [ext: omni.ocio-0.1.1] startup
[6.248s] [ext: omni.physx.commands-110.1.13] startup
[6.251s] [ext: omni.replicator.replicator_yaml-2.0.12] startup
[6.266s] [ext: omni.rtx.window.settings-0.8.0] startup
[6.270s] [ext: omni.rtx.settings.core-0.7.1] startup
[6.274s] [ext: omni.usd.metrics.assembler.ui-110.1.1] startup
[6.280s] [ext: semantics.schema.editor-2.0.2] startup
[6.283s] [ext: semantics.schema.property-2.0.2] startup
[6.285s] [ext: omni.kit.menu.common-2.0.2] startup
[6.287s] [ext: isaacsim.exp.base-6.0.1] startup
[6.287s] [ext: isaacsim.exp.base.python-6.0.1] startup
[6.289s] Simulation App Starting
2026-08-12T07:05:14Z [6,290ms] [Warning] [omni.usd] UsdManager::createHydraEngineWithDefaultConfigImpl - no valid foundation interface found
2026-08-12T07:05:14Z [6,304ms] [Warning] [omni.graph.core.plugin] OmniGraphSettings::getCudaDeviceOrdinal: unable to get a valid CUDA device id from the renderer. Defaulting to GPU0.
[8.939s] Simulation App Startup Complete
[8.941s] app ready
[9.158s] [ext: isaacsim.sensors.rtx.nodes-0.1.2] startup
[9.172s] [ext: isaacsim.ros2.core-1.9.4] startup
[9.197s] Attempting to load system rclpy
[9.197s] Could not import system rclpy: No module named 'rclpy'
[9.197s] Attempting to load internal rclpy for ROS Distro: humble
[9.210s] rclpy loaded
[9.215s] [ext: isaacsim.ros2.nodes-1.18.13] startup
[9.432s] [ext: isaacsim.ros2.examples-1.2.4] startup
[9.439s] [ext: isaacsim.ros2.ui-1.6.5] startup
[9.669s] [ext: isaacsim.ros2.bridge-5.1.2] startup
2026-08-12T07:05:22Z [13,713ms] [Warning] [isaacsim.ros2.nodes] [ROS2 Publish Joint State] Reading from targetPrim is deprecated. Connect an Isaac Read Joint State node and use its outputs instead.
Starting kit application with the following args:  ['/root/autodl-tmp/isaac_sim/venv/lib/python3.12/site-packages/isaacsim/exts/isaacsim.simulation_app/isaacsim/simulation_app/simulation_app.py', '/root/autodl-tmp/isaac_sim/venv/lib/python3.12/site-packages/isaacsim/apps/isaacsim.exp.base.python.kit', '--/app/tokens/exe-path=/root/autodl-tmp/isaac_sim/venv/lib/python3.12/site-packages/isaacsim/kit', '--/persistent/app/viewport/displayOptions=3094', '--/rtx/materialDb/syncLoads=True', '--/rtx/hydra/materialSyncLoads=True', '--/omni/kit/plugin/syncUsdLoads=True', '--/app/renderer/resolution/width=1280', '--/app/renderer/resolution/height=720', '--/app/window/width=1440', '--/app/window/height=900', '--/renderer/multiGpu/enabled=True', '--/app/fastShutdown=True', '--/app/installSignalHandlers=0', '--ext-folder', '/root/autodl-tmp/isaac_sim/venv/lib/python3.12/site-packages/isaacsim/exts', '--ext-folder', '/root/autodl-tmp/isaac_sim/venv/lib/python3.12/site-packages/isaacsim/apps', '--/physics/cudaDevice=0', '--/plugins/carb.tasking.plugin/threadCount=32', '--/plugins/omni.tbb.globalcontrol/maxThreadCount=32', '--portable', '--no-window', '--/app/window/hideUi=1', '--allow-root']
Passing the following args to the base kit application:  []
Warp 1.13.0 initialized:
   CUDA Toolkit 12.9, Driver 13.2
   Devices:
     "cpu"      : "x86_64"
     "cuda:0"   : "NVIDIA RTX 6000D" (83 GiB, sm_120, mempool enabled)
   Kernel cache:
     /root/autodl-tmp/isaac_cache/xdg/warp/1.13.0
ISAAC_READY=/root/autodl-tmp/VLA-Intern-Sprint/results/phase2_step1/isaac_ready.json
ISAAC_STOPPING
[194.375s] Simulation App Shutting Down
