WARNING: All log messages before absl::InitializeLog() is called are written to STDERR
E0000 00:00:1786546991.695829   53225 descriptor_database.cc:633] File already exists in database: grpc/health/v1/health.proto
W0000 00:00:1786546991.695862   53225 message.cc:301] Protobuf GeneratedMessageFactory: File is already registered: grpc/health/v1/health.proto
2026-08-12T15:03:11Z [Info] [carb] Logging to file: /root/autodl-tmp/isaac_sim/venv/lib/python3.12/site-packages/isaacsim/kit/logs/Kit/Isaac-Sim Python/6.0/kit_20260812_230311.log
[0.077s] [ext: omni.assets.plugins-0.0.0] startup
[0.078s] [ext: omni.blobkey-1.1.2] startup
[0.078s] [ext: omni.kit.async_engine-0.0.3] startup
[0.179s] [ext: omni.client.lib-1.1.1] startup
[0.191s] [ext: omni.client-1.3.0] startup
[0.197s] [ext: omni.protobuf.lib-1.0.0] startup
[0.198s] [ext: omni.grpc.lib-1.0.0] startup
[0.202s] [ext: omni.metrics.core-0.0.3] startup
[0.202s] [ext: omni.datastore-0.0.0] startup
[0.203s] [ext: omni.gpu_foundation.shadercache.vulkan-1.0.0] startup
[0.205s] [ext: omni.hsscclient-1.1.4] startup
[0.206s] [ext: omni.stats-1.0.1] startup
[0.206s] [ext: omni.ujitso.default-1.0.0] startup
[0.209s] [ext: omni.gpu_foundation-0.0.0] startup
[0.435s] [ext: carb.windowing.plugins-1.0.1] startup
[0.435s] [ext: omni.kit.renderer.init-1.0.1] startup
2026-08-12T15:03:12Z [468ms] [Warning] [omni.platforminfo.plugin] failed to open the default display.  Can't verify X Server version.

|---------------------------------------------------------------------------------------------|
| Driver Version: 595.71.05     | Graphics API: Vulkan
|=============================================================================================|
| GPU | Name                             | Active | LDA | GPU Memory | Vendor-ID | LUID       |
|     |                                  |        |     |            | Device-ID | UUID       |
|     |                                  |        |     |            | Bus-ID    |            |
|---------------------------------------------------------------------------------------------|
| 0   | NVIDIA RTX 6000D                 | Yes: 0 |     | 85651   MB | 10de      | 0          |
|     |                                  |        |     |            | 2bb9      | 56b1f21d.. |
|     |                                  |        |     |            | d8        |            |
|=============================================================================================|
| OS: 22.04.5 LTS (Jammy Jellyfish) ubuntu, Version: 22.04.5, Kernel: 5.15.0-78-generic
| Processor: Intel(R) Xeon(R) Platinum 8470Q
| Bare Metal Cores: 104 | Bare Metal Logical Cores: 208
| Core Usage Quota: 22
|---------------------------------------------------------------------------------------------|
| Total Memory (MB): 112640 | Free Memory: 102894
| Total Page/Swap (MB): 0 | Free Page/Swap: 0
|---------------------------------------------------------------------------------------------|
2026-08-12T15:03:12Z [1,039ms] [Warning] [omni.rtx] CPU performance profile is set to powersave. This profile sets the CPU to the lowest frequency reducing performance.
2026-08-12T15:03:12Z [1,046ms] [Warning] [omni.rtx] ECC is enabled on physical device 0
[1.372s] [ext: omni.kit.pipapi-0.0.0] startup
[1.373s] [ext: omni.kit.telemetry-0.5.2] startup
[1.395s] [ext: omni.kit.loop-isaac-1.6.0] startup
[1.397s] [ext: omni.kit.test-2.0.7] startup
[1.445s] [ext: omni.materialx.libs-1.0.9] startup
[1.452s] [ext: omni.gpucompute.plugins-0.0.0] startup
[1.452s] [ext: omni.usd.config-1.0.7] startup
[1.455s] [ext: omni.usd.libs-1.0.3] startup
[1.543s] [ext: omni.iray.libs-0.0.1] startup
[1.547s] [ext: omni.mdl-57.0.3] startup
[1.564s] [ext: omni.mdl.neuraylib-0.2.20] startup
[1.566s] [ext: omni.kit.usd.mdl-1.1.9] startup
[1.665s] [ext: omni.appwindow-1.2.2] startup
[1.668s] [ext: omni.kit.renderer.core-1.2.2] startup
2026-08-12T15:03:13Z [1,637ms] [Warning] [carb.windowing-glfw.plugin] GLFW initialization failed.
2026-08-12T15:03:13Z [1,637ms] [Warning] [carb] Failed to startup plugin carb.windowing-glfw.plugin (interfaces: [carb::windowing::IGLContext v1.0],[carb::windowing::IWindowing v1.5]) (impl: carb.windowing-glfw.plugin)
[1.700s] [ext: omni.kit.renderer.capture-2.0.1] startup
[1.702s] [ext: omni.kit.renderer.imgui-2.0.6] startup
2026-08-12T15:03:13Z [1,658ms] [Warning] [carb.windowing-glfw.plugin] GLFW initialization failed.
2026-08-12T15:03:13Z [1,658ms] [Warning] [carb] Failed to startup plugin carb.windowing-glfw.plugin (interfaces: [carb::windowing::IGLContext v1.0],[carb::windowing::IWindowing v1.5]) (impl: carb.windowing-glfw.plugin)
2026-08-12T15:03:13Z [1,659ms] [Warning] [carb.windowing-glfw.plugin] GLFW initialization failed.
2026-08-12T15:03:13Z [1,659ms] [Warning] [carb] Failed to startup plugin carb.windowing-glfw.plugin (interfaces: [carb::windowing::IGLContext v1.0],[carb::windowing::IWindowing v1.5]) (impl: carb.windowing-glfw.plugin)
[1.765s] [ext: omni.ui-3.2.0] startup
[1.775s] [ext: omni.kit.mainwindow-1.0.3] startup
[1.776s] [ext: carb.audio-0.1.0] startup
[1.781s] [ext: omni.uiaudio-1.0.0] startup
[1.782s] [ext: omni.kit.uiapp-0.0.0] startup
[1.782s] [ext: omni.usd.schema.metrics.assembler-110.1.0] startup
[1.785s] [ext: omni.usd.schema.audio-0.0.1] startup
[1.788s] [ext: omni.usd_resolver-1.0.0] startup
[1.791s] [ext: omni.usd.core-1.8.3] startup
[1.795s] [ext: omni.metropolis.schema-0.0.3] startup
[1.796s] [ext: isaacsim.anim.robot.schema-0.1.1] startup
[1.796s] [ext: omni.usd.schema.anim-0.0.1] startup
[1.814s] [ext: omni.usd.schema.geospatial-0.0.1] startup
[1.817s] [ext: omni.usd.schema.omnigraph-1.0.1] startup
[1.822s] [ext: omni.usd.schema.semantics-0.0.0] startup
[1.824s] [ext: omni.activity.core-1.0.3] startup
[1.825s] [ext: omni.cubric-0.1.0] startup
[1.826s] [ext: omni.graph.exec-0.9.6] startup
[1.826s] [ext: omni.hydra.scene_delegate-0.3.5] startup
[1.830s] [ext: usdrt.scenegraph-7.6.3] startup
[1.855s] [ext: omni.hydra.usdrt_delegate-7.5.2] startup
[1.861s] [ext: omni.inspect-1.0.2] startup
[1.862s] [ext: omni.kit.actions.core-1.0.0] startup
[1.863s] [ext: omni.kit.audiodeviceenum-1.0.2] startup
[1.865s] [ext: omni.kit.commands-1.5.0] startup
[1.868s] [ext: omni.kit.exec.core-0.13.5] startup
[1.869s] [ext: omni.kit.usd_undo-0.1.8] startup
[1.869s] [ext: omni.kit.window.popup_dialog-2.0.25] startup
[1.872s] [ext: omni.kit.widget.nucleus_connector-2.3.1] startup
[1.875s] [ext: omni.timeline-1.1.0] startup
[1.877s] [ext: omni.usd-1.16.0] startup
[1.912s] [ext: omni.graph.core-3.1.2] startup
[1.916s] [ext: omni.kit.notification_manager-1.0.11] startup
[1.917s] [ext: isaacsim.core.deprecation_manager-0.4.2] startup
[1.918s] [ext: isaacsim.replicator.agent.schema-0.1.1] startup
[1.919s] [ext: isaacsim.robot.schema-6.3.7] startup
[1.923s] [ext: isaacsim.robot_motion.schema-0.2.1] startup
[1.923s] [ext: omni.anim.behavior.schema-110.1.0] startup
[1.927s] [ext: omni.anim.graph.schema-110.1.1] startup
[1.932s] [ext: omni.anim.navigation.schema-110.1.0] startup
[1.935s] [ext: omni.behavior.tree.schema-110.1.0] startup
[1.936s] [ext: omni.kit.asset_converter-6.0.1] startup
[1.948s] [ext: omni.usd.schema.flow-110.0.0] startup
[1.948s] [ext: omni.usd.schema.mujoco-1.1.1] startup
[1.949s] [ext: omni.usd.schema.newton-1.2.1] startup
[1.949s] [ext: omni.usd.schema.omni_lens_distortion-1.0.0] startup
[1.950s] [ext: omni.usd.schema.omni_projectors-1.0.0] startup
[1.950s] [ext: omni.usd.schema.omni_sensors-0.0.0] startup
[1.957s] [ext: omni.usd.schema.omniscripting-1.0.1] startup
[1.961s] [ext: omni.usd.schema.physical_lighting-0.1.0] startup
[1.964s] [ext: omni.usd.schema.physx-110.1.13] startup
[1.993s] [ext: omni.usd.schema.render_settings.rtx-1.0.2] startup
[1.996s] [ext: omni.usd.schema.usd_particle_field-1.0.0] startup
[1.997s] [ext: isaacsim.core.version-2.1.1] startup
[1.998s] [ext: omni.kit.menu.core-1.2.0] startup
[1.998s] [ext: omni.kit.menu.utils-2.2.4] startup
[2.005s] [ext: isaacsim.app.about-2.3.1] startup
[2.009s] [ext: isaacsim.asset.transformer-1.2.5] startup
[2.012s] [ext: omni.scene.optimizer.core-110.1.0] startup
[2.064s] [ext: isaacsim.asset.importer.utils-1.8.1] startup
[2.066s] [ext: omni.convexdecomposition-110.1.13] startup
[2.068s] [ext: omni.physics-110.1.13] startup
[2.071s] [ext: omni.physx.gpu-110.1.13] startup
[2.071s] [ext: omni.physx.foundation-110.1.13] startup
[2.073s] [ext: omni.usdphysics-110.1.13] startup
[2.074s] [ext: omni.physx.cooking-110.1.13] startup
[2.077s] [ext: omni.physx-110.1.13] startup
[2.086s] [ext: omni.physics.physx-110.1.13] startup
[2.088s] [ext: isaacsim.asset.exporter.urdf-2.0.5] startup
[2.095s] [ext: omni.kit.clipboard-1.1.1] startup
[2.096s] [ext: omni.kit.usd.layers-2.6.1] startup
[2.103s] [ext: omni.kit.widget.context_menu-1.4.0] startup
[2.104s] [ext: omni.kit.context_menu-1.9.0] startup
[2.106s] [ext: omni.kit.helper.file_utils-0.1.10] startup
[2.107s] [ext: omni.kit.widget.nucleus_info-2.0.2] startup
[2.107s] [ext: omni.kit.search_core-1.0.8] startup
[2.108s] [ext: omni.kit.widget.path_field-2.0.13] startup
[2.108s] [ext: omni.kit.widget.browser_bar-2.0.10] startup
[2.109s] [ext: omni.kit.widget.filebrowser-2.13.4] startup
[2.113s] [ext: omni.kit.widget.options_menu-1.1.6] startup
[2.115s] [ext: omni.kit.widget.options_button-1.0.3] startup
[2.116s] [ext: omni.kit.widget.search_delegate-1.0.9] startup
[2.117s] [ext: omni.ui.scene-2.0.3] startup
[2.121s] [ext: omni.kit.window.filepicker-2.15.5] startup
[2.133s] [ext: omni.kit.window.file_importer-1.1.21] startup
[2.135s] [ext: omni.kit.material.library-3.1.2] startup
[2.140s] [ext: isaacsim.asset.transformer.rules-1.7.10] startup
[2.149s] [ext: omni.usdex.libs-2.2.2] startup
[2.157s] [ext: isaacsim.asset.importer.mjcf-3.10.1] startup
[2.159s] [ext: isaacsim.asset.importer.urdf-3.11.2] startup
[2.162s] [ext: omni.kit.primitive.mesh-1.1.0] startup
[2.164s] [ext: omni.kit.stage_template.core-1.1.22] startup
[2.165s] [ext: omni.kit.stage_templates-2.0.2] startup
[2.166s] [ext: omni.usd.metrics.assembler-110.1.2] startup
[2.169s] [ext: omni.warp.core-1.13.0] startup
[2.334s] [ext: isaacsim.core.experimental.utils-0.17.2] startup
[2.334s] [ext: omni.physics.stageupdate-110.1.13] startup
[2.336s] [ext: omni.physics.tensors-110.1.13] startup
[2.340s] [ext: omni.physx.tensors-110.1.13] startup
[2.344s] [ext: isaacsim.core.simulation_manager-1.15.6] startup
[2.357s] [ext: isaacsim.storage.native-1.9.3] startup
[2.358s] [ext: omni.usd.metrics.assembler.physics-110.1.13] startup
[2.359s] [ext: isaacsim.core.utils-4.1.7] startup
[2.362s] [ext: isaacsim.core.prims-0.11.7] startup
[3.587s] [ext: isaacsim.core.api-5.2.13] startup
[3.597s] [ext: isaacsim.core.cloner-1.7.3] startup
[3.599s] [ext: isaacsim.test.docstring-1.3.2] startup
[3.603s] [ext: isaacsim.core.experimental.prims-1.8.9] startup
[3.627s] [ext: isaacsim.core.experimental.primdata-0.3.2] startup
[3.630s] [ext: omni.graph.tools-1.81.0] startup
[3.653s] [ext: omni.graph-1.142.5] startup
[3.696s] [ext: isaacsim.core.experimental.actuators-0.1.2] startup
[3.718s] [ext: isaacsim.core.experimental.materials-0.7.1] startup
[3.721s] [ext: isaacsim.core.experimental.objects-0.8.1] startup
[3.786s] [ext: omni.hydra.engine.stats-1.0.5] startup
[3.789s] [ext: omni.hydra.rtx.shadercache.vulkan-1.0.0] startup
[3.790s] [ext: omni.index.libs-387500.4413.0] startup
[3.790s] [ext: omni.index-1.0.1] startup
[3.791s] [ext: omni.ujitso.client-0.0.0] startup
[3.791s] [ext: omni.usd.schema.playback-1.0.0] startup
[3.795s] [ext: omni.volume-0.5.2] startup
[3.803s] [ext: omni.hydra.rtx-1.0.4] startup
2026-08-12T15:03:15Z [3,781ms] [Warning] [omni.log] Source: omni.hydra was already registered.
[3.847s] [ext: omni.kit.hydra_texture-1.6.0] startup
[3.851s] [ext: omni.kit.raycast.query-1.2.0] startup
[3.856s] [ext: omni.kit.viewport.legacy_gizmos-1.0.24] startup
[3.859s] [ext: omni.kit.viewport.registry-104.0.6] startup
[3.860s] [ext: omni.kit.viewport.scene_camera_model-1.0.7] startup
[3.864s] [ext: omni.kit.widget.viewport-109.2.0] startup
[3.870s] [ext: omni.kit.window.drop_support-1.0.8] startup
[3.870s] [ext: omni.kit.viewport.window-109.0.2] startup
[3.891s] [ext: omni.kit.viewport.utility-2.0.1] startup
[3.892s] [ext: isaacsim.core.rendering_manager-0.4.3] startup
[3.909s] [ext: omni.graph.action_core-1.1.9] startup
[3.912s] [ext: omni.graph.action_nodes_core-2.11.0] startup
[3.915s] [ext: omni.graph.action_nodes-2.11.0] startup
[3.951s] [ext: omni.graph.action-2.10.2] startup
[3.954s] [ext: omni.graph.image.core-0.6.1] startup
[3.955s] [ext: omni.graph.image.nodes-1.3.1] startup
[3.956s] [ext: omni.graph.nodes_core-2.11.0] startup
[3.963s] [ext: omni.graph.nodes-2.12.0] startup
[3.970s] [ext: omni.kit.hotkeys.core-1.3.12] startup
[3.971s] [ext: omni.kit.property.adapter.core-1.1.1] startup
[3.974s] [ext: omni.kit.property.adapter.usd-1.0.5] startup
[3.975s] [ext: omni.kit.widget.filter-1.1.5] startup
[3.977s] [ext: omni.kit.widget.highlight_label-1.0.3] startup
[3.978s] [ext: omni.kit.widget.searchfield-1.1.8] startup
[3.979s] [ext: omni.kit.window.file_exporter-1.0.36] startup
[3.981s] [ext: omni.kit.widget.stage-4.4.0] startup
[3.990s] [ext: omni.kit.window.content_browser_registry-0.0.6] startup
[3.991s] [ext: omni.kit.window.file-2.0.10] startup
[3.994s] [ext: omni.kit.window.content_browser-3.1.8] startup
[4.007s] [ext: omni.kit.window.property-1.15.1] startup
[4.020s] [ext: omni.kit.property.usd-4.9.4] startup
[4.031s] [ext: omni.graph.scriptnode-2.10.2] startup
[4.044s] [ext: omni.kit.widget.searchable_combobox-1.0.7] startup
[4.045s] [ext: omni.kit.widget.settings-2.0.0] startup
[4.048s] [ext: omni.kit.window.preferences-1.8.3] startup
[4.053s] [ext: omni.kit.viewport.menubar.core-107.2.2] startup
[4.065s] [ext: omni.syntheticdata-0.6.15] startup
[4.101s] [ext: omni.replicator.nv-1.1.1] startup
[4.108s] [ext: omni.videoencoding-0.2.1] startup
[4.111s] [ext: omni.replicator.core-1.13.27] startup
2026-08-12T15:03:15Z [4,075ms] [Warning] [pxr.Semantics] pxr.Semantics is deprecated - please use Semantics instead
2026-08-12T15:03:15Z [4,165ms] [Warning] [omni.replicator.core.scripts.extension] No material configuration file, adding configuration to material settings directly.
[4.370s] [ext: isaacsim.core.nodes-5.10.5] startup
[4.409s] [ext: isaacsim.core.throttling-2.3.5] startup
[4.411s] [ext: omni.kit.manipulator.viewport-107.0.1] startup
[4.412s] [ext: omni.graph.visualization.nodes-2.1.4] startup
[4.432s] [ext: omni.kit.window.extensions-1.5.10] startup
[4.438s] [ext: isaacsim.gui.components-1.8.5] startup
[4.444s] [ext: isaacsim.robot.surface_gripper-3.6.2] startup
[4.457s] [ext: isaacsim.robot.manipulators-3.4.4] startup
[4.469s] [ext: isaacsim.robot_motion.lula-4.1.3] startup
[4.477s] [ext: isaacsim.robot_motion.motion_generation-8.2.9] startup
[4.484s] [ext: isaacsim.cortex.framework-1.0.18] startup
[4.486s] [ext: isaacsim.cortex.behaviors-2.0.17] startup
[4.489s] [ext: isaacsim.examples.base-1.3.2] startup
[4.491s] [ext: omni.kit.widget.zoombar-1.0.7] startup
[4.492s] [ext: omni.kit.browser.core-2.3.18] startup
[4.496s] [ext: omni.kit.browser.folder.core-2.0.2] startup
[4.501s] [ext: omni.kit.widget.stage_icons-1.0.8] startup
[4.502s] [ext: omni.kit.window.stage-2.6.1] startup
[4.507s] [ext: omni.kit.menu.stage-1.2.7] startup
[4.508s] [ext: omni.kit.usd.collect-3.0.6] startup
[4.511s] [ext: omni.kit.widget.prompt-1.0.7] startup
[4.512s] [ext: omni.kit.tool.collect-2.2.19] startup
[4.515s] [ext: isaacsim.examples.browser-0.3.2] startup
[4.517s] [ext: omni.kit.search.files-1.0.4] startup
[4.518s] [ext: omni.kit.widget.calendar-1.0.9] startup
[4.520s] [ext: omni.kit.widget.extended_searchfield-1.0.31] startup
[4.529s] [ext: omni.simready.content.browser-0.3.7] startup
[4.620s] [ext: isaacsim.gui.content_browser-0.4.3] startup
[4.623s] [ext: omni.kit.selection-0.1.6] startup
[4.624s] [ext: isaacsim.gui.menu-2.10.5] startup
[4.633s] [ext: isaacsim.gui.property-1.6.4] startup
[4.640s] [ext: omni.kit.viewport.actions-110.0.0] startup
[4.644s] [ext: omni.kit.viewport.menubar.display-107.1.3] startup
[4.646s] [ext: isaacsim.gui.sensors.icon-2.2.1] startup
[4.650s] [ext: omni.behavior.scripting.core-110.1.0] startup
[4.653s] [ext: isaacsim.replicator.behavior-1.5.4] startup
[4.654s] [ext: isaacsim.replicator.experimental.domain_randomization-1.2.5] startup
[4.674s] [ext: isaacsim.replicator.domain_randomization-1.2.2] startup
[4.751s] [ext: isaacsim.replicator.writers-1.5.4] startup
[4.778s] [ext: isaacsim.robot.experimental.wheeled_robots-0.2.11] startup
[4.800s] [ext: isaacsim.robot.policy.examples-5.2.12] startup
[4.821s] [ext: isaacsim.robot.wheeled_robots-5.2.4] startup
[4.826s] [ext: isaacsim.robot.wheeled_robots.nodes-0.1.5] startup
[4.851s] [ext: isaacsim.robot_motion.experimental.motion_generation-6.1.3] startup
[4.861s] [ext: isaacsim.robot_motion.cumotion-1.3.1] startup
[4.875s] [ext: omni.kit.numpy.common-0.1.3] startup
[4.877s] [ext: isaacsim.sensors.camera-1.7.9] startup
[4.904s] [ext: isaacsim.sensors.experimental.physics-3.0.2] startup
[4.913s] [ext: omni.sensors.net-1.0.1] startup
[4.920s] [ext: omni.sensors.nv.common-3.0.0] startup
[4.935s] [ext: omni.sensors.nv.materials-2.0.0] startup
[4.939s] [ext: omni.sensors.nv.acoustic-3.0.0] startup
[4.942s] [ext: omni.sensors.nv.ids-2.0.1] startup
[4.944s] [ext: omni.sensors.nv.lidar-3.0.0] startup
[4.949s] [ext: omni.sensors.nv.radar-3.0.0] startup
[4.952s] [ext: isaacsim.sensors.experimental.rtx-1.4.6] startup
[5.164s] [ext: isaacsim.sensors.physics.nodes-1.5.3] startup
[5.172s] [ext: isaacsim.util.debug_draw-3.2.3] startup
[5.179s] [ext: isaacsim.sensors.physx-2.5.5] startup
[5.188s] [ext: isaacsim.sensors.rtx-15.17.1] startup
[5.201s] [ext: isaacsim.simulation_app-2.18.4] startup
[5.201s] [ext: omni.anim.curve.core-1.6.0] startup
[5.212s] [ext: omni.graph.ui_nodes-2.11.1] startup
[5.247s] [ext: omni.hydra.scene_api-0.1.3] startup
[5.253s] [ext: omni.kit.manipulator.camera-110.0.0] startup
[5.257s] [ext: omni.kit.manipulator.selector-1.1.4] startup
[5.258s] [ext: omni.kit.manipulator.transform-107.0.0] startup
[5.263s] [ext: omni.kit.widget.toolbar-2.1.0] startup
[5.269s] [ext: omni.kit.manipulator.tool.snap-1.5.14] startup
[5.273s] [ext: omni.kit.viewport.manipulator.transform-107.0.4] startup
[5.276s] [ext: omni.kit.manipulator.prim.core-108.0.2] startup
[5.282s] [ext: omni.kit.manipulator.prim.usd-107.0.3] startup
[5.283s] [ext: omni.kit.manipulator.prim-108.0.0] startup
[5.284s] [ext: omni.kit.manipulator.selection-109.0.1] startup
[5.285s] [ext: omni.kit.menu.create-2.0.2] startup
[5.287s] [ext: omni.kit.property.audio-1.0.16] startup
[5.291s] [ext: omni.kit.property.camera-1.0.14] startup
[5.293s] [ext: omni.kit.property.geometry-2.1.2] startup
[5.297s] [ext: omni.kit.property.light-1.0.14] startup
2026-08-12T15:03:16Z [5,289ms] [Warning] [omni.usd] Encountered USD Warnings but USD Diagnostics are currently muted. To view USD Warnings, please set the '/persistent/app/usd/muteUsdDiagnostics' setting to false in Preferences page.
[5.368s] [ext: omni.kit.property.material-1.14.6] startup
[5.374s] [ext: omni.kit.property.render-1.2.2] startup
[5.375s] [ext: omni.kit.property.transform-1.6.9] startup
[5.379s] [ext: omni.kit.property.bundle-1.5.1] startup
[5.381s] [ext: omni.kit.usdz_export-1.1.0] startup
[5.384s] [ext: omni.kit.tool.asset_importer-6.0.1] startup
[5.389s] [ext: omni.kit.ui.actions-1.0.5] startup
[5.391s] [ext: omni.kit.viewport.menubar.camera-107.0.10] startup
[5.396s] [ext: omni.kit.viewport.menubar.lighting-107.3.2] startup
[5.399s] [ext: omni.kit.viewport.menubar.render-110.0.0] startup
[5.402s] [ext: omni.kit.viewport.menubar.settings-110.0.1] startup
[5.405s] [ext: omni.kit.window.console-1.1.9] startup
[5.410s] [ext: omni.kit.window.status_bar-0.1.11] startup
[5.413s] [ext: omni.kit.window.toolbar-3.0.3] startup
[5.415s] [ext: omni.ocio-0.1.1] startup
[5.417s] [ext: omni.physx.commands-110.1.13] startup
[5.420s] [ext: omni.replicator.replicator_yaml-2.0.12] startup
[5.434s] [ext: omni.rtx.window.settings-0.8.0] startup
[5.439s] [ext: omni.rtx.settings.core-0.7.1] startup
[5.442s] [ext: omni.usd.metrics.assembler.ui-110.1.1] startup
[5.449s] [ext: semantics.schema.editor-2.0.2] startup
[5.452s] [ext: semantics.schema.property-2.0.2] startup
[5.454s] [ext: omni.kit.menu.common-2.0.2] startup
[5.456s] [ext: isaacsim.exp.base-6.0.1] startup
[5.456s] [ext: isaacsim.exp.base.python-6.0.1] startup
[5.459s] Simulation App Starting
[6.685s] Simulation App Startup Complete
[6.696s] app ready
[7.171s] [ext: isaacsim.robot_motion.pink-0.1.3] startup
2026-08-12T15:03:23Z [12,097ms] [Error] [omni.rtx.materials] [UsdToMdl] Prim '/World/Task/living_room_table/Visual/Looks/Louisa_Coffee_Table_LTV3/Louisa_Coffee_Table_LTV3' parameter 'normalmap_texture': References an asset that can not be found: './materials/textures/louisa-coffee-table-wood-bump.jpg'
2026-08-12T15:03:23Z [12,101ms] [Error] [omni.rtx.materials] [UsdToMdl] Prim '/World/Task/living_room_table/Visual/Looks/Louisa_Coffee_Table_LTV3/Louisa_Coffee_Table_LTV3' parameter 'normalmap_texture': References an asset that can not be found: './materials/textures/louisa-coffee-table-wood-bump.jpg'
2026-08-12T15:03:23Z [12,343ms] [Error] [omni.rtx.materials] [UsdToMdl] Prim '/World/Task/living_room_table/Visual/Looks/Louisa_Coffee_Table_LTV3/Louisa_Coffee_Table_LTV3' parameter 'normalmap_texture': References an asset that can not be found: './materials/textures/louisa-coffee-table-wood-bump.jpg'
2026-08-12T15:03:23Z [12,343ms] [Error] [omni.rtx.materials] [UsdToMdl] Prim '/World/Task/living_room_table/Visual/Looks/Louisa_Coffee_Table_LTV3/Louisa_Coffee_Table_LTV3' parameter 'normalmap_texture': References an asset that can not be found: './materials/textures/louisa-coffee-table-wood-bump.jpg'
Starting kit application with the following args:  ['/root/autodl-tmp/isaac_sim/venv/lib/python3.12/site-packages/isaacsim/exts/isaacsim.simulation_app/isaacsim/simulation_app/simulation_app.py', '/root/autodl-tmp/isaac_sim/venv/lib/python3.12/site-packages/isaacsim/apps/isaacsim.exp.base.python.kit', '--/app/tokens/exe-path=/root/autodl-tmp/isaac_sim/venv/lib/python3.12/site-packages/isaacsim/kit', '--/persistent/app/viewport/displayOptions=3094', '--/rtx/materialDb/syncLoads=True', '--/rtx/hydra/materialSyncLoads=True', '--/omni/kit/plugin/syncUsdLoads=True', '--/app/renderer/resolution/width=1280', '--/app/renderer/resolution/height=720', '--/app/window/width=1440', '--/app/window/height=900', '--/renderer/multiGpu/enabled=True', '--/app/fastShutdown=True', '--/app/installSignalHandlers=0', '--ext-folder', '/root/autodl-tmp/isaac_sim/venv/lib/python3.12/site-packages/isaacsim/exts', '--ext-folder', '/root/autodl-tmp/isaac_sim/venv/lib/python3.12/site-packages/isaacsim/apps', '--/physics/cudaDevice=0', '--/plugins/carb.tasking.plugin/threadCount=32', '--/plugins/omni.tbb.globalcontrol/maxThreadCount=32', '--portable', '--no-window', '--/app/window/hideUi=1', '--allow-root']
Passing the following args to the base kit application:  ['--episode-index', '1', '--result-dir', '/root/autodl-tmp/VLA-Intern-Sprint/results/phase3_step6/episode_01']
Warp 1.13.0 initialized:
   CUDA Toolkit 12.9, Driver 13.2
   Devices:
     "cpu"      : "x86_64"
     "cuda:0"   : "NVIDIA RTX 6000D" (83 GiB, sm_120, mempool enabled)
   Kernel cache:
     /root/autodl-tmp/cache/warp/1.13.0
2026-08-12T15:03:24Z [13,374ms] [Warning] [omni.rtx] DLSS increasing input dimensions: Render resolution of (128, 128) is below minimal input resolution of 300.
[201.274s] Simulation App Shutting Down
