ffmpeg version 7.0.2-static https://johnvansickle.com/ffmpeg/  Copyright (c) 2000-2024 the FFmpeg developers
  built with gcc 8 (Debian 8.3.0-6)
  configuration: --enable-gpl --enable-version3 --enable-static --disable-debug --disable-ffplay --disable-indev=sndio --disable-outdev=sndio --cc=gcc --enable-fontconfig --enable-frei0r --enable-gnutls --enable-gmp --enable-libgme --enable-gray --enable-libaom --enable-libfribidi --enable-libass --enable-libvmaf --enable-libfreetype --enable-libmp3lame --enable-libopencore-amrnb --enable-libopencore-amrwb --enable-libopenjpeg --enable-librubberband --enable-libsoxr --enable-libspeex --enable-libsrt --enable-libvorbis --enable-libopus --enable-libtheora --enable-libvidstab --enable-libvo-amrwbenc --enable-libvpx --enable-libwebp --enable-libx264 --enable-libx265 --enable-libxml2 --enable-libdav1d --enable-libxvid --enable-libzvbi --enable-libzimg
  libavutil      59.  8.100 / 59.  8.100
  libavcodec     61.  3.100 / 61.  3.100
  libavformat    61.  1.100 / 61.  1.100
  libavdevice    61.  1.100 / 61.  1.100
  libavfilter    10.  1.100 / 10.  1.100
  libswscale      8.  1.100 /  8.  1.100
  libswresample   5.  1.100 /  5.  1.100
  libpostproc    58.  1.100 / 58.  1.100
Input #0, image2, from '/root/autodl-tmp/VLA-Intern-Sprint/results/phase3_step6/episode_02/video_frames/frame_%05d.png':
  Duration: 00:03:20.10, start: 0.000000, bitrate: N/A
  Stream #0:0: Video: png, rgb24(pc, gbr/unknown/unknown), 256x256, 10 fps, 10 tbr, 10 tbn
Stream mapping:
  Stream #0:0 -> #0:0 (png (native) -> h264 (libx264))
Press [q] to stop, [?] for help
[libx264 @ 0x6c24240] using cpu capabilities: MMX2 SSE2Fast SSSE3 SSE4.2 AVX FMA3 BMI2 AVX2 AVX512
[libx264 @ 0x6c24240] profile High, level 1.2, 4:2:0, 8-bit
[libx264 @ 0x6c24240] 264 - core 164 r3191 4613ac3 - H.264/MPEG-4 AVC codec - Copyleft 2003-2024 - http://www.videolan.org/x264.html - options: cabac=1 ref=3 deblock=1:0:0 analyse=0x3:0x113 me=hex subme=7 psy=1 psy_rd=1.00:0.00 mixed_ref=1 me_range=16 chroma_me=1 trellis=1 8x8dct=1 cqm=0 deadzone=21,11 fast_pskip=1 chroma_qp_offset=-2 threads=8 lookahead_threads=1 sliced_threads=0 nr=0 decimate=1 interlaced=0 bluray_compat=0 constrained_intra=0 bframes=3 b_pyramid=2 b_adapt=1 b_bias=0 direct=1 weightb=1 open_gop=0 weightp=2 keyint=250 keyint_min=10 scenecut=40 intra_refresh=0 rc_lookahead=40 rc=crf mbtree=1 crf=23.0 qcomp=0.60 qpmin=0 qpmax=69 qpstep=4 ip_ratio=1.40 aq=1:1.00
Output #0, mp4, to '/root/autodl-tmp/VLA-Intern-Sprint/assets/videos/phase3_step6_ep02.mp4':
  Metadata:
    encoder         : Lavf61.1.100
  Stream #0:0: Video: h264 (avc1 / 0x31637661), yuv420p(progressive), 256x256, q=2-31, 10 fps, 10240 tbn
      Metadata:
        encoder         : Lavc61.3.100 libx264
      Side data:
        cpb: bitrate max/min/avg: 0/0/0 buffer size: 0 vbv_delay: N/A
frame= 1195 fps=0.0 q=25.0 size=     512KiB time=00:01:59.30 bitrate=  35.2kbits/s speed= 239x    [out#0/mp4 @ 0x6c20d00] video:1146KiB audio:0KiB subtitle:0KiB other streams:0KiB global headers:0KiB muxing overhead: 2.110539%
frame= 2001 fps=0.0 q=-1.0 Lsize=    1170KiB time=00:03:19.90 bitrate=  47.9kbits/s speed= 231x    
[libx264 @ 0x6c24240] frame I:9     Avg QP:15.65  size: 10326
[libx264 @ 0x6c24240] frame P:528   Avg QP:18.32  size:  1597
[libx264 @ 0x6c24240] frame B:1464  Avg QP:21.55  size:   161
[libx264 @ 0x6c24240] consecutive B-frames:  1.6%  1.9%  1.5% 95.0%
[libx264 @ 0x6c24240] mb I  I16..4:  4.9% 54.7% 40.4%
[libx264 @ 0x6c24240] mb P  I16..4:  0.1%  0.3%  0.2%  P16..4: 31.7% 17.1% 12.8%  0.0%  0.0%    skip:37.8%
[libx264 @ 0x6c24240] mb B  I16..4:  0.0%  0.0%  0.0%  B16..8: 16.1%  2.3%  0.5%  direct: 0.9%  skip:80.1%  L0:25.0% L1:64.9% BI:10.1%
[libx264 @ 0x6c24240] 8x8 transform intra:52.6% inter:42.6%
[libx264 @ 0x6c24240] coded y,uvDC,uvAC intra: 72.1% 58.4% 50.1% inter: 9.5% 2.9% 0.4%
[libx264 @ 0x6c24240] i16 v,h,dc,p: 46% 15% 21% 19%
[libx264 @ 0x6c24240] i8 v,h,dc,ddl,ddr,vr,hd,vl,hu:  6% 40% 29%  3%  4%  4%  5%  2%  7%
[libx264 @ 0x6c24240] i4 v,h,dc,ddl,ddr,vr,hd,vl,hu: 15% 30% 13%  4%  8%  9%  9%  4%  8%
[libx264 @ 0x6c24240] i8c dc,h,v,p: 60% 26%  9%  4%
[libx264 @ 0x6c24240] Weighted P-Frames: Y:0.0% UV:0.0%
[libx264 @ 0x6c24240] ref P L0: 68.0% 12.4% 15.6%  4.0%
[libx264 @ 0x6c24240] ref B L0: 88.6%  9.5%  1.9%
[libx264 @ 0x6c24240] ref B L1: 94.2%  5.8%
[libx264 @ 0x6c24240] kb/s:46.87
