WARNING: All log messages before absl::InitializeLog() is called are written to STDERR
E0000 00:00:1786537536.117962   32343 descriptor_database.cc:633] File already exists in database: grpc/health/v1/health.proto
W0000 00:00:1786537536.117995   32343 message.cc:301] Protobuf GeneratedMessageFactory: File is already registered: grpc/health/v1/health.proto
2026-08-12T12:25:35Z [Info] [carb] Logging to file: /root/autodl-tmp/isaac_sim/venv/lib/python3.12/site-packages/isaacsim/kit/logs/Kit/Isaac-Sim Python/6.0/kit_20260812_202535.log
[0.077s] [ext: omni.assets.plugins-0.0.0] startup
[0.078s] [ext: omni.blobkey-1.1.2] startup
[0.078s] [ext: omni.kit.async_engine-0.0.3] startup
[0.174s] [ext: omni.client.lib-1.1.1] startup
[0.186s] [ext: omni.client-1.3.0] startup
[0.191s] [ext: omni.protobuf.lib-1.0.0] startup
[0.192s] [ext: omni.grpc.lib-1.0.0] startup
[0.198s] [ext: omni.metrics.core-0.0.3] startup
[0.198s] [ext: omni.datastore-0.0.0] startup
[0.199s] [ext: omni.gpu_foundation.shadercache.vulkan-1.0.0] startup
[0.201s] [ext: omni.hsscclient-1.1.4] startup
[0.201s] [ext: omni.stats-1.0.1] startup
[0.202s] [ext: omni.ujitso.default-1.0.0] startup
[0.205s] [ext: omni.gpu_foundation-0.0.0] startup
[0.439s] [ext: carb.windowing.plugins-1.0.1] startup
[0.439s] [ext: omni.kit.renderer.init-1.0.1] startup
2026-08-12T12:25:36Z [476ms] [Warning] [omni.platforminfo.plugin] failed to open the default display.  Can't verify X Server version.

|---------------------------------------------------------------------------------------------|
| Driver Version: 595.71.05     | Graphics API: Vulkan
|=============================================================================================|
| GPU | Name                             | Active | LDA | GPU Memory | Vendor-ID | LUID       |
|     |                                  |        |     |            | Device-ID | UUID       |
|     |                                  |        |     |            | Bus-ID    |            |
|---------------------------------------------------------------------------------------------|
| 0   | NVIDIA RTX 6000D                 | Yes: 0 |     | 85651   MB | 10de      | 0          |
|     |                                  |        |     |            | 2bb9      | 56b1f21d.. |
|     |                                  |        |     |            | d8        |            |
|=============================================================================================|
| OS: 22.04.5 LTS (Jammy Jellyfish) ubuntu, Version: 22.04.5, Kernel: 5.15.0-78-generic
| Processor: Intel(R) Xeon(R) Platinum 8470Q
| Bare Metal Cores: 104 | Bare Metal Logical Cores: 208
| Core Usage Quota: 22
|---------------------------------------------------------------------------------------------|
| Total Memory (MB): 112640 | Free Memory: 110386
| Total Page/Swap (MB): 0 | Free Page/Swap: 0
|---------------------------------------------------------------------------------------------|
2026-08-12T12:25:37Z [1,193ms] [Warning] [omni.rtx] CPU performance profile is set to powersave. This profile sets the CPU to the lowest frequency reducing performance.
2026-08-12T12:25:37Z [1,201ms] [Warning] [omni.rtx] ECC is enabled on physical device 0
[1.489s] [ext: omni.kit.pipapi-0.0.0] startup
[1.491s] [ext: omni.kit.telemetry-0.5.2] startup
[1.517s] [ext: omni.kit.loop-isaac-1.6.0] startup
[1.519s] [ext: omni.kit.test-2.0.7] startup
[1.574s] [ext: omni.materialx.libs-1.0.9] startup
[1.581s] [ext: omni.gpucompute.plugins-0.0.0] startup
[1.581s] [ext: omni.usd.config-1.0.7] startup
[1.584s] [ext: omni.usd.libs-1.0.3] startup
[1.671s] [ext: omni.iray.libs-0.0.1] startup
[1.676s] [ext: omni.mdl-57.0.3] startup
[1.692s] [ext: omni.mdl.neuraylib-0.2.20] startup
[1.694s] [ext: omni.kit.usd.mdl-1.1.9] startup
[1.793s] [ext: omni.appwindow-1.2.2] startup
[1.795s] [ext: omni.kit.renderer.core-1.2.2] startup
2026-08-12T12:25:37Z [1,767ms] [Warning] [carb.windowing-glfw.plugin] GLFW initialization failed.
2026-08-12T12:25:37Z [1,767ms] [Warning] [carb] Failed to startup plugin carb.windowing-glfw.plugin (interfaces: [carb::windowing::IGLContext v1.0],[carb::windowing::IWindowing v1.5]) (impl: carb.windowing-glfw.plugin)
[1.829s] [ext: omni.kit.renderer.capture-2.0.1] startup
[1.831s] [ext: omni.kit.renderer.imgui-2.0.6] startup
2026-08-12T12:25:37Z [1,788ms] [Warning] [carb.windowing-glfw.plugin] GLFW initialization failed.
2026-08-12T12:25:37Z [1,788ms] [Warning] [carb] Failed to startup plugin carb.windowing-glfw.plugin (interfaces: [carb::windowing::IGLContext v1.0],[carb::windowing::IWindowing v1.5]) (impl: carb.windowing-glfw.plugin)
2026-08-12T12:25:37Z [1,789ms] [Warning] [carb.windowing-glfw.plugin] GLFW initialization failed.
2026-08-12T12:25:37Z [1,789ms] [Warning] [carb] Failed to startup plugin carb.windowing-glfw.plugin (interfaces: [carb::windowing::IGLContext v1.0],[carb::windowing::IWindowing v1.5]) (impl: carb.windowing-glfw.plugin)
[1.897s] [ext: omni.ui-3.2.0] startup
[1.907s] [ext: omni.kit.mainwindow-1.0.3] startup
[1.908s] [ext: carb.audio-0.1.0] startup
[1.913s] [ext: omni.uiaudio-1.0.0] startup
[1.914s] [ext: omni.kit.uiapp-0.0.0] startup
[1.914s] [ext: omni.usd.schema.metrics.assembler-110.1.0] startup
[1.916s] [ext: omni.usd.schema.audio-0.0.1] startup
[1.919s] [ext: omni.usd_resolver-1.0.0] startup
[1.922s] [ext: omni.usd.core-1.8.3] startup
[1.926s] [ext: omni.metropolis.schema-0.0.3] startup
[1.927s] [ext: isaacsim.anim.robot.schema-0.1.1] startup
[1.927s] [ext: omni.usd.schema.anim-0.0.1] startup
[1.945s] [ext: omni.usd.schema.geospatial-0.0.1] startup
[1.948s] [ext: omni.usd.schema.omnigraph-1.0.1] startup
[1.953s] [ext: omni.usd.schema.semantics-0.0.0] startup
[1.956s] [ext: omni.activity.core-1.0.3] startup
[1.957s] [ext: omni.cubric-0.1.0] startup
[1.957s] [ext: omni.graph.exec-0.9.6] startup
[1.957s] [ext: omni.hydra.scene_delegate-0.3.5] startup
[1.961s] [ext: usdrt.scenegraph-7.6.3] startup
[1.986s] [ext: omni.hydra.usdrt_delegate-7.5.2] startup
[1.992s] [ext: omni.inspect-1.0.2] startup
[1.993s] [ext: omni.kit.actions.core-1.0.0] startup
[1.995s] [ext: omni.kit.audiodeviceenum-1.0.2] startup
[1.996s] [ext: omni.kit.commands-1.5.0] startup
[1.999s] [ext: omni.kit.exec.core-0.13.5] startup
[2.001s] [ext: omni.kit.usd_undo-0.1.8] startup
[2.001s] [ext: omni.kit.window.popup_dialog-2.0.25] startup
[2.004s] [ext: omni.kit.widget.nucleus_connector-2.3.1] startup
[2.007s] [ext: omni.timeline-1.1.0] startup
[2.009s] [ext: omni.usd-1.16.0] startup
[2.045s] [ext: omni.graph.core-3.1.2] startup
[2.049s] [ext: omni.kit.notification_manager-1.0.11] startup
[2.050s] [ext: isaacsim.core.deprecation_manager-0.4.2] startup
[2.051s] [ext: isaacsim.replicator.agent.schema-0.1.1] startup
[2.052s] [ext: isaacsim.robot.schema-6.3.7] startup
[2.056s] [ext: isaacsim.robot_motion.schema-0.2.1] startup
[2.057s] [ext: omni.anim.behavior.schema-110.1.0] startup
[2.060s] [ext: omni.anim.graph.schema-110.1.1] startup
[2.066s] [ext: omni.anim.navigation.schema-110.1.0] startup
[2.069s] [ext: omni.behavior.tree.schema-110.1.0] startup
[2.070s] [ext: omni.kit.asset_converter-6.0.1] startup
[2.083s] [ext: omni.usd.schema.flow-110.0.0] startup
[2.083s] [ext: omni.usd.schema.mujoco-1.1.1] startup
[2.084s] [ext: omni.usd.schema.newton-1.2.1] startup
[2.084s] [ext: omni.usd.schema.omni_lens_distortion-1.0.0] startup
[2.085s] [ext: omni.usd.schema.omni_projectors-1.0.0] startup
[2.085s] [ext: omni.usd.schema.omni_sensors-0.0.0] startup
[2.092s] [ext: omni.usd.schema.omniscripting-1.0.1] startup
[2.096s] [ext: omni.usd.schema.physical_lighting-0.1.0] startup
[2.099s] [ext: omni.usd.schema.physx-110.1.13] startup
[2.127s] [ext: omni.usd.schema.render_settings.rtx-1.0.2] startup
[2.130s] [ext: omni.usd.schema.usd_particle_field-1.0.0] startup
[2.131s] [ext: isaacsim.core.version-2.1.1] startup
[2.132s] [ext: omni.kit.menu.core-1.2.0] startup
[2.132s] [ext: omni.kit.menu.utils-2.2.4] startup
[2.138s] [ext: isaacsim.app.about-2.3.1] startup
[2.143s] [ext: isaacsim.asset.transformer-1.2.5] startup
[2.146s] [ext: omni.scene.optimizer.core-110.1.0] startup
[2.199s] [ext: isaacsim.asset.importer.utils-1.8.1] startup
[2.201s] [ext: omni.convexdecomposition-110.1.13] startup
[2.203s] [ext: omni.physics-110.1.13] startup
[2.206s] [ext: omni.physx.gpu-110.1.13] startup
[2.206s] [ext: omni.physx.foundation-110.1.13] startup
[2.207s] [ext: omni.usdphysics-110.1.13] startup
[2.209s] [ext: omni.physx.cooking-110.1.13] startup
[2.212s] [ext: omni.physx-110.1.13] startup
[2.221s] [ext: omni.physics.physx-110.1.13] startup
[2.223s] [ext: isaacsim.asset.exporter.urdf-2.0.5] startup
[2.231s] [ext: omni.kit.clipboard-1.1.1] startup
[2.231s] [ext: omni.kit.usd.layers-2.6.1] startup
[2.238s] [ext: omni.kit.widget.context_menu-1.4.0] startup
[2.239s] [ext: omni.kit.context_menu-1.9.0] startup
[2.241s] [ext: omni.kit.helper.file_utils-0.1.10] startup
[2.242s] [ext: omni.kit.widget.nucleus_info-2.0.2] startup
[2.242s] [ext: omni.kit.search_core-1.0.8] startup
[2.243s] [ext: omni.kit.widget.path_field-2.0.13] startup
[2.243s] [ext: omni.kit.widget.browser_bar-2.0.10] startup
[2.244s] [ext: omni.kit.widget.filebrowser-2.13.4] startup
[2.248s] [ext: omni.kit.widget.options_menu-1.1.6] startup
[2.250s] [ext: omni.kit.widget.options_button-1.0.3] startup
[2.251s] [ext: omni.kit.widget.search_delegate-1.0.9] startup
[2.252s] [ext: omni.ui.scene-2.0.3] startup
[2.256s] [ext: omni.kit.window.filepicker-2.15.5] startup
[2.267s] [ext: omni.kit.window.file_importer-1.1.21] startup
[2.269s] [ext: omni.kit.material.library-3.1.2] startup
[2.274s] [ext: isaacsim.asset.transformer.rules-1.7.10] startup
[2.284s] [ext: omni.usdex.libs-2.2.2] startup
[2.292s] [ext: isaacsim.asset.importer.mjcf-3.10.1] startup
[2.294s] [ext: isaacsim.asset.importer.urdf-3.11.2] startup
[2.297s] [ext: omni.kit.primitive.mesh-1.1.0] startup
[2.300s] [ext: omni.kit.stage_template.core-1.1.22] startup
[2.300s] [ext: omni.kit.stage_templates-2.0.2] startup
[2.301s] [ext: omni.usd.metrics.assembler-110.1.2] startup
[2.304s] [ext: omni.warp.core-1.13.0] startup
[2.471s] [ext: isaacsim.core.experimental.utils-0.17.2] startup
[2.472s] [ext: omni.physics.stageupdate-110.1.13] startup
[2.474s] [ext: omni.physics.tensors-110.1.13] startup
[2.478s] [ext: omni.physx.tensors-110.1.13] startup
[2.482s] [ext: isaacsim.core.simulation_manager-1.15.6] startup
[2.495s] [ext: isaacsim.storage.native-1.9.3] startup
[2.496s] [ext: omni.usd.metrics.assembler.physics-110.1.13] startup
[2.497s] [ext: isaacsim.core.utils-4.1.7] startup
[2.500s] [ext: isaacsim.core.prims-0.11.7] startup
[3.700s] [ext: isaacsim.core.api-5.2.13] startup
[3.709s] [ext: isaacsim.core.cloner-1.7.3] startup
[3.710s] [ext: isaacsim.test.docstring-1.3.2] startup
[3.714s] [ext: isaacsim.core.experimental.prims-1.8.9] startup
[3.738s] [ext: isaacsim.core.experimental.primdata-0.3.2] startup
[3.741s] [ext: omni.graph.tools-1.81.0] startup
[3.767s] [ext: omni.graph-1.142.5] startup
[3.808s] [ext: isaacsim.core.experimental.actuators-0.1.2] startup
[3.831s] [ext: isaacsim.core.experimental.materials-0.7.1] startup
[3.834s] [ext: isaacsim.core.experimental.objects-0.8.1] startup
[3.896s] [ext: omni.hydra.engine.stats-1.0.5] startup
[3.899s] [ext: omni.hydra.rtx.shadercache.vulkan-1.0.0] startup
[3.900s] [ext: omni.index.libs-387500.4413.0] startup
[3.900s] [ext: omni.index-1.0.1] startup
[3.901s] [ext: omni.ujitso.client-0.0.0] startup
[3.901s] [ext: omni.usd.schema.playback-1.0.0] startup
[3.906s] [ext: omni.volume-0.5.2] startup
[3.913s] [ext: omni.hydra.rtx-1.0.4] startup
2026-08-12T12:25:39Z [3,891ms] [Warning] [omni.log] Source: omni.hydra was already registered.
[3.956s] [ext: omni.kit.hydra_texture-1.6.0] startup
[3.960s] [ext: omni.kit.raycast.query-1.2.0] startup
[3.965s] [ext: omni.kit.viewport.legacy_gizmos-1.0.24] startup
[3.970s] [ext: omni.kit.viewport.registry-104.0.6] startup
[3.970s] [ext: omni.kit.viewport.scene_camera_model-1.0.7] startup
[3.975s] [ext: omni.kit.widget.viewport-109.2.0] startup
[3.980s] [ext: omni.kit.window.drop_support-1.0.8] startup
[3.981s] [ext: omni.kit.viewport.window-109.0.2] startup
[3.999s] [ext: omni.kit.viewport.utility-2.0.1] startup
[4.001s] [ext: isaacsim.core.rendering_manager-0.4.3] startup
[4.018s] [ext: omni.graph.action_core-1.1.9] startup
[4.021s] [ext: omni.graph.action_nodes_core-2.11.0] startup
[4.024s] [ext: omni.graph.action_nodes-2.11.0] startup
[4.059s] [ext: omni.graph.action-2.10.2] startup
[4.061s] [ext: omni.graph.image.core-0.6.1] startup
[4.062s] [ext: omni.graph.image.nodes-1.3.1] startup
[4.063s] [ext: omni.graph.nodes_core-2.11.0] startup
[4.070s] [ext: omni.graph.nodes-2.12.0] startup
[4.077s] [ext: omni.kit.hotkeys.core-1.3.12] startup
[4.078s] [ext: omni.kit.property.adapter.core-1.1.1] startup
[4.081s] [ext: omni.kit.property.adapter.usd-1.0.5] startup
[4.082s] [ext: omni.kit.widget.filter-1.1.5] startup
[4.083s] [ext: omni.kit.widget.highlight_label-1.0.3] startup
[4.084s] [ext: omni.kit.widget.searchfield-1.1.8] startup
[4.086s] [ext: omni.kit.window.file_exporter-1.0.36] startup
[4.088s] [ext: omni.kit.widget.stage-4.4.0] startup
[4.097s] [ext: omni.kit.window.content_browser_registry-0.0.6] startup
[4.098s] [ext: omni.kit.window.file-2.0.10] startup
[4.101s] [ext: omni.kit.window.content_browser-3.1.8] startup
[4.113s] [ext: omni.kit.window.property-1.15.1] startup
[4.125s] [ext: omni.kit.property.usd-4.9.4] startup
[4.135s] [ext: omni.graph.scriptnode-2.10.2] startup
[4.147s] [ext: omni.kit.widget.searchable_combobox-1.0.7] startup
[4.148s] [ext: omni.kit.widget.settings-2.0.0] startup
[4.151s] [ext: omni.kit.window.preferences-1.8.3] startup
[4.156s] [ext: omni.kit.viewport.menubar.core-107.2.2] startup
[4.167s] [ext: omni.syntheticdata-0.6.15] startup
[4.202s] [ext: omni.replicator.nv-1.1.1] startup
[4.209s] [ext: omni.videoencoding-0.2.1] startup
[4.211s] [ext: omni.replicator.core-1.13.27] startup
2026-08-12T12:25:40Z [4,175ms] [Warning] [pxr.Semantics] pxr.Semantics is deprecated - please use Semantics instead
2026-08-12T12:25:40Z [4,263ms] [Warning] [omni.replicator.core.scripts.extension] No material configuration file, adding configuration to material settings directly.
[4.458s] [ext: isaacsim.core.nodes-5.10.5] startup
[4.496s] [ext: isaacsim.core.throttling-2.3.5] startup
[4.498s] [ext: omni.kit.manipulator.viewport-107.0.1] startup
[4.499s] [ext: omni.graph.visualization.nodes-2.1.4] startup
[4.517s] [ext: omni.kit.window.extensions-1.5.10] startup
[4.523s] [ext: isaacsim.gui.components-1.8.5] startup
[4.528s] [ext: isaacsim.robot.surface_gripper-3.6.2] startup
[4.542s] [ext: isaacsim.robot.manipulators-3.4.4] startup
[4.555s] [ext: isaacsim.robot_motion.lula-4.1.3] startup
[4.564s] [ext: isaacsim.robot_motion.motion_generation-8.2.9] startup
[4.571s] [ext: isaacsim.cortex.framework-1.0.18] startup
[4.573s] [ext: isaacsim.cortex.behaviors-2.0.17] startup
[4.575s] [ext: isaacsim.examples.base-1.3.2] startup
[4.577s] [ext: omni.kit.widget.zoombar-1.0.7] startup
[4.578s] [ext: omni.kit.browser.core-2.3.18] startup
[4.582s] [ext: omni.kit.browser.folder.core-2.0.2] startup
[4.587s] [ext: omni.kit.widget.stage_icons-1.0.8] startup
[4.588s] [ext: omni.kit.window.stage-2.6.1] startup
[4.592s] [ext: omni.kit.menu.stage-1.2.7] startup
[4.594s] [ext: omni.kit.usd.collect-3.0.6] startup
[4.597s] [ext: omni.kit.widget.prompt-1.0.7] startup
[4.598s] [ext: omni.kit.tool.collect-2.2.19] startup
[4.600s] [ext: isaacsim.examples.browser-0.3.2] startup
[4.603s] [ext: omni.kit.search.files-1.0.4] startup
[4.604s] [ext: omni.kit.widget.calendar-1.0.9] startup
[4.606s] [ext: omni.kit.widget.extended_searchfield-1.0.31] startup
[4.615s] [ext: omni.simready.content.browser-0.3.7] startup
[4.703s] [ext: isaacsim.gui.content_browser-0.4.3] startup
[4.706s] [ext: omni.kit.selection-0.1.6] startup
[4.707s] [ext: isaacsim.gui.menu-2.10.5] startup
[4.716s] [ext: isaacsim.gui.property-1.6.4] startup
[4.724s] [ext: omni.kit.viewport.actions-110.0.0] startup
[4.728s] [ext: omni.kit.viewport.menubar.display-107.1.3] startup
[4.730s] [ext: isaacsim.gui.sensors.icon-2.2.1] startup
[4.733s] [ext: omni.behavior.scripting.core-110.1.0] startup
[4.736s] [ext: isaacsim.replicator.behavior-1.5.4] startup
[4.738s] [ext: isaacsim.replicator.experimental.domain_randomization-1.2.5] startup
[4.757s] [ext: isaacsim.replicator.domain_randomization-1.2.2] startup
[4.834s] [ext: isaacsim.replicator.writers-1.5.4] startup
[4.862s] [ext: isaacsim.robot.experimental.wheeled_robots-0.2.11] startup
[4.884s] [ext: isaacsim.robot.policy.examples-5.2.12] startup
[4.905s] [ext: isaacsim.robot.wheeled_robots-5.2.4] startup
[4.910s] [ext: isaacsim.robot.wheeled_robots.nodes-0.1.5] startup
[4.935s] [ext: isaacsim.robot_motion.experimental.motion_generation-6.1.3] startup
[4.946s] [ext: isaacsim.robot_motion.cumotion-1.3.1] startup
[4.959s] [ext: omni.kit.numpy.common-0.1.3] startup
[4.961s] [ext: isaacsim.sensors.camera-1.7.9] startup
[4.989s] [ext: isaacsim.sensors.experimental.physics-3.0.2] startup
[4.997s] [ext: omni.sensors.net-1.0.1] startup
[5.004s] [ext: omni.sensors.nv.common-3.0.0] startup
[5.019s] [ext: omni.sensors.nv.materials-2.0.0] startup
[5.023s] [ext: omni.sensors.nv.acoustic-3.0.0] startup
[5.026s] [ext: omni.sensors.nv.ids-2.0.1] startup
[5.028s] [ext: omni.sensors.nv.lidar-3.0.0] startup
[5.033s] [ext: omni.sensors.nv.radar-3.0.0] startup
[5.036s] [ext: isaacsim.sensors.experimental.rtx-1.4.6] startup
[5.247s] [ext: isaacsim.sensors.physics.nodes-1.5.3] startup
[5.255s] [ext: isaacsim.util.debug_draw-3.2.3] startup
[5.261s] [ext: isaacsim.sensors.physx-2.5.5] startup
[5.270s] [ext: isaacsim.sensors.rtx-15.17.1] startup
[5.284s] [ext: isaacsim.simulation_app-2.18.4] startup
[5.285s] [ext: omni.anim.curve.core-1.6.0] startup
[5.296s] [ext: omni.graph.ui_nodes-2.11.1] startup
[5.332s] [ext: omni.hydra.scene_api-0.1.3] startup
[5.338s] [ext: omni.kit.manipulator.camera-110.0.0] startup
[5.342s] [ext: omni.kit.manipulator.selector-1.1.4] startup
[5.344s] [ext: omni.kit.manipulator.transform-107.0.0] startup
[5.348s] [ext: omni.kit.widget.toolbar-2.1.0] startup
[5.355s] [ext: omni.kit.manipulator.tool.snap-1.5.14] startup
[5.359s] [ext: omni.kit.viewport.manipulator.transform-107.0.4] startup
[5.361s] [ext: omni.kit.manipulator.prim.core-108.0.2] startup
[5.368s] [ext: omni.kit.manipulator.prim.usd-107.0.3] startup
[5.369s] [ext: omni.kit.manipulator.prim-108.0.0] startup
[5.369s] [ext: omni.kit.manipulator.selection-109.0.1] startup
[5.371s] [ext: omni.kit.menu.create-2.0.2] startup
[5.373s] [ext: omni.kit.property.audio-1.0.16] startup
[5.377s] [ext: omni.kit.property.camera-1.0.14] startup
[5.379s] [ext: omni.kit.property.geometry-2.1.2] startup
[5.383s] [ext: omni.kit.property.light-1.0.14] startup
2026-08-12T12:25:41Z [5,371ms] [Warning] [omni.usd] Encountered USD Warnings but USD Diagnostics are currently muted. To view USD Warnings, please set the '/persistent/app/usd/muteUsdDiagnostics' setting to false in Preferences page.
[5.469s] [ext: omni.kit.property.material-1.14.6] startup
[5.475s] [ext: omni.kit.property.render-1.2.2] startup
[5.477s] [ext: omni.kit.property.transform-1.6.9] startup
[5.480s] [ext: omni.kit.property.bundle-1.5.1] startup
[5.482s] [ext: omni.kit.usdz_export-1.1.0] startup
[5.485s] [ext: omni.kit.tool.asset_importer-6.0.1] startup
[5.490s] [ext: omni.kit.ui.actions-1.0.5] startup
[5.492s] [ext: omni.kit.viewport.menubar.camera-107.0.10] startup
[5.497s] [ext: omni.kit.viewport.menubar.lighting-107.3.2] startup
[5.500s] [ext: omni.kit.viewport.menubar.render-110.0.0] startup
[5.503s] [ext: omni.kit.viewport.menubar.settings-110.0.1] startup
[5.506s] [ext: omni.kit.window.console-1.1.9] startup
[5.511s] [ext: omni.kit.window.status_bar-0.1.11] startup
[5.514s] [ext: omni.kit.window.toolbar-3.0.3] startup
[5.516s] [ext: omni.ocio-0.1.1] startup
[5.518s] [ext: omni.physx.commands-110.1.13] startup
[5.521s] [ext: omni.replicator.replicator_yaml-2.0.12] startup
[5.535s] [ext: omni.rtx.window.settings-0.8.0] startup
[5.539s] [ext: omni.rtx.settings.core-0.7.1] startup
[5.543s] [ext: omni.usd.metrics.assembler.ui-110.1.1] startup
[5.550s] [ext: semantics.schema.editor-2.0.2] startup
[5.553s] [ext: semantics.schema.property-2.0.2] startup
[5.555s] [ext: omni.kit.menu.common-2.0.2] startup
[5.556s] [ext: isaacsim.exp.base-6.0.1] startup
[5.556s] [ext: isaacsim.exp.base.python-6.0.1] startup
[5.559s] Simulation App Starting
[6.799s] Simulation App Startup Complete
[6.810s] app ready
Starting kit application with the following args:  ['/root/autodl-tmp/isaac_sim/venv/lib/python3.12/site-packages/isaacsim/exts/isaacsim.simulation_app/isaacsim/simulation_app/simulation_app.py', '/root/autodl-tmp/isaac_sim/venv/lib/python3.12/site-packages/isaacsim/apps/isaacsim.exp.base.python.kit', '--/app/tokens/exe-path=/root/autodl-tmp/isaac_sim/venv/lib/python3.12/site-packages/isaacsim/kit', '--/persistent/app/viewport/displayOptions=3094', '--/rtx/materialDb/syncLoads=True', '--/rtx/hydra/materialSyncLoads=True', '--/omni/kit/plugin/syncUsdLoads=True', '--/app/renderer/resolution/width=1280', '--/app/renderer/resolution/height=720', '--/app/window/width=1440', '--/app/window/height=900', '--/renderer/multiGpu/enabled=True', '--/app/fastShutdown=True', '--/app/installSignalHandlers=0', '--ext-folder', '/root/autodl-tmp/isaac_sim/venv/lib/python3.12/site-packages/isaacsim/exts', '--ext-folder', '/root/autodl-tmp/isaac_sim/venv/lib/python3.12/site-packages/isaacsim/apps', '--/physics/cudaDevice=0', '--/plugins/carb.tasking.plugin/threadCount=32', '--/plugins/omni.tbb.globalcontrol/maxThreadCount=32', '--portable', '--no-window', '--/app/window/hideUi=1', '--allow-root']
Passing the following args to the base kit application:  []
Warp 1.13.0 initialized:
   CUDA Toolkit 12.9, Driver 13.2
   Devices:
     "cpu"      : "x86_64"
     "cuda:0"   : "NVIDIA RTX 6000D" (83 GiB, sm_120, mempool enabled)
   Kernel cache:
     /root/autodl-tmp/isaac_cache/xdg/warp/1.13.0
{"command": "LIBERO action [0.1,0,0,0,0,0,0] -> +5 mm Isaac /World x", "frame_mapping_pass": true, "gripper_mapping_pass": true, "robot_moved": true, "controller_latency_mean_ms": 1.8253741242612402, "controller_latency_p95_ms": 1.977261109277606, "pass": true}
[7.282s] [ext: isaacsim.robot_motion.pink-0.1.3] startup
[22.798s] Simulation App Shutting Down
