WARNING: All log messages before absl::InitializeLog() is called are written to STDERR
E0000 00:00:1786527585.286965    2215 descriptor_database.cc:633] File already exists in database: grpc/health/v1/health.proto
W0000 00:00:1786527585.287003    2215 message.cc:301] Protobuf GeneratedMessageFactory: File is already registered: grpc/health/v1/health.proto
2026-08-12T09:39:45Z [Info] [carb] Logging to file: /root/autodl-tmp/isaac_sim/venv/lib/python3.12/site-packages/isaacsim/kit/logs/Kit/Isaac-Sim Python/6.0/kit_20260812_173945.log
[0.064s] [ext: omni.assets.plugins-0.0.0] startup
[0.065s] [ext: omni.blobkey-1.1.2] startup
[0.065s] [ext: omni.kit.async_engine-0.0.3] startup
[0.159s] [ext: omni.client.lib-1.1.1] startup
[0.172s] [ext: omni.client-1.3.0] startup
[0.178s] [ext: omni.protobuf.lib-1.0.0] startup
[0.179s] [ext: omni.grpc.lib-1.0.0] startup
[0.184s] [ext: omni.metrics.core-0.0.3] startup
[0.184s] [ext: omni.datastore-0.0.0] startup
[0.185s] [ext: omni.gpu_foundation.shadercache.vulkan-1.0.0] startup
[0.187s] [ext: omni.hsscclient-1.1.4] startup
[0.188s] [ext: omni.stats-1.0.1] startup
[0.188s] [ext: omni.ujitso.default-1.0.0] startup
[0.191s] [ext: omni.gpu_foundation-0.0.0] startup
[0.423s] [ext: carb.windowing.plugins-1.0.1] startup
[0.424s] [ext: omni.kit.renderer.init-1.0.1] startup
2026-08-12T09:39:45Z [452ms] [Warning] [omni.platforminfo.plugin] failed to open the default display.  Can't verify X Server version.

|---------------------------------------------------------------------------------------------|
| Driver Version: 595.71.05     | Graphics API: Vulkan
|=============================================================================================|
| GPU | Name                             | Active | LDA | GPU Memory | Vendor-ID | LUID       |
|     |                                  |        |     |            | Device-ID | UUID       |
|     |                                  |        |     |            | Bus-ID    |            |
|---------------------------------------------------------------------------------------------|
| 0   | NVIDIA RTX 6000D                 | Yes: 0 |     | 85651   MB | 10de      | 0          |
|     |                                  |        |     |            | 2bb9      | 56b1f21d.. |
|     |                                  |        |     |            | d8        |            |
|=============================================================================================|
| OS: 22.04.5 LTS (Jammy Jellyfish) ubuntu, Version: 22.04.5, Kernel: 5.15.0-78-generic
| Processor: Intel(R) Xeon(R) Platinum 8470Q
| Bare Metal Cores: 104 | Bare Metal Logical Cores: 208
| Core Usage Quota: 22
|---------------------------------------------------------------------------------------------|
| Total Memory (MB): 112640 | Free Memory: 111422
| Total Page/Swap (MB): 0 | Free Page/Swap: 0
|---------------------------------------------------------------------------------------------|
2026-08-12T09:39:46Z [1,285ms] [Warning] [omni.rtx] CPU performance profile is set to powersave. This profile sets the CPU to the lowest frequency reducing performance.
2026-08-12T09:39:46Z [1,293ms] [Warning] [omni.rtx] ECC is enabled on physical device 0
[1.607s] [ext: omni.kit.pipapi-0.0.0] startup
[1.608s] [ext: omni.kit.telemetry-0.5.2] startup
[1.614s] [ext: omni.kit.loop-isaac-1.6.0] startup
[1.636s] [ext: omni.kit.test-2.0.7] startup
[1.691s] [ext: omni.materialx.libs-1.0.9] startup
[1.698s] [ext: omni.gpucompute.plugins-0.0.0] startup
[1.698s] [ext: omni.usd.config-1.0.7] startup
[1.701s] [ext: omni.usd.libs-1.0.3] startup
[1.791s] [ext: omni.iray.libs-0.0.1] startup
[1.795s] [ext: omni.mdl-57.0.3] startup
[1.811s] [ext: omni.mdl.neuraylib-0.2.20] startup
[1.813s] [ext: omni.kit.usd.mdl-1.1.9] startup
[1.911s] [ext: omni.appwindow-1.2.2] startup
[1.917s] [ext: omni.kit.renderer.core-1.2.2] startup
2026-08-12T09:39:47Z [2,146ms] [Warning] [carb.windowing-glfw.plugin] GLFW initialization failed.
2026-08-12T09:39:47Z [2,146ms] [Warning] [carb] Failed to startup plugin carb.windowing-glfw.plugin (interfaces: [carb::windowing::IGLContext v1.0],[carb::windowing::IWindowing v1.5]) (impl: carb.windowing-glfw.plugin)
[2.196s] [ext: omni.kit.renderer.capture-2.0.1] startup
[2.198s] [ext: omni.kit.renderer.imgui-2.0.6] startup
2026-08-12T09:39:47Z [2,169ms] [Warning] [carb.windowing-glfw.plugin] GLFW initialization failed.
2026-08-12T09:39:47Z [2,169ms] [Warning] [carb] Failed to startup plugin carb.windowing-glfw.plugin (interfaces: [carb::windowing::IGLContext v1.0],[carb::windowing::IWindowing v1.5]) (impl: carb.windowing-glfw.plugin)
2026-08-12T09:39:47Z [2,171ms] [Warning] [carb.windowing-glfw.plugin] GLFW initialization failed.
2026-08-12T09:39:47Z [2,171ms] [Warning] [carb] Failed to startup plugin carb.windowing-glfw.plugin (interfaces: [carb::windowing::IGLContext v1.0],[carb::windowing::IWindowing v1.5]) (impl: carb.windowing-glfw.plugin)
[2.294s] [ext: omni.ui-3.2.0] startup
[2.303s] [ext: omni.kit.mainwindow-1.0.3] startup
[2.304s] [ext: carb.audio-0.1.0] startup
[2.309s] [ext: omni.uiaudio-1.0.0] startup
[2.309s] [ext: omni.kit.uiapp-0.0.0] startup
[2.309s] [ext: omni.usd.schema.metrics.assembler-110.1.0] startup
[2.312s] [ext: omni.usd.schema.audio-0.0.1] startup
[2.315s] [ext: omni.usd_resolver-1.0.0] startup
[2.318s] [ext: omni.usd.core-1.8.3] startup
[2.322s] [ext: omni.metropolis.schema-0.0.3] startup
[2.322s] [ext: isaacsim.anim.robot.schema-0.1.1] startup
[2.323s] [ext: omni.usd.schema.anim-0.0.1] startup
[2.340s] [ext: omni.usd.schema.geospatial-0.0.1] startup
[2.342s] [ext: omni.usd.schema.omnigraph-1.0.1] startup
[2.348s] [ext: omni.usd.schema.semantics-0.0.0] startup
[2.350s] [ext: omni.activity.core-1.0.3] startup
[2.351s] [ext: omni.cubric-0.1.0] startup
[2.351s] [ext: omni.graph.exec-0.9.6] startup
[2.351s] [ext: omni.hydra.scene_delegate-0.3.5] startup
[2.355s] [ext: usdrt.scenegraph-7.6.3] startup
[2.380s] [ext: omni.hydra.usdrt_delegate-7.5.2] startup
[2.386s] [ext: omni.inspect-1.0.2] startup
[2.387s] [ext: omni.kit.actions.core-1.0.0] startup
[2.389s] [ext: omni.kit.audiodeviceenum-1.0.2] startup
[2.390s] [ext: omni.kit.commands-1.5.0] startup
[2.393s] [ext: omni.kit.exec.core-0.13.5] startup
[2.394s] [ext: omni.kit.usd_undo-0.1.8] startup
[2.395s] [ext: omni.kit.window.popup_dialog-2.0.25] startup
[2.398s] [ext: omni.kit.widget.nucleus_connector-2.3.1] startup
[2.401s] [ext: omni.timeline-1.1.0] startup
[2.402s] [ext: omni.usd-1.16.0] startup
[2.438s] [ext: omni.graph.core-3.1.2] startup
[2.442s] [ext: omni.kit.notification_manager-1.0.11] startup
[2.445s] [ext: isaacsim.core.deprecation_manager-0.4.2] startup
[2.446s] [ext: isaacsim.replicator.agent.schema-0.1.1] startup
[2.446s] [ext: isaacsim.robot.schema-6.3.7] startup
[2.450s] [ext: isaacsim.robot_motion.schema-0.2.1] startup
[2.451s] [ext: omni.anim.behavior.schema-110.1.0] startup
[2.455s] [ext: omni.anim.graph.schema-110.1.1] startup
[2.460s] [ext: omni.anim.navigation.schema-110.1.0] startup
[2.463s] [ext: omni.behavior.tree.schema-110.1.0] startup
[2.464s] [ext: omni.kit.asset_converter-6.0.1] startup
[2.476s] [ext: omni.usd.schema.flow-110.0.0] startup
[2.476s] [ext: omni.usd.schema.mujoco-1.1.1] startup
[2.476s] [ext: omni.usd.schema.newton-1.2.1] startup
[2.477s] [ext: omni.usd.schema.omni_lens_distortion-1.0.0] startup
[2.477s] [ext: omni.usd.schema.omni_projectors-1.0.0] startup
[2.478s] [ext: omni.usd.schema.omni_sensors-0.0.0] startup
[2.484s] [ext: omni.usd.schema.omniscripting-1.0.1] startup
[2.488s] [ext: omni.usd.schema.physical_lighting-0.1.0] startup
[2.491s] [ext: omni.usd.schema.physx-110.1.13] startup
[2.518s] [ext: omni.usd.schema.render_settings.rtx-1.0.2] startup
[2.521s] [ext: omni.usd.schema.usd_particle_field-1.0.0] startup
[2.521s] [ext: isaacsim.core.version-2.1.1] startup
[2.522s] [ext: omni.kit.menu.core-1.2.0] startup
[2.522s] [ext: omni.kit.menu.utils-2.2.4] startup
[2.528s] [ext: isaacsim.app.about-2.3.1] startup
[2.533s] [ext: isaacsim.asset.transformer-1.2.5] startup
[2.536s] [ext: omni.scene.optimizer.core-110.1.0] startup
[2.587s] [ext: isaacsim.asset.importer.utils-1.8.1] startup
[2.589s] [ext: omni.convexdecomposition-110.1.13] startup
[2.591s] [ext: omni.physics-110.1.13] startup
[2.594s] [ext: omni.physx.gpu-110.1.13] startup
[2.594s] [ext: omni.physx.foundation-110.1.13] startup
[2.595s] [ext: omni.usdphysics-110.1.13] startup
[2.597s] [ext: omni.physx.cooking-110.1.13] startup
[2.599s] [ext: omni.physx-110.1.13] startup
[2.609s] [ext: omni.physics.physx-110.1.13] startup
[2.611s] [ext: isaacsim.asset.exporter.urdf-2.0.5] startup
[2.618s] [ext: omni.kit.clipboard-1.1.1] startup
[2.618s] [ext: omni.kit.usd.layers-2.6.1] startup
[2.625s] [ext: omni.kit.widget.context_menu-1.4.0] startup
[2.626s] [ext: omni.kit.context_menu-1.9.0] startup
[2.628s] [ext: omni.kit.helper.file_utils-0.1.10] startup
[2.629s] [ext: omni.kit.widget.nucleus_info-2.0.2] startup
[2.629s] [ext: omni.kit.search_core-1.0.8] startup
[2.630s] [ext: omni.kit.widget.path_field-2.0.13] startup
[2.631s] [ext: omni.kit.widget.browser_bar-2.0.10] startup
[2.631s] [ext: omni.kit.widget.filebrowser-2.13.4] startup
[2.635s] [ext: omni.kit.widget.options_menu-1.1.6] startup
[2.637s] [ext: omni.kit.widget.options_button-1.0.3] startup
[2.638s] [ext: omni.kit.widget.search_delegate-1.0.9] startup
[2.639s] [ext: omni.ui.scene-2.0.3] startup
[2.643s] [ext: omni.kit.window.filepicker-2.15.5] startup
[2.655s] [ext: omni.kit.window.file_importer-1.1.21] startup
[2.656s] [ext: omni.kit.material.library-3.1.2] startup
[2.661s] [ext: isaacsim.asset.transformer.rules-1.7.10] startup
[2.670s] [ext: omni.usdex.libs-2.2.2] startup
[2.678s] [ext: isaacsim.asset.importer.mjcf-3.10.1] startup
[2.680s] [ext: isaacsim.asset.importer.urdf-3.11.2] startup
[2.683s] [ext: omni.kit.primitive.mesh-1.1.0] startup
[2.686s] [ext: omni.kit.stage_template.core-1.1.22] startup
[2.686s] [ext: omni.kit.stage_templates-2.0.2] startup
[2.687s] [ext: omni.usd.metrics.assembler-110.1.2] startup
[2.690s] [ext: omni.warp.core-1.13.0] startup
[2.854s] [ext: isaacsim.core.experimental.utils-0.17.2] startup
[2.855s] [ext: omni.physics.stageupdate-110.1.13] startup
[2.857s] [ext: omni.physics.tensors-110.1.13] startup
[2.861s] [ext: omni.physx.tensors-110.1.13] startup
[2.865s] [ext: isaacsim.core.simulation_manager-1.15.6] startup
[2.877s] [ext: isaacsim.storage.native-1.9.3] startup
[2.879s] [ext: omni.usd.metrics.assembler.physics-110.1.13] startup
[2.880s] [ext: isaacsim.core.utils-4.1.7] startup
[2.882s] [ext: isaacsim.core.prims-0.11.7] startup
[4.084s] [ext: isaacsim.core.api-5.2.13] startup
[4.094s] [ext: isaacsim.core.cloner-1.7.3] startup
[4.096s] [ext: isaacsim.test.docstring-1.3.2] startup
[4.100s] [ext: isaacsim.core.experimental.prims-1.8.9] startup
[4.125s] [ext: isaacsim.core.experimental.primdata-0.3.2] startup
[4.127s] [ext: omni.graph.tools-1.81.0] startup
[4.151s] [ext: omni.graph-1.142.5] startup
[4.199s] [ext: isaacsim.core.experimental.actuators-0.1.2] startup
[4.220s] [ext: isaacsim.core.experimental.materials-0.7.1] startup
[4.224s] [ext: isaacsim.core.experimental.objects-0.8.1] startup
[4.286s] [ext: omni.hydra.engine.stats-1.0.5] startup
[4.289s] [ext: omni.hydra.rtx.shadercache.vulkan-1.0.0] startup
[4.291s] [ext: omni.index.libs-387500.4413.0] startup
[4.291s] [ext: omni.index-1.0.1] startup
[4.291s] [ext: omni.ujitso.client-0.0.0] startup
[4.292s] [ext: omni.usd.schema.playback-1.0.0] startup
[4.297s] [ext: omni.volume-0.5.2] startup
[4.304s] [ext: omni.hydra.rtx-1.0.4] startup
2026-08-12T09:39:49Z [4,297ms] [Warning] [omni.log] Source: omni.hydra was already registered.
[4.348s] [ext: omni.kit.hydra_texture-1.6.0] startup
[4.352s] [ext: omni.kit.raycast.query-1.2.0] startup
[4.358s] [ext: omni.kit.viewport.legacy_gizmos-1.0.24] startup
[4.361s] [ext: omni.kit.viewport.registry-104.0.6] startup
[4.361s] [ext: omni.kit.viewport.scene_camera_model-1.0.7] startup
[4.366s] [ext: omni.kit.widget.viewport-109.2.0] startup
[4.372s] [ext: omni.kit.window.drop_support-1.0.8] startup
[4.372s] [ext: omni.kit.viewport.window-109.0.2] startup
[4.392s] [ext: omni.kit.viewport.utility-2.0.1] startup
[4.393s] [ext: isaacsim.core.rendering_manager-0.4.3] startup
[4.413s] [ext: omni.graph.action_core-1.1.9] startup
[4.415s] [ext: omni.graph.action_nodes_core-2.11.0] startup
[4.419s] [ext: omni.graph.action_nodes-2.11.0] startup
[4.458s] [ext: omni.graph.action-2.10.2] startup
[4.460s] [ext: omni.graph.image.core-0.6.1] startup
[4.461s] [ext: omni.graph.image.nodes-1.3.1] startup
[4.462s] [ext: omni.graph.nodes_core-2.11.0] startup
[4.469s] [ext: omni.graph.nodes-2.12.0] startup
[4.477s] [ext: omni.kit.hotkeys.core-1.3.12] startup
[4.479s] [ext: omni.kit.property.adapter.core-1.1.1] startup
[4.481s] [ext: omni.kit.property.adapter.usd-1.0.5] startup
[4.483s] [ext: omni.kit.widget.filter-1.1.5] startup
[4.484s] [ext: omni.kit.widget.highlight_label-1.0.3] startup
[4.485s] [ext: omni.kit.widget.searchfield-1.1.8] startup
[4.487s] [ext: omni.kit.window.file_exporter-1.0.36] startup
[4.488s] [ext: omni.kit.widget.stage-4.4.0] startup
[4.498s] [ext: omni.kit.window.content_browser_registry-0.0.6] startup
[4.499s] [ext: omni.kit.window.file-2.0.10] startup
[4.503s] [ext: omni.kit.window.content_browser-3.1.8] startup
[4.515s] [ext: omni.kit.window.property-1.15.1] startup
[4.527s] [ext: omni.kit.property.usd-4.9.4] startup
[4.543s] [ext: omni.graph.scriptnode-2.10.2] startup
[4.556s] [ext: omni.kit.widget.searchable_combobox-1.0.7] startup
[4.557s] [ext: omni.kit.widget.settings-2.0.0] startup
[4.560s] [ext: omni.kit.window.preferences-1.8.3] startup
[4.565s] [ext: omni.kit.viewport.menubar.core-107.2.2] startup
[4.577s] [ext: omni.syntheticdata-0.6.15] startup
[4.614s] [ext: omni.replicator.nv-1.1.1] startup
[4.623s] [ext: omni.videoencoding-0.2.1] startup
[4.625s] [ext: omni.replicator.core-1.13.27] startup
2026-08-12T09:39:49Z [4,604ms] [Warning] [pxr.Semantics] pxr.Semantics is deprecated - please use Semantics instead
2026-08-12T09:39:49Z [4,696ms] [Warning] [omni.replicator.core.scripts.extension] No material configuration file, adding configuration to material settings directly.
[4.885s] [ext: isaacsim.core.nodes-5.10.5] startup
[4.925s] [ext: isaacsim.core.throttling-2.3.5] startup
[4.926s] [ext: omni.kit.manipulator.viewport-107.0.1] startup
[4.928s] [ext: omni.graph.visualization.nodes-2.1.4] startup
[4.950s] [ext: omni.kit.window.extensions-1.5.10] startup
[4.956s] [ext: isaacsim.gui.components-1.8.5] startup
[4.962s] [ext: isaacsim.robot.surface_gripper-3.6.2] startup
[4.978s] [ext: isaacsim.robot.manipulators-3.4.4] startup
[4.991s] [ext: isaacsim.robot_motion.lula-4.1.3] startup
[5.000s] [ext: isaacsim.robot_motion.motion_generation-8.2.9] startup
[5.008s] [ext: isaacsim.cortex.framework-1.0.18] startup
[5.010s] [ext: isaacsim.cortex.behaviors-2.0.17] startup
[5.012s] [ext: isaacsim.examples.base-1.3.2] startup
[5.014s] [ext: omni.kit.widget.zoombar-1.0.7] startup
[5.015s] [ext: omni.kit.browser.core-2.3.18] startup
[5.021s] [ext: omni.kit.browser.folder.core-2.0.2] startup
[5.026s] [ext: omni.kit.widget.stage_icons-1.0.8] startup
[5.027s] [ext: omni.kit.window.stage-2.6.1] startup
[5.032s] [ext: omni.kit.menu.stage-1.2.7] startup
[5.033s] [ext: omni.kit.usd.collect-3.0.6] startup
[5.036s] [ext: omni.kit.widget.prompt-1.0.7] startup
[5.038s] [ext: omni.kit.tool.collect-2.2.19] startup
[5.040s] [ext: isaacsim.examples.browser-0.3.2] startup
[5.043s] [ext: omni.kit.search.files-1.0.4] startup
[5.044s] [ext: omni.kit.widget.calendar-1.0.9] startup
[5.046s] [ext: omni.kit.widget.extended_searchfield-1.0.31] startup
[5.055s] [ext: omni.simready.content.browser-0.3.7] startup
[5.145s] [ext: isaacsim.gui.content_browser-0.4.3] startup
[5.148s] [ext: omni.kit.selection-0.1.6] startup
[5.149s] [ext: isaacsim.gui.menu-2.10.5] startup
[5.158s] [ext: isaacsim.gui.property-1.6.4] startup
[5.166s] [ext: omni.kit.viewport.actions-110.0.0] startup
[5.170s] [ext: omni.kit.viewport.menubar.display-107.1.3] startup
[5.172s] [ext: isaacsim.gui.sensors.icon-2.2.1] startup
[5.176s] [ext: omni.behavior.scripting.core-110.1.0] startup
[5.179s] [ext: isaacsim.replicator.behavior-1.5.4] startup
[5.180s] [ext: isaacsim.replicator.experimental.domain_randomization-1.2.5] startup
[5.200s] [ext: isaacsim.replicator.domain_randomization-1.2.2] startup
[5.279s] [ext: isaacsim.replicator.writers-1.5.4] startup
[5.307s] [ext: isaacsim.robot.experimental.wheeled_robots-0.2.11] startup
[5.329s] [ext: isaacsim.robot.policy.examples-5.2.12] startup
[5.351s] [ext: isaacsim.robot.wheeled_robots-5.2.4] startup
[5.356s] [ext: isaacsim.robot.wheeled_robots.nodes-0.1.5] startup
[5.382s] [ext: isaacsim.robot_motion.experimental.motion_generation-6.1.3] startup
[5.393s] [ext: isaacsim.robot_motion.cumotion-1.3.1] startup
[5.408s] [ext: omni.kit.numpy.common-0.1.3] startup
[5.409s] [ext: isaacsim.sensors.camera-1.7.9] startup
[5.437s] [ext: isaacsim.sensors.experimental.physics-3.0.2] startup
[5.446s] [ext: omni.sensors.net-1.0.1] startup
[5.453s] [ext: omni.sensors.nv.common-3.0.0] startup
[5.470s] [ext: omni.sensors.nv.materials-2.0.0] startup
[5.474s] [ext: omni.sensors.nv.acoustic-3.0.0] startup
[5.477s] [ext: omni.sensors.nv.ids-2.0.1] startup
[5.480s] [ext: omni.sensors.nv.lidar-3.0.0] startup
[5.484s] [ext: omni.sensors.nv.radar-3.0.0] startup
[5.488s] [ext: isaacsim.sensors.experimental.rtx-1.4.6] startup
[5.700s] [ext: isaacsim.sensors.physics.nodes-1.5.3] startup
[5.709s] [ext: isaacsim.util.debug_draw-3.2.3] startup
[5.716s] [ext: isaacsim.sensors.physx-2.5.5] startup
[5.726s] [ext: isaacsim.sensors.rtx-15.17.1] startup
[5.739s] [ext: isaacsim.simulation_app-2.18.4] startup
[5.740s] [ext: omni.anim.curve.core-1.6.0] startup
[5.751s] [ext: omni.graph.ui_nodes-2.11.1] startup
[5.791s] [ext: omni.hydra.scene_api-0.1.3] startup
[5.797s] [ext: omni.kit.manipulator.camera-110.0.0] startup
[5.801s] [ext: omni.kit.manipulator.selector-1.1.4] startup
[5.803s] [ext: omni.kit.manipulator.transform-107.0.0] startup
[5.807s] [ext: omni.kit.widget.toolbar-2.1.0] startup
[5.814s] [ext: omni.kit.manipulator.tool.snap-1.5.14] startup
[5.818s] [ext: omni.kit.viewport.manipulator.transform-107.0.4] startup
[5.821s] [ext: omni.kit.manipulator.prim.core-108.0.2] startup
[5.827s] [ext: omni.kit.manipulator.prim.usd-107.0.3] startup
[5.829s] [ext: omni.kit.manipulator.prim-108.0.0] startup
[5.829s] [ext: omni.kit.manipulator.selection-109.0.1] startup
[5.830s] [ext: omni.kit.menu.create-2.0.2] startup
[5.832s] [ext: omni.kit.property.audio-1.0.16] startup
[5.837s] [ext: omni.kit.property.camera-1.0.14] startup
[5.838s] [ext: omni.kit.property.geometry-2.1.2] startup
[5.842s] [ext: omni.kit.property.light-1.0.14] startup
2026-08-12T09:39:50Z [5,854ms] [Warning] [omni.usd] Encountered USD Warnings but USD Diagnostics are currently muted. To view USD Warnings, please set the '/persistent/app/usd/muteUsdDiagnostics' setting to false in Preferences page.
[5.914s] [ext: omni.kit.property.material-1.14.6] startup
[5.920s] [ext: omni.kit.property.render-1.2.2] startup
[5.922s] [ext: omni.kit.property.transform-1.6.9] startup
[5.926s] [ext: omni.kit.property.bundle-1.5.1] startup
[5.927s] [ext: omni.kit.usdz_export-1.1.0] startup
[5.930s] [ext: omni.kit.tool.asset_importer-6.0.1] startup
[5.936s] [ext: omni.kit.ui.actions-1.0.5] startup
[5.938s] [ext: omni.kit.viewport.menubar.camera-107.0.10] startup
[5.943s] [ext: omni.kit.viewport.menubar.lighting-107.3.2] startup
[5.946s] [ext: omni.kit.viewport.menubar.render-110.0.0] startup
[5.948s] [ext: omni.kit.viewport.menubar.settings-110.0.1] startup
[5.952s] [ext: omni.kit.window.console-1.1.9] startup
[5.957s] [ext: omni.kit.window.status_bar-0.1.11] startup
[5.960s] [ext: omni.kit.window.toolbar-3.0.3] startup
[5.962s] [ext: omni.ocio-0.1.1] startup
[5.964s] [ext: omni.physx.commands-110.1.13] startup
[5.967s] [ext: omni.replicator.replicator_yaml-2.0.12] startup
[5.980s] [ext: omni.rtx.window.settings-0.8.0] startup
[5.985s] [ext: omni.rtx.settings.core-0.7.1] startup
[5.989s] [ext: omni.usd.metrics.assembler.ui-110.1.1] startup
[5.996s] [ext: semantics.schema.editor-2.0.2] startup
[5.999s] [ext: semantics.schema.property-2.0.2] startup
[6.001s] [ext: omni.kit.menu.common-2.0.2] startup
[6.002s] [ext: isaacsim.exp.base-6.0.1] startup
[6.003s] [ext: isaacsim.exp.base.python-6.0.1] startup
[6.005s] Simulation App Starting
[9.089s] Simulation App Startup Complete
[9.092s] app ready
[9.565s] [ext: isaacsim.sensors.rtx.nodes-0.1.2] startup
[9.578s] [ext: isaacsim.ros2.core-1.9.4] startup
[9.606s] Attempting to load system rclpy
[9.606s] Could not import system rclpy: No module named 'rclpy'
[9.606s] Attempting to load internal rclpy for ROS Distro: humble
[9.620s] rclpy loaded
[9.625s] [ext: isaacsim.ros2.nodes-1.18.13] startup
[9.681s] [ext: isaacsim.ros2.examples-1.2.4] startup
[9.687s] [ext: isaacsim.ros2.ui-1.6.5] startup
[9.924s] [ext: isaacsim.ros2.bridge-5.1.2] startup
Starting kit application with the following args:  ['/root/autodl-tmp/isaac_sim/venv/lib/python3.12/site-packages/isaacsim/exts/isaacsim.simulation_app/isaacsim/simulation_app/simulation_app.py', '/root/autodl-tmp/isaac_sim/venv/lib/python3.12/site-packages/isaacsim/apps/isaacsim.exp.base.python.kit', '--/app/tokens/exe-path=/root/autodl-tmp/isaac_sim/venv/lib/python3.12/site-packages/isaacsim/kit', '--/persistent/app/viewport/displayOptions=3094', '--/rtx/materialDb/syncLoads=True', '--/rtx/hydra/materialSyncLoads=True', '--/omni/kit/plugin/syncUsdLoads=True', '--/app/renderer/resolution/width=1280', '--/app/renderer/resolution/height=720', '--/app/window/width=1440', '--/app/window/height=900', '--/renderer/multiGpu/enabled=True', '--/app/fastShutdown=True', '--/app/installSignalHandlers=0', '--ext-folder', '/root/autodl-tmp/isaac_sim/venv/lib/python3.12/site-packages/isaacsim/exts', '--ext-folder', '/root/autodl-tmp/isaac_sim/venv/lib/python3.12/site-packages/isaacsim/apps', '--/physics/cudaDevice=0', '--/plugins/carb.tasking.plugin/threadCount=32', '--/plugins/omni.tbb.globalcontrol/maxThreadCount=32', '--portable', '--no-window', '--/app/window/hideUi=1', '--allow-root']
Passing the following args to the base kit application:  []
Warp 1.13.0 initialized:
   CUDA Toolkit 12.9, Driver 13.2
   Devices:
     "cpu"      : "x86_64"
     "cuda:0"   : "NVIDIA RTX 6000D" (83 GiB, sm_120, mempool enabled)
   Kernel cache:
     /root/autodl-tmp/isaac_cache/xdg/warp/1.13.0
ISAAC_READY=/root/autodl-tmp/VLA-Intern-Sprint/results/phase2_step2/isaac_ready.json
2026-08-12T09:41:27Z [102,719ms] [Warning] [isaacsim.ros2.nodes] [ROS2 Publish Joint State] Reading from targetPrim is deprecated. Connect an Isaac Read Joint State node and use its outputs instead.
2026-08-12T09:41:27Z [102,787ms] [Warning] [omni.rtx] DLSS increasing input dimensions: Render resolution of (128, 128) is below minimal input resolution of 300.
2026-08-12T09:41:28Z [102,989ms] [Warning] [omni.timeline.plugin] Deprecated: direct use of ITimeline callbacks is deprecated. Use ITimeline::getTimeline (Python: omni.timeline.get_timeline_interface) instead.
[107.517s] Simulation App Shutting Down
