WARNING: All log messages before absl::InitializeLog() is called are written to STDERR
E0000 00:00:1786523380.608668   24964 descriptor_database.cc:633] File already exists in database: grpc/health/v1/health.proto
W0000 00:00:1786523380.608709   24964 message.cc:301] Protobuf GeneratedMessageFactory: File is already registered: grpc/health/v1/health.proto
2026-08-12T08:29:40Z [Info] [carb] Logging to file: /root/autodl-tmp/isaac_sim/venv/lib/python3.12/site-packages/isaacsim/kit/logs/Kit/Isaac-Sim Python/6.0/kit_20260812_162940.log
[0.092s] [ext: omni.assets.plugins-0.0.0] startup
[0.093s] [ext: omni.blobkey-1.1.2] startup
[0.093s] [ext: omni.kit.async_engine-0.0.3] startup
[0.186s] [ext: omni.client.lib-1.1.1] startup
[0.197s] [ext: omni.client-1.3.0] startup
[0.203s] [ext: omni.protobuf.lib-1.0.0] startup
[0.204s] [ext: omni.grpc.lib-1.0.0] startup
[0.210s] [ext: omni.metrics.core-0.0.3] startup
[0.210s] [ext: omni.datastore-0.0.0] startup
[0.211s] [ext: omni.gpu_foundation.shadercache.vulkan-1.0.0] startup
[0.212s] [ext: omni.hsscclient-1.1.4] startup
[0.213s] [ext: omni.stats-1.0.1] startup
[0.214s] [ext: omni.ujitso.default-1.0.0] startup
[0.216s] [ext: omni.gpu_foundation-0.0.0] startup
[0.456s] [ext: carb.windowing.plugins-1.0.1] startup
[0.456s] [ext: omni.kit.renderer.init-1.0.1] startup
2026-08-12T08:29:40Z [488ms] [Warning] [omni.platforminfo.plugin] failed to open the default display.  Can't verify X Server version.
2026-08-12T08:29:41Z [1,435ms] [Error] [omni.rtx] VkResult: ERROR_INCOMPATIBLE_DRIVER
2026-08-12T08:29:41Z [1,435ms] [Error] [omni.rtx] vkCreateInstance failed. Vulkan 1.1 is not supported, or your driver requires an update.
2026-08-12T08:29:41Z [1,435ms] [Error] [omni.rtx] carb::graphics::createInstance failed.
2026-08-12T08:29:42Z [2,041ms] [Error] [omni.rtx] VkResult: ERROR_INCOMPATIBLE_DRIVER
2026-08-12T08:29:42Z [2,041ms] [Error] [omni.rtx] vkCreateInstance failed. Vulkan 1.1 is not supported, or your driver requires an update.
2026-08-12T08:29:42Z [2,041ms] [Error] [omni.rtx] carb::graphics::createInstance failed.
2026-08-12T08:29:42Z [2,041ms] [Error] [omni.gpu_foundation_factory.plugin] Failed to create any GPU devices, including an attempt with compatibility mode.
sh: 1: zenity: not found
[2.101s] [ext: omni.kit.pipapi-0.0.0] startup
[2.103s] [ext: omni.kit.telemetry-0.5.2] startup
[2.124s] [ext: omni.kit.loop-isaac-1.6.0] startup
[2.128s] [ext: omni.kit.test-2.0.7] startup
[2.182s] [ext: omni.materialx.libs-1.0.9] startup
[2.189s] [ext: omni.gpucompute.plugins-0.0.0] startup
[2.190s] [ext: omni.usd.config-1.0.7] startup
[2.192s] [ext: omni.usd.libs-1.0.3] startup
[2.284s] [ext: omni.iray.libs-0.0.1] startup
[2.289s] [ext: omni.mdl-57.0.3] startup
[2.306s] [ext: omni.mdl.neuraylib-0.2.20] startup
[2.308s] [ext: omni.kit.usd.mdl-1.1.9] startup
[2.420s] [ext: omni.appwindow-1.2.2] startup
[2.423s] [ext: omni.kit.renderer.core-1.2.2] startup
2026-08-12T08:29:42Z [2,366ms] [Error] [omni.kit.renderer.plugin] GPU Foundation is not initialized!
[2.427s] [ext: omni.kit.renderer.capture-2.0.1] startup
[2.429s] [ext: omni.kit.renderer.imgui-2.0.6] startup
2026-08-12T08:29:42Z [2,374ms] [Warning] [carb.windowing-glfw.plugin] GLFW initialization failed.
2026-08-12T08:29:42Z [2,374ms] [Warning] [carb] Failed to startup plugin carb.windowing-glfw.plugin (interfaces: [carb::windowing::IGLContext v1.0],[carb::windowing::IWindowing v1.5]) (impl: carb.windowing-glfw.plugin)
2026-08-12T08:29:42Z [2,375ms] [Error] [omni.kit.imgui_renderer.plugin] _prepareDefaultWindow: invalid device attached to the default window!
[2.436s] [ext: omni.ui-3.2.0] startup
[2.445s] [ext: omni.kit.mainwindow-1.0.3] startup
[2.446s] [ext: carb.audio-0.1.0] startup
[2.474s] [ext: omni.uiaudio-1.0.0] startup
[2.475s] [ext: omni.kit.uiapp-0.0.0] startup
[2.475s] [ext: omni.usd.schema.metrics.assembler-110.1.0] startup
[2.479s] [ext: omni.usd.schema.audio-0.0.1] startup
[2.482s] [ext: omni.usd_resolver-1.0.0] startup
[2.485s] [ext: omni.usd.core-1.8.3] startup
[2.488s] [ext: omni.metropolis.schema-0.0.3] startup
[2.489s] [ext: isaacsim.anim.robot.schema-0.1.1] startup
[2.489s] [ext: omni.usd.schema.anim-0.0.1] startup
[2.506s] [ext: omni.usd.schema.geospatial-0.0.1] startup
[2.508s] [ext: omni.usd.schema.omnigraph-1.0.1] startup
[2.513s] [ext: omni.usd.schema.semantics-0.0.0] startup
[2.515s] [ext: omni.activity.core-1.0.3] startup
[2.516s] [ext: omni.cubric-0.1.0] startup
[2.517s] [ext: omni.graph.exec-0.9.6] startup
[2.517s] [ext: omni.hydra.scene_delegate-0.3.5] startup
[2.520s] [ext: usdrt.scenegraph-7.6.3] startup
[2.545s] [ext: omni.hydra.usdrt_delegate-7.5.2] startup
[2.551s] [ext: omni.inspect-1.0.2] startup
[2.552s] [ext: omni.kit.actions.core-1.0.0] startup
[2.554s] [ext: omni.kit.audiodeviceenum-1.0.2] startup
[2.555s] [ext: omni.kit.commands-1.5.0] startup
[2.558s] [ext: omni.kit.exec.core-0.13.5] startup
[2.559s] [ext: omni.kit.usd_undo-0.1.8] startup
[2.560s] [ext: omni.kit.window.popup_dialog-2.0.25] startup
[2.563s] [ext: omni.kit.widget.nucleus_connector-2.3.1] startup
[2.566s] [ext: omni.timeline-1.1.0] startup
[2.567s] [ext: omni.usd-1.16.0] startup
[2.602s] [ext: omni.graph.core-3.1.2] startup
[2.606s] [ext: omni.kit.notification_manager-1.0.11] startup
[2.608s] [ext: isaacsim.core.deprecation_manager-0.4.2] startup
[2.609s] [ext: isaacsim.replicator.agent.schema-0.1.1] startup
[2.610s] [ext: isaacsim.robot.schema-6.3.7] startup
[2.614s] [ext: isaacsim.robot_motion.schema-0.2.1] startup
[2.614s] [ext: omni.anim.behavior.schema-110.1.0] startup
[2.618s] [ext: omni.anim.graph.schema-110.1.1] startup
[2.623s] [ext: omni.anim.navigation.schema-110.1.0] startup
[2.625s] [ext: omni.behavior.tree.schema-110.1.0] startup
[2.626s] [ext: omni.kit.asset_converter-6.0.1] startup
[2.639s] [ext: omni.usd.schema.flow-110.0.0] startup
[2.640s] [ext: omni.usd.schema.mujoco-1.1.1] startup
[2.640s] [ext: omni.usd.schema.newton-1.2.1] startup
[2.641s] [ext: omni.usd.schema.omni_lens_distortion-1.0.0] startup
[2.641s] [ext: omni.usd.schema.omni_projectors-1.0.0] startup
[2.642s] [ext: omni.usd.schema.omni_sensors-0.0.0] startup
[2.648s] [ext: omni.usd.schema.omniscripting-1.0.1] startup
[2.652s] [ext: omni.usd.schema.physical_lighting-0.1.0] startup
[2.655s] [ext: omni.usd.schema.physx-110.1.13] startup
[2.684s] [ext: omni.usd.schema.render_settings.rtx-1.0.2] startup
[2.687s] [ext: omni.usd.schema.usd_particle_field-1.0.0] startup
[2.688s] [ext: isaacsim.core.version-2.1.1] startup
[2.688s] [ext: omni.kit.menu.core-1.2.0] startup
[2.689s] [ext: omni.kit.menu.utils-2.2.4] startup
[2.695s] [ext: isaacsim.app.about-2.3.1] startup
[2.699s] [ext: isaacsim.asset.transformer-1.2.5] startup
[2.702s] [ext: omni.scene.optimizer.core-110.1.0] startup
[2.753s] [ext: isaacsim.asset.importer.utils-1.8.1] startup
[2.755s] [ext: omni.convexdecomposition-110.1.13] startup
[2.757s] [ext: omni.physics-110.1.13] startup
[2.760s] [ext: omni.physx.gpu-110.1.13] startup
[2.760s] [ext: omni.physx.foundation-110.1.13] startup
[2.762s] [ext: omni.usdphysics-110.1.13] startup
[2.764s] [ext: omni.physx.cooking-110.1.13] startup
[2.766s] [ext: omni.physx-110.1.13] startup
[2.775s] [ext: omni.physics.physx-110.1.13] startup
[2.777s] [ext: isaacsim.asset.exporter.urdf-2.0.5] startup
[2.784s] [ext: omni.kit.clipboard-1.1.1] startup
[2.785s] [ext: omni.kit.usd.layers-2.6.1] startup
[2.791s] [ext: omni.kit.widget.context_menu-1.4.0] startup
[2.793s] [ext: omni.kit.context_menu-1.9.0] startup
[2.794s] [ext: omni.kit.helper.file_utils-0.1.10] startup
[2.795s] [ext: omni.kit.widget.nucleus_info-2.0.2] startup
[2.796s] [ext: omni.kit.search_core-1.0.8] startup
[2.796s] [ext: omni.kit.widget.path_field-2.0.13] startup
[2.797s] [ext: omni.kit.widget.browser_bar-2.0.10] startup
[2.797s] [ext: omni.kit.widget.filebrowser-2.13.4] startup
[2.801s] [ext: omni.kit.widget.options_menu-1.1.6] startup
[2.804s] [ext: omni.kit.widget.options_button-1.0.3] startup
[2.804s] [ext: omni.kit.widget.search_delegate-1.0.9] startup
[2.805s] [ext: omni.ui.scene-2.0.3] startup
[2.810s] [ext: omni.kit.window.filepicker-2.15.5] startup
[2.821s] [ext: omni.kit.window.file_importer-1.1.21] startup
[2.823s] [ext: omni.kit.material.library-3.1.2] startup
[2.828s] [ext: isaacsim.asset.transformer.rules-1.7.10] startup
[2.837s] [ext: omni.usdex.libs-2.2.2] startup
[2.845s] [ext: isaacsim.asset.importer.mjcf-3.10.1] startup
[2.847s] [ext: isaacsim.asset.importer.urdf-3.11.2] startup
[2.850s] [ext: omni.kit.primitive.mesh-1.1.0] startup
[2.853s] [ext: omni.kit.stage_template.core-1.1.22] startup
[2.853s] [ext: omni.kit.stage_templates-2.0.2] startup
[2.854s] [ext: omni.usd.metrics.assembler-110.1.2] startup
[2.857s] [ext: omni.warp.core-1.13.0] startup
[3.023s] [ext: isaacsim.core.experimental.utils-0.17.2] startup
[3.024s] [ext: omni.physics.stageupdate-110.1.13] startup
[3.026s] [ext: omni.physics.tensors-110.1.13] startup
[3.030s] [ext: omni.physx.tensors-110.1.13] startup
[3.159s] [ext: isaacsim.core.simulation_manager-1.15.6] startup
[3.172s] [ext: isaacsim.storage.native-1.9.3] startup
[3.174s] [ext: omni.usd.metrics.assembler.physics-110.1.13] startup
[3.175s] [ext: isaacsim.core.utils-4.1.7] startup
[3.177s] [ext: isaacsim.core.prims-0.11.7] startup
[4.362s] [ext: isaacsim.core.api-5.2.13] startup
[4.370s] [ext: isaacsim.core.cloner-1.7.3] startup
[4.372s] [ext: isaacsim.test.docstring-1.3.2] startup
[4.376s] [ext: isaacsim.core.experimental.prims-1.8.9] startup
[4.398s] [ext: isaacsim.core.experimental.primdata-0.3.2] startup
[4.400s] [ext: omni.graph.tools-1.81.0] startup
[4.422s] [ext: omni.graph-1.142.5] startup
[4.458s] [ext: isaacsim.core.experimental.actuators-0.1.2] startup
[4.479s] [ext: isaacsim.core.experimental.materials-0.7.1] startup
[4.483s] [ext: isaacsim.core.experimental.objects-0.8.1] startup
[4.542s] [ext: omni.hydra.engine.stats-1.0.5] startup
[4.545s] [ext: omni.hydra.rtx.shadercache.vulkan-1.0.0] startup
[4.546s] [ext: omni.index.libs-387500.4413.0] startup
[4.546s] [ext: omni.index-1.0.1] startup
[4.547s] [ext: omni.ujitso.client-0.0.0] startup
[4.547s] [ext: omni.usd.schema.playback-1.0.0] startup
[4.551s] [ext: omni.volume-0.5.2] startup
[4.557s] [ext: omni.hydra.rtx-1.0.4] startup
2026-08-12T08:29:44Z [4,518ms] [Warning] [omni.log] Source: omni.hydra was already registered.
[4.593s] [ext: omni.kit.hydra_texture-1.6.0] startup
[4.597s] [ext: omni.kit.raycast.query-1.2.0] startup
[4.602s] [ext: omni.kit.viewport.legacy_gizmos-1.0.24] startup
[4.605s] [ext: omni.kit.viewport.registry-104.0.6] startup
[4.605s] [ext: omni.kit.viewport.scene_camera_model-1.0.7] startup
[4.610s] [ext: omni.kit.widget.viewport-109.2.0] startup
[4.614s] [ext: omni.kit.window.drop_support-1.0.8] startup
[4.615s] [ext: omni.kit.viewport.window-109.0.2] startup
[4.633s] [ext: omni.kit.viewport.utility-2.0.1] startup
[4.634s] [ext: isaacsim.core.rendering_manager-0.4.3] startup
[4.652s] [ext: omni.graph.action_core-1.1.9] startup
[4.654s] [ext: omni.graph.action_nodes_core-2.11.0] startup
[4.657s] [ext: omni.graph.action_nodes-2.11.0] startup
[4.718s] [ext: omni.graph.action-2.10.2] startup
[4.720s] [ext: omni.graph.image.core-0.6.1] startup
[4.722s] [ext: omni.graph.image.nodes-1.3.1] startup
[4.723s] [ext: omni.graph.nodes_core-2.11.0] startup
[4.729s] [ext: omni.graph.nodes-2.12.0] startup
[4.736s] [ext: omni.kit.hotkeys.core-1.3.12] startup
[4.737s] [ext: omni.kit.property.adapter.core-1.1.1] startup
[4.740s] [ext: omni.kit.property.adapter.usd-1.0.5] startup
[4.741s] [ext: omni.kit.widget.filter-1.1.5] startup
[4.742s] [ext: omni.kit.widget.highlight_label-1.0.3] startup
[4.743s] [ext: omni.kit.widget.searchfield-1.1.8] startup
[4.745s] [ext: omni.kit.window.file_exporter-1.0.36] startup
[4.746s] [ext: omni.kit.widget.stage-4.4.0] startup
[4.755s] [ext: omni.kit.window.content_browser_registry-0.0.6] startup
[4.756s] [ext: omni.kit.window.file-2.0.10] startup
[4.759s] [ext: omni.kit.window.content_browser-3.1.8] startup
[4.770s] [ext: omni.kit.window.property-1.15.1] startup
[4.782s] [ext: omni.kit.property.usd-4.9.4] startup
[4.793s] [ext: omni.graph.scriptnode-2.10.2] startup
[4.807s] [ext: omni.kit.widget.searchable_combobox-1.0.7] startup
[4.809s] [ext: omni.kit.widget.settings-2.0.0] startup
[4.811s] [ext: omni.kit.window.preferences-1.8.3] startup
[4.816s] [ext: omni.kit.viewport.menubar.core-107.2.2] startup
[4.828s] [ext: omni.syntheticdata-0.6.15] startup
[4.871s] [ext: omni.replicator.nv-1.1.1] startup
[4.882s] [ext: omni.videoencoding-0.2.1] startup
[4.884s] [ext: omni.replicator.core-1.13.27] startup
2026-08-12T08:29:45Z [4,836ms] [Warning] [pxr.Semantics] pxr.Semantics is deprecated - please use Semantics instead
2026-08-12T08:29:45Z [4,913ms] [Warning] [omni.replicator.core.scripts.extension] No material configuration file, adding configuration to material settings directly.
[5.136s] [ext: isaacsim.core.nodes-5.10.5] startup
[5.186s] [ext: isaacsim.core.throttling-2.3.5] startup
[5.188s] [ext: omni.kit.manipulator.viewport-107.0.1] startup
[5.189s] [ext: omni.graph.visualization.nodes-2.1.4] startup
[5.212s] [ext: omni.kit.window.extensions-1.5.10] startup
[5.217s] [ext: isaacsim.gui.components-1.8.5] startup
[5.223s] [ext: isaacsim.robot.surface_gripper-3.6.2] startup
[5.238s] [ext: isaacsim.robot.manipulators-3.4.4] startup
[5.252s] [ext: isaacsim.robot_motion.lula-4.1.3] startup
[5.259s] [ext: isaacsim.robot_motion.motion_generation-8.2.9] startup
[5.266s] [ext: isaacsim.cortex.framework-1.0.18] startup
[5.268s] [ext: isaacsim.cortex.behaviors-2.0.17] startup
[5.270s] [ext: isaacsim.examples.base-1.3.2] startup
[5.272s] [ext: omni.kit.widget.zoombar-1.0.7] startup
[5.273s] [ext: omni.kit.browser.core-2.3.18] startup
[5.277s] [ext: omni.kit.browser.folder.core-2.0.2] startup
[5.282s] [ext: omni.kit.widget.stage_icons-1.0.8] startup
[5.283s] [ext: omni.kit.window.stage-2.6.1] startup
[5.287s] [ext: omni.kit.menu.stage-1.2.7] startup
[5.288s] [ext: omni.kit.usd.collect-3.0.6] startup
[5.291s] [ext: omni.kit.widget.prompt-1.0.7] startup
[5.292s] [ext: omni.kit.tool.collect-2.2.19] startup
[5.295s] [ext: isaacsim.examples.browser-0.3.2] startup
[5.297s] [ext: omni.kit.search.files-1.0.4] startup
[5.298s] [ext: omni.kit.widget.calendar-1.0.9] startup
[5.300s] [ext: omni.kit.widget.extended_searchfield-1.0.31] startup
[5.309s] [ext: omni.simready.content.browser-0.3.7] startup
[5.397s] [ext: isaacsim.gui.content_browser-0.4.3] startup
[5.399s] [ext: omni.kit.selection-0.1.6] startup
[5.401s] [ext: isaacsim.gui.menu-2.10.5] startup
[5.409s] [ext: isaacsim.gui.property-1.6.4] startup
[5.417s] [ext: omni.kit.viewport.actions-110.0.0] startup
[5.421s] [ext: omni.kit.viewport.menubar.display-107.1.3] startup
[5.423s] [ext: isaacsim.gui.sensors.icon-2.2.1] startup
[5.426s] [ext: omni.behavior.scripting.core-110.1.0] startup
[5.429s] [ext: isaacsim.replicator.behavior-1.5.4] startup
[5.430s] [ext: isaacsim.replicator.experimental.domain_randomization-1.2.5] startup
[5.451s] [ext: isaacsim.replicator.domain_randomization-1.2.2] startup
[5.531s] [ext: isaacsim.replicator.writers-1.5.4] startup
[5.560s] [ext: isaacsim.robot.experimental.wheeled_robots-0.2.11] startup
[5.582s] [ext: isaacsim.robot.policy.examples-5.2.12] startup
[5.604s] [ext: isaacsim.robot.wheeled_robots-5.2.4] startup
[5.608s] [ext: isaacsim.robot.wheeled_robots.nodes-0.1.5] startup
[5.643s] [ext: isaacsim.robot_motion.experimental.motion_generation-6.1.3] startup
[5.654s] [ext: isaacsim.robot_motion.cumotion-1.3.1] startup
[5.668s] [ext: omni.kit.numpy.common-0.1.3] startup
[5.669s] [ext: isaacsim.sensors.camera-1.7.9] startup
[5.697s] [ext: isaacsim.sensors.experimental.physics-3.0.2] startup
[5.705s] [ext: omni.sensors.net-1.0.1] startup
[5.714s] [ext: omni.sensors.nv.common-3.0.0] startup
[5.727s] [ext: omni.sensors.nv.materials-2.0.0] startup
[5.731s] [ext: omni.sensors.nv.acoustic-3.0.0] startup
[5.734s] [ext: omni.sensors.nv.ids-2.0.1] startup
[5.736s] [ext: omni.sensors.nv.lidar-3.0.0] startup
[5.741s] [ext: omni.sensors.nv.radar-3.0.0] startup
[5.744s] [ext: isaacsim.sensors.experimental.rtx-1.4.6] startup
[5.958s] [ext: isaacsim.sensors.physics.nodes-1.5.3] startup
[5.970s] [ext: isaacsim.util.debug_draw-3.2.3] startup
[5.977s] [ext: isaacsim.sensors.physx-2.5.5] startup
[5.986s] [ext: isaacsim.sensors.rtx-15.17.1] startup
[6.000s] [ext: isaacsim.simulation_app-2.18.4] startup
[6.001s] [ext: omni.anim.curve.core-1.6.0] startup
[6.012s] [ext: omni.graph.ui_nodes-2.11.1] startup
[6.059s] [ext: omni.hydra.scene_api-0.1.3] startup
[6.068s] [ext: omni.kit.manipulator.camera-110.0.0] startup
[6.072s] [ext: omni.kit.manipulator.selector-1.1.4] startup
[6.074s] [ext: omni.kit.manipulator.transform-107.0.0] startup
[6.078s] [ext: omni.kit.widget.toolbar-2.1.0] startup
[6.084s] [ext: omni.kit.manipulator.tool.snap-1.5.14] startup
[6.088s] [ext: omni.kit.viewport.manipulator.transform-107.0.4] startup
[6.090s] [ext: omni.kit.manipulator.prim.core-108.0.2] startup
[6.096s] [ext: omni.kit.manipulator.prim.usd-107.0.3] startup
[6.098s] [ext: omni.kit.manipulator.prim-108.0.0] startup
[6.098s] [ext: omni.kit.manipulator.selection-109.0.1] startup
[6.100s] [ext: omni.kit.menu.create-2.0.2] startup
[6.101s] [ext: omni.kit.property.audio-1.0.16] startup
[6.105s] [ext: omni.kit.property.camera-1.0.14] startup
[6.107s] [ext: omni.kit.property.geometry-2.1.2] startup
[6.110s] [ext: omni.kit.property.light-1.0.14] startup
2026-08-12T08:29:46Z [6,084ms] [Warning] [omni.usd] Encountered USD Warnings but USD Diagnostics are currently muted. To view USD Warnings, please set the '/persistent/app/usd/muteUsdDiagnostics' setting to false in Preferences page.
[6.177s] [ext: omni.kit.property.material-1.14.6] startup
[6.182s] [ext: omni.kit.property.render-1.2.2] startup
[6.184s] [ext: omni.kit.property.transform-1.6.9] startup
[6.187s] [ext: omni.kit.property.bundle-1.5.1] startup
[6.189s] [ext: omni.kit.usdz_export-1.1.0] startup
[6.192s] [ext: omni.kit.tool.asset_importer-6.0.1] startup
[6.197s] [ext: omni.kit.ui.actions-1.0.5] startup
[6.199s] [ext: omni.kit.viewport.menubar.camera-107.0.10] startup
[6.204s] [ext: omni.kit.viewport.menubar.lighting-107.3.2] startup
[6.206s] [ext: omni.kit.viewport.menubar.render-110.0.0] startup
[6.209s] [ext: omni.kit.viewport.menubar.settings-110.0.1] startup
[6.213s] [ext: omni.kit.window.console-1.1.9] startup
[6.217s] [ext: omni.kit.window.status_bar-0.1.11] startup
[6.219s] [ext: omni.kit.window.toolbar-3.0.3] startup
[6.222s] [ext: omni.ocio-0.1.1] startup
[6.223s] [ext: omni.physx.commands-110.1.13] startup
[6.226s] [ext: omni.replicator.replicator_yaml-2.0.12] startup
[6.241s] [ext: omni.rtx.window.settings-0.8.0] startup
[6.245s] [ext: omni.rtx.settings.core-0.7.1] startup
[6.249s] [ext: omni.usd.metrics.assembler.ui-110.1.1] startup
[6.255s] [ext: semantics.schema.editor-2.0.2] startup
[6.258s] [ext: semantics.schema.property-2.0.2] startup
[6.260s] [ext: omni.kit.menu.common-2.0.2] startup
[6.261s] [ext: isaacsim.exp.base-6.0.1] startup
[6.262s] [ext: isaacsim.exp.base.python-6.0.1] startup
[6.263s] Simulation App Starting
2026-08-12T08:29:46Z [6,271ms] [Warning] [omni.usd] UsdManager::createHydraEngineWithDefaultConfigImpl - no valid foundation interface found
2026-08-12T08:29:46Z [6,288ms] [Warning] [omni.graph.core.plugin] OmniGraphSettings::getCudaDeviceOrdinal: unable to get a valid CUDA device id from the renderer. Defaulting to GPU0.
[8.989s] Simulation App Startup Complete
[8.991s] app ready
[9.411s] [ext: isaacsim.sensors.rtx.nodes-0.1.2] startup
[9.423s] [ext: isaacsim.ros2.core-1.9.4] startup
[9.447s] Attempting to load system rclpy
[9.447s] Could not import system rclpy: No module named 'rclpy'
[9.447s] Attempting to load internal rclpy for ROS Distro: humble
[9.460s] rclpy loaded
[9.465s] [ext: isaacsim.ros2.nodes-1.18.13] startup
[9.530s] [ext: isaacsim.ros2.examples-1.2.4] startup
[9.536s] [ext: isaacsim.ros2.ui-1.6.5] startup
[9.770s] [ext: isaacsim.ros2.bridge-5.1.2] startup
Starting kit application with the following args:  ['/root/autodl-tmp/isaac_sim/venv/lib/python3.12/site-packages/isaacsim/exts/isaacsim.simulation_app/isaacsim/simulation_app/simulation_app.py', '/root/autodl-tmp/isaac_sim/venv/lib/python3.12/site-packages/isaacsim/apps/isaacsim.exp.base.python.kit', '--/app/tokens/exe-path=/root/autodl-tmp/isaac_sim/venv/lib/python3.12/site-packages/isaacsim/kit', '--/persistent/app/viewport/displayOptions=3094', '--/rtx/materialDb/syncLoads=True', '--/rtx/hydra/materialSyncLoads=True', '--/omni/kit/plugin/syncUsdLoads=True', '--/app/renderer/resolution/width=1280', '--/app/renderer/resolution/height=720', '--/app/window/width=1440', '--/app/window/height=900', '--/renderer/multiGpu/enabled=True', '--/app/fastShutdown=True', '--/app/installSignalHandlers=0', '--ext-folder', '/root/autodl-tmp/isaac_sim/venv/lib/python3.12/site-packages/isaacsim/exts', '--ext-folder', '/root/autodl-tmp/isaac_sim/venv/lib/python3.12/site-packages/isaacsim/apps', '--/physics/cudaDevice=0', '--/plugins/carb.tasking.plugin/threadCount=32', '--/plugins/omni.tbb.globalcontrol/maxThreadCount=32', '--portable', '--no-window', '--/app/window/hideUi=1', '--allow-root']
Passing the following args to the base kit application:  []
Warp 1.13.0 initialized:
   CUDA Toolkit 12.9, Driver 13.2
   Devices:
     "cpu"      : "x86_64"
     "cuda:0"   : "NVIDIA RTX 6000D" (83 GiB, sm_120, mempool enabled)
   Kernel cache:
     /root/autodl-tmp/isaac_cache/xdg/warp/1.13.0
ISAAC_READY=/root/autodl-tmp/VLA-Intern-Sprint/results/phase2_step2/isaac_ready.json
2026-08-12T08:30:01Z [20,907ms] [Warning] [isaacsim.ros2.nodes] [ROS2 Publish Joint State] Reading from targetPrim is deprecated. Connect an Isaac Read Joint State node and use its outputs instead.
2026-08-12T08:33:01Z [201,514ms] [Error] [omni.hydratexture.plugin] IHydraTexture refResource had no GPU foundation
[201.652s] Simulation App Shutting Down
