WARNING: All log messages before absl::InitializeLog() is called are written to STDERR
E0000 00:00:1786532750.641328   14877 descriptor_database.cc:633] File already exists in database: grpc/health/v1/health.proto
W0000 00:00:1786532750.641360   14877 message.cc:301] Protobuf GeneratedMessageFactory: File is already registered: grpc/health/v1/health.proto
2026-08-12T11:05:50Z [Info] [carb] Logging to file: /root/autodl-tmp/isaac_sim/venv/lib/python3.12/site-packages/isaacsim/kit/logs/Kit/Isaac-Sim Python/6.0/kit_20260812_190550.log
[0.094s] [ext: omni.assets.plugins-0.0.0] startup
[0.094s] [ext: omni.blobkey-1.1.2] startup
[0.095s] [ext: omni.kit.async_engine-0.0.3] startup
[0.189s] [ext: omni.client.lib-1.1.1] startup
[0.200s] [ext: omni.client-1.3.0] startup
[0.207s] [ext: omni.protobuf.lib-1.0.0] startup
[0.209s] [ext: omni.grpc.lib-1.0.0] startup
[0.214s] [ext: omni.metrics.core-0.0.3] startup
[0.214s] [ext: omni.datastore-0.0.0] startup
[0.215s] [ext: omni.gpu_foundation.shadercache.vulkan-1.0.0] startup
[0.217s] [ext: omni.hsscclient-1.1.4] startup
[0.217s] [ext: omni.stats-1.0.1] startup
[0.218s] [ext: omni.ujitso.default-1.0.0] startup
[0.221s] [ext: omni.gpu_foundation-0.0.0] startup
[0.471s] [ext: carb.windowing.plugins-1.0.1] startup
[0.472s] [ext: omni.kit.renderer.init-1.0.1] startup
2026-08-12T11:05:50Z [481ms] [Warning] [omni.platforminfo.plugin] failed to open the default display.  Can't verify X Server version.

|---------------------------------------------------------------------------------------------|
| Driver Version: 595.71.05     | Graphics API: Vulkan
|=============================================================================================|
| GPU | Name                             | Active | LDA | GPU Memory | Vendor-ID | LUID       |
|     |                                  |        |     |            | Device-ID | UUID       |
|     |                                  |        |     |            | Bus-ID    |            |
|---------------------------------------------------------------------------------------------|
| 0   | NVIDIA RTX 6000D                 | Yes: 0 |     | 85651   MB | 10de      | 0          |
|     |                                  |        |     |            | 2bb9      | 56b1f21d.. |
|     |                                  |        |     |            | d8        |            |
|=============================================================================================|
| OS: 22.04.5 LTS (Jammy Jellyfish) ubuntu, Version: 22.04.5, Kernel: 5.15.0-78-generic
| Processor: Intel(R) Xeon(R) Platinum 8470Q
| Bare Metal Cores: 104 | Bare Metal Logical Cores: 208
| Core Usage Quota: 22
|---------------------------------------------------------------------------------------------|
| Total Memory (MB): 112640 | Free Memory: 110369
| Total Page/Swap (MB): 0 | Free Page/Swap: 0
|---------------------------------------------------------------------------------------------|
2026-08-12T11:05:51Z [1,261ms] [Warning] [omni.rtx] CPU performance profile is set to powersave. This profile sets the CPU to the lowest frequency reducing performance.
2026-08-12T11:05:51Z [1,268ms] [Warning] [omni.rtx] ECC is enabled on physical device 0
[1.571s] [ext: omni.kit.pipapi-0.0.0] startup
[1.572s] [ext: omni.kit.telemetry-0.5.2] startup
[1.599s] [ext: omni.kit.loop-isaac-1.6.0] startup
[1.606s] [ext: omni.kit.test-2.0.7] startup
[1.662s] [ext: omni.materialx.libs-1.0.9] startup
[1.669s] [ext: omni.gpucompute.plugins-0.0.0] startup
[1.670s] [ext: omni.usd.config-1.0.7] startup
[1.673s] [ext: omni.usd.libs-1.0.3] startup
[1.762s] [ext: omni.iray.libs-0.0.1] startup
[1.767s] [ext: omni.mdl-57.0.3] startup
[1.783s] [ext: omni.mdl.neuraylib-0.2.20] startup
[1.785s] [ext: omni.kit.usd.mdl-1.1.9] startup
[1.883s] [ext: omni.appwindow-1.2.2] startup
[1.888s] [ext: omni.kit.renderer.core-1.2.2] startup
2026-08-12T11:05:52Z [1,849ms] [Warning] [carb.windowing-glfw.plugin] GLFW initialization failed.
2026-08-12T11:05:52Z [1,849ms] [Warning] [carb] Failed to startup plugin carb.windowing-glfw.plugin (interfaces: [carb::windowing::IGLContext v1.0],[carb::windowing::IWindowing v1.5]) (impl: carb.windowing-glfw.plugin)
[1.922s] [ext: omni.kit.renderer.capture-2.0.1] startup
[1.924s] [ext: omni.kit.renderer.imgui-2.0.6] startup
2026-08-12T11:05:52Z [1,870ms] [Warning] [carb.windowing-glfw.plugin] GLFW initialization failed.
2026-08-12T11:05:52Z [1,870ms] [Warning] [carb] Failed to startup plugin carb.windowing-glfw.plugin (interfaces: [carb::windowing::IGLContext v1.0],[carb::windowing::IWindowing v1.5]) (impl: carb.windowing-glfw.plugin)
2026-08-12T11:05:52Z [1,871ms] [Warning] [carb.windowing-glfw.plugin] GLFW initialization failed.
2026-08-12T11:05:52Z [1,871ms] [Warning] [carb] Failed to startup plugin carb.windowing-glfw.plugin (interfaces: [carb::windowing::IGLContext v1.0],[carb::windowing::IWindowing v1.5]) (impl: carb.windowing-glfw.plugin)
[2.010s] [ext: omni.ui-3.2.0] startup
[2.019s] [ext: omni.kit.mainwindow-1.0.3] startup
[2.020s] [ext: carb.audio-0.1.0] startup
[2.025s] [ext: omni.uiaudio-1.0.0] startup
[2.026s] [ext: omni.kit.uiapp-0.0.0] startup
[2.026s] [ext: omni.usd.schema.metrics.assembler-110.1.0] startup
[2.028s] [ext: omni.usd.schema.audio-0.0.1] startup
[2.031s] [ext: omni.usd_resolver-1.0.0] startup
[2.034s] [ext: omni.usd.core-1.8.3] startup
[2.037s] [ext: omni.metropolis.schema-0.0.3] startup
[2.037s] [ext: isaacsim.anim.robot.schema-0.1.1] startup
[2.038s] [ext: omni.usd.schema.anim-0.0.1] startup
[2.055s] [ext: omni.usd.schema.geospatial-0.0.1] startup
[2.057s] [ext: omni.usd.schema.omnigraph-1.0.1] startup
[2.062s] [ext: omni.usd.schema.semantics-0.0.0] startup
[2.064s] [ext: omni.activity.core-1.0.3] startup
[2.065s] [ext: omni.cubric-0.1.0] startup
[2.066s] [ext: omni.graph.exec-0.9.6] startup
[2.066s] [ext: omni.hydra.scene_delegate-0.3.5] startup
[2.069s] [ext: usdrt.scenegraph-7.6.3] startup
[2.094s] [ext: omni.hydra.usdrt_delegate-7.5.2] startup
[2.100s] [ext: omni.inspect-1.0.2] startup
[2.101s] [ext: omni.kit.actions.core-1.0.0] startup
[2.103s] [ext: omni.kit.audiodeviceenum-1.0.2] startup
[2.104s] [ext: omni.kit.commands-1.5.0] startup
[2.107s] [ext: omni.kit.exec.core-0.13.5] startup
[2.108s] [ext: omni.kit.usd_undo-0.1.8] startup
[2.108s] [ext: omni.kit.window.popup_dialog-2.0.25] startup
[2.112s] [ext: omni.kit.widget.nucleus_connector-2.3.1] startup
[2.114s] [ext: omni.timeline-1.1.0] startup
[2.116s] [ext: omni.usd-1.16.0] startup
[2.151s] [ext: omni.graph.core-3.1.2] startup
[2.156s] [ext: omni.kit.notification_manager-1.0.11] startup
[2.158s] [ext: isaacsim.core.deprecation_manager-0.4.2] startup
[2.158s] [ext: isaacsim.replicator.agent.schema-0.1.1] startup
[2.159s] [ext: isaacsim.robot.schema-6.3.7] startup
[2.164s] [ext: isaacsim.robot_motion.schema-0.2.1] startup
[2.164s] [ext: omni.anim.behavior.schema-110.1.0] startup
[2.167s] [ext: omni.anim.graph.schema-110.1.1] startup
[2.173s] [ext: omni.anim.navigation.schema-110.1.0] startup
[2.175s] [ext: omni.behavior.tree.schema-110.1.0] startup
[2.176s] [ext: omni.kit.asset_converter-6.0.1] startup
[2.188s] [ext: omni.usd.schema.flow-110.0.0] startup
[2.188s] [ext: omni.usd.schema.mujoco-1.1.1] startup
[2.189s] [ext: omni.usd.schema.newton-1.2.1] startup
[2.189s] [ext: omni.usd.schema.omni_lens_distortion-1.0.0] startup
[2.190s] [ext: omni.usd.schema.omni_projectors-1.0.0] startup
[2.190s] [ext: omni.usd.schema.omni_sensors-0.0.0] startup
[2.197s] [ext: omni.usd.schema.omniscripting-1.0.1] startup
[2.200s] [ext: omni.usd.schema.physical_lighting-0.1.0] startup
[2.203s] [ext: omni.usd.schema.physx-110.1.13] startup
[2.230s] [ext: omni.usd.schema.render_settings.rtx-1.0.2] startup
[2.233s] [ext: omni.usd.schema.usd_particle_field-1.0.0] startup
[2.234s] [ext: isaacsim.core.version-2.1.1] startup
[2.234s] [ext: omni.kit.menu.core-1.2.0] startup
[2.235s] [ext: omni.kit.menu.utils-2.2.4] startup
[2.241s] [ext: isaacsim.app.about-2.3.1] startup
[2.245s] [ext: isaacsim.asset.transformer-1.2.5] startup
[2.248s] [ext: omni.scene.optimizer.core-110.1.0] startup
[2.299s] [ext: isaacsim.asset.importer.utils-1.8.1] startup
[2.301s] [ext: omni.convexdecomposition-110.1.13] startup
[2.303s] [ext: omni.physics-110.1.13] startup
[2.306s] [ext: omni.physx.gpu-110.1.13] startup
[2.306s] [ext: omni.physx.foundation-110.1.13] startup
[2.307s] [ext: omni.usdphysics-110.1.13] startup
[2.309s] [ext: omni.physx.cooking-110.1.13] startup
[2.311s] [ext: omni.physx-110.1.13] startup
[2.321s] [ext: omni.physics.physx-110.1.13] startup
[2.323s] [ext: isaacsim.asset.exporter.urdf-2.0.5] startup
[2.330s] [ext: omni.kit.clipboard-1.1.1] startup
[2.331s] [ext: omni.kit.usd.layers-2.6.1] startup
[2.337s] [ext: omni.kit.widget.context_menu-1.4.0] startup
[2.339s] [ext: omni.kit.context_menu-1.9.0] startup
[2.340s] [ext: omni.kit.helper.file_utils-0.1.10] startup
[2.341s] [ext: omni.kit.widget.nucleus_info-2.0.2] startup
[2.342s] [ext: omni.kit.search_core-1.0.8] startup
[2.342s] [ext: omni.kit.widget.path_field-2.0.13] startup
[2.343s] [ext: omni.kit.widget.browser_bar-2.0.10] startup
[2.343s] [ext: omni.kit.widget.filebrowser-2.13.4] startup
[2.347s] [ext: omni.kit.widget.options_menu-1.1.6] startup
[2.350s] [ext: omni.kit.widget.options_button-1.0.3] startup
[2.350s] [ext: omni.kit.widget.search_delegate-1.0.9] startup
[2.351s] [ext: omni.ui.scene-2.0.3] startup
[2.356s] [ext: omni.kit.window.filepicker-2.15.5] startup
[2.367s] [ext: omni.kit.window.file_importer-1.1.21] startup
[2.369s] [ext: omni.kit.material.library-3.1.2] startup
[2.374s] [ext: isaacsim.asset.transformer.rules-1.7.10] startup
[2.383s] [ext: omni.usdex.libs-2.2.2] startup
[2.391s] [ext: isaacsim.asset.importer.mjcf-3.10.1] startup
[2.393s] [ext: isaacsim.asset.importer.urdf-3.11.2] startup
[2.396s] [ext: omni.kit.primitive.mesh-1.1.0] startup
[2.399s] [ext: omni.kit.stage_template.core-1.1.22] startup
[2.399s] [ext: omni.kit.stage_templates-2.0.2] startup
[2.400s] [ext: omni.usd.metrics.assembler-110.1.2] startup
[2.403s] [ext: omni.warp.core-1.13.0] startup
[2.569s] [ext: isaacsim.core.experimental.utils-0.17.2] startup
[2.570s] [ext: omni.physics.stageupdate-110.1.13] startup
[2.571s] [ext: omni.physics.tensors-110.1.13] startup
[2.575s] [ext: omni.physx.tensors-110.1.13] startup
[2.579s] [ext: isaacsim.core.simulation_manager-1.15.6] startup
[2.592s] [ext: isaacsim.storage.native-1.9.3] startup
[2.594s] [ext: omni.usd.metrics.assembler.physics-110.1.13] startup
[2.595s] [ext: isaacsim.core.utils-4.1.7] startup
[2.598s] [ext: isaacsim.core.prims-0.11.7] startup
[3.815s] [ext: isaacsim.core.api-5.2.13] startup
[3.825s] [ext: isaacsim.core.cloner-1.7.3] startup
[3.827s] [ext: isaacsim.test.docstring-1.3.2] startup
[3.831s] [ext: isaacsim.core.experimental.prims-1.8.9] startup
[3.855s] [ext: isaacsim.core.experimental.primdata-0.3.2] startup
[3.858s] [ext: omni.graph.tools-1.81.0] startup
[3.882s] [ext: omni.graph-1.142.5] startup
[3.929s] [ext: isaacsim.core.experimental.actuators-0.1.2] startup
[3.952s] [ext: isaacsim.core.experimental.materials-0.7.1] startup
[3.956s] [ext: isaacsim.core.experimental.objects-0.8.1] startup
[4.024s] [ext: omni.hydra.engine.stats-1.0.5] startup
[4.027s] [ext: omni.hydra.rtx.shadercache.vulkan-1.0.0] startup
[4.028s] [ext: omni.index.libs-387500.4413.0] startup
[4.028s] [ext: omni.index-1.0.1] startup
[4.029s] [ext: omni.ujitso.client-0.0.0] startup
[4.029s] [ext: omni.usd.schema.playback-1.0.0] startup
[4.033s] [ext: omni.volume-0.5.2] startup
[4.041s] [ext: omni.hydra.rtx-1.0.4] startup
2026-08-12T11:05:54Z [4,008ms] [Warning] [omni.log] Source: omni.hydra was already registered.
[4.085s] [ext: omni.kit.hydra_texture-1.6.0] startup
[4.089s] [ext: omni.kit.raycast.query-1.2.0] startup
[4.094s] [ext: omni.kit.viewport.legacy_gizmos-1.0.24] startup
[4.097s] [ext: omni.kit.viewport.registry-104.0.6] startup
[4.098s] [ext: omni.kit.viewport.scene_camera_model-1.0.7] startup
[4.103s] [ext: omni.kit.widget.viewport-109.2.0] startup
[4.108s] [ext: omni.kit.window.drop_support-1.0.8] startup
[4.109s] [ext: omni.kit.viewport.window-109.0.2] startup
[4.129s] [ext: omni.kit.viewport.utility-2.0.1] startup
[4.130s] [ext: isaacsim.core.rendering_manager-0.4.3] startup
[4.148s] [ext: omni.graph.action_core-1.1.9] startup
[4.150s] [ext: omni.graph.action_nodes_core-2.11.0] startup
[4.154s] [ext: omni.graph.action_nodes-2.11.0] startup
[4.205s] [ext: omni.graph.action-2.10.2] startup
[4.206s] [ext: omni.graph.image.core-0.6.1] startup
[4.207s] [ext: omni.graph.image.nodes-1.3.1] startup
[4.208s] [ext: omni.graph.nodes_core-2.11.0] startup
[4.215s] [ext: omni.graph.nodes-2.12.0] startup
[4.222s] [ext: omni.kit.hotkeys.core-1.3.12] startup
[4.224s] [ext: omni.kit.property.adapter.core-1.1.1] startup
[4.226s] [ext: omni.kit.property.adapter.usd-1.0.5] startup
[4.228s] [ext: omni.kit.widget.filter-1.1.5] startup
[4.229s] [ext: omni.kit.widget.highlight_label-1.0.3] startup
[4.230s] [ext: omni.kit.widget.searchfield-1.1.8] startup
[4.232s] [ext: omni.kit.window.file_exporter-1.0.36] startup
[4.233s] [ext: omni.kit.widget.stage-4.4.0] startup
[4.243s] [ext: omni.kit.window.content_browser_registry-0.0.6] startup
[4.244s] [ext: omni.kit.window.file-2.0.10] startup
[4.248s] [ext: omni.kit.window.content_browser-3.1.8] startup
[4.260s] [ext: omni.kit.window.property-1.15.1] startup
[4.272s] [ext: omni.kit.property.usd-4.9.4] startup
[4.284s] [ext: omni.graph.scriptnode-2.10.2] startup
[4.300s] [ext: omni.kit.widget.searchable_combobox-1.0.7] startup
[4.303s] [ext: omni.kit.widget.settings-2.0.0] startup
[4.305s] [ext: omni.kit.window.preferences-1.8.3] startup
[4.310s] [ext: omni.kit.viewport.menubar.core-107.2.2] startup
[4.322s] [ext: omni.syntheticdata-0.6.15] startup
[4.369s] [ext: omni.replicator.nv-1.1.1] startup
[4.380s] [ext: omni.videoencoding-0.2.1] startup
[4.382s] [ext: omni.replicator.core-1.13.27] startup
2026-08-12T11:05:54Z [4,335ms] [Warning] [pxr.Semantics] pxr.Semantics is deprecated - please use Semantics instead
2026-08-12T11:05:54Z [4,428ms] [Warning] [omni.replicator.core.scripts.extension] No material configuration file, adding configuration to material settings directly.
[4.658s] [ext: isaacsim.core.nodes-5.10.5] startup
[4.699s] [ext: isaacsim.core.throttling-2.3.5] startup
[4.701s] [ext: omni.kit.manipulator.viewport-107.0.1] startup
[4.702s] [ext: omni.graph.visualization.nodes-2.1.4] startup
[4.725s] [ext: omni.kit.window.extensions-1.5.10] startup
[4.733s] [ext: isaacsim.gui.components-1.8.5] startup
[4.739s] [ext: isaacsim.robot.surface_gripper-3.6.2] startup
[4.757s] [ext: isaacsim.robot.manipulators-3.4.4] startup
[4.772s] [ext: isaacsim.robot_motion.lula-4.1.3] startup
[4.781s] [ext: isaacsim.robot_motion.motion_generation-8.2.9] startup
[4.789s] [ext: isaacsim.cortex.framework-1.0.18] startup
[4.791s] [ext: isaacsim.cortex.behaviors-2.0.17] startup
[4.793s] [ext: isaacsim.examples.base-1.3.2] startup
[4.795s] [ext: omni.kit.widget.zoombar-1.0.7] startup
[4.796s] [ext: omni.kit.browser.core-2.3.18] startup
[4.801s] [ext: omni.kit.browser.folder.core-2.0.2] startup
[4.806s] [ext: omni.kit.widget.stage_icons-1.0.8] startup
[4.807s] [ext: omni.kit.window.stage-2.6.1] startup
[4.812s] [ext: omni.kit.menu.stage-1.2.7] startup
[4.814s] [ext: omni.kit.usd.collect-3.0.6] startup
[4.817s] [ext: omni.kit.widget.prompt-1.0.7] startup
[4.818s] [ext: omni.kit.tool.collect-2.2.19] startup
[4.821s] [ext: isaacsim.examples.browser-0.3.2] startup
[4.823s] [ext: omni.kit.search.files-1.0.4] startup
[4.825s] [ext: omni.kit.widget.calendar-1.0.9] startup
[4.826s] [ext: omni.kit.widget.extended_searchfield-1.0.31] startup
[4.836s] [ext: omni.simready.content.browser-0.3.7] startup
[4.925s] [ext: isaacsim.gui.content_browser-0.4.3] startup
[4.928s] [ext: omni.kit.selection-0.1.6] startup
[4.930s] [ext: isaacsim.gui.menu-2.10.5] startup
[4.939s] [ext: isaacsim.gui.property-1.6.4] startup
[4.947s] [ext: omni.kit.viewport.actions-110.0.0] startup
[4.951s] [ext: omni.kit.viewport.menubar.display-107.1.3] startup
[4.953s] [ext: isaacsim.gui.sensors.icon-2.2.1] startup
[4.956s] [ext: omni.behavior.scripting.core-110.1.0] startup
[4.960s] [ext: isaacsim.replicator.behavior-1.5.4] startup
[4.961s] [ext: isaacsim.replicator.experimental.domain_randomization-1.2.5] startup
[4.983s] [ext: isaacsim.replicator.domain_randomization-1.2.2] startup
[5.061s] [ext: isaacsim.replicator.writers-1.5.4] startup
[5.089s] [ext: isaacsim.robot.experimental.wheeled_robots-0.2.11] startup
[5.112s] [ext: isaacsim.robot.policy.examples-5.2.12] startup
[5.134s] [ext: isaacsim.robot.wheeled_robots-5.2.4] startup
[5.138s] [ext: isaacsim.robot.wheeled_robots.nodes-0.1.5] startup
[5.164s] [ext: isaacsim.robot_motion.experimental.motion_generation-6.1.3] startup
[5.174s] [ext: isaacsim.robot_motion.cumotion-1.3.1] startup
[5.188s] [ext: omni.kit.numpy.common-0.1.3] startup
[5.190s] [ext: isaacsim.sensors.camera-1.7.9] startup
[5.218s] [ext: isaacsim.sensors.experimental.physics-3.0.2] startup
[5.226s] [ext: omni.sensors.net-1.0.1] startup
[5.233s] [ext: omni.sensors.nv.common-3.0.0] startup
[5.249s] [ext: omni.sensors.nv.materials-2.0.0] startup
[5.252s] [ext: omni.sensors.nv.acoustic-3.0.0] startup
[5.256s] [ext: omni.sensors.nv.ids-2.0.1] startup
[5.258s] [ext: omni.sensors.nv.lidar-3.0.0] startup
[5.263s] [ext: omni.sensors.nv.radar-3.0.0] startup
[5.266s] [ext: isaacsim.sensors.experimental.rtx-1.4.6] startup
[5.478s] [ext: isaacsim.sensors.physics.nodes-1.5.3] startup
[5.486s] [ext: isaacsim.util.debug_draw-3.2.3] startup
[5.493s] [ext: isaacsim.sensors.physx-2.5.5] startup
[5.502s] [ext: isaacsim.sensors.rtx-15.17.1] startup
[5.515s] [ext: isaacsim.simulation_app-2.18.4] startup
[5.516s] [ext: omni.anim.curve.core-1.6.0] startup
[5.527s] [ext: omni.graph.ui_nodes-2.11.1] startup
[5.561s] [ext: omni.hydra.scene_api-0.1.3] startup
[5.566s] [ext: omni.kit.manipulator.camera-110.0.0] startup
[5.571s] [ext: omni.kit.manipulator.selector-1.1.4] startup
[5.572s] [ext: omni.kit.manipulator.transform-107.0.0] startup
[5.577s] [ext: omni.kit.widget.toolbar-2.1.0] startup
[5.583s] [ext: omni.kit.manipulator.tool.snap-1.5.14] startup
[5.587s] [ext: omni.kit.viewport.manipulator.transform-107.0.4] startup
[5.590s] [ext: omni.kit.manipulator.prim.core-108.0.2] startup
[5.596s] [ext: omni.kit.manipulator.prim.usd-107.0.3] startup
[5.598s] [ext: omni.kit.manipulator.prim-108.0.0] startup
[5.598s] [ext: omni.kit.manipulator.selection-109.0.1] startup
[5.599s] [ext: omni.kit.menu.create-2.0.2] startup
[5.601s] [ext: omni.kit.property.audio-1.0.16] startup
[5.606s] [ext: omni.kit.property.camera-1.0.14] startup
[5.607s] [ext: omni.kit.property.geometry-2.1.2] startup
[5.611s] [ext: omni.kit.property.light-1.0.14] startup
2026-08-12T11:05:56Z [5,591ms] [Warning] [omni.usd] Encountered USD Warnings but USD Diagnostics are currently muted. To view USD Warnings, please set the '/persistent/app/usd/muteUsdDiagnostics' setting to false in Preferences page.
[5.687s] [ext: omni.kit.property.material-1.14.6] startup
[5.693s] [ext: omni.kit.property.render-1.2.2] startup
[5.695s] [ext: omni.kit.property.transform-1.6.9] startup
[5.699s] [ext: omni.kit.property.bundle-1.5.1] startup
[5.700s] [ext: omni.kit.usdz_export-1.1.0] startup
[5.703s] [ext: omni.kit.tool.asset_importer-6.0.1] startup
[5.709s] [ext: omni.kit.ui.actions-1.0.5] startup
[5.711s] [ext: omni.kit.viewport.menubar.camera-107.0.10] startup
[5.716s] [ext: omni.kit.viewport.menubar.lighting-107.3.2] startup
[5.719s] [ext: omni.kit.viewport.menubar.render-110.0.0] startup
[5.722s] [ext: omni.kit.viewport.menubar.settings-110.0.1] startup
[5.726s] [ext: omni.kit.window.console-1.1.9] startup
[5.730s] [ext: omni.kit.window.status_bar-0.1.11] startup
[5.733s] [ext: omni.kit.window.toolbar-3.0.3] startup
[5.736s] [ext: omni.ocio-0.1.1] startup
[5.737s] [ext: omni.physx.commands-110.1.13] startup
[5.741s] [ext: omni.replicator.replicator_yaml-2.0.12] startup
[5.754s] [ext: omni.rtx.window.settings-0.8.0] startup
[5.759s] [ext: omni.rtx.settings.core-0.7.1] startup
[5.762s] [ext: omni.usd.metrics.assembler.ui-110.1.1] startup
[5.769s] [ext: semantics.schema.editor-2.0.2] startup
[5.773s] [ext: semantics.schema.property-2.0.2] startup
[5.774s] [ext: omni.kit.menu.common-2.0.2] startup
[5.776s] [ext: isaacsim.exp.base-6.0.1] startup
[5.776s] [ext: isaacsim.exp.base.python-6.0.1] startup
[5.779s] Simulation App Starting
[7.618s] Simulation App Startup Complete
[7.630s] app ready
[8.158s] [ext: isaacsim.sensors.rtx.nodes-0.1.2] startup
[8.170s] [ext: isaacsim.ros2.core-1.9.4] startup
[8.200s] Attempting to load system rclpy
[8.200s] Could not import system rclpy: No module named 'rclpy'
[8.200s] Attempting to load internal rclpy for ROS Distro: humble
[8.214s] rclpy loaded
[8.218s] [ext: isaacsim.ros2.nodes-1.18.13] startup
[8.271s] [ext: isaacsim.ros2.examples-1.2.4] startup
[8.278s] [ext: isaacsim.ros2.ui-1.6.5] startup
[8.522s] [ext: isaacsim.ros2.bridge-5.1.2] startup
Starting kit application with the following args:  ['/root/autodl-tmp/isaac_sim/venv/lib/python3.12/site-packages/isaacsim/exts/isaacsim.simulation_app/isaacsim/simulation_app/simulation_app.py', '/root/autodl-tmp/isaac_sim/venv/lib/python3.12/site-packages/isaacsim/apps/isaacsim.exp.base.python.kit', '--/app/tokens/exe-path=/root/autodl-tmp/isaac_sim/venv/lib/python3.12/site-packages/isaacsim/kit', '--/persistent/app/viewport/displayOptions=3094', '--/rtx/materialDb/syncLoads=True', '--/rtx/hydra/materialSyncLoads=True', '--/omni/kit/plugin/syncUsdLoads=True', '--/app/renderer/resolution/width=1280', '--/app/renderer/resolution/height=720', '--/app/window/width=1440', '--/app/window/height=900', '--/renderer/multiGpu/enabled=True', '--/app/fastShutdown=True', '--/app/installSignalHandlers=0', '--ext-folder', '/root/autodl-tmp/isaac_sim/venv/lib/python3.12/site-packages/isaacsim/exts', '--ext-folder', '/root/autodl-tmp/isaac_sim/venv/lib/python3.12/site-packages/isaacsim/apps', '--/physics/cudaDevice=0', '--/plugins/carb.tasking.plugin/threadCount=32', '--/plugins/omni.tbb.globalcontrol/maxThreadCount=32', '--portable', '--no-window', '--/app/window/hideUi=1', '--allow-root']
Passing the following args to the base kit application:  []
Warp 1.13.0 initialized:
   CUDA Toolkit 12.9, Driver 13.2
   Devices:
     "cpu"      : "x86_64"
     "cuda:0"   : "NVIDIA RTX 6000D" (83 GiB, sm_120, mempool enabled)
   Kernel cache:
     /root/autodl-tmp/isaac_cache/xdg/warp/1.13.0
Module isaacsim.core.experimental.utils.impl.transform acc9678 load on device 'cpu' took 1.74 ms  (cached)
ISAAC_READY=/root/autodl-tmp/VLA-Intern-Sprint/results/phase2_step3/isaac_ready.json
2026-08-12T11:06:06Z [16,201ms] [Warning] [isaacsim.ros2.nodes] [ROS2 Publish Joint State] Reading from targetPrim is deprecated. Connect an Isaac Read Joint State node and use its outputs instead.
2026-08-12T11:06:06Z [16,279ms] [Warning] [omni.rtx] DLSS increasing input dimensions: Render resolution of (128, 128) is below minimal input resolution of 300.
2026-08-12T11:06:06Z [16,433ms] [Warning] [omni.timeline.plugin] Deprecated: direct use of ITimeline callbacks is deprecated. Use ITimeline::getTimeline (Python: omni.timeline.get_timeline_interface) instead.
[19.921s] Simulation App Shutting Down
