ffmpeg version 7.0.2-static https://johnvansickle.com/ffmpeg/  Copyright (c) 2000-2024 the FFmpeg developers
  built with gcc 8 (Debian 8.3.0-6)
  configuration: --enable-gpl --enable-version3 --enable-static --disable-debug --disable-ffplay --disable-indev=sndio --disable-outdev=sndio --cc=gcc --enable-fontconfig --enable-frei0r --enable-gnutls --enable-gmp --enable-libgme --enable-gray --enable-libaom --enable-libfribidi --enable-libass --enable-libvmaf --enable-libfreetype --enable-libmp3lame --enable-libopencore-amrnb --enable-libopencore-amrwb --enable-libopenjpeg --enable-librubberband --enable-libsoxr --enable-libspeex --enable-libsrt --enable-libvorbis --enable-libopus --enable-libtheora --enable-libvidstab --enable-libvo-amrwbenc --enable-libvpx --enable-libwebp --enable-libx264 --enable-libx265 --enable-libxml2 --enable-libdav1d --enable-libxvid --enable-libzvbi --enable-libzimg
  libavutil      59.  8.100 / 59.  8.100
  libavcodec     61.  3.100 / 61.  3.100
  libavformat    61.  1.100 / 61.  1.100
  libavdevice    61.  1.100 / 61.  1.100
  libavfilter    10.  1.100 / 10.  1.100
  libswscale      8.  1.100 /  8.  1.100
  libswresample   5.  1.100 /  5.  1.100
  libpostproc    58.  1.100 / 58.  1.100
Input #0, image2, from '/root/autodl-tmp/VLA-Intern-Sprint/results/phase3_step6/episode_00/video_frames/frame_%05d.png':
  Duration: 00:03:20.10, start: 0.000000, bitrate: N/A
  Stream #0:0: Video: png, rgb24(pc, gbr/unknown/unknown), 256x256, 10 fps, 10 tbr, 10 tbn
Stream mapping:
  Stream #0:0 -> #0:0 (png (native) -> h264 (libx264))
Press [q] to stop, [?] for help
[libx264 @ 0x80f42c0] using cpu capabilities: MMX2 SSE2Fast SSSE3 SSE4.2 AVX FMA3 BMI2 AVX2 AVX512
[libx264 @ 0x80f42c0] profile High, level 1.2, 4:2:0, 8-bit
[libx264 @ 0x80f42c0] 264 - core 164 r3191 4613ac3 - H.264/MPEG-4 AVC codec - Copyleft 2003-2024 - http://www.videolan.org/x264.html - options: cabac=1 ref=3 deblock=1:0:0 analyse=0x3:0x113 me=hex subme=7 psy=1 psy_rd=1.00:0.00 mixed_ref=1 me_range=16 chroma_me=1 trellis=1 8x8dct=1 cqm=0 deadzone=21,11 fast_pskip=1 chroma_qp_offset=-2 threads=8 lookahead_threads=1 sliced_threads=0 nr=0 decimate=1 interlaced=0 bluray_compat=0 constrained_intra=0 bframes=3 b_pyramid=2 b_adapt=1 b_bias=0 direct=1 weightb=1 open_gop=0 weightp=2 keyint=250 keyint_min=10 scenecut=40 intra_refresh=0 rc_lookahead=40 rc=crf mbtree=1 crf=23.0 qcomp=0.60 qpmin=0 qpmax=69 qpstep=4 ip_ratio=1.40 aq=1:1.00
Output #0, mp4, to '/root/autodl-tmp/VLA-Intern-Sprint/assets/videos/phase3_step6_ep00.mp4':
  Metadata:
    encoder         : Lavf61.1.100
  Stream #0:0: Video: h264 (avc1 / 0x31637661), yuv420p(progressive), 256x256, q=2-31, 10 fps, 10240 tbn
      Metadata:
        encoder         : Lavc61.3.100 libx264
      Side data:
        cpb: bitrate max/min/avg: 0/0/0 buffer size: 0 vbv_delay: N/A
frame= 1213 fps=0.0 q=25.0 size=     512KiB time=00:02:01.10 bitrate=  34.6kbits/s speed= 242x    [out#0/mp4 @ 0x80f0d00] video:1019KiB audio:0KiB subtitle:0KiB other streams:0KiB global headers:0KiB muxing overhead: 2.376913%
frame= 2001 fps=0.0 q=-1.0 Lsize=    1043KiB time=00:03:19.90 bitrate=  42.7kbits/s speed= 236x    
[libx264 @ 0x80f42c0] frame I:9     Avg QP:15.48  size: 10203
[libx264 @ 0x80f42c0] frame P:512   Avg QP:18.17  size:  1409
[libx264 @ 0x80f42c0] frame B:1480  Avg QP:21.57  size:   155
[libx264 @ 0x80f42c0] consecutive B-frames:  1.0%  0.6%  1.2% 97.2%
[libx264 @ 0x80f42c0] mb I  I16..4:  4.8% 57.6% 37.6%
[libx264 @ 0x80f42c0] mb P  I16..4:  0.2%  0.5%  0.3%  P16..4: 31.9% 15.2% 11.4%  0.0%  0.0%    skip:40.5%
[libx264 @ 0x80f42c0] mb B  I16..4:  0.0%  0.0%  0.0%  B16..8: 15.7%  2.1%  0.4%  direct: 0.8%  skip:80.9%  L0:25.4% L1:65.2% BI: 9.3%
[libx264 @ 0x80f42c0] 8x8 transform intra:54.1% inter:43.7%
[libx264 @ 0x80f42c0] coded y,uvDC,uvAC intra: 71.2% 57.4% 48.7% inter: 8.4% 2.7% 0.3%
[libx264 @ 0x80f42c0] i16 v,h,dc,p: 42% 21% 23% 14%
[libx264 @ 0x80f42c0] i8 v,h,dc,ddl,ddr,vr,hd,vl,hu:  7% 42% 28%  3%  3%  4%  6%  2%  6%
[libx264 @ 0x80f42c0] i4 v,h,dc,ddl,ddr,vr,hd,vl,hu: 16% 32% 13%  4%  8%  9%  9%  4%  7%
[libx264 @ 0x80f42c0] i8c dc,h,v,p: 58% 29%  9%  4%
[libx264 @ 0x80f42c0] Weighted P-Frames: Y:0.0% UV:0.0%
[libx264 @ 0x80f42c0] ref P L0: 69.2% 11.0% 15.9%  3.9%
[libx264 @ 0x80f42c0] ref B L0: 87.8% 10.2%  2.0%
[libx264 @ 0x80f42c0] ref B L1: 93.4%  6.6%
[libx264 @ 0x80f42c0] kb/s:41.68
