WARNING: All log messages before absl::InitializeLog() is called are written to STDERR
E0000 00:00:1786553003.252969    4490 descriptor_database.cc:633] File already exists in database: grpc/health/v1/health.proto
W0000 00:00:1786553003.253014    4490 message.cc:301] Protobuf GeneratedMessageFactory: File is already registered: grpc/health/v1/health.proto
2026-08-12T16:43:23Z [Info] [carb] Logging to file: /root/autodl-tmp/isaac_sim/venv/lib/python3.12/site-packages/isaacsim/kit/logs/Kit/Isaac-Sim Python/6.0/kit_20260813_004323.log
[0.083s] [ext: omni.assets.plugins-0.0.0] startup
[0.084s] [ext: omni.blobkey-1.1.2] startup
[0.085s] [ext: omni.kit.async_engine-0.0.3] startup
[0.202s] [ext: omni.client.lib-1.1.1] startup
[0.218s] [ext: omni.client-1.3.0] startup
[0.223s] [ext: omni.protobuf.lib-1.0.0] startup
[0.225s] [ext: omni.grpc.lib-1.0.0] startup
[0.231s] [ext: omni.metrics.core-0.0.3] startup
[0.231s] [ext: omni.datastore-0.0.0] startup
[0.232s] [ext: omni.gpu_foundation.shadercache.vulkan-1.0.0] startup
[0.235s] [ext: omni.hsscclient-1.1.4] startup
[0.235s] [ext: omni.stats-1.0.1] startup
[0.236s] [ext: omni.ujitso.default-1.0.0] startup
[0.240s] [ext: omni.gpu_foundation-0.0.0] startup
[0.535s] [ext: carb.windowing.plugins-1.0.1] startup
[0.535s] [ext: omni.kit.renderer.init-1.0.1] startup
2026-08-12T16:43:23Z [583ms] [Warning] [omni.platforminfo.plugin] failed to open the default display.  Can't verify X Server version.

|---------------------------------------------------------------------------------------------|
| Driver Version: 580.105.08    | Graphics API: Vulkan
|=============================================================================================|
| GPU | Name                             | Active | LDA | GPU Memory | Vendor-ID | LUID       |
|     |                                  |        |     |            | Device-ID | UUID       |
|     |                                  |        |     |            | Bus-ID    |            |
|---------------------------------------------------------------------------------------------|
| 0   | NVIDIA GeForce RTX 5090          | Yes: 0 |     | 32853   MB | 10de      | 0          |
|     |                                  |        |     |            | 2b85      | 105e4e5f.. |
|     |                                  |        |     |            | 49        |            |
|=============================================================================================|
| OS: 22.04.5 LTS (Jammy Jellyfish) ubuntu, Version: 22.04.5, Kernel: 5.15.0-78-generic
| Processor: Intel(R) Xeon(R) Platinum 8470Q
| Bare Metal Cores: 104 | Bare Metal Logical Cores: 208
| Core Usage Quota: 25
|---------------------------------------------------------------------------------------------|
| Total Memory (MB): 92160 | Free Memory: 90986
| Total Page/Swap (MB): 0 | Free Page/Swap: 0
|---------------------------------------------------------------------------------------------|
[1.829s] [ext: omni.kit.pipapi-0.0.0] startup
[1.831s] [ext: omni.kit.telemetry-0.5.2] startup
[1.888s] [ext: omni.kit.loop-isaac-1.6.0] startup
[1.891s] [ext: omni.kit.test-2.0.7] startup
[1.959s] [ext: omni.materialx.libs-1.0.9] startup
[1.967s] [ext: omni.gpucompute.plugins-0.0.0] startup
[1.968s] [ext: omni.usd.config-1.0.7] startup
[1.974s] [ext: omni.usd.libs-1.0.3] startup
[2.086s] [ext: omni.iray.libs-0.0.1] startup
[2.092s] [ext: omni.mdl-57.0.3] startup
[2.115s] [ext: omni.mdl.neuraylib-0.2.20] startup
[2.118s] [ext: omni.kit.usd.mdl-1.1.9] startup
[2.246s] [ext: omni.appwindow-1.2.2] startup
[2.249s] [ext: omni.kit.renderer.core-1.2.2] startup
2026-08-12T16:43:25Z [2,561ms] [Warning] [carb.windowing-glfw.plugin] GLFW initialization failed.
2026-08-12T16:43:25Z [2,561ms] [Warning] [carb] Failed to startup plugin carb.windowing-glfw.plugin (interfaces: [carb::windowing::IGLContext v1.0],[carb::windowing::IWindowing v1.5]) (impl: carb.windowing-glfw.plugin)
[2.644s] [ext: omni.kit.renderer.capture-2.0.1] startup
[2.648s] [ext: omni.kit.renderer.imgui-2.0.6] startup
2026-08-12T16:43:25Z [2,607ms] [Warning] [carb.windowing-glfw.plugin] GLFW initialization failed.
2026-08-12T16:43:25Z [2,607ms] [Warning] [carb] Failed to startup plugin carb.windowing-glfw.plugin (interfaces: [carb::windowing::IGLContext v1.0],[carb::windowing::IWindowing v1.5]) (impl: carb.windowing-glfw.plugin)
2026-08-12T16:43:25Z [2,613ms] [Warning] [carb.windowing-glfw.plugin] GLFW initialization failed.
2026-08-12T16:43:25Z [2,613ms] [Warning] [carb] Failed to startup plugin carb.windowing-glfw.plugin (interfaces: [carb::windowing::IGLContext v1.0],[carb::windowing::IWindowing v1.5]) (impl: carb.windowing-glfw.plugin)
[2.807s] [ext: omni.ui-3.2.0] startup
[2.820s] [ext: omni.kit.mainwindow-1.0.3] startup
[2.822s] [ext: carb.audio-0.1.0] startup
[2.849s] [ext: omni.uiaudio-1.0.0] startup
[2.850s] [ext: omni.kit.uiapp-0.0.0] startup
[2.850s] [ext: omni.usd.schema.metrics.assembler-110.1.0] startup
[2.854s] [ext: omni.usd.schema.audio-0.0.1] startup
[2.858s] [ext: omni.usd_resolver-1.0.0] startup
[2.862s] [ext: omni.usd.core-1.8.3] startup
[2.867s] [ext: omni.metropolis.schema-0.0.3] startup
[2.868s] [ext: isaacsim.anim.robot.schema-0.1.1] startup
[2.869s] [ext: omni.usd.schema.anim-0.0.1] startup
[2.891s] [ext: omni.usd.schema.geospatial-0.0.1] startup
[2.894s] [ext: omni.usd.schema.omnigraph-1.0.1] startup
[2.901s] [ext: omni.usd.schema.semantics-0.0.0] startup
[2.904s] [ext: omni.activity.core-1.0.3] startup
[2.905s] [ext: omni.cubric-0.1.0] startup
[2.906s] [ext: omni.graph.exec-0.9.6] startup
[2.906s] [ext: omni.hydra.scene_delegate-0.3.5] startup
[2.911s] [ext: usdrt.scenegraph-7.6.3] startup
[2.945s] [ext: omni.hydra.usdrt_delegate-7.5.2] startup
[2.953s] [ext: omni.inspect-1.0.2] startup
[2.955s] [ext: omni.kit.actions.core-1.0.0] startup
[2.957s] [ext: omni.kit.audiodeviceenum-1.0.2] startup
[2.958s] [ext: omni.kit.commands-1.5.0] startup
[2.962s] [ext: omni.kit.exec.core-0.13.5] startup
[2.964s] [ext: omni.kit.usd_undo-0.1.8] startup
[2.964s] [ext: omni.kit.window.popup_dialog-2.0.25] startup
[2.969s] [ext: omni.kit.widget.nucleus_connector-2.3.1] startup
[2.972s] [ext: omni.timeline-1.1.0] startup
[2.975s] [ext: omni.usd-1.16.0] startup
[3.020s] [ext: omni.graph.core-3.1.2] startup
[3.024s] [ext: omni.kit.notification_manager-1.0.11] startup
[3.026s] [ext: isaacsim.core.deprecation_manager-0.4.2] startup
[3.026s] [ext: isaacsim.replicator.agent.schema-0.1.1] startup
[3.027s] [ext: isaacsim.robot.schema-6.3.7] startup
[3.035s] [ext: isaacsim.robot_motion.schema-0.2.1] startup
[3.035s] [ext: omni.anim.behavior.schema-110.1.0] startup
[3.040s] [ext: omni.anim.graph.schema-110.1.1] startup
[3.046s] [ext: omni.anim.navigation.schema-110.1.0] startup
[3.050s] [ext: omni.behavior.tree.schema-110.1.0] startup
[3.051s] [ext: omni.kit.asset_converter-6.0.1] startup
[3.070s] [ext: omni.usd.schema.flow-110.0.0] startup
[3.071s] [ext: omni.usd.schema.mujoco-1.1.1] startup
[3.072s] [ext: omni.usd.schema.newton-1.2.1] startup
[3.073s] [ext: omni.usd.schema.omni_lens_distortion-1.0.0] startup
[3.074s] [ext: omni.usd.schema.omni_projectors-1.0.0] startup
[3.074s] [ext: omni.usd.schema.omni_sensors-0.0.0] startup
[3.084s] [ext: omni.usd.schema.omniscripting-1.0.1] startup
[3.089s] [ext: omni.usd.schema.physical_lighting-0.1.0] startup
[3.092s] [ext: omni.usd.schema.physx-110.1.13] startup
[3.127s] [ext: omni.usd.schema.render_settings.rtx-1.0.2] startup
[3.131s] [ext: omni.usd.schema.usd_particle_field-1.0.0] startup
[3.132s] [ext: isaacsim.core.version-2.1.1] startup
[3.133s] [ext: omni.kit.menu.core-1.2.0] startup
[3.133s] [ext: omni.kit.menu.utils-2.2.4] startup
[3.142s] [ext: isaacsim.app.about-2.3.1] startup
[3.148s] [ext: isaacsim.asset.transformer-1.2.5] startup
[3.151s] [ext: omni.scene.optimizer.core-110.1.0] startup
[3.218s] [ext: isaacsim.asset.importer.utils-1.8.1] startup
[3.221s] [ext: omni.convexdecomposition-110.1.13] startup
[3.224s] [ext: omni.physics-110.1.13] startup
[3.227s] [ext: omni.physx.gpu-110.1.13] startup
[3.227s] [ext: omni.physx.foundation-110.1.13] startup
[3.229s] [ext: omni.usdphysics-110.1.13] startup
[3.231s] [ext: omni.physx.cooking-110.1.13] startup
[3.234s] [ext: omni.physx-110.1.13] startup
[3.247s] [ext: omni.physics.physx-110.1.13] startup
[3.249s] [ext: isaacsim.asset.exporter.urdf-2.0.5] startup
[3.258s] [ext: omni.kit.clipboard-1.1.1] startup
[3.259s] [ext: omni.kit.usd.layers-2.6.1] startup
[3.268s] [ext: omni.kit.widget.context_menu-1.4.0] startup
[3.270s] [ext: omni.kit.context_menu-1.9.0] startup
[3.272s] [ext: omni.kit.helper.file_utils-0.1.10] startup
[3.273s] [ext: omni.kit.widget.nucleus_info-2.0.2] startup
[3.274s] [ext: omni.kit.search_core-1.0.8] startup
[3.275s] [ext: omni.kit.widget.path_field-2.0.13] startup
[3.275s] [ext: omni.kit.widget.browser_bar-2.0.10] startup
[3.276s] [ext: omni.kit.widget.filebrowser-2.13.4] startup
[3.281s] [ext: omni.kit.widget.options_menu-1.1.6] startup
[3.288s] [ext: omni.kit.widget.options_button-1.0.3] startup
[3.289s] [ext: omni.kit.widget.search_delegate-1.0.9] startup
[3.290s] [ext: omni.ui.scene-2.0.3] startup
[3.295s] [ext: omni.kit.window.filepicker-2.15.5] startup
[3.311s] [ext: omni.kit.window.file_importer-1.1.21] startup
[3.313s] [ext: omni.kit.material.library-3.1.2] startup
[3.326s] [ext: isaacsim.asset.transformer.rules-1.7.10] startup
[3.348s] [ext: omni.usdex.libs-2.2.2] startup
[3.358s] [ext: isaacsim.asset.importer.mjcf-3.10.1] startup
[3.360s] [ext: isaacsim.asset.importer.urdf-3.11.2] startup
[3.365s] [ext: omni.kit.primitive.mesh-1.1.0] startup
[3.368s] [ext: omni.kit.stage_template.core-1.1.22] startup
[3.369s] [ext: omni.kit.stage_templates-2.0.2] startup
[3.371s] [ext: omni.usd.metrics.assembler-110.1.2] startup
[3.375s] [ext: omni.warp.core-1.13.0] startup
[3.593s] [ext: isaacsim.core.experimental.utils-0.17.2] startup
[3.594s] [ext: omni.physics.stageupdate-110.1.13] startup
[3.597s] [ext: omni.physics.tensors-110.1.13] startup
[3.603s] [ext: omni.physx.tensors-110.1.13] startup
[3.608s] [ext: isaacsim.core.simulation_manager-1.15.6] startup
[3.626s] [ext: isaacsim.storage.native-1.9.3] startup
[3.627s] [ext: omni.usd.metrics.assembler.physics-110.1.13] startup
[3.629s] [ext: isaacsim.core.utils-4.1.7] startup
[3.633s] [ext: isaacsim.core.prims-0.11.7] startup
[5.072s] [ext: isaacsim.core.api-5.2.13] startup
[5.082s] [ext: isaacsim.core.cloner-1.7.3] startup
[5.084s] [ext: isaacsim.test.docstring-1.3.2] startup
[5.089s] [ext: isaacsim.core.experimental.prims-1.8.9] startup
[5.116s] [ext: isaacsim.core.experimental.primdata-0.3.2] startup
[5.119s] [ext: omni.graph.tools-1.81.0] startup
[5.146s] [ext: omni.graph-1.142.5] startup
[5.191s] [ext: isaacsim.core.experimental.actuators-0.1.2] startup
[5.212s] [ext: isaacsim.core.experimental.materials-0.7.1] startup
[5.217s] [ext: isaacsim.core.experimental.objects-0.8.1] startup
[5.290s] [ext: omni.hydra.engine.stats-1.0.5] startup
[5.294s] [ext: omni.hydra.rtx.shadercache.vulkan-1.0.0] startup
[5.296s] [ext: omni.index.libs-387500.4413.0] startup
[5.296s] [ext: omni.index-1.0.1] startup
[5.296s] [ext: omni.ujitso.client-0.0.0] startup
[5.297s] [ext: omni.usd.schema.playback-1.0.0] startup
[5.301s] [ext: omni.volume-0.5.2] startup
[5.308s] [ext: omni.hydra.rtx-1.0.4] startup
2026-08-12T16:43:28Z [5,283ms] [Warning] [omni.log] Source: omni.hydra was already registered.
[5.353s] [ext: omni.kit.hydra_texture-1.6.0] startup
[5.358s] [ext: omni.kit.raycast.query-1.2.0] startup
[5.364s] [ext: omni.kit.viewport.legacy_gizmos-1.0.24] startup
[5.368s] [ext: omni.kit.viewport.registry-104.0.6] startup
[5.369s] [ext: omni.kit.viewport.scene_camera_model-1.0.7] startup
[5.374s] [ext: omni.kit.widget.viewport-109.2.0] startup
[5.380s] [ext: omni.kit.window.drop_support-1.0.8] startup
[5.381s] [ext: omni.kit.viewport.window-109.0.2] startup
[5.402s] [ext: omni.kit.viewport.utility-2.0.1] startup
[5.404s] [ext: isaacsim.core.rendering_manager-0.4.3] startup
[5.424s] [ext: omni.graph.action_core-1.1.9] startup
[5.428s] [ext: omni.graph.action_nodes_core-2.11.0] startup
[5.431s] [ext: omni.graph.action_nodes-2.11.0] startup
[5.472s] [ext: omni.graph.action-2.10.2] startup
[5.474s] [ext: omni.graph.image.core-0.6.1] startup
[5.475s] [ext: omni.graph.image.nodes-1.3.1] startup
[5.477s] [ext: omni.graph.nodes_core-2.11.0] startup
[5.485s] [ext: omni.graph.nodes-2.12.0] startup
[5.493s] [ext: omni.kit.hotkeys.core-1.3.12] startup
[5.494s] [ext: omni.kit.property.adapter.core-1.1.1] startup
[5.497s] [ext: omni.kit.property.adapter.usd-1.0.5] startup
[5.499s] [ext: omni.kit.widget.filter-1.1.5] startup
[5.500s] [ext: omni.kit.widget.highlight_label-1.0.3] startup
[5.501s] [ext: omni.kit.widget.searchfield-1.1.8] startup
[5.503s] [ext: omni.kit.window.file_exporter-1.0.36] startup
[5.505s] [ext: omni.kit.widget.stage-4.4.0] startup
[5.515s] [ext: omni.kit.window.content_browser_registry-0.0.6] startup
[5.516s] [ext: omni.kit.window.file-2.0.10] startup
[5.520s] [ext: omni.kit.window.content_browser-3.1.8] startup
[5.533s] [ext: omni.kit.window.property-1.15.1] startup
[5.548s] [ext: omni.kit.property.usd-4.9.4] startup
[5.562s] [ext: omni.graph.scriptnode-2.10.2] startup
[5.574s] [ext: omni.kit.widget.searchable_combobox-1.0.7] startup
[5.576s] [ext: omni.kit.widget.settings-2.0.0] startup
[5.578s] [ext: omni.kit.window.preferences-1.8.3] startup
[5.585s] [ext: omni.kit.viewport.menubar.core-107.2.2] startup
[5.599s] [ext: omni.syntheticdata-0.6.15] startup
[5.643s] [ext: omni.replicator.nv-1.1.1] startup
[5.653s] [ext: omni.videoencoding-0.2.1] startup
[5.656s] [ext: omni.replicator.core-1.13.27] startup
2026-08-12T16:43:28Z [5,621ms] [Warning] [pxr.Semantics] pxr.Semantics is deprecated - please use Semantics instead
2026-08-12T16:43:28Z [5,726ms] [Warning] [omni.replicator.core.scripts.extension] No material configuration file, adding configuration to material settings directly.
[5.967s] [ext: isaacsim.core.nodes-5.10.5] startup
[6.015s] [ext: isaacsim.core.throttling-2.3.5] startup
[6.017s] [ext: omni.kit.manipulator.viewport-107.0.1] startup
[6.019s] [ext: omni.graph.visualization.nodes-2.1.4] startup
[6.039s] [ext: omni.kit.window.extensions-1.5.10] startup
[6.047s] [ext: isaacsim.gui.components-1.8.5] startup
[6.057s] [ext: isaacsim.robot.surface_gripper-3.6.2] startup
[6.074s] [ext: isaacsim.robot.manipulators-3.4.4] startup
[6.088s] [ext: isaacsim.robot_motion.lula-4.1.3] startup
[6.098s] [ext: isaacsim.robot_motion.motion_generation-8.2.9] startup
[6.107s] [ext: isaacsim.cortex.framework-1.0.18] startup
[6.109s] [ext: isaacsim.cortex.behaviors-2.0.17] startup
[6.111s] [ext: isaacsim.examples.base-1.3.2] startup
[6.114s] [ext: omni.kit.widget.zoombar-1.0.7] startup
[6.115s] [ext: omni.kit.browser.core-2.3.18] startup
[6.120s] [ext: omni.kit.browser.folder.core-2.0.2] startup
[6.125s] [ext: omni.kit.widget.stage_icons-1.0.8] startup
[6.127s] [ext: omni.kit.window.stage-2.6.1] startup
[6.132s] [ext: omni.kit.menu.stage-1.2.7] startup
[6.134s] [ext: omni.kit.usd.collect-3.0.6] startup
[6.137s] [ext: omni.kit.widget.prompt-1.0.7] startup
[6.138s] [ext: omni.kit.tool.collect-2.2.19] startup
[6.141s] [ext: isaacsim.examples.browser-0.3.2] startup
[6.144s] [ext: omni.kit.search.files-1.0.4] startup
[6.146s] [ext: omni.kit.widget.calendar-1.0.9] startup
[6.147s] [ext: omni.kit.widget.extended_searchfield-1.0.31] startup
[6.159s] [ext: omni.simready.content.browser-0.3.7] startup
[6.268s] [ext: isaacsim.gui.content_browser-0.4.3] startup
[6.271s] [ext: omni.kit.selection-0.1.6] startup
[6.273s] [ext: isaacsim.gui.menu-2.10.5] startup
[6.283s] [ext: isaacsim.gui.property-1.6.4] startup
[6.292s] [ext: omni.kit.viewport.actions-110.0.0] startup
[6.301s] [ext: omni.kit.viewport.menubar.display-107.1.3] startup
[6.304s] [ext: isaacsim.gui.sensors.icon-2.2.1] startup
[6.308s] [ext: omni.behavior.scripting.core-110.1.0] startup
[6.311s] [ext: isaacsim.replicator.behavior-1.5.4] startup
[6.313s] [ext: isaacsim.replicator.experimental.domain_randomization-1.2.5] startup
[6.334s] [ext: isaacsim.replicator.domain_randomization-1.2.2] startup
[6.429s] [ext: isaacsim.replicator.writers-1.5.4] startup
[6.461s] [ext: isaacsim.robot.experimental.wheeled_robots-0.2.11] startup
[6.489s] [ext: isaacsim.robot.policy.examples-5.2.12] startup
[6.521s] [ext: isaacsim.robot.wheeled_robots-5.2.4] startup
[6.527s] [ext: isaacsim.robot.wheeled_robots.nodes-0.1.5] startup
[6.557s] [ext: isaacsim.robot_motion.experimental.motion_generation-6.1.3] startup
[6.570s] [ext: isaacsim.robot_motion.cumotion-1.3.1] startup
[6.588s] [ext: omni.kit.numpy.common-0.1.3] startup
[6.590s] [ext: isaacsim.sensors.camera-1.7.9] startup
[6.623s] [ext: isaacsim.sensors.experimental.physics-3.0.2] startup
[6.633s] [ext: omni.sensors.net-1.0.1] startup
[6.641s] [ext: omni.sensors.nv.common-3.0.0] startup
[6.659s] [ext: omni.sensors.nv.materials-2.0.0] startup
[6.663s] [ext: omni.sensors.nv.acoustic-3.0.0] startup
[6.668s] [ext: omni.sensors.nv.ids-2.0.1] startup
[6.670s] [ext: omni.sensors.nv.lidar-3.0.0] startup
[6.676s] [ext: omni.sensors.nv.radar-3.0.0] startup
[6.680s] [ext: isaacsim.sensors.experimental.rtx-1.4.6] startup
[6.948s] [ext: isaacsim.sensors.physics.nodes-1.5.3] startup
[6.958s] [ext: isaacsim.util.debug_draw-3.2.3] startup
[6.966s] [ext: isaacsim.sensors.physx-2.5.5] startup
[6.977s] [ext: isaacsim.sensors.rtx-15.17.1] startup
[6.994s] [ext: isaacsim.simulation_app-2.18.4] startup
[6.995s] [ext: omni.anim.curve.core-1.6.0] startup
[7.009s] [ext: omni.graph.ui_nodes-2.11.1] startup
[7.065s] [ext: omni.hydra.scene_api-0.1.3] startup
[7.072s] [ext: omni.kit.manipulator.camera-110.0.0] startup
[7.077s] [ext: omni.kit.manipulator.selector-1.1.4] startup
[7.079s] [ext: omni.kit.manipulator.transform-107.0.0] startup
[7.084s] [ext: omni.kit.widget.toolbar-2.1.0] startup
[7.092s] [ext: omni.kit.manipulator.tool.snap-1.5.14] startup
[7.097s] [ext: omni.kit.viewport.manipulator.transform-107.0.4] startup
[7.100s] [ext: omni.kit.manipulator.prim.core-108.0.2] startup
[7.107s] [ext: omni.kit.manipulator.prim.usd-107.0.3] startup
[7.109s] [ext: omni.kit.manipulator.prim-108.0.0] startup
[7.109s] [ext: omni.kit.manipulator.selection-109.0.1] startup
[7.111s] [ext: omni.kit.menu.create-2.0.2] startup
[7.113s] [ext: omni.kit.property.audio-1.0.16] startup
[7.117s] [ext: omni.kit.property.camera-1.0.14] startup
[7.119s] [ext: omni.kit.property.geometry-2.1.2] startup
[7.124s] [ext: omni.kit.property.light-1.0.14] startup
2026-08-12T16:43:30Z [7,113ms] [Warning] [omni.usd] Encountered USD Warnings but USD Diagnostics are currently muted. To view USD Warnings, please set the '/persistent/app/usd/muteUsdDiagnostics' setting to false in Preferences page.
[7.262s] [ext: omni.kit.property.material-1.14.6] startup
[7.277s] [ext: omni.kit.property.render-1.2.2] startup
[7.281s] [ext: omni.kit.property.transform-1.6.9] startup
[7.290s] [ext: omni.kit.property.bundle-1.5.1] startup
[7.293s] [ext: omni.kit.usdz_export-1.1.0] startup
[7.299s] [ext: omni.kit.tool.asset_importer-6.0.1] startup
[7.311s] [ext: omni.kit.ui.actions-1.0.5] startup
[7.315s] [ext: omni.kit.viewport.menubar.camera-107.0.10] startup
[7.326s] [ext: omni.kit.viewport.menubar.lighting-107.3.2] startup
[7.332s] [ext: omni.kit.viewport.menubar.render-110.0.0] startup
[7.337s] [ext: omni.kit.viewport.menubar.settings-110.0.1] startup
[7.344s] [ext: omni.kit.window.console-1.1.9] startup
[7.353s] [ext: omni.kit.window.status_bar-0.1.11] startup
[7.359s] [ext: omni.kit.window.toolbar-3.0.3] startup
[7.364s] [ext: omni.ocio-0.1.1] startup
[7.366s] [ext: omni.physx.commands-110.1.13] startup
[7.371s] [ext: omni.replicator.replicator_yaml-2.0.12] startup
[7.387s] [ext: omni.rtx.window.settings-0.8.0] startup
[7.392s] [ext: omni.rtx.settings.core-0.7.1] startup
[7.396s] [ext: omni.usd.metrics.assembler.ui-110.1.1] startup
[7.405s] [ext: semantics.schema.editor-2.0.2] startup
[7.408s] [ext: semantics.schema.property-2.0.2] startup
[7.410s] [ext: omni.kit.menu.common-2.0.2] startup
[7.412s] [ext: isaacsim.exp.base-6.0.1] startup
[7.412s] [ext: isaacsim.exp.base.python-6.0.1] startup
[7.415s] Simulation App Starting
[10.412s] Simulation App Startup Complete
[10.414s] app ready
Starting kit application with the following args:  ['/root/autodl-tmp/isaac_sim/venv/lib/python3.12/site-packages/isaacsim/exts/isaacsim.simulation_app/isaacsim/simulation_app/simulation_app.py', '/root/autodl-tmp/isaac_sim/venv/lib/python3.12/site-packages/isaacsim/apps/isaacsim.exp.base.python.kit', '--/app/tokens/exe-path=/root/autodl-tmp/isaac_sim/venv/lib/python3.12/site-packages/isaacsim/kit', '--/persistent/app/viewport/displayOptions=3094', '--/rtx/materialDb/syncLoads=True', '--/rtx/hydra/materialSyncLoads=True', '--/omni/kit/plugin/syncUsdLoads=True', '--/app/renderer/resolution/width=1280', '--/app/renderer/resolution/height=720', '--/app/window/width=1440', '--/app/window/height=900', '--/renderer/multiGpu/enabled=True', '--/app/fastShutdown=True', '--/app/installSignalHandlers=0', '--ext-folder', '/root/autodl-tmp/isaac_sim/venv/lib/python3.12/site-packages/isaacsim/exts', '--ext-folder', '/root/autodl-tmp/isaac_sim/venv/lib/python3.12/site-packages/isaacsim/apps', '--/physics/cudaDevice=0', '--/plugins/carb.tasking.plugin/threadCount=32', '--/plugins/omni.tbb.globalcontrol/maxThreadCount=32', '--portable', '--no-window', '--/app/window/hideUi=1', '--allow-root']
Passing the following args to the base kit application:  []
Warp 1.13.0 initialized:
   CUDA Toolkit 12.9, Driver 13.0
   Devices:
     "cpu"      : "x86_64"
     "cuda:0"   : "NVIDIA GeForce RTX 5090" (31 GiB, sm_120, mempool enabled)
   Kernel cache:
     /root/autodl-tmp/cache/warp/1.13.0
{"command": "LIBERO action [0.1,0,0,0,0,0,0] -> +5 mm Isaac /World x", "frame_mapping_pass": true, "gripper_mapping_pass": true, "robot_moved": true, "controller_latency_mean_ms": 4.194861823796398, "controller_latency_p95_ms": 7.4603741057217015, "pass": true}
[11.093s] [ext: isaacsim.robot_motion.pink-0.1.3] startup
[38.056s] Simulation App Shutting Down
