WARNING: All log messages before absl::InitializeLog() is called are written to STDERR
E0000 00:00:1786529980.210161    9283 descriptor_database.cc:633] File already exists in database: grpc/health/v1/health.proto
W0000 00:00:1786529980.210189    9283 message.cc:301] Protobuf GeneratedMessageFactory: File is already registered: grpc/health/v1/health.proto
2026-08-12T10:19:40Z [Info] [carb] Logging to file: /root/autodl-tmp/isaac_sim/venv/lib/python3.12/site-packages/isaacsim/kit/logs/Kit/Isaac-Sim Python/6.0/kit_20260812_181940.log
[0.081s] [ext: omni.assets.plugins-0.0.0] startup
[0.082s] [ext: omni.blobkey-1.1.2] startup
[0.082s] [ext: omni.kit.async_engine-0.0.3] startup
[0.178s] [ext: omni.client.lib-1.1.1] startup
[0.190s] [ext: omni.client-1.3.0] startup
[0.196s] [ext: omni.protobuf.lib-1.0.0] startup
[0.197s] [ext: omni.grpc.lib-1.0.0] startup
[0.204s] [ext: omni.metrics.core-0.0.3] startup
[0.204s] [ext: omni.datastore-0.0.0] startup
[0.204s] [ext: omni.gpu_foundation.shadercache.vulkan-1.0.0] startup
[0.206s] [ext: omni.hsscclient-1.1.4] startup
[0.207s] [ext: omni.stats-1.0.1] startup
[0.208s] [ext: omni.ujitso.default-1.0.0] startup
[0.211s] [ext: omni.gpu_foundation-0.0.0] startup
[0.461s] [ext: carb.windowing.plugins-1.0.1] startup
[0.461s] [ext: omni.kit.renderer.init-1.0.1] startup
2026-08-12T10:19:40Z [487ms] [Warning] [omni.platforminfo.plugin] failed to open the default display.  Can't verify X Server version.

|---------------------------------------------------------------------------------------------|
| Driver Version: 595.71.05     | Graphics API: Vulkan
|=============================================================================================|
| GPU | Name                             | Active | LDA | GPU Memory | Vendor-ID | LUID       |
|     |                                  |        |     |            | Device-ID | UUID       |
|     |                                  |        |     |            | Bus-ID    |            |
|---------------------------------------------------------------------------------------------|
| 0   | NVIDIA RTX 6000D                 | Yes: 0 |     | 85651   MB | 10de      | 0          |
|     |                                  |        |     |            | 2bb9      | 56b1f21d.. |
|     |                                  |        |     |            | d8        |            |
|=============================================================================================|
| OS: 22.04.5 LTS (Jammy Jellyfish) ubuntu, Version: 22.04.5, Kernel: 5.15.0-78-generic
| Processor: Intel(R) Xeon(R) Platinum 8470Q
| Bare Metal Cores: 104 | Bare Metal Logical Cores: 208
| Core Usage Quota: 22
|---------------------------------------------------------------------------------------------|
| Total Memory (MB): 112640 | Free Memory: 110423
| Total Page/Swap (MB): 0 | Free Page/Swap: 0
|---------------------------------------------------------------------------------------------|
2026-08-12T10:19:41Z [1,252ms] [Warning] [omni.rtx] CPU performance profile is set to powersave. This profile sets the CPU to the lowest frequency reducing performance.
2026-08-12T10:19:41Z [1,259ms] [Warning] [omni.rtx] ECC is enabled on physical device 0
[1.547s] [ext: omni.kit.pipapi-0.0.0] startup
[1.549s] [ext: omni.kit.telemetry-0.5.2] startup
[1.554s] [ext: omni.kit.loop-isaac-1.6.0] startup
[1.579s] [ext: omni.kit.test-2.0.7] startup
[1.635s] [ext: omni.materialx.libs-1.0.9] startup
[1.642s] [ext: omni.gpucompute.plugins-0.0.0] startup
[1.643s] [ext: omni.usd.config-1.0.7] startup
[1.646s] [ext: omni.usd.libs-1.0.3] startup
[1.748s] [ext: omni.iray.libs-0.0.1] startup
[1.753s] [ext: omni.mdl-57.0.3] startup
[1.770s] [ext: omni.mdl.neuraylib-0.2.20] startup
[1.772s] [ext: omni.kit.usd.mdl-1.1.9] startup
[1.882s] [ext: omni.appwindow-1.2.2] startup
[1.888s] [ext: omni.kit.renderer.core-1.2.2] startup
2026-08-12T10:19:41Z [1,862ms] [Warning] [carb.windowing-glfw.plugin] GLFW initialization failed.
2026-08-12T10:19:41Z [1,862ms] [Warning] [carb] Failed to startup plugin carb.windowing-glfw.plugin (interfaces: [carb::windowing::IGLContext v1.0],[carb::windowing::IWindowing v1.5]) (impl: carb.windowing-glfw.plugin)
[1.922s] [ext: omni.kit.renderer.capture-2.0.1] startup
[1.924s] [ext: omni.kit.renderer.imgui-2.0.6] startup
2026-08-12T10:19:41Z [1,883ms] [Warning] [carb.windowing-glfw.plugin] GLFW initialization failed.
2026-08-12T10:19:41Z [1,883ms] [Warning] [carb] Failed to startup plugin carb.windowing-glfw.plugin (interfaces: [carb::windowing::IGLContext v1.0],[carb::windowing::IWindowing v1.5]) (impl: carb.windowing-glfw.plugin)
2026-08-12T10:19:41Z [1,884ms] [Warning] [carb.windowing-glfw.plugin] GLFW initialization failed.
2026-08-12T10:19:41Z [1,884ms] [Warning] [carb] Failed to startup plugin carb.windowing-glfw.plugin (interfaces: [carb::windowing::IGLContext v1.0],[carb::windowing::IWindowing v1.5]) (impl: carb.windowing-glfw.plugin)
[2.007s] [ext: omni.ui-3.2.0] startup
[2.016s] [ext: omni.kit.mainwindow-1.0.3] startup
[2.017s] [ext: carb.audio-0.1.0] startup
[2.044s] [ext: omni.uiaudio-1.0.0] startup
[2.045s] [ext: omni.kit.uiapp-0.0.0] startup
[2.045s] [ext: omni.usd.schema.metrics.assembler-110.1.0] startup
[2.047s] [ext: omni.usd.schema.audio-0.0.1] startup
[2.050s] [ext: omni.usd_resolver-1.0.0] startup
[2.053s] [ext: omni.usd.core-1.8.3] startup
[2.056s] [ext: omni.metropolis.schema-0.0.3] startup
[2.057s] [ext: isaacsim.anim.robot.schema-0.1.1] startup
[2.057s] [ext: omni.usd.schema.anim-0.0.1] startup
[2.074s] [ext: omni.usd.schema.geospatial-0.0.1] startup
[2.077s] [ext: omni.usd.schema.omnigraph-1.0.1] startup
[2.082s] [ext: omni.usd.schema.semantics-0.0.0] startup
[2.084s] [ext: omni.activity.core-1.0.3] startup
[2.085s] [ext: omni.cubric-0.1.0] startup
[2.085s] [ext: omni.graph.exec-0.9.6] startup
[2.085s] [ext: omni.hydra.scene_delegate-0.3.5] startup
[2.089s] [ext: usdrt.scenegraph-7.6.3] startup
[2.114s] [ext: omni.hydra.usdrt_delegate-7.5.2] startup
[2.119s] [ext: omni.inspect-1.0.2] startup
[2.121s] [ext: omni.kit.actions.core-1.0.0] startup
[2.122s] [ext: omni.kit.audiodeviceenum-1.0.2] startup
[2.123s] [ext: omni.kit.commands-1.5.0] startup
[2.126s] [ext: omni.kit.exec.core-0.13.5] startup
[2.128s] [ext: omni.kit.usd_undo-0.1.8] startup
[2.128s] [ext: omni.kit.window.popup_dialog-2.0.25] startup
[2.131s] [ext: omni.kit.widget.nucleus_connector-2.3.1] startup
[2.134s] [ext: omni.timeline-1.1.0] startup
[2.135s] [ext: omni.usd-1.16.0] startup
[2.171s] [ext: omni.graph.core-3.1.2] startup
[2.175s] [ext: omni.kit.notification_manager-1.0.11] startup
[2.177s] [ext: isaacsim.core.deprecation_manager-0.4.2] startup
[2.177s] [ext: isaacsim.replicator.agent.schema-0.1.1] startup
[2.178s] [ext: isaacsim.robot.schema-6.3.7] startup
[2.182s] [ext: isaacsim.robot_motion.schema-0.2.1] startup
[2.183s] [ext: omni.anim.behavior.schema-110.1.0] startup
[2.186s] [ext: omni.anim.graph.schema-110.1.1] startup
[2.191s] [ext: omni.anim.navigation.schema-110.1.0] startup
[2.194s] [ext: omni.behavior.tree.schema-110.1.0] startup
[2.194s] [ext: omni.kit.asset_converter-6.0.1] startup
[2.207s] [ext: omni.usd.schema.flow-110.0.0] startup
[2.207s] [ext: omni.usd.schema.mujoco-1.1.1] startup
[2.208s] [ext: omni.usd.schema.newton-1.2.1] startup
[2.208s] [ext: omni.usd.schema.omni_lens_distortion-1.0.0] startup
[2.209s] [ext: omni.usd.schema.omni_projectors-1.0.0] startup
[2.209s] [ext: omni.usd.schema.omni_sensors-0.0.0] startup
[2.216s] [ext: omni.usd.schema.omniscripting-1.0.1] startup
[2.220s] [ext: omni.usd.schema.physical_lighting-0.1.0] startup
[2.222s] [ext: omni.usd.schema.physx-110.1.13] startup
[2.249s] [ext: omni.usd.schema.render_settings.rtx-1.0.2] startup
[2.252s] [ext: omni.usd.schema.usd_particle_field-1.0.0] startup
[2.253s] [ext: isaacsim.core.version-2.1.1] startup
[2.254s] [ext: omni.kit.menu.core-1.2.0] startup
[2.254s] [ext: omni.kit.menu.utils-2.2.4] startup
[2.260s] [ext: isaacsim.app.about-2.3.1] startup
[2.265s] [ext: isaacsim.asset.transformer-1.2.5] startup
[2.268s] [ext: omni.scene.optimizer.core-110.1.0] startup
[2.320s] [ext: isaacsim.asset.importer.utils-1.8.1] startup
[2.321s] [ext: omni.convexdecomposition-110.1.13] startup
[2.324s] [ext: omni.physics-110.1.13] startup
[2.326s] [ext: omni.physx.gpu-110.1.13] startup
[2.327s] [ext: omni.physx.foundation-110.1.13] startup
[2.328s] [ext: omni.usdphysics-110.1.13] startup
[2.330s] [ext: omni.physx.cooking-110.1.13] startup
[2.332s] [ext: omni.physx-110.1.13] startup
[2.342s] [ext: omni.physics.physx-110.1.13] startup
[2.344s] [ext: isaacsim.asset.exporter.urdf-2.0.5] startup
[2.351s] [ext: omni.kit.clipboard-1.1.1] startup
[2.352s] [ext: omni.kit.usd.layers-2.6.1] startup
[2.358s] [ext: omni.kit.widget.context_menu-1.4.0] startup
[2.360s] [ext: omni.kit.context_menu-1.9.0] startup
[2.361s] [ext: omni.kit.helper.file_utils-0.1.10] startup
[2.362s] [ext: omni.kit.widget.nucleus_info-2.0.2] startup
[2.363s] [ext: omni.kit.search_core-1.0.8] startup
[2.363s] [ext: omni.kit.widget.path_field-2.0.13] startup
[2.364s] [ext: omni.kit.widget.browser_bar-2.0.10] startup
[2.364s] [ext: omni.kit.widget.filebrowser-2.13.4] startup
[2.368s] [ext: omni.kit.widget.options_menu-1.1.6] startup
[2.371s] [ext: omni.kit.widget.options_button-1.0.3] startup
[2.371s] [ext: omni.kit.widget.search_delegate-1.0.9] startup
[2.372s] [ext: omni.ui.scene-2.0.3] startup
[2.377s] [ext: omni.kit.window.filepicker-2.15.5] startup
[2.388s] [ext: omni.kit.window.file_importer-1.1.21] startup
[2.390s] [ext: omni.kit.material.library-3.1.2] startup
[2.394s] [ext: isaacsim.asset.transformer.rules-1.7.10] startup
[2.404s] [ext: omni.usdex.libs-2.2.2] startup
[2.412s] [ext: isaacsim.asset.importer.mjcf-3.10.1] startup
[2.414s] [ext: isaacsim.asset.importer.urdf-3.11.2] startup
[2.417s] [ext: omni.kit.primitive.mesh-1.1.0] startup
[2.419s] [ext: omni.kit.stage_template.core-1.1.22] startup
[2.420s] [ext: omni.kit.stage_templates-2.0.2] startup
[2.421s] [ext: omni.usd.metrics.assembler-110.1.2] startup
[2.424s] [ext: omni.warp.core-1.13.0] startup
[2.589s] [ext: isaacsim.core.experimental.utils-0.17.2] startup
[2.590s] [ext: omni.physics.stageupdate-110.1.13] startup
[2.591s] [ext: omni.physics.tensors-110.1.13] startup
[2.596s] [ext: omni.physx.tensors-110.1.13] startup
[2.599s] [ext: isaacsim.core.simulation_manager-1.15.6] startup
[2.612s] [ext: isaacsim.storage.native-1.9.3] startup
[2.614s] [ext: omni.usd.metrics.assembler.physics-110.1.13] startup
[2.615s] [ext: isaacsim.core.utils-4.1.7] startup
[2.617s] [ext: isaacsim.core.prims-0.11.7] startup
[3.829s] [ext: isaacsim.core.api-5.2.13] startup
[3.839s] [ext: isaacsim.core.cloner-1.7.3] startup
[3.841s] [ext: isaacsim.test.docstring-1.3.2] startup
[3.845s] [ext: isaacsim.core.experimental.prims-1.8.9] startup
[3.869s] [ext: isaacsim.core.experimental.primdata-0.3.2] startup
[3.872s] [ext: omni.graph.tools-1.81.0] startup
[3.895s] [ext: omni.graph-1.142.5] startup
[3.942s] [ext: isaacsim.core.experimental.actuators-0.1.2] startup
[3.962s] [ext: isaacsim.core.experimental.materials-0.7.1] startup
[3.966s] [ext: isaacsim.core.experimental.objects-0.8.1] startup
[4.029s] [ext: omni.hydra.engine.stats-1.0.5] startup
[4.032s] [ext: omni.hydra.rtx.shadercache.vulkan-1.0.0] startup
[4.033s] [ext: omni.index.libs-387500.4413.0] startup
[4.033s] [ext: omni.index-1.0.1] startup
[4.034s] [ext: omni.ujitso.client-0.0.0] startup
[4.035s] [ext: omni.usd.schema.playback-1.0.0] startup
[4.039s] [ext: omni.volume-0.5.2] startup
[4.045s] [ext: omni.hydra.rtx-1.0.4] startup
2026-08-12T10:19:44Z [4,020ms] [Warning] [omni.log] Source: omni.hydra was already registered.
[4.083s] [ext: omni.kit.hydra_texture-1.6.0] startup
[4.087s] [ext: omni.kit.raycast.query-1.2.0] startup
[4.092s] [ext: omni.kit.viewport.legacy_gizmos-1.0.24] startup
[4.095s] [ext: omni.kit.viewport.registry-104.0.6] startup
[4.095s] [ext: omni.kit.viewport.scene_camera_model-1.0.7] startup
[4.100s] [ext: omni.kit.widget.viewport-109.2.0] startup
[4.105s] [ext: omni.kit.window.drop_support-1.0.8] startup
[4.106s] [ext: omni.kit.viewport.window-109.0.2] startup
[4.126s] [ext: omni.kit.viewport.utility-2.0.1] startup
[4.127s] [ext: isaacsim.core.rendering_manager-0.4.3] startup
[4.145s] [ext: omni.graph.action_core-1.1.9] startup
[4.147s] [ext: omni.graph.action_nodes_core-2.11.0] startup
[4.150s] [ext: omni.graph.action_nodes-2.11.0] startup
[4.191s] [ext: omni.graph.action-2.10.2] startup
[4.193s] [ext: omni.graph.image.core-0.6.1] startup
[4.195s] [ext: omni.graph.image.nodes-1.3.1] startup
[4.196s] [ext: omni.graph.nodes_core-2.11.0] startup
[4.203s] [ext: omni.graph.nodes-2.12.0] startup
[4.210s] [ext: omni.kit.hotkeys.core-1.3.12] startup
[4.212s] [ext: omni.kit.property.adapter.core-1.1.1] startup
[4.215s] [ext: omni.kit.property.adapter.usd-1.0.5] startup
[4.216s] [ext: omni.kit.widget.filter-1.1.5] startup
[4.217s] [ext: omni.kit.widget.highlight_label-1.0.3] startup
[4.218s] [ext: omni.kit.widget.searchfield-1.1.8] startup
[4.220s] [ext: omni.kit.window.file_exporter-1.0.36] startup
[4.222s] [ext: omni.kit.widget.stage-4.4.0] startup
[4.231s] [ext: omni.kit.window.content_browser_registry-0.0.6] startup
[4.232s] [ext: omni.kit.window.file-2.0.10] startup
[4.236s] [ext: omni.kit.window.content_browser-3.1.8] startup
[4.249s] [ext: omni.kit.window.property-1.15.1] startup
[4.261s] [ext: omni.kit.property.usd-4.9.4] startup
[4.272s] [ext: omni.graph.scriptnode-2.10.2] startup
[4.285s] [ext: omni.kit.widget.searchable_combobox-1.0.7] startup
[4.286s] [ext: omni.kit.widget.settings-2.0.0] startup
[4.288s] [ext: omni.kit.window.preferences-1.8.3] startup
[4.297s] [ext: omni.kit.viewport.menubar.core-107.2.2] startup
[4.309s] [ext: omni.syntheticdata-0.6.15] startup
[4.348s] [ext: omni.replicator.nv-1.1.1] startup
[4.356s] [ext: omni.videoencoding-0.2.1] startup
[4.359s] [ext: omni.replicator.core-1.13.27] startup
2026-08-12T10:19:44Z [4,325ms] [Warning] [pxr.Semantics] pxr.Semantics is deprecated - please use Semantics instead
2026-08-12T10:19:44Z [4,419ms] [Warning] [omni.replicator.core.scripts.extension] No material configuration file, adding configuration to material settings directly.
[4.618s] [ext: isaacsim.core.nodes-5.10.5] startup
[4.660s] [ext: isaacsim.core.throttling-2.3.5] startup
[4.661s] [ext: omni.kit.manipulator.viewport-107.0.1] startup
[4.663s] [ext: omni.graph.visualization.nodes-2.1.4] startup
[4.680s] [ext: omni.kit.window.extensions-1.5.10] startup
[4.687s] [ext: isaacsim.gui.components-1.8.5] startup
[4.692s] [ext: isaacsim.robot.surface_gripper-3.6.2] startup
[4.706s] [ext: isaacsim.robot.manipulators-3.4.4] startup
[4.720s] [ext: isaacsim.robot_motion.lula-4.1.3] startup
[4.729s] [ext: isaacsim.robot_motion.motion_generation-8.2.9] startup
[4.736s] [ext: isaacsim.cortex.framework-1.0.18] startup
[4.738s] [ext: isaacsim.cortex.behaviors-2.0.17] startup
[4.741s] [ext: isaacsim.examples.base-1.3.2] startup
[4.743s] [ext: omni.kit.widget.zoombar-1.0.7] startup
[4.744s] [ext: omni.kit.browser.core-2.3.18] startup
[4.748s] [ext: omni.kit.browser.folder.core-2.0.2] startup
[4.753s] [ext: omni.kit.widget.stage_icons-1.0.8] startup
[4.754s] [ext: omni.kit.window.stage-2.6.1] startup
[4.759s] [ext: omni.kit.menu.stage-1.2.7] startup
[4.761s] [ext: omni.kit.usd.collect-3.0.6] startup
[4.764s] [ext: omni.kit.widget.prompt-1.0.7] startup
[4.765s] [ext: omni.kit.tool.collect-2.2.19] startup
[4.767s] [ext: isaacsim.examples.browser-0.3.2] startup
[4.770s] [ext: omni.kit.search.files-1.0.4] startup
[4.771s] [ext: omni.kit.widget.calendar-1.0.9] startup
[4.773s] [ext: omni.kit.widget.extended_searchfield-1.0.31] startup
[4.782s] [ext: omni.simready.content.browser-0.3.7] startup
[4.872s] [ext: isaacsim.gui.content_browser-0.4.3] startup
[4.875s] [ext: omni.kit.selection-0.1.6] startup
[4.876s] [ext: isaacsim.gui.menu-2.10.5] startup
[4.885s] [ext: isaacsim.gui.property-1.6.4] startup
[4.893s] [ext: omni.kit.viewport.actions-110.0.0] startup
[4.897s] [ext: omni.kit.viewport.menubar.display-107.1.3] startup
[4.899s] [ext: isaacsim.gui.sensors.icon-2.2.1] startup
[4.902s] [ext: omni.behavior.scripting.core-110.1.0] startup
[4.906s] [ext: isaacsim.replicator.behavior-1.5.4] startup
[4.907s] [ext: isaacsim.replicator.experimental.domain_randomization-1.2.5] startup
[4.927s] [ext: isaacsim.replicator.domain_randomization-1.2.2] startup
[5.006s] [ext: isaacsim.replicator.writers-1.5.4] startup
[5.034s] [ext: isaacsim.robot.experimental.wheeled_robots-0.2.11] startup
[5.057s] [ext: isaacsim.robot.policy.examples-5.2.12] startup
[5.080s] [ext: isaacsim.robot.wheeled_robots-5.2.4] startup
[5.085s] [ext: isaacsim.robot.wheeled_robots.nodes-0.1.5] startup
[5.113s] [ext: isaacsim.robot_motion.experimental.motion_generation-6.1.3] startup
[5.124s] [ext: isaacsim.robot_motion.cumotion-1.3.1] startup
[5.138s] [ext: omni.kit.numpy.common-0.1.3] startup
[5.140s] [ext: isaacsim.sensors.camera-1.7.9] startup
[5.168s] [ext: isaacsim.sensors.experimental.physics-3.0.2] startup
[5.177s] [ext: omni.sensors.net-1.0.1] startup
[5.184s] [ext: omni.sensors.nv.common-3.0.0] startup
[5.201s] [ext: omni.sensors.nv.materials-2.0.0] startup
[5.205s] [ext: omni.sensors.nv.acoustic-3.0.0] startup
[5.209s] [ext: omni.sensors.nv.ids-2.0.1] startup
[5.211s] [ext: omni.sensors.nv.lidar-3.0.0] startup
[5.216s] [ext: omni.sensors.nv.radar-3.0.0] startup
[5.219s] [ext: isaacsim.sensors.experimental.rtx-1.4.6] startup
[5.432s] [ext: isaacsim.sensors.physics.nodes-1.5.3] startup
[5.441s] [ext: isaacsim.util.debug_draw-3.2.3] startup
[5.447s] [ext: isaacsim.sensors.physx-2.5.5] startup
[5.456s] [ext: isaacsim.sensors.rtx-15.17.1] startup
[5.470s] [ext: isaacsim.simulation_app-2.18.4] startup
[5.471s] [ext: omni.anim.curve.core-1.6.0] startup
[5.483s] [ext: omni.graph.ui_nodes-2.11.1] startup
[5.520s] [ext: omni.hydra.scene_api-0.1.3] startup
[5.525s] [ext: omni.kit.manipulator.camera-110.0.0] startup
[5.529s] [ext: omni.kit.manipulator.selector-1.1.4] startup
[5.531s] [ext: omni.kit.manipulator.transform-107.0.0] startup
[5.535s] [ext: omni.kit.widget.toolbar-2.1.0] startup
[5.542s] [ext: omni.kit.manipulator.tool.snap-1.5.14] startup
[5.546s] [ext: omni.kit.viewport.manipulator.transform-107.0.4] startup
[5.548s] [ext: omni.kit.manipulator.prim.core-108.0.2] startup
[5.555s] [ext: omni.kit.manipulator.prim.usd-107.0.3] startup
[5.556s] [ext: omni.kit.manipulator.prim-108.0.0] startup
[5.557s] [ext: omni.kit.manipulator.selection-109.0.1] startup
[5.558s] [ext: omni.kit.menu.create-2.0.2] startup
[5.560s] [ext: omni.kit.property.audio-1.0.16] startup
[5.564s] [ext: omni.kit.property.camera-1.0.14] startup
[5.566s] [ext: omni.kit.property.geometry-2.1.2] startup
[5.570s] [ext: omni.kit.property.light-1.0.14] startup
2026-08-12T10:19:45Z [5,559ms] [Warning] [omni.usd] Encountered USD Warnings but USD Diagnostics are currently muted. To view USD Warnings, please set the '/persistent/app/usd/muteUsdDiagnostics' setting to false in Preferences page.
[5.653s] [ext: omni.kit.property.material-1.14.6] startup
[5.659s] [ext: omni.kit.property.render-1.2.2] startup
[5.661s] [ext: omni.kit.property.transform-1.6.9] startup
[5.665s] [ext: omni.kit.property.bundle-1.5.1] startup
[5.666s] [ext: omni.kit.usdz_export-1.1.0] startup
[5.669s] [ext: omni.kit.tool.asset_importer-6.0.1] startup
[5.675s] [ext: omni.kit.ui.actions-1.0.5] startup
[5.677s] [ext: omni.kit.viewport.menubar.camera-107.0.10] startup
[5.682s] [ext: omni.kit.viewport.menubar.lighting-107.3.2] startup
[5.685s] [ext: omni.kit.viewport.menubar.render-110.0.0] startup
[5.688s] [ext: omni.kit.viewport.menubar.settings-110.0.1] startup
[5.692s] [ext: omni.kit.window.console-1.1.9] startup
[5.696s] [ext: omni.kit.window.status_bar-0.1.11] startup
[5.699s] [ext: omni.kit.window.toolbar-3.0.3] startup
[5.702s] [ext: omni.ocio-0.1.1] startup
[5.703s] [ext: omni.physx.commands-110.1.13] startup
[5.706s] [ext: omni.replicator.replicator_yaml-2.0.12] startup
[5.719s] [ext: omni.rtx.window.settings-0.8.0] startup
[5.724s] [ext: omni.rtx.settings.core-0.7.1] startup
[5.727s] [ext: omni.usd.metrics.assembler.ui-110.1.1] startup
[5.735s] [ext: semantics.schema.editor-2.0.2] startup
[5.738s] [ext: semantics.schema.property-2.0.2] startup
[5.739s] [ext: omni.kit.menu.common-2.0.2] startup
[5.741s] [ext: isaacsim.exp.base-6.0.1] startup
[5.741s] [ext: isaacsim.exp.base.python-6.0.1] startup
[5.744s] Simulation App Starting
[7.509s] Simulation App Startup Complete
[7.520s] app ready
Starting kit application with the following args:  ['/root/autodl-tmp/isaac_sim/venv/lib/python3.12/site-packages/isaacsim/exts/isaacsim.simulation_app/isaacsim/simulation_app/simulation_app.py', '/root/autodl-tmp/isaac_sim/venv/lib/python3.12/site-packages/isaacsim/apps/isaacsim.exp.base.python.kit', '--/app/tokens/exe-path=/root/autodl-tmp/isaac_sim/venv/lib/python3.12/site-packages/isaacsim/kit', '--/persistent/app/viewport/displayOptions=3094', '--/rtx/materialDb/syncLoads=True', '--/rtx/hydra/materialSyncLoads=True', '--/omni/kit/plugin/syncUsdLoads=True', '--/app/renderer/resolution/width=1280', '--/app/renderer/resolution/height=720', '--/app/window/width=1440', '--/app/window/height=900', '--/renderer/multiGpu/enabled=True', '--/app/fastShutdown=True', '--/app/installSignalHandlers=0', '--ext-folder', '/root/autodl-tmp/isaac_sim/venv/lib/python3.12/site-packages/isaacsim/exts', '--ext-folder', '/root/autodl-tmp/isaac_sim/venv/lib/python3.12/site-packages/isaacsim/apps', '--/physics/cudaDevice=0', '--/plugins/carb.tasking.plugin/threadCount=32', '--/plugins/omni.tbb.globalcontrol/maxThreadCount=32', '--portable', '--no-window', '--/app/window/hideUi=1', '--allow-root']
Passing the following args to the base kit application:  []
Warp 1.13.0 initialized:
   CUDA Toolkit 12.9, Driver 13.2
   Devices:
     "cpu"      : "x86_64"
     "cuda:0"   : "NVIDIA RTX 6000D" (83 GiB, sm_120, mempool enabled)
   Kernel cache:
     /root/autodl-tmp/isaac_cache/xdg/warp/1.13.0
Module isaacsim.core.experimental.utils.impl.transform acc9678 load on device 'cpu' took 1.69 ms  (cached)
ISAAC_READY=/root/autodl-tmp/VLA-Intern-Sprint/results/phase2_step2/isaac_ready.json
[8.039s] [ext: isaacsim.sensors.rtx.nodes-0.1.2] startup
[8.053s] [ext: isaacsim.ros2.core-1.9.4] startup
[8.078s] Attempting to load system rclpy
[8.104s] Could not import system rclpy: No module named 'rclpy._rclpy_pybind11'
The C extension '/opt/ros/humble/lib/python3.10/site-packages/_rclpy_pybind11.cpython-312-x86_64-linux-gnu.so' isn't present on the system. Please refer to 'https://docs.ros.org/en/humble/Guides/Installation-Troubleshooting.html#import-failing-without-library-present-on-the-system' for possible solutions
[8.104s] Attempting to load internal rclpy for ROS Distro: humble
[8.105s] Could not import internal rclpy: No module named 'rclpy._rclpy_pybind11'
The C extension '/opt/ros/humble/lib/python3.10/site-packages/_rclpy_pybind11.cpython-312-x86_64-linux-gnu.so' isn't present on the system. Please refer to 'https://docs.ros.org/en/humble/Guides/Installation-Troubleshooting.html#import-failing-without-library-present-on-the-system' for possible solutions
[8.105s] To use the internal libraries included with the extension please set the following environment variables to use with FastDDS (default) or CycloneDDS before starting Isaac Sim:

FastDDS (default):
export ROS_DISTRO=humble
export RMW_IMPLEMENTATION=rmw_fastrtps_cpp
export LD_LIBRARY_PATH=$LD_LIBRARY_PATH:/humble/lib

OR

CycloneDDS:
export ROS_DISTRO=humble
export RMW_IMPLEMENTATION=rmw_cyclonedds_cpp
export LD_LIBRARY_PATH=$LD_LIBRARY_PATH:/humble/lib


2026-08-12T10:19:48Z [8,061ms] [Warning] [humble.rclpy] Could not import rclpy
[8.109s] [ext: isaacsim.ros2.nodes-1.18.13] startup
[8.172s] [ext: isaacsim.ros2.examples-1.2.4] startup
[8.178s] [ext: isaacsim.ros2.ui-1.6.5] startup
[8.416s] [ext: isaacsim.ros2.bridge-5.1.2] startup
2026-08-12T10:19:55Z [14,952ms] [Warning] [isaacsim.ros2.nodes] [ROS2 Publish Joint State] Reading from targetPrim is deprecated. Connect an Isaac Read Joint State node and use its outputs instead.
2026-08-12T10:19:55Z [15,052ms] [Warning] [omni.rtx] DLSS increasing input dimensions: Render resolution of (128, 128) is below minimal input resolution of 300.
2026-08-12T10:19:55Z [15,193ms] [Warning] [omni.timeline.plugin] Deprecated: direct use of ITimeline callbacks is deprecated. Use ITimeline::getTimeline (Python: omni.timeline.get_timeline_interface) instead.
[18.659s] Simulation App Shutting Down
