WARNING: All log messages before absl::InitializeLog() is called are written to STDERR
E0000 00:00:1786561410.669612   33690 descriptor_database.cc:633] File already exists in database: grpc/health/v1/health.proto
W0000 00:00:1786561410.669651   33690 message.cc:301] Protobuf GeneratedMessageFactory: File is already registered: grpc/health/v1/health.proto
2026-08-12T19:03:30Z [Info] [carb] Logging to file: /root/autodl-tmp/isaac_sim/venv/lib/python3.12/site-packages/isaacsim/kit/logs/Kit/Isaac-Sim Python/6.0/kit_20260813_030330.log
[0.085s] [ext: omni.assets.plugins-0.0.0] startup
[0.086s] [ext: omni.blobkey-1.1.2] startup
[0.086s] [ext: omni.kit.async_engine-0.0.3] startup
[0.204s] [ext: omni.client.lib-1.1.1] startup
[0.220s] [ext: omni.client-1.3.0] startup
[0.226s] [ext: omni.protobuf.lib-1.0.0] startup
[0.227s] [ext: omni.grpc.lib-1.0.0] startup
[0.233s] [ext: omni.metrics.core-0.0.3] startup
[0.234s] [ext: omni.datastore-0.0.0] startup
[0.235s] [ext: omni.gpu_foundation.shadercache.vulkan-1.0.0] startup
[0.237s] [ext: omni.hsscclient-1.1.4] startup
[0.238s] [ext: omni.stats-1.0.1] startup
[0.239s] [ext: omni.ujitso.default-1.0.0] startup
[0.243s] [ext: omni.gpu_foundation-0.0.0] startup
[0.550s] [ext: carb.windowing.plugins-1.0.1] startup
[0.551s] [ext: omni.kit.renderer.init-1.0.1] startup
2026-08-12T19:03:31Z [630ms] [Warning] [omni.platforminfo.plugin] failed to open the default display.  Can't verify X Server version.

|---------------------------------------------------------------------------------------------|
| Driver Version: 580.105.08    | Graphics API: Vulkan
|=============================================================================================|
| GPU | Name                             | Active | LDA | GPU Memory | Vendor-ID | LUID       |
|     |                                  |        |     |            | Device-ID | UUID       |
|     |                                  |        |     |            | Bus-ID    |            |
|---------------------------------------------------------------------------------------------|
| 0   | NVIDIA GeForce RTX 5090          | Yes: 0 |     | 32853   MB | 10de      | 0          |
|     |                                  |        |     |            | 2b85      | 105e4e5f.. |
|     |                                  |        |     |            | 49        |            |
|=============================================================================================|
| OS: 22.04.5 LTS (Jammy Jellyfish) ubuntu, Version: 22.04.5, Kernel: 5.15.0-78-generic
| Processor: Intel(R) Xeon(R) Platinum 8470Q
| Bare Metal Cores: 104 | Bare Metal Logical Cores: 208
| Core Usage Quota: 25
|---------------------------------------------------------------------------------------------|
| Total Memory (MB): 92160 | Free Memory: 75953
| Total Page/Swap (MB): 0 | Free Page/Swap: 0
|---------------------------------------------------------------------------------------------|
[1.788s] [ext: omni.kit.pipapi-0.0.0] startup
[1.789s] [ext: omni.kit.telemetry-0.5.2] startup
[1.840s] [ext: omni.kit.loop-isaac-1.6.0] startup
[1.843s] [ext: omni.kit.test-2.0.7] startup
[1.903s] [ext: omni.materialx.libs-1.0.9] startup
[1.912s] [ext: omni.gpucompute.plugins-0.0.0] startup
[1.913s] [ext: omni.usd.config-1.0.7] startup
[1.916s] [ext: omni.usd.libs-1.0.3] startup
[2.028s] [ext: omni.iray.libs-0.0.1] startup
[2.035s] [ext: omni.mdl-57.0.3] startup
[2.058s] [ext: omni.mdl.neuraylib-0.2.20] startup
[2.061s] [ext: omni.kit.usd.mdl-1.1.9] startup
[2.193s] [ext: omni.appwindow-1.2.2] startup
[2.196s] [ext: omni.kit.renderer.core-1.2.2] startup
2026-08-12T19:03:32Z [2,163ms] [Warning] [carb.windowing-glfw.plugin] GLFW initialization failed.
2026-08-12T19:03:32Z [2,163ms] [Warning] [carb] Failed to startup plugin carb.windowing-glfw.plugin (interfaces: [carb::windowing::IGLContext v1.0],[carb::windowing::IWindowing v1.5]) (impl: carb.windowing-glfw.plugin)
[2.232s] [ext: omni.kit.renderer.capture-2.0.1] startup
[2.235s] [ext: omni.kit.renderer.imgui-2.0.6] startup
2026-08-12T19:03:32Z [2,189ms] [Warning] [carb.windowing-glfw.plugin] GLFW initialization failed.
2026-08-12T19:03:32Z [2,189ms] [Warning] [carb] Failed to startup plugin carb.windowing-glfw.plugin (interfaces: [carb::windowing::IGLContext v1.0],[carb::windowing::IWindowing v1.5]) (impl: carb.windowing-glfw.plugin)
2026-08-12T19:03:32Z [2,191ms] [Warning] [carb.windowing-glfw.plugin] GLFW initialization failed.
2026-08-12T19:03:32Z [2,191ms] [Warning] [carb] Failed to startup plugin carb.windowing-glfw.plugin (interfaces: [carb::windowing::IGLContext v1.0],[carb::windowing::IWindowing v1.5]) (impl: carb.windowing-glfw.plugin)
[2.319s] [ext: omni.ui-3.2.0] startup
[2.331s] [ext: omni.kit.mainwindow-1.0.3] startup
[2.332s] [ext: carb.audio-0.1.0] startup
[2.338s] [ext: omni.uiaudio-1.0.0] startup
[2.339s] [ext: omni.kit.uiapp-0.0.0] startup
[2.339s] [ext: omni.usd.schema.metrics.assembler-110.1.0] startup
[2.342s] [ext: omni.usd.schema.audio-0.0.1] startup
[2.345s] [ext: omni.usd_resolver-1.0.0] startup
[2.349s] [ext: omni.usd.core-1.8.3] startup
[2.353s] [ext: omni.metropolis.schema-0.0.3] startup
[2.354s] [ext: isaacsim.anim.robot.schema-0.1.1] startup
[2.355s] [ext: omni.usd.schema.anim-0.0.1] startup
[2.376s] [ext: omni.usd.schema.geospatial-0.0.1] startup
[2.379s] [ext: omni.usd.schema.omnigraph-1.0.1] startup
[2.385s] [ext: omni.usd.schema.semantics-0.0.0] startup
[2.388s] [ext: omni.activity.core-1.0.3] startup
[2.389s] [ext: omni.cubric-0.1.0] startup
[2.389s] [ext: omni.graph.exec-0.9.6] startup
[2.390s] [ext: omni.hydra.scene_delegate-0.3.5] startup
[2.394s] [ext: usdrt.scenegraph-7.6.3] startup
[2.425s] [ext: omni.hydra.usdrt_delegate-7.5.2] startup
[2.432s] [ext: omni.inspect-1.0.2] startup
[2.434s] [ext: omni.kit.actions.core-1.0.0] startup
[2.436s] [ext: omni.kit.audiodeviceenum-1.0.2] startup
[2.438s] [ext: omni.kit.commands-1.5.0] startup
[2.441s] [ext: omni.kit.exec.core-0.13.5] startup
[2.443s] [ext: omni.kit.usd_undo-0.1.8] startup
[2.443s] [ext: omni.kit.window.popup_dialog-2.0.25] startup
[2.447s] [ext: omni.kit.widget.nucleus_connector-2.3.1] startup
[2.451s] [ext: omni.timeline-1.1.0] startup
[2.453s] [ext: omni.usd-1.16.0] startup
[2.498s] [ext: omni.graph.core-3.1.2] startup
[2.502s] [ext: omni.kit.notification_manager-1.0.11] startup
[2.503s] [ext: isaacsim.core.deprecation_manager-0.4.2] startup
[2.504s] [ext: isaacsim.replicator.agent.schema-0.1.1] startup
[2.505s] [ext: isaacsim.robot.schema-6.3.7] startup
[2.511s] [ext: isaacsim.robot_motion.schema-0.2.1] startup
[2.512s] [ext: omni.anim.behavior.schema-110.1.0] startup
[2.516s] [ext: omni.anim.graph.schema-110.1.1] startup
[2.522s] [ext: omni.anim.navigation.schema-110.1.0] startup
[2.526s] [ext: omni.behavior.tree.schema-110.1.0] startup
[2.527s] [ext: omni.kit.asset_converter-6.0.1] startup
[2.543s] [ext: omni.usd.schema.flow-110.0.0] startup
[2.543s] [ext: omni.usd.schema.mujoco-1.1.1] startup
[2.544s] [ext: omni.usd.schema.newton-1.2.1] startup
[2.545s] [ext: omni.usd.schema.omni_lens_distortion-1.0.0] startup
[2.545s] [ext: omni.usd.schema.omni_projectors-1.0.0] startup
[2.546s] [ext: omni.usd.schema.omni_sensors-0.0.0] startup
[2.554s] [ext: omni.usd.schema.omniscripting-1.0.1] startup
[2.559s] [ext: omni.usd.schema.physical_lighting-0.1.0] startup
[2.562s] [ext: omni.usd.schema.physx-110.1.13] startup
[2.597s] [ext: omni.usd.schema.render_settings.rtx-1.0.2] startup
[2.601s] [ext: omni.usd.schema.usd_particle_field-1.0.0] startup
[2.602s] [ext: isaacsim.core.version-2.1.1] startup
[2.602s] [ext: omni.kit.menu.core-1.2.0] startup
[2.603s] [ext: omni.kit.menu.utils-2.2.4] startup
[2.611s] [ext: isaacsim.app.about-2.3.1] startup
[2.617s] [ext: isaacsim.asset.transformer-1.2.5] startup
[2.620s] [ext: omni.scene.optimizer.core-110.1.0] startup
[2.686s] [ext: isaacsim.asset.importer.utils-1.8.1] startup
[2.688s] [ext: omni.convexdecomposition-110.1.13] startup
[2.691s] [ext: omni.physics-110.1.13] startup
[2.695s] [ext: omni.physx.gpu-110.1.13] startup
[2.695s] [ext: omni.physx.foundation-110.1.13] startup
[2.697s] [ext: omni.usdphysics-110.1.13] startup
[2.699s] [ext: omni.physx.cooking-110.1.13] startup
[2.702s] [ext: omni.physx-110.1.13] startup
[2.714s] [ext: omni.physics.physx-110.1.13] startup
[2.716s] [ext: isaacsim.asset.exporter.urdf-2.0.5] startup
[2.725s] [ext: omni.kit.clipboard-1.1.1] startup
[2.726s] [ext: omni.kit.usd.layers-2.6.1] startup
[2.735s] [ext: omni.kit.widget.context_menu-1.4.0] startup
[2.737s] [ext: omni.kit.context_menu-1.9.0] startup
[2.738s] [ext: omni.kit.helper.file_utils-0.1.10] startup
[2.740s] [ext: omni.kit.widget.nucleus_info-2.0.2] startup
[2.740s] [ext: omni.kit.search_core-1.0.8] startup
[2.741s] [ext: omni.kit.widget.path_field-2.0.13] startup
[2.742s] [ext: omni.kit.widget.browser_bar-2.0.10] startup
[2.743s] [ext: omni.kit.widget.filebrowser-2.13.4] startup
[2.748s] [ext: omni.kit.widget.options_menu-1.1.6] startup
[2.751s] [ext: omni.kit.widget.options_button-1.0.3] startup
[2.751s] [ext: omni.kit.widget.search_delegate-1.0.9] startup
[2.752s] [ext: omni.ui.scene-2.0.3] startup
[2.758s] [ext: omni.kit.window.filepicker-2.15.5] startup
[2.773s] [ext: omni.kit.window.file_importer-1.1.21] startup
[2.775s] [ext: omni.kit.material.library-3.1.2] startup
[2.782s] [ext: isaacsim.asset.transformer.rules-1.7.10] startup
[2.794s] [ext: omni.usdex.libs-2.2.2] startup
[2.805s] [ext: isaacsim.asset.importer.mjcf-3.10.1] startup
[2.807s] [ext: isaacsim.asset.importer.urdf-3.11.2] startup
[2.811s] [ext: omni.kit.primitive.mesh-1.1.0] startup
[2.814s] [ext: omni.kit.stage_template.core-1.1.22] startup
[2.815s] [ext: omni.kit.stage_templates-2.0.2] startup
[2.817s] [ext: omni.usd.metrics.assembler-110.1.2] startup
[2.820s] [ext: omni.warp.core-1.13.0] startup
[3.024s] [ext: isaacsim.core.experimental.utils-0.17.2] startup
[3.025s] [ext: omni.physics.stageupdate-110.1.13] startup
[3.027s] [ext: omni.physics.tensors-110.1.13] startup
[3.033s] [ext: omni.physx.tensors-110.1.13] startup
[3.037s] [ext: isaacsim.core.simulation_manager-1.15.6] startup
[3.054s] [ext: isaacsim.storage.native-1.9.3] startup
[3.055s] [ext: omni.usd.metrics.assembler.physics-110.1.13] startup
[3.057s] [ext: isaacsim.core.utils-4.1.7] startup
[3.060s] [ext: isaacsim.core.prims-0.11.7] startup
[4.476s] [ext: isaacsim.core.api-5.2.13] startup
[4.486s] [ext: isaacsim.core.cloner-1.7.3] startup
[4.488s] [ext: isaacsim.test.docstring-1.3.2] startup
[4.493s] [ext: isaacsim.core.experimental.prims-1.8.9] startup
[4.519s] [ext: isaacsim.core.experimental.primdata-0.3.2] startup
[4.521s] [ext: omni.graph.tools-1.81.0] startup
[4.547s] [ext: omni.graph-1.142.5] startup
[4.594s] [ext: isaacsim.core.experimental.actuators-0.1.2] startup
[4.617s] [ext: isaacsim.core.experimental.materials-0.7.1] startup
[4.621s] [ext: isaacsim.core.experimental.objects-0.8.1] startup
[4.692s] [ext: omni.hydra.engine.stats-1.0.5] startup
[4.697s] [ext: omni.hydra.rtx.shadercache.vulkan-1.0.0] startup
[4.699s] [ext: omni.index.libs-387500.4413.0] startup
[4.699s] [ext: omni.index-1.0.1] startup
[4.699s] [ext: omni.ujitso.client-0.0.0] startup
[4.700s] [ext: omni.usd.schema.playback-1.0.0] startup
[4.704s] [ext: omni.volume-0.5.2] startup
[4.711s] [ext: omni.hydra.rtx-1.0.4] startup
2026-08-12T19:03:35Z [4,685ms] [Warning] [omni.log] Source: omni.hydra was already registered.
[4.756s] [ext: omni.kit.hydra_texture-1.6.0] startup
[4.761s] [ext: omni.kit.raycast.query-1.2.0] startup
[4.767s] [ext: omni.kit.viewport.legacy_gizmos-1.0.24] startup
[4.770s] [ext: omni.kit.viewport.registry-104.0.6] startup
[4.771s] [ext: omni.kit.viewport.scene_camera_model-1.0.7] startup
[4.777s] [ext: omni.kit.widget.viewport-109.2.0] startup
[4.782s] [ext: omni.kit.window.drop_support-1.0.8] startup
[4.783s] [ext: omni.kit.viewport.window-109.0.2] startup
[4.803s] [ext: omni.kit.viewport.utility-2.0.1] startup
[4.806s] [ext: isaacsim.core.rendering_manager-0.4.3] startup
[4.827s] [ext: omni.graph.action_core-1.1.9] startup
[4.830s] [ext: omni.graph.action_nodes_core-2.11.0] startup
[4.833s] [ext: omni.graph.action_nodes-2.11.0] startup
[4.873s] [ext: omni.graph.action-2.10.2] startup
[4.876s] [ext: omni.graph.image.core-0.6.1] startup
[4.878s] [ext: omni.graph.image.nodes-1.3.1] startup
[4.879s] [ext: omni.graph.nodes_core-2.11.0] startup
[4.892s] [ext: omni.graph.nodes-2.12.0] startup
[4.904s] [ext: omni.kit.hotkeys.core-1.3.12] startup
[4.906s] [ext: omni.kit.property.adapter.core-1.1.1] startup
[4.910s] [ext: omni.kit.property.adapter.usd-1.0.5] startup
[4.913s] [ext: omni.kit.widget.filter-1.1.5] startup
[4.914s] [ext: omni.kit.widget.highlight_label-1.0.3] startup
[4.916s] [ext: omni.kit.widget.searchfield-1.1.8] startup
[4.918s] [ext: omni.kit.window.file_exporter-1.0.36] startup
[4.919s] [ext: omni.kit.widget.stage-4.4.0] startup
[4.930s] [ext: omni.kit.window.content_browser_registry-0.0.6] startup
[4.931s] [ext: omni.kit.window.file-2.0.10] startup
[4.935s] [ext: omni.kit.window.content_browser-3.1.8] startup
[4.948s] [ext: omni.kit.window.property-1.15.1] startup
[4.961s] [ext: omni.kit.property.usd-4.9.4] startup
[4.974s] [ext: omni.graph.scriptnode-2.10.2] startup
[4.986s] [ext: omni.kit.widget.searchable_combobox-1.0.7] startup
[4.987s] [ext: omni.kit.widget.settings-2.0.0] startup
[4.990s] [ext: omni.kit.window.preferences-1.8.3] startup
[4.996s] [ext: omni.kit.viewport.menubar.core-107.2.2] startup
[5.009s] [ext: omni.syntheticdata-0.6.15] startup
[5.049s] [ext: omni.replicator.nv-1.1.1] startup
[5.058s] [ext: omni.videoencoding-0.2.1] startup
[5.061s] [ext: omni.replicator.core-1.13.27] startup
2026-08-12T19:03:35Z [5,023ms] [Warning] [pxr.Semantics] pxr.Semantics is deprecated - please use Semantics instead
2026-08-12T19:03:35Z [5,118ms] [Warning] [omni.replicator.core.scripts.extension] No material configuration file, adding configuration to material settings directly.
[5.330s] [ext: isaacsim.core.nodes-5.10.5] startup
[5.371s] [ext: isaacsim.core.throttling-2.3.5] startup
[5.373s] [ext: omni.kit.manipulator.viewport-107.0.1] startup
[5.374s] [ext: omni.graph.visualization.nodes-2.1.4] startup
[5.391s] [ext: omni.kit.window.extensions-1.5.10] startup
[5.397s] [ext: isaacsim.gui.components-1.8.5] startup
[5.403s] [ext: isaacsim.robot.surface_gripper-3.6.2] startup
[5.417s] [ext: isaacsim.robot.manipulators-3.4.4] startup
[5.430s] [ext: isaacsim.robot_motion.lula-4.1.3] startup
[5.439s] [ext: isaacsim.robot_motion.motion_generation-8.2.9] startup
[5.447s] [ext: isaacsim.cortex.framework-1.0.18] startup
[5.449s] [ext: isaacsim.cortex.behaviors-2.0.17] startup
[5.451s] [ext: isaacsim.examples.base-1.3.2] startup
[5.454s] [ext: omni.kit.widget.zoombar-1.0.7] startup
[5.455s] [ext: omni.kit.browser.core-2.3.18] startup
[5.460s] [ext: omni.kit.browser.folder.core-2.0.2] startup
[5.465s] [ext: omni.kit.widget.stage_icons-1.0.8] startup
[5.466s] [ext: omni.kit.window.stage-2.6.1] startup
[5.471s] [ext: omni.kit.menu.stage-1.2.7] startup
[5.473s] [ext: omni.kit.usd.collect-3.0.6] startup
[5.476s] [ext: omni.kit.widget.prompt-1.0.7] startup
[5.477s] [ext: omni.kit.tool.collect-2.2.19] startup
[5.480s] [ext: isaacsim.examples.browser-0.3.2] startup
[5.483s] [ext: omni.kit.search.files-1.0.4] startup
[5.484s] [ext: omni.kit.widget.calendar-1.0.9] startup
[5.486s] [ext: omni.kit.widget.extended_searchfield-1.0.31] startup
[5.496s] [ext: omni.simready.content.browser-0.3.7] startup
[5.598s] [ext: isaacsim.gui.content_browser-0.4.3] startup
[5.601s] [ext: omni.kit.selection-0.1.6] startup
[5.603s] [ext: isaacsim.gui.menu-2.10.5] startup
[5.613s] [ext: isaacsim.gui.property-1.6.4] startup
[5.621s] [ext: omni.kit.viewport.actions-110.0.0] startup
[5.626s] [ext: omni.kit.viewport.menubar.display-107.1.3] startup
[5.629s] [ext: isaacsim.gui.sensors.icon-2.2.1] startup
[5.632s] [ext: omni.behavior.scripting.core-110.1.0] startup
[5.636s] [ext: isaacsim.replicator.behavior-1.5.4] startup
[5.637s] [ext: isaacsim.replicator.experimental.domain_randomization-1.2.5] startup
[5.658s] [ext: isaacsim.replicator.domain_randomization-1.2.2] startup
[5.750s] [ext: isaacsim.replicator.writers-1.5.4] startup
[5.778s] [ext: isaacsim.robot.experimental.wheeled_robots-0.2.11] startup
[5.804s] [ext: isaacsim.robot.policy.examples-5.2.12] startup
[5.829s] [ext: isaacsim.robot.wheeled_robots-5.2.4] startup
[5.834s] [ext: isaacsim.robot.wheeled_robots.nodes-0.1.5] startup
[5.860s] [ext: isaacsim.robot_motion.experimental.motion_generation-6.1.3] startup
[5.873s] [ext: isaacsim.robot_motion.cumotion-1.3.1] startup
[5.889s] [ext: omni.kit.numpy.common-0.1.3] startup
[5.891s] [ext: isaacsim.sensors.camera-1.7.9] startup
[5.926s] [ext: isaacsim.sensors.experimental.physics-3.0.2] startup
[5.936s] [ext: omni.sensors.net-1.0.1] startup
[5.943s] [ext: omni.sensors.nv.common-3.0.0] startup
[5.960s] [ext: omni.sensors.nv.materials-2.0.0] startup
[5.964s] [ext: omni.sensors.nv.acoustic-3.0.0] startup
[5.968s] [ext: omni.sensors.nv.ids-2.0.1] startup
[5.971s] [ext: omni.sensors.nv.lidar-3.0.0] startup
[5.976s] [ext: omni.sensors.nv.radar-3.0.0] startup
[5.980s] [ext: isaacsim.sensors.experimental.rtx-1.4.6] startup
[6.231s] [ext: isaacsim.sensors.physics.nodes-1.5.3] startup
[6.240s] [ext: isaacsim.util.debug_draw-3.2.3] startup
[6.248s] [ext: isaacsim.sensors.physx-2.5.5] startup
[6.259s] [ext: isaacsim.sensors.rtx-15.17.1] startup
[6.275s] [ext: isaacsim.simulation_app-2.18.4] startup
[6.275s] [ext: omni.anim.curve.core-1.6.0] startup
[6.288s] [ext: omni.graph.ui_nodes-2.11.1] startup
[6.337s] [ext: omni.hydra.scene_api-0.1.3] startup
[6.343s] [ext: omni.kit.manipulator.camera-110.0.0] startup
[6.347s] [ext: omni.kit.manipulator.selector-1.1.4] startup
[6.349s] [ext: omni.kit.manipulator.transform-107.0.0] startup
[6.354s] [ext: omni.kit.widget.toolbar-2.1.0] startup
[6.361s] [ext: omni.kit.manipulator.tool.snap-1.5.14] startup
[6.367s] [ext: omni.kit.viewport.manipulator.transform-107.0.4] startup
[6.369s] [ext: omni.kit.manipulator.prim.core-108.0.2] startup
[6.376s] [ext: omni.kit.manipulator.prim.usd-107.0.3] startup
[6.378s] [ext: omni.kit.manipulator.prim-108.0.0] startup
[6.378s] [ext: omni.kit.manipulator.selection-109.0.1] startup
[6.379s] [ext: omni.kit.menu.create-2.0.2] startup
[6.382s] [ext: omni.kit.property.audio-1.0.16] startup
[6.386s] [ext: omni.kit.property.camera-1.0.14] startup
[6.388s] [ext: omni.kit.property.geometry-2.1.2] startup
[6.392s] [ext: omni.kit.property.light-1.0.14] startup
2026-08-12T19:03:36Z [6,379ms] [Warning] [omni.usd] Encountered USD Warnings but USD Diagnostics are currently muted. To view USD Warnings, please set the '/persistent/app/usd/muteUsdDiagnostics' setting to false in Preferences page.
[6.569s] [ext: omni.kit.property.material-1.14.6] startup
[6.576s] [ext: omni.kit.property.render-1.2.2] startup
[6.577s] [ext: omni.kit.property.transform-1.6.9] startup
[6.581s] [ext: omni.kit.property.bundle-1.5.1] startup
[6.583s] [ext: omni.kit.usdz_export-1.1.0] startup
[6.586s] [ext: omni.kit.tool.asset_importer-6.0.1] startup
[6.593s] [ext: omni.kit.ui.actions-1.0.5] startup
[6.595s] [ext: omni.kit.viewport.menubar.camera-107.0.10] startup
[6.600s] [ext: omni.kit.viewport.menubar.lighting-107.3.2] startup
[6.604s] [ext: omni.kit.viewport.menubar.render-110.0.0] startup
[6.607s] [ext: omni.kit.viewport.menubar.settings-110.0.1] startup
[6.611s] [ext: omni.kit.window.console-1.1.9] startup
[6.616s] [ext: omni.kit.window.status_bar-0.1.11] startup
[6.619s] [ext: omni.kit.window.toolbar-3.0.3] startup
[6.622s] [ext: omni.ocio-0.1.1] startup
[6.624s] [ext: omni.physx.commands-110.1.13] startup
[6.627s] [ext: omni.replicator.replicator_yaml-2.0.12] startup
[6.640s] [ext: omni.rtx.window.settings-0.8.0] startup
[6.646s] [ext: omni.rtx.settings.core-0.7.1] startup
[6.649s] [ext: omni.usd.metrics.assembler.ui-110.1.1] startup
[6.657s] [ext: semantics.schema.editor-2.0.2] startup
[6.661s] [ext: semantics.schema.property-2.0.2] startup
[6.663s] [ext: omni.kit.menu.common-2.0.2] startup
[6.665s] [ext: isaacsim.exp.base-6.0.1] startup
[6.665s] [ext: isaacsim.exp.base.python-6.0.1] startup
[6.667s] Simulation App Starting
[9.526s] Simulation App Startup Complete
[9.538s] app ready
[10.192s] [ext: isaacsim.robot_motion.pink-0.1.3] startup
2026-08-12T19:03:43Z [12,640ms] [Error] [omni.rtx.materials] [UsdToMdl] Prim '/World/Task/living_room_table/Visual/Looks/Louisa_Coffee_Table_LTV3/Louisa_Coffee_Table_LTV3' parameter 'normalmap_texture': References an asset that can not be found: './materials/textures/louisa-coffee-table-wood-bump.jpg'
2026-08-12T19:03:43Z [12,645ms] [Error] [omni.rtx.materials] [UsdToMdl] Prim '/World/Task/living_room_table/Visual/Looks/Louisa_Coffee_Table_LTV3/Louisa_Coffee_Table_LTV3' parameter 'normalmap_texture': References an asset that can not be found: './materials/textures/louisa-coffee-table-wood-bump.jpg'
2026-08-12T19:03:43Z [13,477ms] [Error] [omni.rtx.materials] [UsdToMdl] Prim '/World/Task/living_room_table/Visual/Looks/Louisa_Coffee_Table_LTV3/Louisa_Coffee_Table_LTV3' parameter 'normalmap_texture': References an asset that can not be found: './materials/textures/louisa-coffee-table-wood-bump.jpg'
2026-08-12T19:03:43Z [13,478ms] [Error] [omni.rtx.materials] [UsdToMdl] Prim '/World/Task/living_room_table/Visual/Looks/Louisa_Coffee_Table_LTV3/Louisa_Coffee_Table_LTV3' parameter 'normalmap_texture': References an asset that can not be found: './materials/textures/louisa-coffee-table-wood-bump.jpg'
Starting kit application with the following args:  ['/root/autodl-tmp/isaac_sim/venv/lib/python3.12/site-packages/isaacsim/exts/isaacsim.simulation_app/isaacsim/simulation_app/simulation_app.py', '/root/autodl-tmp/isaac_sim/venv/lib/python3.12/site-packages/isaacsim/apps/isaacsim.exp.base.python.kit', '--/app/tokens/exe-path=/root/autodl-tmp/isaac_sim/venv/lib/python3.12/site-packages/isaacsim/kit', '--/persistent/app/viewport/displayOptions=3094', '--/rtx/materialDb/syncLoads=True', '--/rtx/hydra/materialSyncLoads=True', '--/omni/kit/plugin/syncUsdLoads=True', '--/app/renderer/resolution/width=1280', '--/app/renderer/resolution/height=720', '--/app/window/width=1440', '--/app/window/height=900', '--/renderer/multiGpu/enabled=True', '--/app/fastShutdown=True', '--/app/installSignalHandlers=0', '--ext-folder', '/root/autodl-tmp/isaac_sim/venv/lib/python3.12/site-packages/isaacsim/exts', '--ext-folder', '/root/autodl-tmp/isaac_sim/venv/lib/python3.12/site-packages/isaacsim/apps', '--/physics/cudaDevice=0', '--/plugins/carb.tasking.plugin/threadCount=32', '--/plugins/omni.tbb.globalcontrol/maxThreadCount=32', '--portable', '--no-window', '--/app/window/hideUi=1', '--allow-root']
Passing the following args to the base kit application:  ['--case=-Rz', '--output', '/root/autodl-tmp/VLA-Intern-Sprint/results/phase3_step7/action_parity_attempt2/isaac_-Rz.json']
Warp 1.13.0 initialized:
   CUDA Toolkit 12.9, Driver 13.0
   Devices:
     "cpu"      : "x86_64"
     "cuda:0"   : "NVIDIA GeForce RTX 5090" (31 GiB, sm_120, mempool enabled)
   Kernel cache:
     /root/autodl-tmp/isaac_cache/xdg/warp/1.13.0
2026-08-12T19:03:45Z [14,925ms] [Warning] [omni.rtx] DLSS increasing input dimensions: Render resolution of (128, 128) is below minimal input resolution of 300.
[16.364s] Simulation App Shutting Down
