WARNING: All log messages before absl::InitializeLog() is called are written to STDERR
E0000 00:00:1786561356.289653   31336 descriptor_database.cc:633] File already exists in database: grpc/health/v1/health.proto
W0000 00:00:1786561356.289696   31336 message.cc:301] Protobuf GeneratedMessageFactory: File is already registered: grpc/health/v1/health.proto
2026-08-12T19:02:36Z [Info] [carb] Logging to file: /root/autodl-tmp/isaac_sim/venv/lib/python3.12/site-packages/isaacsim/kit/logs/Kit/Isaac-Sim Python/6.0/kit_20260813_030236.log
[0.094s] [ext: omni.assets.plugins-0.0.0] startup
[0.095s] [ext: omni.blobkey-1.1.2] startup
[0.095s] [ext: omni.kit.async_engine-0.0.3] startup
[0.213s] [ext: omni.client.lib-1.1.1] startup
[0.229s] [ext: omni.client-1.3.0] startup
[0.235s] [ext: omni.protobuf.lib-1.0.0] startup
[0.237s] [ext: omni.grpc.lib-1.0.0] startup
[0.243s] [ext: omni.metrics.core-0.0.3] startup
[0.243s] [ext: omni.datastore-0.0.0] startup
[0.244s] [ext: omni.gpu_foundation.shadercache.vulkan-1.0.0] startup
[0.247s] [ext: omni.hsscclient-1.1.4] startup
[0.247s] [ext: omni.stats-1.0.1] startup
[0.248s] [ext: omni.ujitso.default-1.0.0] startup
[0.252s] [ext: omni.gpu_foundation-0.0.0] startup
[0.565s] [ext: carb.windowing.plugins-1.0.1] startup
[0.566s] [ext: omni.kit.renderer.init-1.0.1] startup
2026-08-12T19:02:36Z [611ms] [Warning] [omni.platforminfo.plugin] failed to open the default display.  Can't verify X Server version.

|---------------------------------------------------------------------------------------------|
| Driver Version: 580.105.08    | Graphics API: Vulkan
|=============================================================================================|
| GPU | Name                             | Active | LDA | GPU Memory | Vendor-ID | LUID       |
|     |                                  |        |     |            | Device-ID | UUID       |
|     |                                  |        |     |            | Bus-ID    |            |
|---------------------------------------------------------------------------------------------|
| 0   | NVIDIA GeForce RTX 5090          | Yes: 0 |     | 32853   MB | 10de      | 0          |
|     |                                  |        |     |            | 2b85      | 105e4e5f.. |
|     |                                  |        |     |            | 49        |            |
|=============================================================================================|
| OS: 22.04.5 LTS (Jammy Jellyfish) ubuntu, Version: 22.04.5, Kernel: 5.15.0-78-generic
| Processor: Intel(R) Xeon(R) Platinum 8470Q
| Bare Metal Cores: 104 | Bare Metal Logical Cores: 208
| Core Usage Quota: 25
|---------------------------------------------------------------------------------------------|
| Total Memory (MB): 92160 | Free Memory: 75919
| Total Page/Swap (MB): 0 | Free Page/Swap: 0
|---------------------------------------------------------------------------------------------|
[1.768s] [ext: omni.kit.pipapi-0.0.0] startup
[1.769s] [ext: omni.kit.telemetry-0.5.2] startup
[1.831s] [ext: omni.kit.loop-isaac-1.6.0] startup
[1.833s] [ext: omni.kit.test-2.0.7] startup
[1.892s] [ext: omni.materialx.libs-1.0.9] startup
[1.900s] [ext: omni.gpucompute.plugins-0.0.0] startup
[1.901s] [ext: omni.usd.config-1.0.7] startup
[1.905s] [ext: omni.usd.libs-1.0.3] startup
[2.017s] [ext: omni.iray.libs-0.0.1] startup
[2.025s] [ext: omni.mdl-57.0.3] startup
[2.046s] [ext: omni.mdl.neuraylib-0.2.20] startup
[2.048s] [ext: omni.kit.usd.mdl-1.1.9] startup
[2.173s] [ext: omni.appwindow-1.2.2] startup
[2.176s] [ext: omni.kit.renderer.core-1.2.2] startup
2026-08-12T19:02:38Z [2,143ms] [Warning] [carb.windowing-glfw.plugin] GLFW initialization failed.
2026-08-12T19:02:38Z [2,143ms] [Warning] [carb] Failed to startup plugin carb.windowing-glfw.plugin (interfaces: [carb::windowing::IGLContext v1.0],[carb::windowing::IWindowing v1.5]) (impl: carb.windowing-glfw.plugin)
[2.216s] [ext: omni.kit.renderer.capture-2.0.1] startup
[2.219s] [ext: omni.kit.renderer.imgui-2.0.6] startup
2026-08-12T19:02:38Z [2,172ms] [Warning] [carb.windowing-glfw.plugin] GLFW initialization failed.
2026-08-12T19:02:38Z [2,172ms] [Warning] [carb] Failed to startup plugin carb.windowing-glfw.plugin (interfaces: [carb::windowing::IGLContext v1.0],[carb::windowing::IWindowing v1.5]) (impl: carb.windowing-glfw.plugin)
2026-08-12T19:02:38Z [2,173ms] [Warning] [carb.windowing-glfw.plugin] GLFW initialization failed.
2026-08-12T19:02:38Z [2,173ms] [Warning] [carb] Failed to startup plugin carb.windowing-glfw.plugin (interfaces: [carb::windowing::IGLContext v1.0],[carb::windowing::IWindowing v1.5]) (impl: carb.windowing-glfw.plugin)
[2.319s] [ext: omni.ui-3.2.0] startup
[2.330s] [ext: omni.kit.mainwindow-1.0.3] startup
[2.332s] [ext: carb.audio-0.1.0] startup
[2.360s] [ext: omni.uiaudio-1.0.0] startup
[2.361s] [ext: omni.kit.uiapp-0.0.0] startup
[2.361s] [ext: omni.usd.schema.metrics.assembler-110.1.0] startup
[2.364s] [ext: omni.usd.schema.audio-0.0.1] startup
[2.367s] [ext: omni.usd_resolver-1.0.0] startup
[2.371s] [ext: omni.usd.core-1.8.3] startup
[2.375s] [ext: omni.metropolis.schema-0.0.3] startup
[2.376s] [ext: isaacsim.anim.robot.schema-0.1.1] startup
[2.376s] [ext: omni.usd.schema.anim-0.0.1] startup
[2.398s] [ext: omni.usd.schema.geospatial-0.0.1] startup
[2.401s] [ext: omni.usd.schema.omnigraph-1.0.1] startup
[2.407s] [ext: omni.usd.schema.semantics-0.0.0] startup
[2.411s] [ext: omni.activity.core-1.0.3] startup
[2.412s] [ext: omni.cubric-0.1.0] startup
[2.413s] [ext: omni.graph.exec-0.9.6] startup
[2.413s] [ext: omni.hydra.scene_delegate-0.3.5] startup
[2.418s] [ext: usdrt.scenegraph-7.6.3] startup
[2.453s] [ext: omni.hydra.usdrt_delegate-7.5.2] startup
[2.460s] [ext: omni.inspect-1.0.2] startup
[2.462s] [ext: omni.kit.actions.core-1.0.0] startup
[2.464s] [ext: omni.kit.audiodeviceenum-1.0.2] startup
[2.465s] [ext: omni.kit.commands-1.5.0] startup
[2.469s] [ext: omni.kit.exec.core-0.13.5] startup
[2.471s] [ext: omni.kit.usd_undo-0.1.8] startup
[2.471s] [ext: omni.kit.window.popup_dialog-2.0.25] startup
[2.475s] [ext: omni.kit.widget.nucleus_connector-2.3.1] startup
[2.479s] [ext: omni.timeline-1.1.0] startup
[2.481s] [ext: omni.usd-1.16.0] startup
[2.525s] [ext: omni.graph.core-3.1.2] startup
[2.528s] [ext: omni.kit.notification_manager-1.0.11] startup
[2.530s] [ext: isaacsim.core.deprecation_manager-0.4.2] startup
[2.531s] [ext: isaacsim.replicator.agent.schema-0.1.1] startup
[2.532s] [ext: isaacsim.robot.schema-6.3.7] startup
[2.538s] [ext: isaacsim.robot_motion.schema-0.2.1] startup
[2.539s] [ext: omni.anim.behavior.schema-110.1.0] startup
[2.543s] [ext: omni.anim.graph.schema-110.1.1] startup
[2.550s] [ext: omni.anim.navigation.schema-110.1.0] startup
[2.554s] [ext: omni.behavior.tree.schema-110.1.0] startup
[2.555s] [ext: omni.kit.asset_converter-6.0.1] startup
[2.570s] [ext: omni.usd.schema.flow-110.0.0] startup
[2.571s] [ext: omni.usd.schema.mujoco-1.1.1] startup
[2.572s] [ext: omni.usd.schema.newton-1.2.1] startup
[2.573s] [ext: omni.usd.schema.omni_lens_distortion-1.0.0] startup
[2.574s] [ext: omni.usd.schema.omni_projectors-1.0.0] startup
[2.574s] [ext: omni.usd.schema.omni_sensors-0.0.0] startup
[2.583s] [ext: omni.usd.schema.omniscripting-1.0.1] startup
[2.588s] [ext: omni.usd.schema.physical_lighting-0.1.0] startup
[2.591s] [ext: omni.usd.schema.physx-110.1.13] startup
[2.626s] [ext: omni.usd.schema.render_settings.rtx-1.0.2] startup
[2.630s] [ext: omni.usd.schema.usd_particle_field-1.0.0] startup
[2.631s] [ext: isaacsim.core.version-2.1.1] startup
[2.631s] [ext: omni.kit.menu.core-1.2.0] startup
[2.632s] [ext: omni.kit.menu.utils-2.2.4] startup
[2.640s] [ext: isaacsim.app.about-2.3.1] startup
[2.646s] [ext: isaacsim.asset.transformer-1.2.5] startup
[2.650s] [ext: omni.scene.optimizer.core-110.1.0] startup
[2.716s] [ext: isaacsim.asset.importer.utils-1.8.1] startup
[2.718s] [ext: omni.convexdecomposition-110.1.13] startup
[2.721s] [ext: omni.physics-110.1.13] startup
[2.725s] [ext: omni.physx.gpu-110.1.13] startup
[2.725s] [ext: omni.physx.foundation-110.1.13] startup
[2.727s] [ext: omni.usdphysics-110.1.13] startup
[2.729s] [ext: omni.physx.cooking-110.1.13] startup
[2.732s] [ext: omni.physx-110.1.13] startup
[2.745s] [ext: omni.physics.physx-110.1.13] startup
[2.748s] [ext: isaacsim.asset.exporter.urdf-2.0.5] startup
[2.758s] [ext: omni.kit.clipboard-1.1.1] startup
[2.759s] [ext: omni.kit.usd.layers-2.6.1] startup
[2.768s] [ext: omni.kit.widget.context_menu-1.4.0] startup
[2.770s] [ext: omni.kit.context_menu-1.9.0] startup
[2.771s] [ext: omni.kit.helper.file_utils-0.1.10] startup
[2.773s] [ext: omni.kit.widget.nucleus_info-2.0.2] startup
[2.774s] [ext: omni.kit.search_core-1.0.8] startup
[2.775s] [ext: omni.kit.widget.path_field-2.0.13] startup
[2.776s] [ext: omni.kit.widget.browser_bar-2.0.10] startup
[2.776s] [ext: omni.kit.widget.filebrowser-2.13.4] startup
[2.782s] [ext: omni.kit.widget.options_menu-1.1.6] startup
[2.785s] [ext: omni.kit.widget.options_button-1.0.3] startup
[2.785s] [ext: omni.kit.widget.search_delegate-1.0.9] startup
[2.787s] [ext: omni.ui.scene-2.0.3] startup
[2.792s] [ext: omni.kit.window.filepicker-2.15.5] startup
[2.807s] [ext: omni.kit.window.file_importer-1.1.21] startup
[2.809s] [ext: omni.kit.material.library-3.1.2] startup
[2.815s] [ext: isaacsim.asset.transformer.rules-1.7.10] startup
[2.827s] [ext: omni.usdex.libs-2.2.2] startup
[2.837s] [ext: isaacsim.asset.importer.mjcf-3.10.1] startup
[2.839s] [ext: isaacsim.asset.importer.urdf-3.11.2] startup
[2.843s] [ext: omni.kit.primitive.mesh-1.1.0] startup
[2.846s] [ext: omni.kit.stage_template.core-1.1.22] startup
[2.846s] [ext: omni.kit.stage_templates-2.0.2] startup
[2.848s] [ext: omni.usd.metrics.assembler-110.1.2] startup
[2.851s] [ext: omni.warp.core-1.13.0] startup
[3.082s] [ext: isaacsim.core.experimental.utils-0.17.2] startup
[3.084s] [ext: omni.physics.stageupdate-110.1.13] startup
[3.090s] [ext: omni.physics.tensors-110.1.13] startup
[3.097s] [ext: omni.physx.tensors-110.1.13] startup
[3.104s] [ext: isaacsim.core.simulation_manager-1.15.6] startup
[3.123s] [ext: isaacsim.storage.native-1.9.3] startup
[3.125s] [ext: omni.usd.metrics.assembler.physics-110.1.13] startup
[3.127s] [ext: isaacsim.core.utils-4.1.7] startup
[3.131s] [ext: isaacsim.core.prims-0.11.7] startup
[4.659s] [ext: isaacsim.core.api-5.2.13] startup
[4.670s] [ext: isaacsim.core.cloner-1.7.3] startup
[4.672s] [ext: isaacsim.test.docstring-1.3.2] startup
[4.677s] [ext: isaacsim.core.experimental.prims-1.8.9] startup
[4.707s] [ext: isaacsim.core.experimental.primdata-0.3.2] startup
[4.709s] [ext: omni.graph.tools-1.81.0] startup
[4.737s] [ext: omni.graph-1.142.5] startup
[4.790s] [ext: isaacsim.core.experimental.actuators-0.1.2] startup
[4.812s] [ext: isaacsim.core.experimental.materials-0.7.1] startup
[4.817s] [ext: isaacsim.core.experimental.objects-0.8.1] startup
[4.890s] [ext: omni.hydra.engine.stats-1.0.5] startup
[4.894s] [ext: omni.hydra.rtx.shadercache.vulkan-1.0.0] startup
[4.895s] [ext: omni.index.libs-387500.4413.0] startup
[4.896s] [ext: omni.index-1.0.1] startup
[4.896s] [ext: omni.ujitso.client-0.0.0] startup
[4.897s] [ext: omni.usd.schema.playback-1.0.0] startup
[4.901s] [ext: omni.volume-0.5.2] startup
[4.908s] [ext: omni.hydra.rtx-1.0.4] startup
2026-08-12T19:02:40Z [4,879ms] [Warning] [omni.log] Source: omni.hydra was already registered.
[4.951s] [ext: omni.kit.hydra_texture-1.6.0] startup
[4.956s] [ext: omni.kit.raycast.query-1.2.0] startup
[4.962s] [ext: omni.kit.viewport.legacy_gizmos-1.0.24] startup
[4.965s] [ext: omni.kit.viewport.registry-104.0.6] startup
[4.966s] [ext: omni.kit.viewport.scene_camera_model-1.0.7] startup
[4.971s] [ext: omni.kit.widget.viewport-109.2.0] startup
[4.977s] [ext: omni.kit.window.drop_support-1.0.8] startup
[4.978s] [ext: omni.kit.viewport.window-109.0.2] startup
[5.000s] [ext: omni.kit.viewport.utility-2.0.1] startup
[5.001s] [ext: isaacsim.core.rendering_manager-0.4.3] startup
[5.022s] [ext: omni.graph.action_core-1.1.9] startup
[5.025s] [ext: omni.graph.action_nodes_core-2.11.0] startup
[5.028s] [ext: omni.graph.action_nodes-2.11.0] startup
[5.071s] [ext: omni.graph.action-2.10.2] startup
[5.074s] [ext: omni.graph.image.core-0.6.1] startup
[5.076s] [ext: omni.graph.image.nodes-1.3.1] startup
[5.077s] [ext: omni.graph.nodes_core-2.11.0] startup
[5.091s] [ext: omni.graph.nodes-2.12.0] startup
[5.104s] [ext: omni.kit.hotkeys.core-1.3.12] startup
[5.106s] [ext: omni.kit.property.adapter.core-1.1.1] startup
[5.111s] [ext: omni.kit.property.adapter.usd-1.0.5] startup
[5.113s] [ext: omni.kit.widget.filter-1.1.5] startup
[5.115s] [ext: omni.kit.widget.highlight_label-1.0.3] startup
[5.117s] [ext: omni.kit.widget.searchfield-1.1.8] startup
[5.119s] [ext: omni.kit.window.file_exporter-1.0.36] startup
[5.122s] [ext: omni.kit.widget.stage-4.4.0] startup
[5.137s] [ext: omni.kit.window.content_browser_registry-0.0.6] startup
[5.139s] [ext: omni.kit.window.file-2.0.10] startup
[5.144s] [ext: omni.kit.window.content_browser-3.1.8] startup
[5.158s] [ext: omni.kit.window.property-1.15.1] startup
[5.172s] [ext: omni.kit.property.usd-4.9.4] startup
[5.185s] [ext: omni.graph.scriptnode-2.10.2] startup
[5.197s] [ext: omni.kit.widget.searchable_combobox-1.0.7] startup
[5.198s] [ext: omni.kit.widget.settings-2.0.0] startup
[5.201s] [ext: omni.kit.window.preferences-1.8.3] startup
[5.207s] [ext: omni.kit.viewport.menubar.core-107.2.2] startup
[5.221s] [ext: omni.syntheticdata-0.6.15] startup
[5.261s] [ext: omni.replicator.nv-1.1.1] startup
[5.269s] [ext: omni.videoencoding-0.2.1] startup
[5.272s] [ext: omni.replicator.core-1.13.27] startup
2026-08-12T19:02:41Z [5,233ms] [Warning] [pxr.Semantics] pxr.Semantics is deprecated - please use Semantics instead
2026-08-12T19:02:41Z [5,337ms] [Warning] [omni.replicator.core.scripts.extension] No material configuration file, adding configuration to material settings directly.
[5.567s] [ext: isaacsim.core.nodes-5.10.5] startup
[5.614s] [ext: isaacsim.core.throttling-2.3.5] startup
[5.616s] [ext: omni.kit.manipulator.viewport-107.0.1] startup
[5.618s] [ext: omni.graph.visualization.nodes-2.1.4] startup
[5.639s] [ext: omni.kit.window.extensions-1.5.10] startup
[5.647s] [ext: isaacsim.gui.components-1.8.5] startup
[5.655s] [ext: isaacsim.robot.surface_gripper-3.6.2] startup
[5.670s] [ext: isaacsim.robot.manipulators-3.4.4] startup
[5.684s] [ext: isaacsim.robot_motion.lula-4.1.3] startup
[5.693s] [ext: isaacsim.robot_motion.motion_generation-8.2.9] startup
[5.702s] [ext: isaacsim.cortex.framework-1.0.18] startup
[5.704s] [ext: isaacsim.cortex.behaviors-2.0.17] startup
[5.707s] [ext: isaacsim.examples.base-1.3.2] startup
[5.709s] [ext: omni.kit.widget.zoombar-1.0.7] startup
[5.710s] [ext: omni.kit.browser.core-2.3.18] startup
[5.715s] [ext: omni.kit.browser.folder.core-2.0.2] startup
[5.721s] [ext: omni.kit.widget.stage_icons-1.0.8] startup
[5.722s] [ext: omni.kit.window.stage-2.6.1] startup
[5.728s] [ext: omni.kit.menu.stage-1.2.7] startup
[5.729s] [ext: omni.kit.usd.collect-3.0.6] startup
[5.733s] [ext: omni.kit.widget.prompt-1.0.7] startup
[5.734s] [ext: omni.kit.tool.collect-2.2.19] startup
[5.737s] [ext: isaacsim.examples.browser-0.3.2] startup
[5.740s] [ext: omni.kit.search.files-1.0.4] startup
[5.742s] [ext: omni.kit.widget.calendar-1.0.9] startup
[5.743s] [ext: omni.kit.widget.extended_searchfield-1.0.31] startup
[5.754s] [ext: omni.simready.content.browser-0.3.7] startup
[5.862s] [ext: isaacsim.gui.content_browser-0.4.3] startup
[5.865s] [ext: omni.kit.selection-0.1.6] startup
[5.867s] [ext: isaacsim.gui.menu-2.10.5] startup
[5.877s] [ext: isaacsim.gui.property-1.6.4] startup
[5.886s] [ext: omni.kit.viewport.actions-110.0.0] startup
[5.891s] [ext: omni.kit.viewport.menubar.display-107.1.3] startup
[5.893s] [ext: isaacsim.gui.sensors.icon-2.2.1] startup
[5.897s] [ext: omni.behavior.scripting.core-110.1.0] startup
[5.901s] [ext: isaacsim.replicator.behavior-1.5.4] startup
[5.902s] [ext: isaacsim.replicator.experimental.domain_randomization-1.2.5] startup
[5.924s] [ext: isaacsim.replicator.domain_randomization-1.2.2] startup
[6.016s] [ext: isaacsim.replicator.writers-1.5.4] startup
[6.048s] [ext: isaacsim.robot.experimental.wheeled_robots-0.2.11] startup
[6.075s] [ext: isaacsim.robot.policy.examples-5.2.12] startup
[6.101s] [ext: isaacsim.robot.wheeled_robots-5.2.4] startup
[6.106s] [ext: isaacsim.robot.wheeled_robots.nodes-0.1.5] startup
[6.135s] [ext: isaacsim.robot_motion.experimental.motion_generation-6.1.3] startup
[6.148s] [ext: isaacsim.robot_motion.cumotion-1.3.1] startup
[6.165s] [ext: omni.kit.numpy.common-0.1.3] startup
[6.166s] [ext: isaacsim.sensors.camera-1.7.9] startup
[6.199s] [ext: isaacsim.sensors.experimental.physics-3.0.2] startup
[6.210s] [ext: omni.sensors.net-1.0.1] startup
[6.216s] [ext: omni.sensors.nv.common-3.0.0] startup
[6.233s] [ext: omni.sensors.nv.materials-2.0.0] startup
[6.237s] [ext: omni.sensors.nv.acoustic-3.0.0] startup
[6.241s] [ext: omni.sensors.nv.ids-2.0.1] startup
[6.244s] [ext: omni.sensors.nv.lidar-3.0.0] startup
[6.249s] [ext: omni.sensors.nv.radar-3.0.0] startup
[6.253s] [ext: isaacsim.sensors.experimental.rtx-1.4.6] startup
[6.512s] [ext: isaacsim.sensors.physics.nodes-1.5.3] startup
[6.522s] [ext: isaacsim.util.debug_draw-3.2.3] startup
[6.530s] [ext: isaacsim.sensors.physx-2.5.5] startup
[6.541s] [ext: isaacsim.sensors.rtx-15.17.1] startup
[6.557s] [ext: isaacsim.simulation_app-2.18.4] startup
[6.558s] [ext: omni.anim.curve.core-1.6.0] startup
[6.571s] [ext: omni.graph.ui_nodes-2.11.1] startup
[6.622s] [ext: omni.hydra.scene_api-0.1.3] startup
[6.628s] [ext: omni.kit.manipulator.camera-110.0.0] startup
[6.633s] [ext: omni.kit.manipulator.selector-1.1.4] startup
[6.634s] [ext: omni.kit.manipulator.transform-107.0.0] startup
[6.640s] [ext: omni.kit.widget.toolbar-2.1.0] startup
[6.648s] [ext: omni.kit.manipulator.tool.snap-1.5.14] startup
[6.653s] [ext: omni.kit.viewport.manipulator.transform-107.0.4] startup
[6.656s] [ext: omni.kit.manipulator.prim.core-108.0.2] startup
[6.663s] [ext: omni.kit.manipulator.prim.usd-107.0.3] startup
[6.665s] [ext: omni.kit.manipulator.prim-108.0.0] startup
[6.665s] [ext: omni.kit.manipulator.selection-109.0.1] startup
[6.667s] [ext: omni.kit.menu.create-2.0.2] startup
[6.669s] [ext: omni.kit.property.audio-1.0.16] startup
[6.674s] [ext: omni.kit.property.camera-1.0.14] startup
[6.677s] [ext: omni.kit.property.geometry-2.1.2] startup
[6.681s] [ext: omni.kit.property.light-1.0.14] startup
2026-08-12T19:02:42Z [6,669ms] [Warning] [omni.usd] Encountered USD Warnings but USD Diagnostics are currently muted. To view USD Warnings, please set the '/persistent/app/usd/muteUsdDiagnostics' setting to false in Preferences page.
[6.818s] [ext: omni.kit.property.material-1.14.6] startup
[6.826s] [ext: omni.kit.property.render-1.2.2] startup
[6.828s] [ext: omni.kit.property.transform-1.6.9] startup
[6.832s] [ext: omni.kit.property.bundle-1.5.1] startup
[6.834s] [ext: omni.kit.usdz_export-1.1.0] startup
[6.837s] [ext: omni.kit.tool.asset_importer-6.0.1] startup
[6.844s] [ext: omni.kit.ui.actions-1.0.5] startup
[6.846s] [ext: omni.kit.viewport.menubar.camera-107.0.10] startup
[6.852s] [ext: omni.kit.viewport.menubar.lighting-107.3.2] startup
[6.856s] [ext: omni.kit.viewport.menubar.render-110.0.0] startup
[6.859s] [ext: omni.kit.viewport.menubar.settings-110.0.1] startup
[6.863s] [ext: omni.kit.window.console-1.1.9] startup
[6.869s] [ext: omni.kit.window.status_bar-0.1.11] startup
[6.872s] [ext: omni.kit.window.toolbar-3.0.3] startup
[6.875s] [ext: omni.ocio-0.1.1] startup
[6.877s] [ext: omni.physx.commands-110.1.13] startup
[6.881s] [ext: omni.replicator.replicator_yaml-2.0.12] startup
[6.896s] [ext: omni.rtx.window.settings-0.8.0] startup
[6.901s] [ext: omni.rtx.settings.core-0.7.1] startup
[6.905s] [ext: omni.usd.metrics.assembler.ui-110.1.1] startup
[6.914s] [ext: semantics.schema.editor-2.0.2] startup
[6.918s] [ext: semantics.schema.property-2.0.2] startup
[6.920s] [ext: omni.kit.menu.common-2.0.2] startup
[6.921s] [ext: isaacsim.exp.base-6.0.1] startup
[6.922s] [ext: isaacsim.exp.base.python-6.0.1] startup
[6.925s] Simulation App Starting
[10.243s] Simulation App Startup Complete
[10.254s] app ready
[10.864s] [ext: isaacsim.robot_motion.pink-0.1.3] startup
2026-08-12T19:02:49Z [13,558ms] [Error] [omni.rtx.materials] [UsdToMdl] Prim '/World/Task/living_room_table/Visual/Looks/Louisa_Coffee_Table_LTV3/Louisa_Coffee_Table_LTV3' parameter 'normalmap_texture': References an asset that can not be found: './materials/textures/louisa-coffee-table-wood-bump.jpg'
2026-08-12T19:02:49Z [13,563ms] [Error] [omni.rtx.materials] [UsdToMdl] Prim '/World/Task/living_room_table/Visual/Looks/Louisa_Coffee_Table_LTV3/Louisa_Coffee_Table_LTV3' parameter 'normalmap_texture': References an asset that can not be found: './materials/textures/louisa-coffee-table-wood-bump.jpg'
2026-08-12T19:02:50Z [14,388ms] [Error] [omni.rtx.materials] [UsdToMdl] Prim '/World/Task/living_room_table/Visual/Looks/Louisa_Coffee_Table_LTV3/Louisa_Coffee_Table_LTV3' parameter 'normalmap_texture': References an asset that can not be found: './materials/textures/louisa-coffee-table-wood-bump.jpg'
2026-08-12T19:02:50Z [14,389ms] [Error] [omni.rtx.materials] [UsdToMdl] Prim '/World/Task/living_room_table/Visual/Looks/Louisa_Coffee_Table_LTV3/Louisa_Coffee_Table_LTV3' parameter 'normalmap_texture': References an asset that can not be found: './materials/textures/louisa-coffee-table-wood-bump.jpg'
Starting kit application with the following args:  ['/root/autodl-tmp/isaac_sim/venv/lib/python3.12/site-packages/isaacsim/exts/isaacsim.simulation_app/isaacsim/simulation_app/simulation_app.py', '/root/autodl-tmp/isaac_sim/venv/lib/python3.12/site-packages/isaacsim/apps/isaacsim.exp.base.python.kit', '--/app/tokens/exe-path=/root/autodl-tmp/isaac_sim/venv/lib/python3.12/site-packages/isaacsim/kit', '--/persistent/app/viewport/displayOptions=3094', '--/rtx/materialDb/syncLoads=True', '--/rtx/hydra/materialSyncLoads=True', '--/omni/kit/plugin/syncUsdLoads=True', '--/app/renderer/resolution/width=1280', '--/app/renderer/resolution/height=720', '--/app/window/width=1440', '--/app/window/height=900', '--/renderer/multiGpu/enabled=True', '--/app/fastShutdown=True', '--/app/installSignalHandlers=0', '--ext-folder', '/root/autodl-tmp/isaac_sim/venv/lib/python3.12/site-packages/isaacsim/exts', '--ext-folder', '/root/autodl-tmp/isaac_sim/venv/lib/python3.12/site-packages/isaacsim/apps', '--/physics/cudaDevice=0', '--/plugins/carb.tasking.plugin/threadCount=32', '--/plugins/omni.tbb.globalcontrol/maxThreadCount=32', '--portable', '--no-window', '--/app/window/hideUi=1', '--allow-root']
Passing the following args to the base kit application:  ['--case=+Ry', '--output', '/root/autodl-tmp/VLA-Intern-Sprint/results/phase3_step7/action_parity_attempt2/isaac_+Ry.json']
Warp 1.13.0 initialized:
   CUDA Toolkit 12.9, Driver 13.0
   Devices:
     "cpu"      : "x86_64"
     "cuda:0"   : "NVIDIA GeForce RTX 5090" (31 GiB, sm_120, mempool enabled)
   Kernel cache:
     /root/autodl-tmp/isaac_cache/xdg/warp/1.13.0
2026-08-12T19:02:51Z [15,792ms] [Warning] [omni.rtx] DLSS increasing input dimensions: Render resolution of (128, 128) is below minimal input resolution of 300.
[17.357s] Simulation App Shutting Down
