WARNING: All log messages before absl::InitializeLog() is called are written to STDERR
E0000 00:00:1786561392.597035   32908 descriptor_database.cc:633] File already exists in database: grpc/health/v1/health.proto
W0000 00:00:1786561392.597070   32908 message.cc:301] Protobuf GeneratedMessageFactory: File is already registered: grpc/health/v1/health.proto
2026-08-12T19:03:12Z [Info] [carb] Logging to file: /root/autodl-tmp/isaac_sim/venv/lib/python3.12/site-packages/isaacsim/kit/logs/Kit/Isaac-Sim Python/6.0/kit_20260813_030312.log
[0.087s] [ext: omni.assets.plugins-0.0.0] startup
[0.088s] [ext: omni.blobkey-1.1.2] startup
[0.089s] [ext: omni.kit.async_engine-0.0.3] startup
[0.207s] [ext: omni.client.lib-1.1.1] startup
[0.223s] [ext: omni.client-1.3.0] startup
[0.228s] [ext: omni.protobuf.lib-1.0.0] startup
[0.230s] [ext: omni.grpc.lib-1.0.0] startup
[0.236s] [ext: omni.metrics.core-0.0.3] startup
[0.236s] [ext: omni.datastore-0.0.0] startup
[0.237s] [ext: omni.gpu_foundation.shadercache.vulkan-1.0.0] startup
[0.240s] [ext: omni.hsscclient-1.1.4] startup
[0.240s] [ext: omni.stats-1.0.1] startup
[0.241s] [ext: omni.ujitso.default-1.0.0] startup
[0.245s] [ext: omni.gpu_foundation-0.0.0] startup
[0.554s] [ext: carb.windowing.plugins-1.0.1] startup
[0.555s] [ext: omni.kit.renderer.init-1.0.1] startup
2026-08-12T19:03:13Z [629ms] [Warning] [omni.platforminfo.plugin] failed to open the default display.  Can't verify X Server version.

|---------------------------------------------------------------------------------------------|
| Driver Version: 580.105.08    | Graphics API: Vulkan
|=============================================================================================|
| GPU | Name                             | Active | LDA | GPU Memory | Vendor-ID | LUID       |
|     |                                  |        |     |            | Device-ID | UUID       |
|     |                                  |        |     |            | Bus-ID    |            |
|---------------------------------------------------------------------------------------------|
| 0   | NVIDIA GeForce RTX 5090          | Yes: 0 |     | 32853   MB | 10de      | 0          |
|     |                                  |        |     |            | 2b85      | 105e4e5f.. |
|     |                                  |        |     |            | 49        |            |
|=============================================================================================|
| OS: 22.04.5 LTS (Jammy Jellyfish) ubuntu, Version: 22.04.5, Kernel: 5.15.0-78-generic
| Processor: Intel(R) Xeon(R) Platinum 8470Q
| Bare Metal Cores: 104 | Bare Metal Logical Cores: 208
| Core Usage Quota: 25
|---------------------------------------------------------------------------------------------|
| Total Memory (MB): 92160 | Free Memory: 75938
| Total Page/Swap (MB): 0 | Free Page/Swap: 0
|---------------------------------------------------------------------------------------------|
[1.757s] [ext: omni.kit.pipapi-0.0.0] startup
[1.759s] [ext: omni.kit.telemetry-0.5.2] startup
[1.809s] [ext: omni.kit.loop-isaac-1.6.0] startup
[1.811s] [ext: omni.kit.test-2.0.7] startup
[1.870s] [ext: omni.materialx.libs-1.0.9] startup
[1.878s] [ext: omni.gpucompute.plugins-0.0.0] startup
[1.879s] [ext: omni.usd.config-1.0.7] startup
[1.883s] [ext: omni.usd.libs-1.0.3] startup
[1.993s] [ext: omni.iray.libs-0.0.1] startup
[1.999s] [ext: omni.mdl-57.0.3] startup
[2.020s] [ext: omni.mdl.neuraylib-0.2.20] startup
[2.023s] [ext: omni.kit.usd.mdl-1.1.9] startup
[2.153s] [ext: omni.appwindow-1.2.2] startup
[2.157s] [ext: omni.kit.renderer.core-1.2.2] startup
2026-08-12T19:03:14Z [2,125ms] [Warning] [carb.windowing-glfw.plugin] GLFW initialization failed.
2026-08-12T19:03:14Z [2,125ms] [Warning] [carb] Failed to startup plugin carb.windowing-glfw.plugin (interfaces: [carb::windowing::IGLContext v1.0],[carb::windowing::IWindowing v1.5]) (impl: carb.windowing-glfw.plugin)
[2.194s] [ext: omni.kit.renderer.capture-2.0.1] startup
[2.196s] [ext: omni.kit.renderer.imgui-2.0.6] startup
2026-08-12T19:03:14Z [2,151ms] [Warning] [carb.windowing-glfw.plugin] GLFW initialization failed.
2026-08-12T19:03:14Z [2,151ms] [Warning] [carb] Failed to startup plugin carb.windowing-glfw.plugin (interfaces: [carb::windowing::IGLContext v1.0],[carb::windowing::IWindowing v1.5]) (impl: carb.windowing-glfw.plugin)
2026-08-12T19:03:14Z [2,153ms] [Warning] [carb.windowing-glfw.plugin] GLFW initialization failed.
2026-08-12T19:03:14Z [2,153ms] [Warning] [carb] Failed to startup plugin carb.windowing-glfw.plugin (interfaces: [carb::windowing::IGLContext v1.0],[carb::windowing::IWindowing v1.5]) (impl: carb.windowing-glfw.plugin)
[2.285s] [ext: omni.ui-3.2.0] startup
[2.297s] [ext: omni.kit.mainwindow-1.0.3] startup
[2.298s] [ext: carb.audio-0.1.0] startup
[2.326s] [ext: omni.uiaudio-1.0.0] startup
[2.327s] [ext: omni.kit.uiapp-0.0.0] startup
[2.327s] [ext: omni.usd.schema.metrics.assembler-110.1.0] startup
[2.330s] [ext: omni.usd.schema.audio-0.0.1] startup
[2.333s] [ext: omni.usd_resolver-1.0.0] startup
[2.337s] [ext: omni.usd.core-1.8.3] startup
[2.341s] [ext: omni.metropolis.schema-0.0.3] startup
[2.342s] [ext: isaacsim.anim.robot.schema-0.1.1] startup
[2.343s] [ext: omni.usd.schema.anim-0.0.1] startup
[2.364s] [ext: omni.usd.schema.geospatial-0.0.1] startup
[2.367s] [ext: omni.usd.schema.omnigraph-1.0.1] startup
[2.373s] [ext: omni.usd.schema.semantics-0.0.0] startup
[2.376s] [ext: omni.activity.core-1.0.3] startup
[2.377s] [ext: omni.cubric-0.1.0] startup
[2.377s] [ext: omni.graph.exec-0.9.6] startup
[2.378s] [ext: omni.hydra.scene_delegate-0.3.5] startup
[2.382s] [ext: usdrt.scenegraph-7.6.3] startup
[2.412s] [ext: omni.hydra.usdrt_delegate-7.5.2] startup
[2.420s] [ext: omni.inspect-1.0.2] startup
[2.421s] [ext: omni.kit.actions.core-1.0.0] startup
[2.423s] [ext: omni.kit.audiodeviceenum-1.0.2] startup
[2.425s] [ext: omni.kit.commands-1.5.0] startup
[2.429s] [ext: omni.kit.exec.core-0.13.5] startup
[2.430s] [ext: omni.kit.usd_undo-0.1.8] startup
[2.431s] [ext: omni.kit.window.popup_dialog-2.0.25] startup
[2.435s] [ext: omni.kit.widget.nucleus_connector-2.3.1] startup
[2.438s] [ext: omni.timeline-1.1.0] startup
[2.440s] [ext: omni.usd-1.16.0] startup
[2.485s] [ext: omni.graph.core-3.1.2] startup
[2.488s] [ext: omni.kit.notification_manager-1.0.11] startup
[2.490s] [ext: isaacsim.core.deprecation_manager-0.4.2] startup
[2.491s] [ext: isaacsim.replicator.agent.schema-0.1.1] startup
[2.491s] [ext: isaacsim.robot.schema-6.3.7] startup
[2.497s] [ext: isaacsim.robot_motion.schema-0.2.1] startup
[2.498s] [ext: omni.anim.behavior.schema-110.1.0] startup
[2.502s] [ext: omni.anim.graph.schema-110.1.1] startup
[2.509s] [ext: omni.anim.navigation.schema-110.1.0] startup
[2.512s] [ext: omni.behavior.tree.schema-110.1.0] startup
[2.513s] [ext: omni.kit.asset_converter-6.0.1] startup
[2.529s] [ext: omni.usd.schema.flow-110.0.0] startup
[2.529s] [ext: omni.usd.schema.mujoco-1.1.1] startup
[2.530s] [ext: omni.usd.schema.newton-1.2.1] startup
[2.531s] [ext: omni.usd.schema.omni_lens_distortion-1.0.0] startup
[2.531s] [ext: omni.usd.schema.omni_projectors-1.0.0] startup
[2.532s] [ext: omni.usd.schema.omni_sensors-0.0.0] startup
[2.540s] [ext: omni.usd.schema.omniscripting-1.0.1] startup
[2.544s] [ext: omni.usd.schema.physical_lighting-0.1.0] startup
[2.548s] [ext: omni.usd.schema.physx-110.1.13] startup
[2.582s] [ext: omni.usd.schema.render_settings.rtx-1.0.2] startup
[2.586s] [ext: omni.usd.schema.usd_particle_field-1.0.0] startup
[2.587s] [ext: isaacsim.core.version-2.1.1] startup
[2.588s] [ext: omni.kit.menu.core-1.2.0] startup
[2.588s] [ext: omni.kit.menu.utils-2.2.4] startup
[2.596s] [ext: isaacsim.app.about-2.3.1] startup
[2.602s] [ext: isaacsim.asset.transformer-1.2.5] startup
[2.606s] [ext: omni.scene.optimizer.core-110.1.0] startup
[2.669s] [ext: isaacsim.asset.importer.utils-1.8.1] startup
[2.672s] [ext: omni.convexdecomposition-110.1.13] startup
[2.675s] [ext: omni.physics-110.1.13] startup
[2.679s] [ext: omni.physx.gpu-110.1.13] startup
[2.679s] [ext: omni.physx.foundation-110.1.13] startup
[2.681s] [ext: omni.usdphysics-110.1.13] startup
[2.683s] [ext: omni.physx.cooking-110.1.13] startup
[2.686s] [ext: omni.physx-110.1.13] startup
[2.698s] [ext: omni.physics.physx-110.1.13] startup
[2.700s] [ext: isaacsim.asset.exporter.urdf-2.0.5] startup
[2.709s] [ext: omni.kit.clipboard-1.1.1] startup
[2.710s] [ext: omni.kit.usd.layers-2.6.1] startup
[2.719s] [ext: omni.kit.widget.context_menu-1.4.0] startup
[2.720s] [ext: omni.kit.context_menu-1.9.0] startup
[2.722s] [ext: omni.kit.helper.file_utils-0.1.10] startup
[2.724s] [ext: omni.kit.widget.nucleus_info-2.0.2] startup
[2.724s] [ext: omni.kit.search_core-1.0.8] startup
[2.725s] [ext: omni.kit.widget.path_field-2.0.13] startup
[2.726s] [ext: omni.kit.widget.browser_bar-2.0.10] startup
[2.726s] [ext: omni.kit.widget.filebrowser-2.13.4] startup
[2.732s] [ext: omni.kit.widget.options_menu-1.1.6] startup
[2.734s] [ext: omni.kit.widget.options_button-1.0.3] startup
[2.735s] [ext: omni.kit.widget.search_delegate-1.0.9] startup
[2.736s] [ext: omni.ui.scene-2.0.3] startup
[2.742s] [ext: omni.kit.window.filepicker-2.15.5] startup
[2.756s] [ext: omni.kit.window.file_importer-1.1.21] startup
[2.759s] [ext: omni.kit.material.library-3.1.2] startup
[2.765s] [ext: isaacsim.asset.transformer.rules-1.7.10] startup
[2.777s] [ext: omni.usdex.libs-2.2.2] startup
[2.788s] [ext: isaacsim.asset.importer.mjcf-3.10.1] startup
[2.790s] [ext: isaacsim.asset.importer.urdf-3.11.2] startup
[2.794s] [ext: omni.kit.primitive.mesh-1.1.0] startup
[2.797s] [ext: omni.kit.stage_template.core-1.1.22] startup
[2.797s] [ext: omni.kit.stage_templates-2.0.2] startup
[2.799s] [ext: omni.usd.metrics.assembler-110.1.2] startup
[2.803s] [ext: omni.warp.core-1.13.0] startup
[3.003s] [ext: isaacsim.core.experimental.utils-0.17.2] startup
[3.005s] [ext: omni.physics.stageupdate-110.1.13] startup
[3.007s] [ext: omni.physics.tensors-110.1.13] startup
[3.013s] [ext: omni.physx.tensors-110.1.13] startup
[3.017s] [ext: isaacsim.core.simulation_manager-1.15.6] startup
[3.034s] [ext: isaacsim.storage.native-1.9.3] startup
[3.035s] [ext: omni.usd.metrics.assembler.physics-110.1.13] startup
[3.037s] [ext: isaacsim.core.utils-4.1.7] startup
[3.040s] [ext: isaacsim.core.prims-0.11.7] startup
[4.473s] [ext: isaacsim.core.api-5.2.13] startup
[4.484s] [ext: isaacsim.core.cloner-1.7.3] startup
[4.486s] [ext: isaacsim.test.docstring-1.3.2] startup
[4.491s] [ext: isaacsim.core.experimental.prims-1.8.9] startup
[4.523s] [ext: isaacsim.core.experimental.primdata-0.3.2] startup
[4.529s] [ext: omni.graph.tools-1.81.0] startup
[4.556s] [ext: omni.graph-1.142.5] startup
[4.603s] [ext: isaacsim.core.experimental.actuators-0.1.2] startup
[4.624s] [ext: isaacsim.core.experimental.materials-0.7.1] startup
[4.629s] [ext: isaacsim.core.experimental.objects-0.8.1] startup
[4.704s] [ext: omni.hydra.engine.stats-1.0.5] startup
[4.708s] [ext: omni.hydra.rtx.shadercache.vulkan-1.0.0] startup
[4.710s] [ext: omni.index.libs-387500.4413.0] startup
[4.710s] [ext: omni.index-1.0.1] startup
[4.711s] [ext: omni.ujitso.client-0.0.0] startup
[4.711s] [ext: omni.usd.schema.playback-1.0.0] startup
[4.716s] [ext: omni.volume-0.5.2] startup
[4.723s] [ext: omni.hydra.rtx-1.0.4] startup
2026-08-12T19:03:17Z [4,698ms] [Warning] [omni.log] Source: omni.hydra was already registered.
[4.769s] [ext: omni.kit.hydra_texture-1.6.0] startup
[4.774s] [ext: omni.kit.raycast.query-1.2.0] startup
[4.780s] [ext: omni.kit.viewport.legacy_gizmos-1.0.24] startup
[4.783s] [ext: omni.kit.viewport.registry-104.0.6] startup
[4.784s] [ext: omni.kit.viewport.scene_camera_model-1.0.7] startup
[4.790s] [ext: omni.kit.widget.viewport-109.2.0] startup
[4.795s] [ext: omni.kit.window.drop_support-1.0.8] startup
[4.796s] [ext: omni.kit.viewport.window-109.0.2] startup
[4.818s] [ext: omni.kit.viewport.utility-2.0.1] startup
[4.820s] [ext: isaacsim.core.rendering_manager-0.4.3] startup
[4.841s] [ext: omni.graph.action_core-1.1.9] startup
[4.845s] [ext: omni.graph.action_nodes_core-2.11.0] startup
[4.848s] [ext: omni.graph.action_nodes-2.11.0] startup
[4.885s] [ext: omni.graph.action-2.10.2] startup
[4.888s] [ext: omni.graph.image.core-0.6.1] startup
[4.890s] [ext: omni.graph.image.nodes-1.3.1] startup
[4.892s] [ext: omni.graph.nodes_core-2.11.0] startup
[4.905s] [ext: omni.graph.nodes-2.12.0] startup
[4.917s] [ext: omni.kit.hotkeys.core-1.3.12] startup
[4.919s] [ext: omni.kit.property.adapter.core-1.1.1] startup
[4.923s] [ext: omni.kit.property.adapter.usd-1.0.5] startup
[4.925s] [ext: omni.kit.widget.filter-1.1.5] startup
[4.926s] [ext: omni.kit.widget.highlight_label-1.0.3] startup
[4.928s] [ext: omni.kit.widget.searchfield-1.1.8] startup
[4.929s] [ext: omni.kit.window.file_exporter-1.0.36] startup
[4.931s] [ext: omni.kit.widget.stage-4.4.0] startup
[4.941s] [ext: omni.kit.window.content_browser_registry-0.0.6] startup
[4.943s] [ext: omni.kit.window.file-2.0.10] startup
[4.946s] [ext: omni.kit.window.content_browser-3.1.8] startup
[4.960s] [ext: omni.kit.window.property-1.15.1] startup
[4.974s] [ext: omni.kit.property.usd-4.9.4] startup
[4.987s] [ext: omni.graph.scriptnode-2.10.2] startup
[4.999s] [ext: omni.kit.widget.searchable_combobox-1.0.7] startup
[5.001s] [ext: omni.kit.widget.settings-2.0.0] startup
[5.003s] [ext: omni.kit.window.preferences-1.8.3] startup
[5.009s] [ext: omni.kit.viewport.menubar.core-107.2.2] startup
[5.024s] [ext: omni.syntheticdata-0.6.15] startup
[5.064s] [ext: omni.replicator.nv-1.1.1] startup
[5.074s] [ext: omni.videoencoding-0.2.1] startup
[5.077s] [ext: omni.replicator.core-1.13.27] startup
2026-08-12T19:03:17Z [5,041ms] [Warning] [pxr.Semantics] pxr.Semantics is deprecated - please use Semantics instead
2026-08-12T19:03:17Z [5,138ms] [Warning] [omni.replicator.core.scripts.extension] No material configuration file, adding configuration to material settings directly.
[5.407s] [ext: isaacsim.core.nodes-5.10.5] startup
[5.456s] [ext: isaacsim.core.throttling-2.3.5] startup
[5.458s] [ext: omni.kit.manipulator.viewport-107.0.1] startup
[5.460s] [ext: omni.graph.visualization.nodes-2.1.4] startup
[5.479s] [ext: omni.kit.window.extensions-1.5.10] startup
[5.487s] [ext: isaacsim.gui.components-1.8.5] startup
[5.493s] [ext: isaacsim.robot.surface_gripper-3.6.2] startup
[5.508s] [ext: isaacsim.robot.manipulators-3.4.4] startup
[5.523s] [ext: isaacsim.robot_motion.lula-4.1.3] startup
[5.533s] [ext: isaacsim.robot_motion.motion_generation-8.2.9] startup
[5.541s] [ext: isaacsim.cortex.framework-1.0.18] startup
[5.543s] [ext: isaacsim.cortex.behaviors-2.0.17] startup
[5.546s] [ext: isaacsim.examples.base-1.3.2] startup
[5.548s] [ext: omni.kit.widget.zoombar-1.0.7] startup
[5.549s] [ext: omni.kit.browser.core-2.3.18] startup
[5.554s] [ext: omni.kit.browser.folder.core-2.0.2] startup
[5.560s] [ext: omni.kit.widget.stage_icons-1.0.8] startup
[5.561s] [ext: omni.kit.window.stage-2.6.1] startup
[5.566s] [ext: omni.kit.menu.stage-1.2.7] startup
[5.568s] [ext: omni.kit.usd.collect-3.0.6] startup
[5.572s] [ext: omni.kit.widget.prompt-1.0.7] startup
[5.573s] [ext: omni.kit.tool.collect-2.2.19] startup
[5.576s] [ext: isaacsim.examples.browser-0.3.2] startup
[5.579s] [ext: omni.kit.search.files-1.0.4] startup
[5.580s] [ext: omni.kit.widget.calendar-1.0.9] startup
[5.582s] [ext: omni.kit.widget.extended_searchfield-1.0.31] startup
[5.593s] [ext: omni.simready.content.browser-0.3.7] startup
[5.699s] [ext: isaacsim.gui.content_browser-0.4.3] startup
[5.703s] [ext: omni.kit.selection-0.1.6] startup
[5.705s] [ext: isaacsim.gui.menu-2.10.5] startup
[5.715s] [ext: isaacsim.gui.property-1.6.4] startup
[5.725s] [ext: omni.kit.viewport.actions-110.0.0] startup
[5.730s] [ext: omni.kit.viewport.menubar.display-107.1.3] startup
[5.732s] [ext: isaacsim.gui.sensors.icon-2.2.1] startup
[5.736s] [ext: omni.behavior.scripting.core-110.1.0] startup
[5.740s] [ext: isaacsim.replicator.behavior-1.5.4] startup
[5.741s] [ext: isaacsim.replicator.experimental.domain_randomization-1.2.5] startup
[5.763s] [ext: isaacsim.replicator.domain_randomization-1.2.2] startup
[5.857s] [ext: isaacsim.replicator.writers-1.5.4] startup
[5.888s] [ext: isaacsim.robot.experimental.wheeled_robots-0.2.11] startup
[5.916s] [ext: isaacsim.robot.policy.examples-5.2.12] startup
[5.942s] [ext: isaacsim.robot.wheeled_robots-5.2.4] startup
[5.948s] [ext: isaacsim.robot.wheeled_robots.nodes-0.1.5] startup
[5.979s] [ext: isaacsim.robot_motion.experimental.motion_generation-6.1.3] startup
[5.992s] [ext: isaacsim.robot_motion.cumotion-1.3.1] startup
[6.010s] [ext: omni.kit.numpy.common-0.1.3] startup
[6.013s] [ext: isaacsim.sensors.camera-1.7.9] startup
[6.046s] [ext: isaacsim.sensors.experimental.physics-3.0.2] startup
[6.057s] [ext: omni.sensors.net-1.0.1] startup
[6.064s] [ext: omni.sensors.nv.common-3.0.0] startup
[6.082s] [ext: omni.sensors.nv.materials-2.0.0] startup
[6.086s] [ext: omni.sensors.nv.acoustic-3.0.0] startup
[6.090s] [ext: omni.sensors.nv.ids-2.0.1] startup
[6.093s] [ext: omni.sensors.nv.lidar-3.0.0] startup
[6.098s] [ext: omni.sensors.nv.radar-3.0.0] startup
[6.102s] [ext: isaacsim.sensors.experimental.rtx-1.4.6] startup
[6.362s] [ext: isaacsim.sensors.physics.nodes-1.5.3] startup
[6.371s] [ext: isaacsim.util.debug_draw-3.2.3] startup
[6.379s] [ext: isaacsim.sensors.physx-2.5.5] startup
[6.390s] [ext: isaacsim.sensors.rtx-15.17.1] startup
[6.407s] [ext: isaacsim.simulation_app-2.18.4] startup
[6.407s] [ext: omni.anim.curve.core-1.6.0] startup
[6.421s] [ext: omni.graph.ui_nodes-2.11.1] startup
[6.472s] [ext: omni.hydra.scene_api-0.1.3] startup
[6.479s] [ext: omni.kit.manipulator.camera-110.0.0] startup
[6.484s] [ext: omni.kit.manipulator.selector-1.1.4] startup
[6.486s] [ext: omni.kit.manipulator.transform-107.0.0] startup
[6.491s] [ext: omni.kit.widget.toolbar-2.1.0] startup
[6.499s] [ext: omni.kit.manipulator.tool.snap-1.5.14] startup
[6.504s] [ext: omni.kit.viewport.manipulator.transform-107.0.4] startup
[6.506s] [ext: omni.kit.manipulator.prim.core-108.0.2] startup
[6.514s] [ext: omni.kit.manipulator.prim.usd-107.0.3] startup
[6.515s] [ext: omni.kit.manipulator.prim-108.0.0] startup
[6.516s] [ext: omni.kit.manipulator.selection-109.0.1] startup
[6.517s] [ext: omni.kit.menu.create-2.0.2] startup
[6.519s] [ext: omni.kit.property.audio-1.0.16] startup
[6.524s] [ext: omni.kit.property.camera-1.0.14] startup
[6.526s] [ext: omni.kit.property.geometry-2.1.2] startup
[6.530s] [ext: omni.kit.property.light-1.0.14] startup
2026-08-12T19:03:18Z [6,518ms] [Warning] [omni.usd] Encountered USD Warnings but USD Diagnostics are currently muted. To view USD Warnings, please set the '/persistent/app/usd/muteUsdDiagnostics' setting to false in Preferences page.
[6.624s] [ext: omni.kit.property.material-1.14.6] startup
[6.632s] [ext: omni.kit.property.render-1.2.2] startup
[6.634s] [ext: omni.kit.property.transform-1.6.9] startup
[6.638s] [ext: omni.kit.property.bundle-1.5.1] startup
[6.640s] [ext: omni.kit.usdz_export-1.1.0] startup
[6.644s] [ext: omni.kit.tool.asset_importer-6.0.1] startup
[6.651s] [ext: omni.kit.ui.actions-1.0.5] startup
[6.653s] [ext: omni.kit.viewport.menubar.camera-107.0.10] startup
[6.659s] [ext: omni.kit.viewport.menubar.lighting-107.3.2] startup
[6.662s] [ext: omni.kit.viewport.menubar.render-110.0.0] startup
[6.666s] [ext: omni.kit.viewport.menubar.settings-110.0.1] startup
[6.670s] [ext: omni.kit.window.console-1.1.9] startup
[6.676s] [ext: omni.kit.window.status_bar-0.1.11] startup
[6.680s] [ext: omni.kit.window.toolbar-3.0.3] startup
[6.683s] [ext: omni.ocio-0.1.1] startup
[6.684s] [ext: omni.physx.commands-110.1.13] startup
[6.688s] [ext: omni.replicator.replicator_yaml-2.0.12] startup
[6.702s] [ext: omni.rtx.window.settings-0.8.0] startup
[6.708s] [ext: omni.rtx.settings.core-0.7.1] startup
[6.712s] [ext: omni.usd.metrics.assembler.ui-110.1.1] startup
[6.720s] [ext: semantics.schema.editor-2.0.2] startup
[6.724s] [ext: semantics.schema.property-2.0.2] startup
[6.726s] [ext: omni.kit.menu.common-2.0.2] startup
[6.728s] [ext: isaacsim.exp.base-6.0.1] startup
[6.728s] [ext: isaacsim.exp.base.python-6.0.1] startup
[6.730s] Simulation App Starting
[9.927s] Simulation App Startup Complete
[9.940s] app ready
[10.582s] [ext: isaacsim.robot_motion.pink-0.1.3] startup
2026-08-12T19:03:25Z [13,241ms] [Error] [omni.rtx.materials] [UsdToMdl] Prim '/World/Task/living_room_table/Visual/Looks/Louisa_Coffee_Table_LTV3/Louisa_Coffee_Table_LTV3' parameter 'normalmap_texture': References an asset that can not be found: './materials/textures/louisa-coffee-table-wood-bump.jpg'
2026-08-12T19:03:25Z [13,246ms] [Error] [omni.rtx.materials] [UsdToMdl] Prim '/World/Task/living_room_table/Visual/Looks/Louisa_Coffee_Table_LTV3/Louisa_Coffee_Table_LTV3' parameter 'normalmap_texture': References an asset that can not be found: './materials/textures/louisa-coffee-table-wood-bump.jpg'
2026-08-12T19:03:26Z [13,907ms] [Error] [omni.rtx.materials] [UsdToMdl] Prim '/World/Task/living_room_table/Visual/Looks/Louisa_Coffee_Table_LTV3/Louisa_Coffee_Table_LTV3' parameter 'normalmap_texture': References an asset that can not be found: './materials/textures/louisa-coffee-table-wood-bump.jpg'
2026-08-12T19:03:26Z [13,907ms] [Error] [omni.rtx.materials] [UsdToMdl] Prim '/World/Task/living_room_table/Visual/Looks/Louisa_Coffee_Table_LTV3/Louisa_Coffee_Table_LTV3' parameter 'normalmap_texture': References an asset that can not be found: './materials/textures/louisa-coffee-table-wood-bump.jpg'
Starting kit application with the following args:  ['/root/autodl-tmp/isaac_sim/venv/lib/python3.12/site-packages/isaacsim/exts/isaacsim.simulation_app/isaacsim/simulation_app/simulation_app.py', '/root/autodl-tmp/isaac_sim/venv/lib/python3.12/site-packages/isaacsim/apps/isaacsim.exp.base.python.kit', '--/app/tokens/exe-path=/root/autodl-tmp/isaac_sim/venv/lib/python3.12/site-packages/isaacsim/kit', '--/persistent/app/viewport/displayOptions=3094', '--/rtx/materialDb/syncLoads=True', '--/rtx/hydra/materialSyncLoads=True', '--/omni/kit/plugin/syncUsdLoads=True', '--/app/renderer/resolution/width=1280', '--/app/renderer/resolution/height=720', '--/app/window/width=1440', '--/app/window/height=900', '--/renderer/multiGpu/enabled=True', '--/app/fastShutdown=True', '--/app/installSignalHandlers=0', '--ext-folder', '/root/autodl-tmp/isaac_sim/venv/lib/python3.12/site-packages/isaacsim/exts', '--ext-folder', '/root/autodl-tmp/isaac_sim/venv/lib/python3.12/site-packages/isaacsim/apps', '--/physics/cudaDevice=0', '--/plugins/carb.tasking.plugin/threadCount=32', '--/plugins/omni.tbb.globalcontrol/maxThreadCount=32', '--portable', '--no-window', '--/app/window/hideUi=1', '--allow-root']
Passing the following args to the base kit application:  ['--case=+Rz', '--output', '/root/autodl-tmp/VLA-Intern-Sprint/results/phase3_step7/action_parity_attempt2/isaac_+Rz.json']
Warp 1.13.0 initialized:
   CUDA Toolkit 12.9, Driver 13.0
   Devices:
     "cpu"      : "x86_64"
     "cuda:0"   : "NVIDIA GeForce RTX 5090" (31 GiB, sm_120, mempool enabled)
   Kernel cache:
     /root/autodl-tmp/isaac_cache/xdg/warp/1.13.0
2026-08-12T19:03:27Z [15,249ms] [Warning] [omni.rtx] DLSS increasing input dimensions: Render resolution of (128, 128) is below minimal input resolution of 300.
[16.840s] Simulation App Shutting Down
