WARNING: All log messages before absl::InitializeLog() is called are written to STDERR
E0000 00:00:1786561447.165504   35262 descriptor_database.cc:633] File already exists in database: grpc/health/v1/health.proto
W0000 00:00:1786561447.165543   35262 message.cc:301] Protobuf GeneratedMessageFactory: File is already registered: grpc/health/v1/health.proto
2026-08-12T19:04:06Z [Info] [carb] Logging to file: /root/autodl-tmp/isaac_sim/venv/lib/python3.12/site-packages/isaacsim/kit/logs/Kit/Isaac-Sim Python/6.0/kit_20260813_030406.log
[0.085s] [ext: omni.assets.plugins-0.0.0] startup
[0.086s] [ext: omni.blobkey-1.1.2] startup
[0.086s] [ext: omni.kit.async_engine-0.0.3] startup
[0.204s] [ext: omni.client.lib-1.1.1] startup
[0.220s] [ext: omni.client-1.3.0] startup
[0.225s] [ext: omni.protobuf.lib-1.0.0] startup
[0.226s] [ext: omni.grpc.lib-1.0.0] startup
[0.233s] [ext: omni.metrics.core-0.0.3] startup
[0.233s] [ext: omni.datastore-0.0.0] startup
[0.234s] [ext: omni.gpu_foundation.shadercache.vulkan-1.0.0] startup
[0.237s] [ext: omni.hsscclient-1.1.4] startup
[0.237s] [ext: omni.stats-1.0.1] startup
[0.238s] [ext: omni.ujitso.default-1.0.0] startup
[0.242s] [ext: omni.gpu_foundation-0.0.0] startup
[0.565s] [ext: carb.windowing.plugins-1.0.1] startup
[0.565s] [ext: omni.kit.renderer.init-1.0.1] startup
2026-08-12T19:04:07Z [611ms] [Warning] [omni.platforminfo.plugin] failed to open the default display.  Can't verify X Server version.

|---------------------------------------------------------------------------------------------|
| Driver Version: 580.105.08    | Graphics API: Vulkan
|=============================================================================================|
| GPU | Name                             | Active | LDA | GPU Memory | Vendor-ID | LUID       |
|     |                                  |        |     |            | Device-ID | UUID       |
|     |                                  |        |     |            | Bus-ID    |            |
|---------------------------------------------------------------------------------------------|
| 0   | NVIDIA GeForce RTX 5090          | Yes: 0 |     | 32853   MB | 10de      | 0          |
|     |                                  |        |     |            | 2b85      | 105e4e5f.. |
|     |                                  |        |     |            | 49        |            |
|=============================================================================================|
| OS: 22.04.5 LTS (Jammy Jellyfish) ubuntu, Version: 22.04.5, Kernel: 5.15.0-78-generic
| Processor: Intel(R) Xeon(R) Platinum 8470Q
| Bare Metal Cores: 104 | Bare Metal Logical Cores: 208
| Core Usage Quota: 25
|---------------------------------------------------------------------------------------------|
| Total Memory (MB): 92160 | Free Memory: 75970
| Total Page/Swap (MB): 0 | Free Page/Swap: 0
|---------------------------------------------------------------------------------------------|
[1.770s] [ext: omni.kit.pipapi-0.0.0] startup
[1.771s] [ext: omni.kit.telemetry-0.5.2] startup
[1.822s] [ext: omni.kit.loop-isaac-1.6.0] startup
[1.824s] [ext: omni.kit.test-2.0.7] startup
[1.885s] [ext: omni.materialx.libs-1.0.9] startup
[1.893s] [ext: omni.gpucompute.plugins-0.0.0] startup
[1.894s] [ext: omni.usd.config-1.0.7] startup
[1.898s] [ext: omni.usd.libs-1.0.3] startup
[2.010s] [ext: omni.iray.libs-0.0.1] startup
[2.019s] [ext: omni.mdl-57.0.3] startup
[2.041s] [ext: omni.mdl.neuraylib-0.2.20] startup
[2.043s] [ext: omni.kit.usd.mdl-1.1.9] startup
[2.171s] [ext: omni.appwindow-1.2.2] startup
[2.173s] [ext: omni.kit.renderer.core-1.2.2] startup
2026-08-12T19:04:09Z [2,142ms] [Warning] [carb.windowing-glfw.plugin] GLFW initialization failed.
2026-08-12T19:04:09Z [2,142ms] [Warning] [carb] Failed to startup plugin carb.windowing-glfw.plugin (interfaces: [carb::windowing::IGLContext v1.0],[carb::windowing::IWindowing v1.5]) (impl: carb.windowing-glfw.plugin)
[2.211s] [ext: omni.kit.renderer.capture-2.0.1] startup
[2.214s] [ext: omni.kit.renderer.imgui-2.0.6] startup
2026-08-12T19:04:09Z [2,169ms] [Warning] [carb.windowing-glfw.plugin] GLFW initialization failed.
2026-08-12T19:04:09Z [2,169ms] [Warning] [carb] Failed to startup plugin carb.windowing-glfw.plugin (interfaces: [carb::windowing::IGLContext v1.0],[carb::windowing::IWindowing v1.5]) (impl: carb.windowing-glfw.plugin)
2026-08-12T19:04:09Z [2,170ms] [Warning] [carb.windowing-glfw.plugin] GLFW initialization failed.
2026-08-12T19:04:09Z [2,170ms] [Warning] [carb] Failed to startup plugin carb.windowing-glfw.plugin (interfaces: [carb::windowing::IGLContext v1.0],[carb::windowing::IWindowing v1.5]) (impl: carb.windowing-glfw.plugin)
[2.306s] [ext: omni.ui-3.2.0] startup
[2.317s] [ext: omni.kit.mainwindow-1.0.3] startup
[2.318s] [ext: carb.audio-0.1.0] startup
[2.325s] [ext: omni.uiaudio-1.0.0] startup
[2.326s] [ext: omni.kit.uiapp-0.0.0] startup
[2.326s] [ext: omni.usd.schema.metrics.assembler-110.1.0] startup
[2.329s] [ext: omni.usd.schema.audio-0.0.1] startup
[2.332s] [ext: omni.usd_resolver-1.0.0] startup
[2.336s] [ext: omni.usd.core-1.8.3] startup
[2.341s] [ext: omni.metropolis.schema-0.0.3] startup
[2.341s] [ext: isaacsim.anim.robot.schema-0.1.1] startup
[2.342s] [ext: omni.usd.schema.anim-0.0.1] startup
[2.365s] [ext: omni.usd.schema.geospatial-0.0.1] startup
[2.368s] [ext: omni.usd.schema.omnigraph-1.0.1] startup
[2.375s] [ext: omni.usd.schema.semantics-0.0.0] startup
[2.378s] [ext: omni.activity.core-1.0.3] startup
[2.380s] [ext: omni.cubric-0.1.0] startup
[2.381s] [ext: omni.graph.exec-0.9.6] startup
[2.382s] [ext: omni.hydra.scene_delegate-0.3.5] startup
[2.387s] [ext: usdrt.scenegraph-7.6.3] startup
[2.424s] [ext: omni.hydra.usdrt_delegate-7.5.2] startup
[2.432s] [ext: omni.inspect-1.0.2] startup
[2.434s] [ext: omni.kit.actions.core-1.0.0] startup
[2.437s] [ext: omni.kit.audiodeviceenum-1.0.2] startup
[2.438s] [ext: omni.kit.commands-1.5.0] startup
[2.442s] [ext: omni.kit.exec.core-0.13.5] startup
[2.444s] [ext: omni.kit.usd_undo-0.1.8] startup
[2.445s] [ext: omni.kit.window.popup_dialog-2.0.25] startup
[2.449s] [ext: omni.kit.widget.nucleus_connector-2.3.1] startup
[2.452s] [ext: omni.timeline-1.1.0] startup
[2.455s] [ext: omni.usd-1.16.0] startup
[2.501s] [ext: omni.graph.core-3.1.2] startup
[2.506s] [ext: omni.kit.notification_manager-1.0.11] startup
[2.508s] [ext: isaacsim.core.deprecation_manager-0.4.2] startup
[2.508s] [ext: isaacsim.replicator.agent.schema-0.1.1] startup
[2.509s] [ext: isaacsim.robot.schema-6.3.7] startup
[2.515s] [ext: isaacsim.robot_motion.schema-0.2.1] startup
[2.516s] [ext: omni.anim.behavior.schema-110.1.0] startup
[2.520s] [ext: omni.anim.graph.schema-110.1.1] startup
[2.528s] [ext: omni.anim.navigation.schema-110.1.0] startup
[2.531s] [ext: omni.behavior.tree.schema-110.1.0] startup
[2.532s] [ext: omni.kit.asset_converter-6.0.1] startup
[2.551s] [ext: omni.usd.schema.flow-110.0.0] startup
[2.552s] [ext: omni.usd.schema.mujoco-1.1.1] startup
[2.552s] [ext: omni.usd.schema.newton-1.2.1] startup
[2.553s] [ext: omni.usd.schema.omni_lens_distortion-1.0.0] startup
[2.554s] [ext: omni.usd.schema.omni_projectors-1.0.0] startup
[2.554s] [ext: omni.usd.schema.omni_sensors-0.0.0] startup
[2.562s] [ext: omni.usd.schema.omniscripting-1.0.1] startup
[2.567s] [ext: omni.usd.schema.physical_lighting-0.1.0] startup
[2.571s] [ext: omni.usd.schema.physx-110.1.13] startup
[2.605s] [ext: omni.usd.schema.render_settings.rtx-1.0.2] startup
[2.609s] [ext: omni.usd.schema.usd_particle_field-1.0.0] startup
[2.609s] [ext: isaacsim.core.version-2.1.1] startup
[2.610s] [ext: omni.kit.menu.core-1.2.0] startup
[2.611s] [ext: omni.kit.menu.utils-2.2.4] startup
[2.618s] [ext: isaacsim.app.about-2.3.1] startup
[2.624s] [ext: isaacsim.asset.transformer-1.2.5] startup
[2.628s] [ext: omni.scene.optimizer.core-110.1.0] startup
[2.694s] [ext: isaacsim.asset.importer.utils-1.8.1] startup
[2.697s] [ext: omni.convexdecomposition-110.1.13] startup
[2.700s] [ext: omni.physics-110.1.13] startup
[2.704s] [ext: omni.physx.gpu-110.1.13] startup
[2.704s] [ext: omni.physx.foundation-110.1.13] startup
[2.706s] [ext: omni.usdphysics-110.1.13] startup
[2.708s] [ext: omni.physx.cooking-110.1.13] startup
[2.711s] [ext: omni.physx-110.1.13] startup
[2.723s] [ext: omni.physics.physx-110.1.13] startup
[2.725s] [ext: isaacsim.asset.exporter.urdf-2.0.5] startup
[2.734s] [ext: omni.kit.clipboard-1.1.1] startup
[2.735s] [ext: omni.kit.usd.layers-2.6.1] startup
[2.744s] [ext: omni.kit.widget.context_menu-1.4.0] startup
[2.746s] [ext: omni.kit.context_menu-1.9.0] startup
[2.747s] [ext: omni.kit.helper.file_utils-0.1.10] startup
[2.749s] [ext: omni.kit.widget.nucleus_info-2.0.2] startup
[2.750s] [ext: omni.kit.search_core-1.0.8] startup
[2.750s] [ext: omni.kit.widget.path_field-2.0.13] startup
[2.751s] [ext: omni.kit.widget.browser_bar-2.0.10] startup
[2.752s] [ext: omni.kit.widget.filebrowser-2.13.4] startup
[2.757s] [ext: omni.kit.widget.options_menu-1.1.6] startup
[2.760s] [ext: omni.kit.widget.options_button-1.0.3] startup
[2.761s] [ext: omni.kit.widget.search_delegate-1.0.9] startup
[2.762s] [ext: omni.ui.scene-2.0.3] startup
[2.767s] [ext: omni.kit.window.filepicker-2.15.5] startup
[2.782s] [ext: omni.kit.window.file_importer-1.1.21] startup
[2.785s] [ext: omni.kit.material.library-3.1.2] startup
[2.791s] [ext: isaacsim.asset.transformer.rules-1.7.10] startup
[2.802s] [ext: omni.usdex.libs-2.2.2] startup
[2.813s] [ext: isaacsim.asset.importer.mjcf-3.10.1] startup
[2.815s] [ext: isaacsim.asset.importer.urdf-3.11.2] startup
[2.819s] [ext: omni.kit.primitive.mesh-1.1.0] startup
[2.822s] [ext: omni.kit.stage_template.core-1.1.22] startup
[2.822s] [ext: omni.kit.stage_templates-2.0.2] startup
[2.824s] [ext: omni.usd.metrics.assembler-110.1.2] startup
[2.827s] [ext: omni.warp.core-1.13.0] startup
[3.030s] [ext: isaacsim.core.experimental.utils-0.17.2] startup
[3.031s] [ext: omni.physics.stageupdate-110.1.13] startup
[3.034s] [ext: omni.physics.tensors-110.1.13] startup
[3.039s] [ext: omni.physx.tensors-110.1.13] startup
[3.044s] [ext: isaacsim.core.simulation_manager-1.15.6] startup
[3.061s] [ext: isaacsim.storage.native-1.9.3] startup
[3.062s] [ext: omni.usd.metrics.assembler.physics-110.1.13] startup
[3.064s] [ext: isaacsim.core.utils-4.1.7] startup
[3.067s] [ext: isaacsim.core.prims-0.11.7] startup
[4.613s] [ext: isaacsim.core.api-5.2.13] startup
[4.626s] [ext: isaacsim.core.cloner-1.7.3] startup
[4.628s] [ext: isaacsim.test.docstring-1.3.2] startup
[4.634s] [ext: isaacsim.core.experimental.prims-1.8.9] startup
[4.662s] [ext: isaacsim.core.experimental.primdata-0.3.2] startup
[4.665s] [ext: omni.graph.tools-1.81.0] startup
[4.693s] [ext: omni.graph-1.142.5] startup
[4.740s] [ext: isaacsim.core.experimental.actuators-0.1.2] startup
[4.761s] [ext: isaacsim.core.experimental.materials-0.7.1] startup
[4.765s] [ext: isaacsim.core.experimental.objects-0.8.1] startup
[4.841s] [ext: omni.hydra.engine.stats-1.0.5] startup
[4.845s] [ext: omni.hydra.rtx.shadercache.vulkan-1.0.0] startup
[4.846s] [ext: omni.index.libs-387500.4413.0] startup
[4.847s] [ext: omni.index-1.0.1] startup
[4.847s] [ext: omni.ujitso.client-0.0.0] startup
[4.848s] [ext: omni.usd.schema.playback-1.0.0] startup
[4.853s] [ext: omni.volume-0.5.2] startup
[4.860s] [ext: omni.hydra.rtx-1.0.4] startup
2026-08-12T19:04:11Z [4,834ms] [Warning] [omni.log] Source: omni.hydra was already registered.
[4.907s] [ext: omni.kit.hydra_texture-1.6.0] startup
[4.913s] [ext: omni.kit.raycast.query-1.2.0] startup
[4.919s] [ext: omni.kit.viewport.legacy_gizmos-1.0.24] startup
[4.922s] [ext: omni.kit.viewport.registry-104.0.6] startup
[4.923s] [ext: omni.kit.viewport.scene_camera_model-1.0.7] startup
[4.929s] [ext: omni.kit.widget.viewport-109.2.0] startup
[4.934s] [ext: omni.kit.window.drop_support-1.0.8] startup
[4.935s] [ext: omni.kit.viewport.window-109.0.2] startup
[4.956s] [ext: omni.kit.viewport.utility-2.0.1] startup
[4.958s] [ext: isaacsim.core.rendering_manager-0.4.3] startup
[4.978s] [ext: omni.graph.action_core-1.1.9] startup
[4.982s] [ext: omni.graph.action_nodes_core-2.11.0] startup
[4.985s] [ext: omni.graph.action_nodes-2.11.0] startup
[5.024s] [ext: omni.graph.action-2.10.2] startup
[5.026s] [ext: omni.graph.image.core-0.6.1] startup
[5.027s] [ext: omni.graph.image.nodes-1.3.1] startup
[5.029s] [ext: omni.graph.nodes_core-2.11.0] startup
[5.037s] [ext: omni.graph.nodes-2.12.0] startup
[5.045s] [ext: omni.kit.hotkeys.core-1.3.12] startup
[5.047s] [ext: omni.kit.property.adapter.core-1.1.1] startup
[5.050s] [ext: omni.kit.property.adapter.usd-1.0.5] startup
[5.052s] [ext: omni.kit.widget.filter-1.1.5] startup
[5.053s] [ext: omni.kit.widget.highlight_label-1.0.3] startup
[5.054s] [ext: omni.kit.widget.searchfield-1.1.8] startup
[5.056s] [ext: omni.kit.window.file_exporter-1.0.36] startup
[5.058s] [ext: omni.kit.widget.stage-4.4.0] startup
[5.069s] [ext: omni.kit.window.content_browser_registry-0.0.6] startup
[5.070s] [ext: omni.kit.window.file-2.0.10] startup
[5.074s] [ext: omni.kit.window.content_browser-3.1.8] startup
[5.087s] [ext: omni.kit.window.property-1.15.1] startup
[5.101s] [ext: omni.kit.property.usd-4.9.4] startup
[5.117s] [ext: omni.graph.scriptnode-2.10.2] startup
[5.129s] [ext: omni.kit.widget.searchable_combobox-1.0.7] startup
[5.130s] [ext: omni.kit.widget.settings-2.0.0] startup
[5.133s] [ext: omni.kit.window.preferences-1.8.3] startup
[5.139s] [ext: omni.kit.viewport.menubar.core-107.2.2] startup
[5.153s] [ext: omni.syntheticdata-0.6.15] startup
[5.191s] [ext: omni.replicator.nv-1.1.1] startup
[5.201s] [ext: omni.videoencoding-0.2.1] startup
[5.204s] [ext: omni.replicator.core-1.13.27] startup
2026-08-12T19:04:12Z [5,168ms] [Warning] [pxr.Semantics] pxr.Semantics is deprecated - please use Semantics instead
2026-08-12T19:04:12Z [5,269ms] [Warning] [omni.replicator.core.scripts.extension] No material configuration file, adding configuration to material settings directly.
[5.507s] [ext: isaacsim.core.nodes-5.10.5] startup
[5.554s] [ext: isaacsim.core.throttling-2.3.5] startup
[5.556s] [ext: omni.kit.manipulator.viewport-107.0.1] startup
[5.557s] [ext: omni.graph.visualization.nodes-2.1.4] startup
[5.577s] [ext: omni.kit.window.extensions-1.5.10] startup
[5.584s] [ext: isaacsim.gui.components-1.8.5] startup
[5.590s] [ext: isaacsim.robot.surface_gripper-3.6.2] startup
[5.607s] [ext: isaacsim.robot.manipulators-3.4.4] startup
[5.621s] [ext: isaacsim.robot_motion.lula-4.1.3] startup
[5.631s] [ext: isaacsim.robot_motion.motion_generation-8.2.9] startup
[5.639s] [ext: isaacsim.cortex.framework-1.0.18] startup
[5.642s] [ext: isaacsim.cortex.behaviors-2.0.17] startup
[5.644s] [ext: isaacsim.examples.base-1.3.2] startup
[5.646s] [ext: omni.kit.widget.zoombar-1.0.7] startup
[5.648s] [ext: omni.kit.browser.core-2.3.18] startup
[5.654s] [ext: omni.kit.browser.folder.core-2.0.2] startup
[5.661s] [ext: omni.kit.widget.stage_icons-1.0.8] startup
[5.662s] [ext: omni.kit.window.stage-2.6.1] startup
[5.667s] [ext: omni.kit.menu.stage-1.2.7] startup
[5.669s] [ext: omni.kit.usd.collect-3.0.6] startup
[5.673s] [ext: omni.kit.widget.prompt-1.0.7] startup
[5.674s] [ext: omni.kit.tool.collect-2.2.19] startup
[5.677s] [ext: isaacsim.examples.browser-0.3.2] startup
[5.680s] [ext: omni.kit.search.files-1.0.4] startup
[5.681s] [ext: omni.kit.widget.calendar-1.0.9] startup
[5.683s] [ext: omni.kit.widget.extended_searchfield-1.0.31] startup
[5.694s] [ext: omni.simready.content.browser-0.3.7] startup
[5.802s] [ext: isaacsim.gui.content_browser-0.4.3] startup
[5.806s] [ext: omni.kit.selection-0.1.6] startup
[5.808s] [ext: isaacsim.gui.menu-2.10.5] startup
[5.818s] [ext: isaacsim.gui.property-1.6.4] startup
[5.827s] [ext: omni.kit.viewport.actions-110.0.0] startup
[5.832s] [ext: omni.kit.viewport.menubar.display-107.1.3] startup
[5.835s] [ext: isaacsim.gui.sensors.icon-2.2.1] startup
[5.839s] [ext: omni.behavior.scripting.core-110.1.0] startup
[5.843s] [ext: isaacsim.replicator.behavior-1.5.4] startup
[5.844s] [ext: isaacsim.replicator.experimental.domain_randomization-1.2.5] startup
[5.867s] [ext: isaacsim.replicator.domain_randomization-1.2.2] startup
[5.963s] [ext: isaacsim.replicator.writers-1.5.4] startup
[5.995s] [ext: isaacsim.robot.experimental.wheeled_robots-0.2.11] startup
[6.022s] [ext: isaacsim.robot.policy.examples-5.2.12] startup
[6.048s] [ext: isaacsim.robot.wheeled_robots-5.2.4] startup
[6.053s] [ext: isaacsim.robot.wheeled_robots.nodes-0.1.5] startup
[6.083s] [ext: isaacsim.robot_motion.experimental.motion_generation-6.1.3] startup
[6.096s] [ext: isaacsim.robot_motion.cumotion-1.3.1] startup
[6.113s] [ext: omni.kit.numpy.common-0.1.3] startup
[6.115s] [ext: isaacsim.sensors.camera-1.7.9] startup
[6.151s] [ext: isaacsim.sensors.experimental.physics-3.0.2] startup
[6.162s] [ext: omni.sensors.net-1.0.1] startup
[6.168s] [ext: omni.sensors.nv.common-3.0.0] startup
[6.187s] [ext: omni.sensors.nv.materials-2.0.0] startup
[6.192s] [ext: omni.sensors.nv.acoustic-3.0.0] startup
[6.196s] [ext: omni.sensors.nv.ids-2.0.1] startup
[6.198s] [ext: omni.sensors.nv.lidar-3.0.0] startup
[6.204s] [ext: omni.sensors.nv.radar-3.0.0] startup
[6.208s] [ext: isaacsim.sensors.experimental.rtx-1.4.6] startup
[6.469s] [ext: isaacsim.sensors.physics.nodes-1.5.3] startup
[6.479s] [ext: isaacsim.util.debug_draw-3.2.3] startup
[6.487s] [ext: isaacsim.sensors.physx-2.5.5] startup
[6.498s] [ext: isaacsim.sensors.rtx-15.17.1] startup
[6.514s] [ext: isaacsim.simulation_app-2.18.4] startup
[6.515s] [ext: omni.anim.curve.core-1.6.0] startup
[6.528s] [ext: omni.graph.ui_nodes-2.11.1] startup
[6.581s] [ext: omni.hydra.scene_api-0.1.3] startup
[6.588s] [ext: omni.kit.manipulator.camera-110.0.0] startup
[6.593s] [ext: omni.kit.manipulator.selector-1.1.4] startup
[6.595s] [ext: omni.kit.manipulator.transform-107.0.0] startup
[6.600s] [ext: omni.kit.widget.toolbar-2.1.0] startup
[6.608s] [ext: omni.kit.manipulator.tool.snap-1.5.14] startup
[6.614s] [ext: omni.kit.viewport.manipulator.transform-107.0.4] startup
[6.616s] [ext: omni.kit.manipulator.prim.core-108.0.2] startup
[6.623s] [ext: omni.kit.manipulator.prim.usd-107.0.3] startup
[6.625s] [ext: omni.kit.manipulator.prim-108.0.0] startup
[6.625s] [ext: omni.kit.manipulator.selection-109.0.1] startup
[6.627s] [ext: omni.kit.menu.create-2.0.2] startup
[6.629s] [ext: omni.kit.property.audio-1.0.16] startup
[6.634s] [ext: omni.kit.property.camera-1.0.14] startup
[6.636s] [ext: omni.kit.property.geometry-2.1.2] startup
[6.640s] [ext: omni.kit.property.light-1.0.14] startup
2026-08-12T19:04:13Z [6,628ms] [Warning] [omni.usd] Encountered USD Warnings but USD Diagnostics are currently muted. To view USD Warnings, please set the '/persistent/app/usd/muteUsdDiagnostics' setting to false in Preferences page.
[6.771s] [ext: omni.kit.property.material-1.14.6] startup
[6.779s] [ext: omni.kit.property.render-1.2.2] startup
[6.781s] [ext: omni.kit.property.transform-1.6.9] startup
[6.786s] [ext: omni.kit.property.bundle-1.5.1] startup
[6.788s] [ext: omni.kit.usdz_export-1.1.0] startup
[6.791s] [ext: omni.kit.tool.asset_importer-6.0.1] startup
[6.798s] [ext: omni.kit.ui.actions-1.0.5] startup
[6.800s] [ext: omni.kit.viewport.menubar.camera-107.0.10] startup
[6.806s] [ext: omni.kit.viewport.menubar.lighting-107.3.2] startup
[6.809s] [ext: omni.kit.viewport.menubar.render-110.0.0] startup
[6.812s] [ext: omni.kit.viewport.menubar.settings-110.0.1] startup
[6.817s] [ext: omni.kit.window.console-1.1.9] startup
[6.823s] [ext: omni.kit.window.status_bar-0.1.11] startup
[6.826s] [ext: omni.kit.window.toolbar-3.0.3] startup
[6.829s] [ext: omni.ocio-0.1.1] startup
[6.831s] [ext: omni.physx.commands-110.1.13] startup
[6.835s] [ext: omni.replicator.replicator_yaml-2.0.12] startup
[6.849s] [ext: omni.rtx.window.settings-0.8.0] startup
[6.855s] [ext: omni.rtx.settings.core-0.7.1] startup
[6.859s] [ext: omni.usd.metrics.assembler.ui-110.1.1] startup
[6.867s] [ext: semantics.schema.editor-2.0.2] startup
[6.871s] [ext: semantics.schema.property-2.0.2] startup
[6.873s] [ext: omni.kit.menu.common-2.0.2] startup
[6.875s] [ext: isaacsim.exp.base-6.0.1] startup
[6.875s] [ext: isaacsim.exp.base.python-6.0.1] startup
[6.877s] Simulation App Starting
[9.947s] Simulation App Startup Complete
[9.959s] app ready
[10.624s] [ext: isaacsim.robot_motion.pink-0.1.3] startup
2026-08-12T19:04:20Z [13,440ms] [Error] [omni.rtx.materials] [UsdToMdl] Prim '/World/Task/living_room_table/Visual/Looks/Louisa_Coffee_Table_LTV3/Louisa_Coffee_Table_LTV3' parameter 'normalmap_texture': References an asset that can not be found: './materials/textures/louisa-coffee-table-wood-bump.jpg'
2026-08-12T19:04:20Z [13,445ms] [Error] [omni.rtx.materials] [UsdToMdl] Prim '/World/Task/living_room_table/Visual/Looks/Louisa_Coffee_Table_LTV3/Louisa_Coffee_Table_LTV3' parameter 'normalmap_texture': References an asset that can not be found: './materials/textures/louisa-coffee-table-wood-bump.jpg'
2026-08-12T19:04:20Z [14,006ms] [Error] [omni.rtx.materials] [UsdToMdl] Prim '/World/Task/living_room_table/Visual/Looks/Louisa_Coffee_Table_LTV3/Louisa_Coffee_Table_LTV3' parameter 'normalmap_texture': References an asset that can not be found: './materials/textures/louisa-coffee-table-wood-bump.jpg'
2026-08-12T19:04:20Z [14,006ms] [Error] [omni.rtx.materials] [UsdToMdl] Prim '/World/Task/living_room_table/Visual/Looks/Louisa_Coffee_Table_LTV3/Louisa_Coffee_Table_LTV3' parameter 'normalmap_texture': References an asset that can not be found: './materials/textures/louisa-coffee-table-wood-bump.jpg'
Starting kit application with the following args:  ['/root/autodl-tmp/isaac_sim/venv/lib/python3.12/site-packages/isaacsim/exts/isaacsim.simulation_app/isaacsim/simulation_app/simulation_app.py', '/root/autodl-tmp/isaac_sim/venv/lib/python3.12/site-packages/isaacsim/apps/isaacsim.exp.base.python.kit', '--/app/tokens/exe-path=/root/autodl-tmp/isaac_sim/venv/lib/python3.12/site-packages/isaacsim/kit', '--/persistent/app/viewport/displayOptions=3094', '--/rtx/materialDb/syncLoads=True', '--/rtx/hydra/materialSyncLoads=True', '--/omni/kit/plugin/syncUsdLoads=True', '--/app/renderer/resolution/width=1280', '--/app/renderer/resolution/height=720', '--/app/window/width=1440', '--/app/window/height=900', '--/renderer/multiGpu/enabled=True', '--/app/fastShutdown=True', '--/app/installSignalHandlers=0', '--ext-folder', '/root/autodl-tmp/isaac_sim/venv/lib/python3.12/site-packages/isaacsim/exts', '--ext-folder', '/root/autodl-tmp/isaac_sim/venv/lib/python3.12/site-packages/isaacsim/apps', '--/physics/cudaDevice=0', '--/plugins/carb.tasking.plugin/threadCount=32', '--/plugins/omni.tbb.globalcontrol/maxThreadCount=32', '--portable', '--no-window', '--/app/window/hideUi=1', '--allow-root']
Passing the following args to the base kit application:  ['--case=close', '--output', '/root/autodl-tmp/VLA-Intern-Sprint/results/phase3_step7/action_parity_attempt2/isaac_close.json']
Warp 1.13.0 initialized:
   CUDA Toolkit 12.9, Driver 13.0
   Devices:
     "cpu"      : "x86_64"
     "cuda:0"   : "NVIDIA GeForce RTX 5090" (31 GiB, sm_120, mempool enabled)
   Kernel cache:
     /root/autodl-tmp/isaac_cache/xdg/warp/1.13.0
2026-08-12T19:04:22Z [15,325ms] [Warning] [omni.rtx] DLSS increasing input dimensions: Render resolution of (128, 128) is below minimal input resolution of 300.
[16.899s] Simulation App Shutting Down
