WARNING: All log messages before absl::InitializeLog() is called are written to STDERR
E0000 00:00:1786561301.447234   28982 descriptor_database.cc:633] File already exists in database: grpc/health/v1/health.proto
W0000 00:00:1786561301.447279   28982 message.cc:301] Protobuf GeneratedMessageFactory: File is already registered: grpc/health/v1/health.proto
2026-08-12T19:01:41Z [Info] [carb] Logging to file: /root/autodl-tmp/isaac_sim/venv/lib/python3.12/site-packages/isaacsim/kit/logs/Kit/Isaac-Sim Python/6.0/kit_20260813_030141.log
[0.115s] [ext: omni.assets.plugins-0.0.0] startup
[0.117s] [ext: omni.blobkey-1.1.2] startup
[0.117s] [ext: omni.kit.async_engine-0.0.3] startup
[0.255s] [ext: omni.client.lib-1.1.1] startup
[0.271s] [ext: omni.client-1.3.0] startup
[0.276s] [ext: omni.protobuf.lib-1.0.0] startup
[0.278s] [ext: omni.grpc.lib-1.0.0] startup
[0.284s] [ext: omni.metrics.core-0.0.3] startup
[0.284s] [ext: omni.datastore-0.0.0] startup
[0.285s] [ext: omni.gpu_foundation.shadercache.vulkan-1.0.0] startup
[0.288s] [ext: omni.hsscclient-1.1.4] startup
[0.288s] [ext: omni.stats-1.0.1] startup
[0.289s] [ext: omni.ujitso.default-1.0.0] startup
[0.293s] [ext: omni.gpu_foundation-0.0.0] startup
[0.651s] [ext: carb.windowing.plugins-1.0.1] startup
[0.652s] [ext: omni.kit.renderer.init-1.0.1] startup
2026-08-12T19:01:41Z [716ms] [Warning] [omni.platforminfo.plugin] failed to open the default display.  Can't verify X Server version.

|---------------------------------------------------------------------------------------------|
| Driver Version: 580.105.08    | Graphics API: Vulkan
|=============================================================================================|
| GPU | Name                             | Active | LDA | GPU Memory | Vendor-ID | LUID       |
|     |                                  |        |     |            | Device-ID | UUID       |
|     |                                  |        |     |            | Bus-ID    |            |
|---------------------------------------------------------------------------------------------|
| 0   | NVIDIA GeForce RTX 5090          | Yes: 0 |     | 32853   MB | 10de      | 0          |
|     |                                  |        |     |            | 2b85      | 105e4e5f.. |
|     |                                  |        |     |            | 49        |            |
|=============================================================================================|
| OS: 22.04.5 LTS (Jammy Jellyfish) ubuntu, Version: 22.04.5, Kernel: 5.15.0-78-generic
| Processor: Intel(R) Xeon(R) Platinum 8470Q
| Bare Metal Cores: 104 | Bare Metal Logical Cores: 208
| Core Usage Quota: 25
|---------------------------------------------------------------------------------------------|
| Total Memory (MB): 92160 | Free Memory: 75891
| Total Page/Swap (MB): 0 | Free Page/Swap: 0
|---------------------------------------------------------------------------------------------|
[1.933s] [ext: omni.kit.pipapi-0.0.0] startup
[1.935s] [ext: omni.kit.telemetry-0.5.2] startup
[1.985s] [ext: omni.kit.loop-isaac-1.6.0] startup
[1.988s] [ext: omni.kit.test-2.0.7] startup
[2.047s] [ext: omni.materialx.libs-1.0.9] startup
[2.055s] [ext: omni.gpucompute.plugins-0.0.0] startup
[2.056s] [ext: omni.usd.config-1.0.7] startup
[2.059s] [ext: omni.usd.libs-1.0.3] startup
[2.173s] [ext: omni.iray.libs-0.0.1] startup
[2.180s] [ext: omni.mdl-57.0.3] startup
[2.202s] [ext: omni.mdl.neuraylib-0.2.20] startup
[2.205s] [ext: omni.kit.usd.mdl-1.1.9] startup
[2.332s] [ext: omni.appwindow-1.2.2] startup
[2.335s] [ext: omni.kit.renderer.core-1.2.2] startup
2026-08-12T19:01:43Z [2,287ms] [Warning] [carb.windowing-glfw.plugin] GLFW initialization failed.
2026-08-12T19:01:43Z [2,287ms] [Warning] [carb] Failed to startup plugin carb.windowing-glfw.plugin (interfaces: [carb::windowing::IGLContext v1.0],[carb::windowing::IWindowing v1.5]) (impl: carb.windowing-glfw.plugin)
[2.372s] [ext: omni.kit.renderer.capture-2.0.1] startup
[2.374s] [ext: omni.kit.renderer.imgui-2.0.6] startup
2026-08-12T19:01:43Z [2,313ms] [Warning] [carb.windowing-glfw.plugin] GLFW initialization failed.
2026-08-12T19:01:43Z [2,313ms] [Warning] [carb] Failed to startup plugin carb.windowing-glfw.plugin (interfaces: [carb::windowing::IGLContext v1.0],[carb::windowing::IWindowing v1.5]) (impl: carb.windowing-glfw.plugin)
2026-08-12T19:01:43Z [2,314ms] [Warning] [carb.windowing-glfw.plugin] GLFW initialization failed.
2026-08-12T19:01:43Z [2,314ms] [Warning] [carb] Failed to startup plugin carb.windowing-glfw.plugin (interfaces: [carb::windowing::IGLContext v1.0],[carb::windowing::IWindowing v1.5]) (impl: carb.windowing-glfw.plugin)
[2.461s] [ext: omni.ui-3.2.0] startup
[2.472s] [ext: omni.kit.mainwindow-1.0.3] startup
[2.473s] [ext: carb.audio-0.1.0] startup
[2.499s] [ext: omni.uiaudio-1.0.0] startup
[2.501s] [ext: omni.kit.uiapp-0.0.0] startup
[2.501s] [ext: omni.usd.schema.metrics.assembler-110.1.0] startup
[2.504s] [ext: omni.usd.schema.audio-0.0.1] startup
[2.507s] [ext: omni.usd_resolver-1.0.0] startup
[2.511s] [ext: omni.usd.core-1.8.3] startup
[2.516s] [ext: omni.metropolis.schema-0.0.3] startup
[2.516s] [ext: isaacsim.anim.robot.schema-0.1.1] startup
[2.517s] [ext: omni.usd.schema.anim-0.0.1] startup
[2.538s] [ext: omni.usd.schema.geospatial-0.0.1] startup
[2.541s] [ext: omni.usd.schema.omnigraph-1.0.1] startup
[2.547s] [ext: omni.usd.schema.semantics-0.0.0] startup
[2.550s] [ext: omni.activity.core-1.0.3] startup
[2.551s] [ext: omni.cubric-0.1.0] startup
[2.551s] [ext: omni.graph.exec-0.9.6] startup
[2.552s] [ext: omni.hydra.scene_delegate-0.3.5] startup
[2.556s] [ext: usdrt.scenegraph-7.6.3] startup
[2.586s] [ext: omni.hydra.usdrt_delegate-7.5.2] startup
[2.593s] [ext: omni.inspect-1.0.2] startup
[2.595s] [ext: omni.kit.actions.core-1.0.0] startup
[2.597s] [ext: omni.kit.audiodeviceenum-1.0.2] startup
[2.598s] [ext: omni.kit.commands-1.5.0] startup
[2.602s] [ext: omni.kit.exec.core-0.13.5] startup
[2.604s] [ext: omni.kit.usd_undo-0.1.8] startup
[2.604s] [ext: omni.kit.window.popup_dialog-2.0.25] startup
[2.608s] [ext: omni.kit.widget.nucleus_connector-2.3.1] startup
[2.611s] [ext: omni.timeline-1.1.0] startup
[2.613s] [ext: omni.usd-1.16.0] startup
[2.661s] [ext: omni.graph.core-3.1.2] startup
[2.665s] [ext: omni.kit.notification_manager-1.0.11] startup
[2.668s] [ext: isaacsim.core.deprecation_manager-0.4.2] startup
[2.669s] [ext: isaacsim.replicator.agent.schema-0.1.1] startup
[2.669s] [ext: isaacsim.robot.schema-6.3.7] startup
[2.675s] [ext: isaacsim.robot_motion.schema-0.2.1] startup
[2.676s] [ext: omni.anim.behavior.schema-110.1.0] startup
[2.680s] [ext: omni.anim.graph.schema-110.1.1] startup
[2.687s] [ext: omni.anim.navigation.schema-110.1.0] startup
[2.690s] [ext: omni.behavior.tree.schema-110.1.0] startup
[2.691s] [ext: omni.kit.asset_converter-6.0.1] startup
[2.707s] [ext: omni.usd.schema.flow-110.0.0] startup
[2.707s] [ext: omni.usd.schema.mujoco-1.1.1] startup
[2.708s] [ext: omni.usd.schema.newton-1.2.1] startup
[2.709s] [ext: omni.usd.schema.omni_lens_distortion-1.0.0] startup
[2.709s] [ext: omni.usd.schema.omni_projectors-1.0.0] startup
[2.710s] [ext: omni.usd.schema.omni_sensors-0.0.0] startup
[2.718s] [ext: omni.usd.schema.omniscripting-1.0.1] startup
[2.723s] [ext: omni.usd.schema.physical_lighting-0.1.0] startup
[2.727s] [ext: omni.usd.schema.physx-110.1.13] startup
[2.761s] [ext: omni.usd.schema.render_settings.rtx-1.0.2] startup
[2.765s] [ext: omni.usd.schema.usd_particle_field-1.0.0] startup
[2.765s] [ext: isaacsim.core.version-2.1.1] startup
[2.766s] [ext: omni.kit.menu.core-1.2.0] startup
[2.767s] [ext: omni.kit.menu.utils-2.2.4] startup
[2.775s] [ext: isaacsim.app.about-2.3.1] startup
[2.780s] [ext: isaacsim.asset.transformer-1.2.5] startup
[2.784s] [ext: omni.scene.optimizer.core-110.1.0] startup
[2.849s] [ext: isaacsim.asset.importer.utils-1.8.1] startup
[2.852s] [ext: omni.convexdecomposition-110.1.13] startup
[2.855s] [ext: omni.physics-110.1.13] startup
[2.859s] [ext: omni.physx.gpu-110.1.13] startup
[2.859s] [ext: omni.physx.foundation-110.1.13] startup
[2.864s] [ext: omni.usdphysics-110.1.13] startup
[2.866s] [ext: omni.physx.cooking-110.1.13] startup
[2.869s] [ext: omni.physx-110.1.13] startup
[2.881s] [ext: omni.physics.physx-110.1.13] startup
[2.884s] [ext: isaacsim.asset.exporter.urdf-2.0.5] startup
[2.892s] [ext: omni.kit.clipboard-1.1.1] startup
[2.893s] [ext: omni.kit.usd.layers-2.6.1] startup
[2.902s] [ext: omni.kit.widget.context_menu-1.4.0] startup
[2.903s] [ext: omni.kit.context_menu-1.9.0] startup
[2.905s] [ext: omni.kit.helper.file_utils-0.1.10] startup
[2.906s] [ext: omni.kit.widget.nucleus_info-2.0.2] startup
[2.907s] [ext: omni.kit.search_core-1.0.8] startup
[2.908s] [ext: omni.kit.widget.path_field-2.0.13] startup
[2.909s] [ext: omni.kit.widget.browser_bar-2.0.10] startup
[2.909s] [ext: omni.kit.widget.filebrowser-2.13.4] startup
[2.916s] [ext: omni.kit.widget.options_menu-1.1.6] startup
[2.919s] [ext: omni.kit.widget.options_button-1.0.3] startup
[2.919s] [ext: omni.kit.widget.search_delegate-1.0.9] startup
[2.920s] [ext: omni.ui.scene-2.0.3] startup
[2.926s] [ext: omni.kit.window.filepicker-2.15.5] startup
[2.940s] [ext: omni.kit.window.file_importer-1.1.21] startup
[2.942s] [ext: omni.kit.material.library-3.1.2] startup
[2.949s] [ext: isaacsim.asset.transformer.rules-1.7.10] startup
[2.960s] [ext: omni.usdex.libs-2.2.2] startup
[2.971s] [ext: isaacsim.asset.importer.mjcf-3.10.1] startup
[2.973s] [ext: isaacsim.asset.importer.urdf-3.11.2] startup
[2.977s] [ext: omni.kit.primitive.mesh-1.1.0] startup
[2.980s] [ext: omni.kit.stage_template.core-1.1.22] startup
[2.981s] [ext: omni.kit.stage_templates-2.0.2] startup
[2.982s] [ext: omni.usd.metrics.assembler-110.1.2] startup
[2.986s] [ext: omni.warp.core-1.13.0] startup
[3.209s] [ext: isaacsim.core.experimental.utils-0.17.2] startup
[3.211s] [ext: omni.physics.stageupdate-110.1.13] startup
[3.213s] [ext: omni.physics.tensors-110.1.13] startup
[3.219s] [ext: omni.physx.tensors-110.1.13] startup
[3.223s] [ext: isaacsim.core.simulation_manager-1.15.6] startup
[3.239s] [ext: isaacsim.storage.native-1.9.3] startup
[3.241s] [ext: omni.usd.metrics.assembler.physics-110.1.13] startup
[3.243s] [ext: isaacsim.core.utils-4.1.7] startup
[3.246s] [ext: isaacsim.core.prims-0.11.7] startup
[4.644s] [ext: isaacsim.core.api-5.2.13] startup
[4.654s] [ext: isaacsim.core.cloner-1.7.3] startup
[4.656s] [ext: isaacsim.test.docstring-1.3.2] startup
[4.661s] [ext: isaacsim.core.experimental.prims-1.8.9] startup
[4.687s] [ext: isaacsim.core.experimental.primdata-0.3.2] startup
[4.690s] [ext: omni.graph.tools-1.81.0] startup
[4.716s] [ext: omni.graph-1.142.5] startup
[4.760s] [ext: isaacsim.core.experimental.actuators-0.1.2] startup
[4.782s] [ext: isaacsim.core.experimental.materials-0.7.1] startup
[4.787s] [ext: isaacsim.core.experimental.objects-0.8.1] startup
[4.860s] [ext: omni.hydra.engine.stats-1.0.5] startup
[4.864s] [ext: omni.hydra.rtx.shadercache.vulkan-1.0.0] startup
[4.865s] [ext: omni.index.libs-387500.4413.0] startup
[4.865s] [ext: omni.index-1.0.1] startup
[4.866s] [ext: omni.ujitso.client-0.0.0] startup
[4.867s] [ext: omni.usd.schema.playback-1.0.0] startup
[4.871s] [ext: omni.volume-0.5.2] startup
[4.878s] [ext: omni.hydra.rtx-1.0.4] startup
2026-08-12T19:01:46Z [4,836ms] [Warning] [omni.log] Source: omni.hydra was already registered.
[4.923s] [ext: omni.kit.hydra_texture-1.6.0] startup
[4.928s] [ext: omni.kit.raycast.query-1.2.0] startup
[4.934s] [ext: omni.kit.viewport.legacy_gizmos-1.0.24] startup
[4.938s] [ext: omni.kit.viewport.registry-104.0.6] startup
[4.939s] [ext: omni.kit.viewport.scene_camera_model-1.0.7] startup
[4.944s] [ext: omni.kit.widget.viewport-109.2.0] startup
[4.950s] [ext: omni.kit.window.drop_support-1.0.8] startup
[4.951s] [ext: omni.kit.viewport.window-109.0.2] startup
[4.972s] [ext: omni.kit.viewport.utility-2.0.1] startup
[4.973s] [ext: isaacsim.core.rendering_manager-0.4.3] startup
[4.995s] [ext: omni.graph.action_core-1.1.9] startup
[4.998s] [ext: omni.graph.action_nodes_core-2.11.0] startup
[5.001s] [ext: omni.graph.action_nodes-2.11.0] startup
[5.040s] [ext: omni.graph.action-2.10.2] startup
[5.042s] [ext: omni.graph.image.core-0.6.1] startup
[5.043s] [ext: omni.graph.image.nodes-1.3.1] startup
[5.044s] [ext: omni.graph.nodes_core-2.11.0] startup
[5.052s] [ext: omni.graph.nodes-2.12.0] startup
[5.060s] [ext: omni.kit.hotkeys.core-1.3.12] startup
[5.061s] [ext: omni.kit.property.adapter.core-1.1.1] startup
[5.064s] [ext: omni.kit.property.adapter.usd-1.0.5] startup
[5.066s] [ext: omni.kit.widget.filter-1.1.5] startup
[5.067s] [ext: omni.kit.widget.highlight_label-1.0.3] startup
[5.068s] [ext: omni.kit.widget.searchfield-1.1.8] startup
[5.070s] [ext: omni.kit.window.file_exporter-1.0.36] startup
[5.072s] [ext: omni.kit.widget.stage-4.4.0] startup
[5.082s] [ext: omni.kit.window.content_browser_registry-0.0.6] startup
[5.083s] [ext: omni.kit.window.file-2.0.10] startup
[5.087s] [ext: omni.kit.window.content_browser-3.1.8] startup
[5.099s] [ext: omni.kit.window.property-1.15.1] startup
[5.113s] [ext: omni.kit.property.usd-4.9.4] startup
[5.126s] [ext: omni.graph.scriptnode-2.10.2] startup
[5.138s] [ext: omni.kit.widget.searchable_combobox-1.0.7] startup
[5.139s] [ext: omni.kit.widget.settings-2.0.0] startup
[5.142s] [ext: omni.kit.window.preferences-1.8.3] startup
[5.148s] [ext: omni.kit.viewport.menubar.core-107.2.2] startup
[5.163s] [ext: omni.syntheticdata-0.6.15] startup
[5.203s] [ext: omni.replicator.nv-1.1.1] startup
[5.212s] [ext: omni.videoencoding-0.2.1] startup
[5.215s] [ext: omni.replicator.core-1.13.27] startup
2026-08-12T19:01:46Z [5,162ms] [Warning] [pxr.Semantics] pxr.Semantics is deprecated - please use Semantics instead
2026-08-12T19:01:46Z [5,262ms] [Warning] [omni.replicator.core.scripts.extension] No material configuration file, adding configuration to material settings directly.
[5.521s] [ext: isaacsim.core.nodes-5.10.5] startup
[5.575s] [ext: isaacsim.core.throttling-2.3.5] startup
[5.577s] [ext: omni.kit.manipulator.viewport-107.0.1] startup
[5.579s] [ext: omni.graph.visualization.nodes-2.1.4] startup
[5.600s] [ext: omni.kit.window.extensions-1.5.10] startup
[5.607s] [ext: isaacsim.gui.components-1.8.5] startup
[5.613s] [ext: isaacsim.robot.surface_gripper-3.6.2] startup
[5.628s] [ext: isaacsim.robot.manipulators-3.4.4] startup
[5.642s] [ext: isaacsim.robot_motion.lula-4.1.3] startup
[5.652s] [ext: isaacsim.robot_motion.motion_generation-8.2.9] startup
[5.660s] [ext: isaacsim.cortex.framework-1.0.18] startup
[5.662s] [ext: isaacsim.cortex.behaviors-2.0.17] startup
[5.664s] [ext: isaacsim.examples.base-1.3.2] startup
[5.667s] [ext: omni.kit.widget.zoombar-1.0.7] startup
[5.668s] [ext: omni.kit.browser.core-2.3.18] startup
[5.673s] [ext: omni.kit.browser.folder.core-2.0.2] startup
[5.678s] [ext: omni.kit.widget.stage_icons-1.0.8] startup
[5.679s] [ext: omni.kit.window.stage-2.6.1] startup
[5.684s] [ext: omni.kit.menu.stage-1.2.7] startup
[5.686s] [ext: omni.kit.usd.collect-3.0.6] startup
[5.689s] [ext: omni.kit.widget.prompt-1.0.7] startup
[5.691s] [ext: omni.kit.tool.collect-2.2.19] startup
[5.693s] [ext: isaacsim.examples.browser-0.3.2] startup
[5.696s] [ext: omni.kit.search.files-1.0.4] startup
[5.698s] [ext: omni.kit.widget.calendar-1.0.9] startup
[5.699s] [ext: omni.kit.widget.extended_searchfield-1.0.31] startup
[5.710s] [ext: omni.simready.content.browser-0.3.7] startup
[5.820s] [ext: isaacsim.gui.content_browser-0.4.3] startup
[5.824s] [ext: omni.kit.selection-0.1.6] startup
[5.825s] [ext: isaacsim.gui.menu-2.10.5] startup
[5.835s] [ext: isaacsim.gui.property-1.6.4] startup
[5.844s] [ext: omni.kit.viewport.actions-110.0.0] startup
[5.849s] [ext: omni.kit.viewport.menubar.display-107.1.3] startup
[5.851s] [ext: isaacsim.gui.sensors.icon-2.2.1] startup
[5.855s] [ext: omni.behavior.scripting.core-110.1.0] startup
[5.859s] [ext: isaacsim.replicator.behavior-1.5.4] startup
[5.860s] [ext: isaacsim.replicator.experimental.domain_randomization-1.2.5] startup
[5.882s] [ext: isaacsim.replicator.domain_randomization-1.2.2] startup
[5.976s] [ext: isaacsim.replicator.writers-1.5.4] startup
[6.012s] [ext: isaacsim.robot.experimental.wheeled_robots-0.2.11] startup
[6.039s] [ext: isaacsim.robot.policy.examples-5.2.12] startup
[6.064s] [ext: isaacsim.robot.wheeled_robots-5.2.4] startup
[6.070s] [ext: isaacsim.robot.wheeled_robots.nodes-0.1.5] startup
[6.099s] [ext: isaacsim.robot_motion.experimental.motion_generation-6.1.3] startup
[6.112s] [ext: isaacsim.robot_motion.cumotion-1.3.1] startup
[6.130s] [ext: omni.kit.numpy.common-0.1.3] startup
[6.132s] [ext: isaacsim.sensors.camera-1.7.9] startup
[6.165s] [ext: isaacsim.sensors.experimental.physics-3.0.2] startup
[6.175s] [ext: omni.sensors.net-1.0.1] startup
[6.182s] [ext: omni.sensors.nv.common-3.0.0] startup
[6.200s] [ext: omni.sensors.nv.materials-2.0.0] startup
[6.205s] [ext: omni.sensors.nv.acoustic-3.0.0] startup
[6.209s] [ext: omni.sensors.nv.ids-2.0.1] startup
[6.211s] [ext: omni.sensors.nv.lidar-3.0.0] startup
[6.216s] [ext: omni.sensors.nv.radar-3.0.0] startup
[6.222s] [ext: isaacsim.sensors.experimental.rtx-1.4.6] startup
[6.486s] [ext: isaacsim.sensors.physics.nodes-1.5.3] startup
[6.496s] [ext: isaacsim.util.debug_draw-3.2.3] startup
[6.505s] [ext: isaacsim.sensors.physx-2.5.5] startup
[6.519s] [ext: isaacsim.sensors.rtx-15.17.1] startup
[6.534s] [ext: isaacsim.simulation_app-2.18.4] startup
[6.535s] [ext: omni.anim.curve.core-1.6.0] startup
[6.548s] [ext: omni.graph.ui_nodes-2.11.1] startup
[6.599s] [ext: omni.hydra.scene_api-0.1.3] startup
[6.606s] [ext: omni.kit.manipulator.camera-110.0.0] startup
[6.611s] [ext: omni.kit.manipulator.selector-1.1.4] startup
[6.613s] [ext: omni.kit.manipulator.transform-107.0.0] startup
[6.618s] [ext: omni.kit.widget.toolbar-2.1.0] startup
[6.626s] [ext: omni.kit.manipulator.tool.snap-1.5.14] startup
[6.631s] [ext: omni.kit.viewport.manipulator.transform-107.0.4] startup
[6.633s] [ext: omni.kit.manipulator.prim.core-108.0.2] startup
[6.640s] [ext: omni.kit.manipulator.prim.usd-107.0.3] startup
[6.642s] [ext: omni.kit.manipulator.prim-108.0.0] startup
[6.642s] [ext: omni.kit.manipulator.selection-109.0.1] startup
[6.644s] [ext: omni.kit.menu.create-2.0.2] startup
[6.646s] [ext: omni.kit.property.audio-1.0.16] startup
[6.651s] [ext: omni.kit.property.camera-1.0.14] startup
[6.653s] [ext: omni.kit.property.geometry-2.1.2] startup
[6.657s] [ext: omni.kit.property.light-1.0.14] startup
2026-08-12T19:01:47Z [6,627ms] [Warning] [omni.usd] Encountered USD Warnings but USD Diagnostics are currently muted. To view USD Warnings, please set the '/persistent/app/usd/muteUsdDiagnostics' setting to false in Preferences page.
[6.863s] [ext: omni.kit.property.material-1.14.6] startup
[6.880s] [ext: omni.kit.property.render-1.2.2] startup
[6.884s] [ext: omni.kit.property.transform-1.6.9] startup
[6.894s] [ext: omni.kit.property.bundle-1.5.1] startup
[6.899s] [ext: omni.kit.usdz_export-1.1.0] startup
[6.906s] [ext: omni.kit.tool.asset_importer-6.0.1] startup
[6.919s] [ext: omni.kit.ui.actions-1.0.5] startup
[6.923s] [ext: omni.kit.viewport.menubar.camera-107.0.10] startup
[6.935s] [ext: omni.kit.viewport.menubar.lighting-107.3.2] startup
[6.941s] [ext: omni.kit.viewport.menubar.render-110.0.0] startup
[6.947s] [ext: omni.kit.viewport.menubar.settings-110.0.1] startup
[6.955s] [ext: omni.kit.window.console-1.1.9] startup
[6.964s] [ext: omni.kit.window.status_bar-0.1.11] startup
[6.970s] [ext: omni.kit.window.toolbar-3.0.3] startup
[6.975s] [ext: omni.ocio-0.1.1] startup
[6.977s] [ext: omni.physx.commands-110.1.13] startup
[6.983s] [ext: omni.replicator.replicator_yaml-2.0.12] startup
[7.003s] [ext: omni.rtx.window.settings-0.8.0] startup
[7.015s] [ext: omni.rtx.settings.core-0.7.1] startup
[7.020s] [ext: omni.usd.metrics.assembler.ui-110.1.1] startup
[7.032s] [ext: semantics.schema.editor-2.0.2] startup
[7.036s] [ext: semantics.schema.property-2.0.2] startup
[7.038s] [ext: omni.kit.menu.common-2.0.2] startup
[7.040s] [ext: isaacsim.exp.base-6.0.1] startup
[7.040s] [ext: isaacsim.exp.base.python-6.0.1] startup
[7.043s] Simulation App Starting
[10.074s] Simulation App Startup Complete
[10.087s] app ready
[10.758s] [ext: isaacsim.robot_motion.pink-0.1.3] startup
2026-08-12T19:01:54Z [13,427ms] [Error] [omni.rtx.materials] [UsdToMdl] Prim '/World/Task/living_room_table/Visual/Looks/Louisa_Coffee_Table_LTV3/Louisa_Coffee_Table_LTV3' parameter 'normalmap_texture': References an asset that can not be found: './materials/textures/louisa-coffee-table-wood-bump.jpg'
2026-08-12T19:01:54Z [13,432ms] [Error] [omni.rtx.materials] [UsdToMdl] Prim '/World/Task/living_room_table/Visual/Looks/Louisa_Coffee_Table_LTV3/Louisa_Coffee_Table_LTV3' parameter 'normalmap_texture': References an asset that can not be found: './materials/textures/louisa-coffee-table-wood-bump.jpg'
2026-08-12T19:01:55Z [14,139ms] [Error] [omni.rtx.materials] [UsdToMdl] Prim '/World/Task/living_room_table/Visual/Looks/Louisa_Coffee_Table_LTV3/Louisa_Coffee_Table_LTV3' parameter 'normalmap_texture': References an asset that can not be found: './materials/textures/louisa-coffee-table-wood-bump.jpg'
2026-08-12T19:01:55Z [14,140ms] [Error] [omni.rtx.materials] [UsdToMdl] Prim '/World/Task/living_room_table/Visual/Looks/Louisa_Coffee_Table_LTV3/Louisa_Coffee_Table_LTV3' parameter 'normalmap_texture': References an asset that can not be found: './materials/textures/louisa-coffee-table-wood-bump.jpg'
Starting kit application with the following args:  ['/root/autodl-tmp/isaac_sim/venv/lib/python3.12/site-packages/isaacsim/exts/isaacsim.simulation_app/isaacsim/simulation_app/simulation_app.py', '/root/autodl-tmp/isaac_sim/venv/lib/python3.12/site-packages/isaacsim/apps/isaacsim.exp.base.python.kit', '--/app/tokens/exe-path=/root/autodl-tmp/isaac_sim/venv/lib/python3.12/site-packages/isaacsim/kit', '--/persistent/app/viewport/displayOptions=3094', '--/rtx/materialDb/syncLoads=True', '--/rtx/hydra/materialSyncLoads=True', '--/omni/kit/plugin/syncUsdLoads=True', '--/app/renderer/resolution/width=1280', '--/app/renderer/resolution/height=720', '--/app/window/width=1440', '--/app/window/height=900', '--/renderer/multiGpu/enabled=True', '--/app/fastShutdown=True', '--/app/installSignalHandlers=0', '--ext-folder', '/root/autodl-tmp/isaac_sim/venv/lib/python3.12/site-packages/isaacsim/exts', '--ext-folder', '/root/autodl-tmp/isaac_sim/venv/lib/python3.12/site-packages/isaacsim/apps', '--/physics/cudaDevice=0', '--/plugins/carb.tasking.plugin/threadCount=32', '--/plugins/omni.tbb.globalcontrol/maxThreadCount=32', '--portable', '--no-window', '--/app/window/hideUi=1', '--allow-root']
Passing the following args to the base kit application:  ['--case=-Z', '--output', '/root/autodl-tmp/VLA-Intern-Sprint/results/phase3_step7/action_parity_attempt2/isaac_-Z.json']
Warp 1.13.0 initialized:
   CUDA Toolkit 12.9, Driver 13.0
   Devices:
     "cpu"      : "x86_64"
     "cuda:0"   : "NVIDIA GeForce RTX 5090" (31 GiB, sm_120, mempool enabled)
   Kernel cache:
     /root/autodl-tmp/isaac_cache/xdg/warp/1.13.0
2026-08-12T19:01:56Z [15,578ms] [Warning] [omni.rtx] DLSS increasing input dimensions: Render resolution of (128, 128) is below minimal input resolution of 300.
[17.160s] Simulation App Shutting Down
