WARNING: All log messages before absl::InitializeLog() is called are written to STDERR
E0000 00:00:1786561208.892654   25054 descriptor_database.cc:633] File already exists in database: grpc/health/v1/health.proto
W0000 00:00:1786561208.892683   25054 message.cc:301] Protobuf GeneratedMessageFactory: File is already registered: grpc/health/v1/health.proto
2026-08-12T19:00:08Z [Info] [carb] Logging to file: /root/autodl-tmp/isaac_sim/venv/lib/python3.12/site-packages/isaacsim/kit/logs/Kit/Isaac-Sim Python/6.0/kit_20260813_030008.log
[0.086s] [ext: omni.assets.plugins-0.0.0] startup
[0.089s] [ext: omni.blobkey-1.1.2] startup
[0.089s] [ext: omni.kit.async_engine-0.0.3] startup
[0.203s] [ext: omni.client.lib-1.1.1] startup
[0.221s] [ext: omni.client-1.3.0] startup
[0.227s] [ext: omni.protobuf.lib-1.0.0] startup
[0.230s] [ext: omni.grpc.lib-1.0.0] startup
[0.240s] [ext: omni.metrics.core-0.0.3] startup
[0.240s] [ext: omni.datastore-0.0.0] startup
[0.241s] [ext: omni.gpu_foundation.shadercache.vulkan-1.0.0] startup
[0.243s] [ext: omni.hsscclient-1.1.4] startup
[0.244s] [ext: omni.stats-1.0.1] startup
[0.244s] [ext: omni.ujitso.default-1.0.0] startup
[0.249s] [ext: omni.gpu_foundation-0.0.0] startup
[0.570s] [ext: carb.windowing.plugins-1.0.1] startup
[0.571s] [ext: omni.kit.renderer.init-1.0.1] startup
2026-08-12T19:00:09Z [636ms] [Warning] [omni.platforminfo.plugin] failed to open the default display.  Can't verify X Server version.

|---------------------------------------------------------------------------------------------|
| Driver Version: 580.105.08    | Graphics API: Vulkan
|=============================================================================================|
| GPU | Name                             | Active | LDA | GPU Memory | Vendor-ID | LUID       |
|     |                                  |        |     |            | Device-ID | UUID       |
|     |                                  |        |     |            | Bus-ID    |            |
|---------------------------------------------------------------------------------------------|
| 0   | NVIDIA GeForce RTX 5090          | Yes: 0 |     | 32853   MB | 10de      | 0          |
|     |                                  |        |     |            | 2b85      | 105e4e5f.. |
|     |                                  |        |     |            | 49        |            |
|=============================================================================================|
| OS: 22.04.5 LTS (Jammy Jellyfish) ubuntu, Version: 22.04.5, Kernel: 5.15.0-78-generic
| Processor: Intel(R) Xeon(R) Platinum 8470Q
| Bare Metal Cores: 104 | Bare Metal Logical Cores: 208
| Core Usage Quota: 25
|---------------------------------------------------------------------------------------------|
| Total Memory (MB): 92160 | Free Memory: 75866
| Total Page/Swap (MB): 0 | Free Page/Swap: 0
|---------------------------------------------------------------------------------------------|
[2.028s] [ext: omni.kit.pipapi-0.0.0] startup
[2.030s] [ext: omni.kit.telemetry-0.5.2] startup
[2.082s] [ext: omni.kit.loop-isaac-1.6.0] startup
[2.084s] [ext: omni.kit.test-2.0.7] startup
[2.143s] [ext: omni.materialx.libs-1.0.9] startup
[2.152s] [ext: omni.gpucompute.plugins-0.0.0] startup
[2.153s] [ext: omni.usd.config-1.0.7] startup
[2.156s] [ext: omni.usd.libs-1.0.3] startup
[2.265s] [ext: omni.iray.libs-0.0.1] startup
[2.271s] [ext: omni.mdl-57.0.3] startup
[2.292s] [ext: omni.mdl.neuraylib-0.2.20] startup
[2.295s] [ext: omni.kit.usd.mdl-1.1.9] startup
[2.415s] [ext: omni.appwindow-1.2.2] startup
[2.419s] [ext: omni.kit.renderer.core-1.2.2] startup
2026-08-12T19:00:11Z [2,386ms] [Warning] [carb.windowing-glfw.plugin] GLFW initialization failed.
2026-08-12T19:00:11Z [2,386ms] [Warning] [carb] Failed to startup plugin carb.windowing-glfw.plugin (interfaces: [carb::windowing::IGLContext v1.0],[carb::windowing::IWindowing v1.5]) (impl: carb.windowing-glfw.plugin)
[2.456s] [ext: omni.kit.renderer.capture-2.0.1] startup
[2.458s] [ext: omni.kit.renderer.imgui-2.0.6] startup
2026-08-12T19:00:11Z [2,412ms] [Warning] [carb.windowing-glfw.plugin] GLFW initialization failed.
2026-08-12T19:00:11Z [2,412ms] [Warning] [carb] Failed to startup plugin carb.windowing-glfw.plugin (interfaces: [carb::windowing::IGLContext v1.0],[carb::windowing::IWindowing v1.5]) (impl: carb.windowing-glfw.plugin)
2026-08-12T19:00:11Z [2,414ms] [Warning] [carb.windowing-glfw.plugin] GLFW initialization failed.
2026-08-12T19:00:11Z [2,414ms] [Warning] [carb] Failed to startup plugin carb.windowing-glfw.plugin (interfaces: [carb::windowing::IGLContext v1.0],[carb::windowing::IWindowing v1.5]) (impl: carb.windowing-glfw.plugin)
[2.561s] [ext: omni.ui-3.2.0] startup
[2.572s] [ext: omni.kit.mainwindow-1.0.3] startup
[2.573s] [ext: carb.audio-0.1.0] startup
[2.578s] [ext: omni.uiaudio-1.0.0] startup
[2.579s] [ext: omni.kit.uiapp-0.0.0] startup
[2.579s] [ext: omni.usd.schema.metrics.assembler-110.1.0] startup
[2.582s] [ext: omni.usd.schema.audio-0.0.1] startup
[2.586s] [ext: omni.usd_resolver-1.0.0] startup
[2.589s] [ext: omni.usd.core-1.8.3] startup
[2.594s] [ext: omni.metropolis.schema-0.0.3] startup
[2.594s] [ext: isaacsim.anim.robot.schema-0.1.1] startup
[2.595s] [ext: omni.usd.schema.anim-0.0.1] startup
[2.616s] [ext: omni.usd.schema.geospatial-0.0.1] startup
[2.619s] [ext: omni.usd.schema.omnigraph-1.0.1] startup
[2.625s] [ext: omni.usd.schema.semantics-0.0.0] startup
[2.628s] [ext: omni.activity.core-1.0.3] startup
[2.629s] [ext: omni.cubric-0.1.0] startup
[2.629s] [ext: omni.graph.exec-0.9.6] startup
[2.630s] [ext: omni.hydra.scene_delegate-0.3.5] startup
[2.634s] [ext: usdrt.scenegraph-7.6.3] startup
[2.665s] [ext: omni.hydra.usdrt_delegate-7.5.2] startup
[2.672s] [ext: omni.inspect-1.0.2] startup
[2.674s] [ext: omni.kit.actions.core-1.0.0] startup
[2.676s] [ext: omni.kit.audiodeviceenum-1.0.2] startup
[2.677s] [ext: omni.kit.commands-1.5.0] startup
[2.681s] [ext: omni.kit.exec.core-0.13.5] startup
[2.682s] [ext: omni.kit.usd_undo-0.1.8] startup
[2.683s] [ext: omni.kit.window.popup_dialog-2.0.25] startup
[2.687s] [ext: omni.kit.widget.nucleus_connector-2.3.1] startup
[2.690s] [ext: omni.timeline-1.1.0] startup
[2.692s] [ext: omni.usd-1.16.0] startup
[2.735s] [ext: omni.graph.core-3.1.2] startup
[2.738s] [ext: omni.kit.notification_manager-1.0.11] startup
[2.740s] [ext: isaacsim.core.deprecation_manager-0.4.2] startup
[2.741s] [ext: isaacsim.replicator.agent.schema-0.1.1] startup
[2.742s] [ext: isaacsim.robot.schema-6.3.7] startup
[2.747s] [ext: isaacsim.robot_motion.schema-0.2.1] startup
[2.748s] [ext: omni.anim.behavior.schema-110.1.0] startup
[2.752s] [ext: omni.anim.graph.schema-110.1.1] startup
[2.758s] [ext: omni.anim.navigation.schema-110.1.0] startup
[2.761s] [ext: omni.behavior.tree.schema-110.1.0] startup
[2.762s] [ext: omni.kit.asset_converter-6.0.1] startup
[2.777s] [ext: omni.usd.schema.flow-110.0.0] startup
[2.778s] [ext: omni.usd.schema.mujoco-1.1.1] startup
[2.778s] [ext: omni.usd.schema.newton-1.2.1] startup
[2.779s] [ext: omni.usd.schema.omni_lens_distortion-1.0.0] startup
[2.780s] [ext: omni.usd.schema.omni_projectors-1.0.0] startup
[2.780s] [ext: omni.usd.schema.omni_sensors-0.0.0] startup
[2.788s] [ext: omni.usd.schema.omniscripting-1.0.1] startup
[2.793s] [ext: omni.usd.schema.physical_lighting-0.1.0] startup
[2.796s] [ext: omni.usd.schema.physx-110.1.13] startup
[2.830s] [ext: omni.usd.schema.render_settings.rtx-1.0.2] startup
[2.834s] [ext: omni.usd.schema.usd_particle_field-1.0.0] startup
[2.834s] [ext: isaacsim.core.version-2.1.1] startup
[2.835s] [ext: omni.kit.menu.core-1.2.0] startup
[2.836s] [ext: omni.kit.menu.utils-2.2.4] startup
[2.843s] [ext: isaacsim.app.about-2.3.1] startup
[2.849s] [ext: isaacsim.asset.transformer-1.2.5] startup
[2.853s] [ext: omni.scene.optimizer.core-110.1.0] startup
[2.918s] [ext: isaacsim.asset.importer.utils-1.8.1] startup
[2.921s] [ext: omni.convexdecomposition-110.1.13] startup
[2.924s] [ext: omni.physics-110.1.13] startup
[2.927s] [ext: omni.physx.gpu-110.1.13] startup
[2.928s] [ext: omni.physx.foundation-110.1.13] startup
[2.929s] [ext: omni.usdphysics-110.1.13] startup
[2.932s] [ext: omni.physx.cooking-110.1.13] startup
[2.934s] [ext: omni.physx-110.1.13] startup
[2.946s] [ext: omni.physics.physx-110.1.13] startup
[2.949s] [ext: isaacsim.asset.exporter.urdf-2.0.5] startup
[2.958s] [ext: omni.kit.clipboard-1.1.1] startup
[2.959s] [ext: omni.kit.usd.layers-2.6.1] startup
[2.967s] [ext: omni.kit.widget.context_menu-1.4.0] startup
[2.969s] [ext: omni.kit.context_menu-1.9.0] startup
[2.970s] [ext: omni.kit.helper.file_utils-0.1.10] startup
[2.972s] [ext: omni.kit.widget.nucleus_info-2.0.2] startup
[2.972s] [ext: omni.kit.search_core-1.0.8] startup
[2.973s] [ext: omni.kit.widget.path_field-2.0.13] startup
[2.974s] [ext: omni.kit.widget.browser_bar-2.0.10] startup
[2.975s] [ext: omni.kit.widget.filebrowser-2.13.4] startup
[2.979s] [ext: omni.kit.widget.options_menu-1.1.6] startup
[2.982s] [ext: omni.kit.widget.options_button-1.0.3] startup
[2.983s] [ext: omni.kit.widget.search_delegate-1.0.9] startup
[2.984s] [ext: omni.ui.scene-2.0.3] startup
[2.989s] [ext: omni.kit.window.filepicker-2.15.5] startup
[3.003s] [ext: omni.kit.window.file_importer-1.1.21] startup
[3.006s] [ext: omni.kit.material.library-3.1.2] startup
[3.011s] [ext: isaacsim.asset.transformer.rules-1.7.10] startup
[3.023s] [ext: omni.usdex.libs-2.2.2] startup
[3.033s] [ext: isaacsim.asset.importer.mjcf-3.10.1] startup
[3.035s] [ext: isaacsim.asset.importer.urdf-3.11.2] startup
[3.039s] [ext: omni.kit.primitive.mesh-1.1.0] startup
[3.042s] [ext: omni.kit.stage_template.core-1.1.22] startup
[3.042s] [ext: omni.kit.stage_templates-2.0.2] startup
[3.044s] [ext: omni.usd.metrics.assembler-110.1.2] startup
[3.047s] [ext: omni.warp.core-1.13.0] startup
[3.249s] [ext: isaacsim.core.experimental.utils-0.17.2] startup
[3.250s] [ext: omni.physics.stageupdate-110.1.13] startup
[3.252s] [ext: omni.physics.tensors-110.1.13] startup
[3.258s] [ext: omni.physx.tensors-110.1.13] startup
[3.262s] [ext: isaacsim.core.simulation_manager-1.15.6] startup
[3.279s] [ext: isaacsim.storage.native-1.9.3] startup
[3.280s] [ext: omni.usd.metrics.assembler.physics-110.1.13] startup
[3.282s] [ext: isaacsim.core.utils-4.1.7] startup
[3.285s] [ext: isaacsim.core.prims-0.11.7] startup
[4.751s] [ext: isaacsim.core.api-5.2.13] startup
[4.763s] [ext: isaacsim.core.cloner-1.7.3] startup
[4.765s] [ext: isaacsim.test.docstring-1.3.2] startup
[4.770s] [ext: isaacsim.core.experimental.prims-1.8.9] startup
[4.798s] [ext: isaacsim.core.experimental.primdata-0.3.2] startup
[4.802s] [ext: omni.graph.tools-1.81.0] startup
[4.831s] [ext: omni.graph-1.142.5] startup
[4.883s] [ext: isaacsim.core.experimental.actuators-0.1.2] startup
[4.906s] [ext: isaacsim.core.experimental.materials-0.7.1] startup
[4.910s] [ext: isaacsim.core.experimental.objects-0.8.1] startup
[4.992s] [ext: omni.hydra.engine.stats-1.0.5] startup
[4.997s] [ext: omni.hydra.rtx.shadercache.vulkan-1.0.0] startup
[4.998s] [ext: omni.index.libs-387500.4413.0] startup
[4.998s] [ext: omni.index-1.0.1] startup
[4.999s] [ext: omni.ujitso.client-0.0.0] startup
[5.000s] [ext: omni.usd.schema.playback-1.0.0] startup
[5.005s] [ext: omni.volume-0.5.2] startup
[5.012s] [ext: omni.hydra.rtx-1.0.4] startup
2026-08-12T19:00:13Z [4,986ms] [Warning] [omni.log] Source: omni.hydra was already registered.
[5.060s] [ext: omni.kit.hydra_texture-1.6.0] startup
[5.066s] [ext: omni.kit.raycast.query-1.2.0] startup
[5.073s] [ext: omni.kit.viewport.legacy_gizmos-1.0.24] startup
[5.076s] [ext: omni.kit.viewport.registry-104.0.6] startup
[5.077s] [ext: omni.kit.viewport.scene_camera_model-1.0.7] startup
[5.083s] [ext: omni.kit.widget.viewport-109.2.0] startup
[5.090s] [ext: omni.kit.window.drop_support-1.0.8] startup
[5.091s] [ext: omni.kit.viewport.window-109.0.2] startup
[5.117s] [ext: omni.kit.viewport.utility-2.0.1] startup
[5.119s] [ext: isaacsim.core.rendering_manager-0.4.3] startup
[5.142s] [ext: omni.graph.action_core-1.1.9] startup
[5.146s] [ext: omni.graph.action_nodes_core-2.11.0] startup
[5.151s] [ext: omni.graph.action_nodes-2.11.0] startup
[5.198s] [ext: omni.graph.action-2.10.2] startup
[5.200s] [ext: omni.graph.image.core-0.6.1] startup
[5.202s] [ext: omni.graph.image.nodes-1.3.1] startup
[5.204s] [ext: omni.graph.nodes_core-2.11.0] startup
[5.213s] [ext: omni.graph.nodes-2.12.0] startup
[5.222s] [ext: omni.kit.hotkeys.core-1.3.12] startup
[5.224s] [ext: omni.kit.property.adapter.core-1.1.1] startup
[5.227s] [ext: omni.kit.property.adapter.usd-1.0.5] startup
[5.229s] [ext: omni.kit.widget.filter-1.1.5] startup
[5.230s] [ext: omni.kit.widget.highlight_label-1.0.3] startup
[5.232s] [ext: omni.kit.widget.searchfield-1.1.8] startup
[5.234s] [ext: omni.kit.window.file_exporter-1.0.36] startup
[5.236s] [ext: omni.kit.widget.stage-4.4.0] startup
[5.247s] [ext: omni.kit.window.content_browser_registry-0.0.6] startup
[5.249s] [ext: omni.kit.window.file-2.0.10] startup
[5.253s] [ext: omni.kit.window.content_browser-3.1.8] startup
[5.268s] [ext: omni.kit.window.property-1.15.1] startup
[5.285s] [ext: omni.kit.property.usd-4.9.4] startup
[5.302s] [ext: omni.graph.scriptnode-2.10.2] startup
[5.315s] [ext: omni.kit.widget.searchable_combobox-1.0.7] startup
[5.317s] [ext: omni.kit.widget.settings-2.0.0] startup
[5.320s] [ext: omni.kit.window.preferences-1.8.3] startup
[5.327s] [ext: omni.kit.viewport.menubar.core-107.2.2] startup
[5.342s] [ext: omni.syntheticdata-0.6.15] startup
[5.385s] [ext: omni.replicator.nv-1.1.1] startup
[5.394s] [ext: omni.videoencoding-0.2.1] startup
[5.397s] [ext: omni.replicator.core-1.13.27] startup
2026-08-12T19:00:14Z [5,361ms] [Warning] [pxr.Semantics] pxr.Semantics is deprecated - please use Semantics instead
2026-08-12T19:00:14Z [5,466ms] [Warning] [omni.replicator.core.scripts.extension] No material configuration file, adding configuration to material settings directly.
[5.710s] [ext: isaacsim.core.nodes-5.10.5] startup
[5.756s] [ext: isaacsim.core.throttling-2.3.5] startup
[5.758s] [ext: omni.kit.manipulator.viewport-107.0.1] startup
[5.760s] [ext: omni.graph.visualization.nodes-2.1.4] startup
[5.782s] [ext: omni.kit.window.extensions-1.5.10] startup
[5.790s] [ext: isaacsim.gui.components-1.8.5] startup
[5.797s] [ext: isaacsim.robot.surface_gripper-3.6.2] startup
[5.813s] [ext: isaacsim.robot.manipulators-3.4.4] startup
[5.828s] [ext: isaacsim.robot_motion.lula-4.1.3] startup
[5.838s] [ext: isaacsim.robot_motion.motion_generation-8.2.9] startup
[5.846s] [ext: isaacsim.cortex.framework-1.0.18] startup
[5.848s] [ext: isaacsim.cortex.behaviors-2.0.17] startup
[5.851s] [ext: isaacsim.examples.base-1.3.2] startup
[5.853s] [ext: omni.kit.widget.zoombar-1.0.7] startup
[5.855s] [ext: omni.kit.browser.core-2.3.18] startup
[5.860s] [ext: omni.kit.browser.folder.core-2.0.2] startup
[5.865s] [ext: omni.kit.widget.stage_icons-1.0.8] startup
[5.867s] [ext: omni.kit.window.stage-2.6.1] startup
[5.872s] [ext: omni.kit.menu.stage-1.2.7] startup
[5.874s] [ext: omni.kit.usd.collect-3.0.6] startup
[5.878s] [ext: omni.kit.widget.prompt-1.0.7] startup
[5.879s] [ext: omni.kit.tool.collect-2.2.19] startup
[5.882s] [ext: isaacsim.examples.browser-0.3.2] startup
[5.885s] [ext: omni.kit.search.files-1.0.4] startup
[5.886s] [ext: omni.kit.widget.calendar-1.0.9] startup
[5.888s] [ext: omni.kit.widget.extended_searchfield-1.0.31] startup
[5.899s] [ext: omni.simready.content.browser-0.3.7] startup
[6.010s] [ext: isaacsim.gui.content_browser-0.4.3] startup
[6.013s] [ext: omni.kit.selection-0.1.6] startup
[6.015s] [ext: isaacsim.gui.menu-2.10.5] startup
[6.026s] [ext: isaacsim.gui.property-1.6.4] startup
[6.036s] [ext: omni.kit.viewport.actions-110.0.0] startup
[6.041s] [ext: omni.kit.viewport.menubar.display-107.1.3] startup
[6.043s] [ext: isaacsim.gui.sensors.icon-2.2.1] startup
[6.048s] [ext: omni.behavior.scripting.core-110.1.0] startup
[6.051s] [ext: isaacsim.replicator.behavior-1.5.4] startup
[6.053s] [ext: isaacsim.replicator.experimental.domain_randomization-1.2.5] startup
[6.076s] [ext: isaacsim.replicator.domain_randomization-1.2.2] startup
[6.171s] [ext: isaacsim.replicator.writers-1.5.4] startup
[6.203s] [ext: isaacsim.robot.experimental.wheeled_robots-0.2.11] startup
[6.230s] [ext: isaacsim.robot.policy.examples-5.2.12] startup
[6.257s] [ext: isaacsim.robot.wheeled_robots-5.2.4] startup
[6.263s] [ext: isaacsim.robot.wheeled_robots.nodes-0.1.5] startup
[6.293s] [ext: isaacsim.robot_motion.experimental.motion_generation-6.1.3] startup
[6.308s] [ext: isaacsim.robot_motion.cumotion-1.3.1] startup
[6.327s] [ext: omni.kit.numpy.common-0.1.3] startup
[6.329s] [ext: isaacsim.sensors.camera-1.7.9] startup
[6.363s] [ext: isaacsim.sensors.experimental.physics-3.0.2] startup
[6.374s] [ext: omni.sensors.net-1.0.1] startup
[6.380s] [ext: omni.sensors.nv.common-3.0.0] startup
[6.399s] [ext: omni.sensors.nv.materials-2.0.0] startup
[6.404s] [ext: omni.sensors.nv.acoustic-3.0.0] startup
[6.408s] [ext: omni.sensors.nv.ids-2.0.1] startup
[6.410s] [ext: omni.sensors.nv.lidar-3.0.0] startup
[6.416s] [ext: omni.sensors.nv.radar-3.0.0] startup
[6.420s] [ext: isaacsim.sensors.experimental.rtx-1.4.6] startup
[6.683s] [ext: isaacsim.sensors.physics.nodes-1.5.3] startup
[6.692s] [ext: isaacsim.util.debug_draw-3.2.3] startup
[6.700s] [ext: isaacsim.sensors.physx-2.5.5] startup
[6.712s] [ext: isaacsim.sensors.rtx-15.17.1] startup
[6.728s] [ext: isaacsim.simulation_app-2.18.4] startup
[6.729s] [ext: omni.anim.curve.core-1.6.0] startup
[6.743s] [ext: omni.graph.ui_nodes-2.11.1] startup
[6.797s] [ext: omni.hydra.scene_api-0.1.3] startup
[6.804s] [ext: omni.kit.manipulator.camera-110.0.0] startup
[6.809s] [ext: omni.kit.manipulator.selector-1.1.4] startup
[6.811s] [ext: omni.kit.manipulator.transform-107.0.0] startup
[6.816s] [ext: omni.kit.widget.toolbar-2.1.0] startup
[6.824s] [ext: omni.kit.manipulator.tool.snap-1.5.14] startup
[6.830s] [ext: omni.kit.viewport.manipulator.transform-107.0.4] startup
[6.832s] [ext: omni.kit.manipulator.prim.core-108.0.2] startup
[6.839s] [ext: omni.kit.manipulator.prim.usd-107.0.3] startup
[6.841s] [ext: omni.kit.manipulator.prim-108.0.0] startup
[6.842s] [ext: omni.kit.manipulator.selection-109.0.1] startup
[6.843s] [ext: omni.kit.menu.create-2.0.2] startup
[6.846s] [ext: omni.kit.property.audio-1.0.16] startup
[6.851s] [ext: omni.kit.property.camera-1.0.14] startup
[6.853s] [ext: omni.kit.property.geometry-2.1.2] startup
[6.857s] [ext: omni.kit.property.light-1.0.14] startup
2026-08-12T19:00:15Z [6,856ms] [Warning] [omni.usd] Encountered USD Warnings but USD Diagnostics are currently muted. To view USD Warnings, please set the '/persistent/app/usd/muteUsdDiagnostics' setting to false in Preferences page.
[6.970s] [ext: omni.kit.property.material-1.14.6] startup
[6.978s] [ext: omni.kit.property.render-1.2.2] startup
[6.980s] [ext: omni.kit.property.transform-1.6.9] startup
[6.985s] [ext: omni.kit.property.bundle-1.5.1] startup
[6.987s] [ext: omni.kit.usdz_export-1.1.0] startup
[6.990s] [ext: omni.kit.tool.asset_importer-6.0.1] startup
[6.997s] [ext: omni.kit.ui.actions-1.0.5] startup
[6.999s] [ext: omni.kit.viewport.menubar.camera-107.0.10] startup
[7.005s] [ext: omni.kit.viewport.menubar.lighting-107.3.2] startup
[7.009s] [ext: omni.kit.viewport.menubar.render-110.0.0] startup
[7.012s] [ext: omni.kit.viewport.menubar.settings-110.0.1] startup
[7.017s] [ext: omni.kit.window.console-1.1.9] startup
[7.023s] [ext: omni.kit.window.status_bar-0.1.11] startup
[7.026s] [ext: omni.kit.window.toolbar-3.0.3] startup
[7.030s] [ext: omni.ocio-0.1.1] startup
[7.031s] [ext: omni.physx.commands-110.1.13] startup
[7.035s] [ext: omni.replicator.replicator_yaml-2.0.12] startup
[7.050s] [ext: omni.rtx.window.settings-0.8.0] startup
[7.056s] [ext: omni.rtx.settings.core-0.7.1] startup
[7.060s] [ext: omni.usd.metrics.assembler.ui-110.1.1] startup
[7.070s] [ext: semantics.schema.editor-2.0.2] startup
[7.074s] [ext: semantics.schema.property-2.0.2] startup
[7.076s] [ext: omni.kit.menu.common-2.0.2] startup
[7.078s] [ext: isaacsim.exp.base-6.0.1] startup
[7.078s] [ext: isaacsim.exp.base.python-6.0.1] startup
[7.082s] Simulation App Starting
[10.159s] Simulation App Startup Complete
[10.170s] app ready
[10.767s] [ext: isaacsim.robot_motion.pink-0.1.3] startup
2026-08-12T19:00:21Z [12,927ms] [Error] [omni.rtx.materials] [UsdToMdl] Prim '/World/Task/living_room_table/Visual/Looks/Louisa_Coffee_Table_LTV3/Louisa_Coffee_Table_LTV3' parameter 'normalmap_texture': References an asset that can not be found: './materials/textures/louisa-coffee-table-wood-bump.jpg'
2026-08-12T19:00:21Z [12,933ms] [Error] [omni.rtx.materials] [UsdToMdl] Prim '/World/Task/living_room_table/Visual/Looks/Louisa_Coffee_Table_LTV3/Louisa_Coffee_Table_LTV3' parameter 'normalmap_texture': References an asset that can not be found: './materials/textures/louisa-coffee-table-wood-bump.jpg'
2026-08-12T19:00:22Z [14,109ms] [Error] [omni.rtx.materials] [UsdToMdl] Prim '/World/Task/living_room_table/Visual/Looks/Louisa_Coffee_Table_LTV3/Louisa_Coffee_Table_LTV3' parameter 'normalmap_texture': References an asset that can not be found: './materials/textures/louisa-coffee-table-wood-bump.jpg'
2026-08-12T19:00:22Z [14,110ms] [Error] [omni.rtx.materials] [UsdToMdl] Prim '/World/Task/living_room_table/Visual/Looks/Louisa_Coffee_Table_LTV3/Louisa_Coffee_Table_LTV3' parameter 'normalmap_texture': References an asset that can not be found: './materials/textures/louisa-coffee-table-wood-bump.jpg'
Starting kit application with the following args:  ['/root/autodl-tmp/isaac_sim/venv/lib/python3.12/site-packages/isaacsim/exts/isaacsim.simulation_app/isaacsim/simulation_app/simulation_app.py', '/root/autodl-tmp/isaac_sim/venv/lib/python3.12/site-packages/isaacsim/apps/isaacsim.exp.base.python.kit', '--/app/tokens/exe-path=/root/autodl-tmp/isaac_sim/venv/lib/python3.12/site-packages/isaacsim/kit', '--/persistent/app/viewport/displayOptions=3094', '--/rtx/materialDb/syncLoads=True', '--/rtx/hydra/materialSyncLoads=True', '--/omni/kit/plugin/syncUsdLoads=True', '--/app/renderer/resolution/width=1280', '--/app/renderer/resolution/height=720', '--/app/window/width=1440', '--/app/window/height=900', '--/renderer/multiGpu/enabled=True', '--/app/fastShutdown=True', '--/app/installSignalHandlers=0', '--ext-folder', '/root/autodl-tmp/isaac_sim/venv/lib/python3.12/site-packages/isaacsim/exts', '--ext-folder', '/root/autodl-tmp/isaac_sim/venv/lib/python3.12/site-packages/isaacsim/apps', '--/physics/cudaDevice=0', '--/plugins/carb.tasking.plugin/threadCount=32', '--/plugins/omni.tbb.globalcontrol/maxThreadCount=32', '--portable', '--no-window', '--/app/window/hideUi=1', '--allow-root']
Passing the following args to the base kit application:  ['--case=+X', '--output', '/root/autodl-tmp/VLA-Intern-Sprint/results/phase3_step7/action_parity_attempt2/isaac_+X.json']
Warp 1.13.0 initialized:
   CUDA Toolkit 12.9, Driver 13.0
   Devices:
     "cpu"      : "x86_64"
     "cuda:0"   : "NVIDIA GeForce RTX 5090" (31 GiB, sm_120, mempool enabled)
   Kernel cache:
     /root/autodl-tmp/isaac_cache/xdg/warp/1.13.0
2026-08-12T19:00:24Z [15,574ms] [Warning] [omni.rtx] DLSS increasing input dimensions: Render resolution of (128, 128) is below minimal input resolution of 300.
[17.276s] Simulation App Shutting Down
