WARNING: All log messages before absl::InitializeLog() is called are written to STDERR
E0000 00:00:1786561428.391693   34477 descriptor_database.cc:633] File already exists in database: grpc/health/v1/health.proto
W0000 00:00:1786561428.391730   34477 message.cc:301] Protobuf GeneratedMessageFactory: File is already registered: grpc/health/v1/health.proto
2026-08-12T19:03:48Z [Info] [carb] Logging to file: /root/autodl-tmp/isaac_sim/venv/lib/python3.12/site-packages/isaacsim/kit/logs/Kit/Isaac-Sim Python/6.0/kit_20260813_030348.log
[0.087s] [ext: omni.assets.plugins-0.0.0] startup
[0.088s] [ext: omni.blobkey-1.1.2] startup
[0.088s] [ext: omni.kit.async_engine-0.0.3] startup
[0.206s] [ext: omni.client.lib-1.1.1] startup
[0.223s] [ext: omni.client-1.3.0] startup
[0.228s] [ext: omni.protobuf.lib-1.0.0] startup
[0.230s] [ext: omni.grpc.lib-1.0.0] startup
[0.236s] [ext: omni.metrics.core-0.0.3] startup
[0.236s] [ext: omni.datastore-0.0.0] startup
[0.237s] [ext: omni.gpu_foundation.shadercache.vulkan-1.0.0] startup
[0.240s] [ext: omni.hsscclient-1.1.4] startup
[0.240s] [ext: omni.stats-1.0.1] startup
[0.241s] [ext: omni.ujitso.default-1.0.0] startup
[0.245s] [ext: omni.gpu_foundation-0.0.0] startup
[0.562s] [ext: carb.windowing.plugins-1.0.1] startup
[0.563s] [ext: omni.kit.renderer.init-1.0.1] startup
2026-08-12T19:03:48Z [611ms] [Warning] [omni.platforminfo.plugin] failed to open the default display.  Can't verify X Server version.

|---------------------------------------------------------------------------------------------|
| Driver Version: 580.105.08    | Graphics API: Vulkan
|=============================================================================================|
| GPU | Name                             | Active | LDA | GPU Memory | Vendor-ID | LUID       |
|     |                                  |        |     |            | Device-ID | UUID       |
|     |                                  |        |     |            | Bus-ID    |            |
|---------------------------------------------------------------------------------------------|
| 0   | NVIDIA GeForce RTX 5090          | Yes: 0 |     | 32853   MB | 10de      | 0          |
|     |                                  |        |     |            | 2b85      | 105e4e5f.. |
|     |                                  |        |     |            | 49        |            |
|=============================================================================================|
| OS: 22.04.5 LTS (Jammy Jellyfish) ubuntu, Version: 22.04.5, Kernel: 5.15.0-78-generic
| Processor: Intel(R) Xeon(R) Platinum 8470Q
| Bare Metal Cores: 104 | Bare Metal Logical Cores: 208
| Core Usage Quota: 25
|---------------------------------------------------------------------------------------------|
| Total Memory (MB): 92160 | Free Memory: 75956
| Total Page/Swap (MB): 0 | Free Page/Swap: 0
|---------------------------------------------------------------------------------------------|
[1.773s] [ext: omni.kit.pipapi-0.0.0] startup
[1.775s] [ext: omni.kit.telemetry-0.5.2] startup
[1.830s] [ext: omni.kit.loop-isaac-1.6.0] startup
[1.833s] [ext: omni.kit.test-2.0.7] startup
[1.893s] [ext: omni.materialx.libs-1.0.9] startup
[1.901s] [ext: omni.gpucompute.plugins-0.0.0] startup
[1.901s] [ext: omni.usd.config-1.0.7] startup
[1.905s] [ext: omni.usd.libs-1.0.3] startup
[2.012s] [ext: omni.iray.libs-0.0.1] startup
[2.018s] [ext: omni.mdl-57.0.3] startup
[2.040s] [ext: omni.mdl.neuraylib-0.2.20] startup
[2.042s] [ext: omni.kit.usd.mdl-1.1.9] startup
[2.165s] [ext: omni.appwindow-1.2.2] startup
[2.169s] [ext: omni.kit.renderer.core-1.2.2] startup
2026-08-12T19:03:50Z [2,138ms] [Warning] [carb.windowing-glfw.plugin] GLFW initialization failed.
2026-08-12T19:03:50Z [2,138ms] [Warning] [carb] Failed to startup plugin carb.windowing-glfw.plugin (interfaces: [carb::windowing::IGLContext v1.0],[carb::windowing::IWindowing v1.5]) (impl: carb.windowing-glfw.plugin)
[2.208s] [ext: omni.kit.renderer.capture-2.0.1] startup
[2.210s] [ext: omni.kit.renderer.imgui-2.0.6] startup
2026-08-12T19:03:50Z [2,166ms] [Warning] [carb.windowing-glfw.plugin] GLFW initialization failed.
2026-08-12T19:03:50Z [2,166ms] [Warning] [carb] Failed to startup plugin carb.windowing-glfw.plugin (interfaces: [carb::windowing::IGLContext v1.0],[carb::windowing::IWindowing v1.5]) (impl: carb.windowing-glfw.plugin)
2026-08-12T19:03:50Z [2,167ms] [Warning] [carb.windowing-glfw.plugin] GLFW initialization failed.
2026-08-12T19:03:50Z [2,167ms] [Warning] [carb] Failed to startup plugin carb.windowing-glfw.plugin (interfaces: [carb::windowing::IGLContext v1.0],[carb::windowing::IWindowing v1.5]) (impl: carb.windowing-glfw.plugin)
[2.302s] [ext: omni.ui-3.2.0] startup
[2.315s] [ext: omni.kit.mainwindow-1.0.3] startup
[2.316s] [ext: carb.audio-0.1.0] startup
[2.347s] [ext: omni.uiaudio-1.0.0] startup
[2.348s] [ext: omni.kit.uiapp-0.0.0] startup
[2.348s] [ext: omni.usd.schema.metrics.assembler-110.1.0] startup
[2.352s] [ext: omni.usd.schema.audio-0.0.1] startup
[2.356s] [ext: omni.usd_resolver-1.0.0] startup
[2.361s] [ext: omni.usd.core-1.8.3] startup
[2.367s] [ext: omni.metropolis.schema-0.0.3] startup
[2.368s] [ext: isaacsim.anim.robot.schema-0.1.1] startup
[2.368s] [ext: omni.usd.schema.anim-0.0.1] startup
[2.391s] [ext: omni.usd.schema.geospatial-0.0.1] startup
[2.394s] [ext: omni.usd.schema.omnigraph-1.0.1] startup
[2.400s] [ext: omni.usd.schema.semantics-0.0.0] startup
[2.403s] [ext: omni.activity.core-1.0.3] startup
[2.404s] [ext: omni.cubric-0.1.0] startup
[2.404s] [ext: omni.graph.exec-0.9.6] startup
[2.405s] [ext: omni.hydra.scene_delegate-0.3.5] startup
[2.409s] [ext: usdrt.scenegraph-7.6.3] startup
[2.441s] [ext: omni.hydra.usdrt_delegate-7.5.2] startup
[2.449s] [ext: omni.inspect-1.0.2] startup
[2.451s] [ext: omni.kit.actions.core-1.0.0] startup
[2.453s] [ext: omni.kit.audiodeviceenum-1.0.2] startup
[2.454s] [ext: omni.kit.commands-1.5.0] startup
[2.458s] [ext: omni.kit.exec.core-0.13.5] startup
[2.460s] [ext: omni.kit.usd_undo-0.1.8] startup
[2.460s] [ext: omni.kit.window.popup_dialog-2.0.25] startup
[2.465s] [ext: omni.kit.widget.nucleus_connector-2.3.1] startup
[2.468s] [ext: omni.timeline-1.1.0] startup
[2.470s] [ext: omni.usd-1.16.0] startup
[2.516s] [ext: omni.graph.core-3.1.2] startup
[2.520s] [ext: omni.kit.notification_manager-1.0.11] startup
[2.522s] [ext: isaacsim.core.deprecation_manager-0.4.2] startup
[2.523s] [ext: isaacsim.replicator.agent.schema-0.1.1] startup
[2.523s] [ext: isaacsim.robot.schema-6.3.7] startup
[2.529s] [ext: isaacsim.robot_motion.schema-0.2.1] startup
[2.530s] [ext: omni.anim.behavior.schema-110.1.0] startup
[2.534s] [ext: omni.anim.graph.schema-110.1.1] startup
[2.541s] [ext: omni.anim.navigation.schema-110.1.0] startup
[2.544s] [ext: omni.behavior.tree.schema-110.1.0] startup
[2.545s] [ext: omni.kit.asset_converter-6.0.1] startup
[2.561s] [ext: omni.usd.schema.flow-110.0.0] startup
[2.562s] [ext: omni.usd.schema.mujoco-1.1.1] startup
[2.563s] [ext: omni.usd.schema.newton-1.2.1] startup
[2.564s] [ext: omni.usd.schema.omni_lens_distortion-1.0.0] startup
[2.564s] [ext: omni.usd.schema.omni_projectors-1.0.0] startup
[2.565s] [ext: omni.usd.schema.omni_sensors-0.0.0] startup
[2.573s] [ext: omni.usd.schema.omniscripting-1.0.1] startup
[2.578s] [ext: omni.usd.schema.physical_lighting-0.1.0] startup
[2.582s] [ext: omni.usd.schema.physx-110.1.13] startup
[2.618s] [ext: omni.usd.schema.render_settings.rtx-1.0.2] startup
[2.622s] [ext: omni.usd.schema.usd_particle_field-1.0.0] startup
[2.623s] [ext: isaacsim.core.version-2.1.1] startup
[2.624s] [ext: omni.kit.menu.core-1.2.0] startup
[2.624s] [ext: omni.kit.menu.utils-2.2.4] startup
[2.632s] [ext: isaacsim.app.about-2.3.1] startup
[2.638s] [ext: isaacsim.asset.transformer-1.2.5] startup
[2.642s] [ext: omni.scene.optimizer.core-110.1.0] startup
[2.709s] [ext: isaacsim.asset.importer.utils-1.8.1] startup
[2.711s] [ext: omni.convexdecomposition-110.1.13] startup
[2.714s] [ext: omni.physics-110.1.13] startup
[2.718s] [ext: omni.physx.gpu-110.1.13] startup
[2.718s] [ext: omni.physx.foundation-110.1.13] startup
[2.720s] [ext: omni.usdphysics-110.1.13] startup
[2.722s] [ext: omni.physx.cooking-110.1.13] startup
[2.725s] [ext: omni.physx-110.1.13] startup
[2.738s] [ext: omni.physics.physx-110.1.13] startup
[2.740s] [ext: isaacsim.asset.exporter.urdf-2.0.5] startup
[2.749s] [ext: omni.kit.clipboard-1.1.1] startup
[2.750s] [ext: omni.kit.usd.layers-2.6.1] startup
[2.767s] [ext: omni.kit.widget.context_menu-1.4.0] startup
[2.769s] [ext: omni.kit.context_menu-1.9.0] startup
[2.771s] [ext: omni.kit.helper.file_utils-0.1.10] startup
[2.773s] [ext: omni.kit.widget.nucleus_info-2.0.2] startup
[2.774s] [ext: omni.kit.search_core-1.0.8] startup
[2.774s] [ext: omni.kit.widget.path_field-2.0.13] startup
[2.775s] [ext: omni.kit.widget.browser_bar-2.0.10] startup
[2.776s] [ext: omni.kit.widget.filebrowser-2.13.4] startup
[2.781s] [ext: omni.kit.widget.options_menu-1.1.6] startup
[2.784s] [ext: omni.kit.widget.options_button-1.0.3] startup
[2.785s] [ext: omni.kit.widget.search_delegate-1.0.9] startup
[2.786s] [ext: omni.ui.scene-2.0.3] startup
[2.793s] [ext: omni.kit.window.filepicker-2.15.5] startup
[2.808s] [ext: omni.kit.window.file_importer-1.1.21] startup
[2.811s] [ext: omni.kit.material.library-3.1.2] startup
[2.817s] [ext: isaacsim.asset.transformer.rules-1.7.10] startup
[2.830s] [ext: omni.usdex.libs-2.2.2] startup
[2.841s] [ext: isaacsim.asset.importer.mjcf-3.10.1] startup
[2.843s] [ext: isaacsim.asset.importer.urdf-3.11.2] startup
[2.849s] [ext: omni.kit.primitive.mesh-1.1.0] startup
[2.853s] [ext: omni.kit.stage_template.core-1.1.22] startup
[2.853s] [ext: omni.kit.stage_templates-2.0.2] startup
[2.855s] [ext: omni.usd.metrics.assembler-110.1.2] startup
[2.859s] [ext: omni.warp.core-1.13.0] startup
[3.066s] [ext: isaacsim.core.experimental.utils-0.17.2] startup
[3.067s] [ext: omni.physics.stageupdate-110.1.13] startup
[3.070s] [ext: omni.physics.tensors-110.1.13] startup
[3.077s] [ext: omni.physx.tensors-110.1.13] startup
[3.082s] [ext: isaacsim.core.simulation_manager-1.15.6] startup
[3.100s] [ext: isaacsim.storage.native-1.9.3] startup
[3.102s] [ext: omni.usd.metrics.assembler.physics-110.1.13] startup
[3.104s] [ext: isaacsim.core.utils-4.1.7] startup
[3.107s] [ext: isaacsim.core.prims-0.11.7] startup
[4.648s] [ext: isaacsim.core.api-5.2.13] startup
[4.658s] [ext: isaacsim.core.cloner-1.7.3] startup
[4.659s] [ext: isaacsim.test.docstring-1.3.2] startup
[4.664s] [ext: isaacsim.core.experimental.prims-1.8.9] startup
[4.691s] [ext: isaacsim.core.experimental.primdata-0.3.2] startup
[4.694s] [ext: omni.graph.tools-1.81.0] startup
[4.720s] [ext: omni.graph-1.142.5] startup
[4.765s] [ext: isaacsim.core.experimental.actuators-0.1.2] startup
[4.787s] [ext: isaacsim.core.experimental.materials-0.7.1] startup
[4.791s] [ext: isaacsim.core.experimental.objects-0.8.1] startup
[4.870s] [ext: omni.hydra.engine.stats-1.0.5] startup
[4.874s] [ext: omni.hydra.rtx.shadercache.vulkan-1.0.0] startup
[4.875s] [ext: omni.index.libs-387500.4413.0] startup
[4.875s] [ext: omni.index-1.0.1] startup
[4.876s] [ext: omni.ujitso.client-0.0.0] startup
[4.876s] [ext: omni.usd.schema.playback-1.0.0] startup
[4.881s] [ext: omni.volume-0.5.2] startup
[4.888s] [ext: omni.hydra.rtx-1.0.4] startup
2026-08-12T19:03:53Z [4,862ms] [Warning] [omni.log] Source: omni.hydra was already registered.
[4.933s] [ext: omni.kit.hydra_texture-1.6.0] startup
[4.938s] [ext: omni.kit.raycast.query-1.2.0] startup
[4.945s] [ext: omni.kit.viewport.legacy_gizmos-1.0.24] startup
[4.948s] [ext: omni.kit.viewport.registry-104.0.6] startup
[4.949s] [ext: omni.kit.viewport.scene_camera_model-1.0.7] startup
[4.954s] [ext: omni.kit.widget.viewport-109.2.0] startup
[4.960s] [ext: omni.kit.window.drop_support-1.0.8] startup
[4.961s] [ext: omni.kit.viewport.window-109.0.2] startup
[4.982s] [ext: omni.kit.viewport.utility-2.0.1] startup
[4.983s] [ext: isaacsim.core.rendering_manager-0.4.3] startup
[5.005s] [ext: omni.graph.action_core-1.1.9] startup
[5.008s] [ext: omni.graph.action_nodes_core-2.11.0] startup
[5.012s] [ext: omni.graph.action_nodes-2.11.0] startup
[5.053s] [ext: omni.graph.action-2.10.2] startup
[5.056s] [ext: omni.graph.image.core-0.6.1] startup
[5.057s] [ext: omni.graph.image.nodes-1.3.1] startup
[5.058s] [ext: omni.graph.nodes_core-2.11.0] startup
[5.067s] [ext: omni.graph.nodes-2.12.0] startup
[5.076s] [ext: omni.kit.hotkeys.core-1.3.12] startup
[5.080s] [ext: omni.kit.property.adapter.core-1.1.1] startup
[5.085s] [ext: omni.kit.property.adapter.usd-1.0.5] startup
[5.087s] [ext: omni.kit.widget.filter-1.1.5] startup
[5.088s] [ext: omni.kit.widget.highlight_label-1.0.3] startup
[5.089s] [ext: omni.kit.widget.searchfield-1.1.8] startup
[5.091s] [ext: omni.kit.window.file_exporter-1.0.36] startup
[5.093s] [ext: omni.kit.widget.stage-4.4.0] startup
[5.103s] [ext: omni.kit.window.content_browser_registry-0.0.6] startup
[5.104s] [ext: omni.kit.window.file-2.0.10] startup
[5.108s] [ext: omni.kit.window.content_browser-3.1.8] startup
[5.121s] [ext: omni.kit.window.property-1.15.1] startup
[5.136s] [ext: omni.kit.property.usd-4.9.4] startup
[5.149s] [ext: omni.graph.scriptnode-2.10.2] startup
[5.161s] [ext: omni.kit.widget.searchable_combobox-1.0.7] startup
[5.162s] [ext: omni.kit.widget.settings-2.0.0] startup
[5.165s] [ext: omni.kit.window.preferences-1.8.3] startup
[5.171s] [ext: omni.kit.viewport.menubar.core-107.2.2] startup
[5.186s] [ext: omni.syntheticdata-0.6.15] startup
[5.227s] [ext: omni.replicator.nv-1.1.1] startup
[5.237s] [ext: omni.videoencoding-0.2.1] startup
[5.240s] [ext: omni.replicator.core-1.13.27] startup
2026-08-12T19:03:53Z [5,203ms] [Warning] [pxr.Semantics] pxr.Semantics is deprecated - please use Semantics instead
2026-08-12T19:03:53Z [5,309ms] [Warning] [omni.replicator.core.scripts.extension] No material configuration file, adding configuration to material settings directly.
[5.549s] [ext: isaacsim.core.nodes-5.10.5] startup
[5.596s] [ext: isaacsim.core.throttling-2.3.5] startup
[5.598s] [ext: omni.kit.manipulator.viewport-107.0.1] startup
[5.600s] [ext: omni.graph.visualization.nodes-2.1.4] startup
[5.620s] [ext: omni.kit.window.extensions-1.5.10] startup
[5.626s] [ext: isaacsim.gui.components-1.8.5] startup
[5.633s] [ext: isaacsim.robot.surface_gripper-3.6.2] startup
[5.648s] [ext: isaacsim.robot.manipulators-3.4.4] startup
[5.664s] [ext: isaacsim.robot_motion.lula-4.1.3] startup
[5.674s] [ext: isaacsim.robot_motion.motion_generation-8.2.9] startup
[5.682s] [ext: isaacsim.cortex.framework-1.0.18] startup
[5.684s] [ext: isaacsim.cortex.behaviors-2.0.17] startup
[5.687s] [ext: isaacsim.examples.base-1.3.2] startup
[5.689s] [ext: omni.kit.widget.zoombar-1.0.7] startup
[5.690s] [ext: omni.kit.browser.core-2.3.18] startup
[5.695s] [ext: omni.kit.browser.folder.core-2.0.2] startup
[5.701s] [ext: omni.kit.widget.stage_icons-1.0.8] startup
[5.702s] [ext: omni.kit.window.stage-2.6.1] startup
[5.707s] [ext: omni.kit.menu.stage-1.2.7] startup
[5.709s] [ext: omni.kit.usd.collect-3.0.6] startup
[5.713s] [ext: omni.kit.widget.prompt-1.0.7] startup
[5.714s] [ext: omni.kit.tool.collect-2.2.19] startup
[5.717s] [ext: isaacsim.examples.browser-0.3.2] startup
[5.720s] [ext: omni.kit.search.files-1.0.4] startup
[5.721s] [ext: omni.kit.widget.calendar-1.0.9] startup
[5.723s] [ext: omni.kit.widget.extended_searchfield-1.0.31] startup
[5.734s] [ext: omni.simready.content.browser-0.3.7] startup
[5.841s] [ext: isaacsim.gui.content_browser-0.4.3] startup
[5.844s] [ext: omni.kit.selection-0.1.6] startup
[5.846s] [ext: isaacsim.gui.menu-2.10.5] startup
[5.857s] [ext: isaacsim.gui.property-1.6.4] startup
[5.866s] [ext: omni.kit.viewport.actions-110.0.0] startup
[5.871s] [ext: omni.kit.viewport.menubar.display-107.1.3] startup
[5.873s] [ext: isaacsim.gui.sensors.icon-2.2.1] startup
[5.877s] [ext: omni.behavior.scripting.core-110.1.0] startup
[5.881s] [ext: isaacsim.replicator.behavior-1.5.4] startup
[5.882s] [ext: isaacsim.replicator.experimental.domain_randomization-1.2.5] startup
[5.904s] [ext: isaacsim.replicator.domain_randomization-1.2.2] startup
[6.000s] [ext: isaacsim.replicator.writers-1.5.4] startup
[6.032s] [ext: isaacsim.robot.experimental.wheeled_robots-0.2.11] startup
[6.060s] [ext: isaacsim.robot.policy.examples-5.2.12] startup
[6.086s] [ext: isaacsim.robot.wheeled_robots-5.2.4] startup
[6.091s] [ext: isaacsim.robot.wheeled_robots.nodes-0.1.5] startup
[6.120s] [ext: isaacsim.robot_motion.experimental.motion_generation-6.1.3] startup
[6.133s] [ext: isaacsim.robot_motion.cumotion-1.3.1] startup
[6.150s] [ext: omni.kit.numpy.common-0.1.3] startup
[6.153s] [ext: isaacsim.sensors.camera-1.7.9] startup
[6.187s] [ext: isaacsim.sensors.experimental.physics-3.0.2] startup
[6.198s] [ext: omni.sensors.net-1.0.1] startup
[6.205s] [ext: omni.sensors.nv.common-3.0.0] startup
[6.224s] [ext: omni.sensors.nv.materials-2.0.0] startup
[6.228s] [ext: omni.sensors.nv.acoustic-3.0.0] startup
[6.233s] [ext: omni.sensors.nv.ids-2.0.1] startup
[6.235s] [ext: omni.sensors.nv.lidar-3.0.0] startup
[6.241s] [ext: omni.sensors.nv.radar-3.0.0] startup
[6.245s] [ext: isaacsim.sensors.experimental.rtx-1.4.6] startup
[6.508s] [ext: isaacsim.sensors.physics.nodes-1.5.3] startup
[6.517s] [ext: isaacsim.util.debug_draw-3.2.3] startup
[6.526s] [ext: isaacsim.sensors.physx-2.5.5] startup
[6.537s] [ext: isaacsim.sensors.rtx-15.17.1] startup
[6.553s] [ext: isaacsim.simulation_app-2.18.4] startup
[6.554s] [ext: omni.anim.curve.core-1.6.0] startup
[6.568s] [ext: omni.graph.ui_nodes-2.11.1] startup
[6.624s] [ext: omni.hydra.scene_api-0.1.3] startup
[6.631s] [ext: omni.kit.manipulator.camera-110.0.0] startup
[6.635s] [ext: omni.kit.manipulator.selector-1.1.4] startup
[6.637s] [ext: omni.kit.manipulator.transform-107.0.0] startup
[6.643s] [ext: omni.kit.widget.toolbar-2.1.0] startup
[6.650s] [ext: omni.kit.manipulator.tool.snap-1.5.14] startup
[6.655s] [ext: omni.kit.viewport.manipulator.transform-107.0.4] startup
[6.658s] [ext: omni.kit.manipulator.prim.core-108.0.2] startup
[6.665s] [ext: omni.kit.manipulator.prim.usd-107.0.3] startup
[6.667s] [ext: omni.kit.manipulator.prim-108.0.0] startup
[6.667s] [ext: omni.kit.manipulator.selection-109.0.1] startup
[6.669s] [ext: omni.kit.menu.create-2.0.2] startup
[6.671s] [ext: omni.kit.property.audio-1.0.16] startup
[6.676s] [ext: omni.kit.property.camera-1.0.14] startup
[6.678s] [ext: omni.kit.property.geometry-2.1.2] startup
[6.683s] [ext: omni.kit.property.light-1.0.14] startup
2026-08-12T19:03:54Z [6,679ms] [Warning] [omni.usd] Encountered USD Warnings but USD Diagnostics are currently muted. To view USD Warnings, please set the '/persistent/app/usd/muteUsdDiagnostics' setting to false in Preferences page.
[6.869s] [ext: omni.kit.property.material-1.14.6] startup
[6.884s] [ext: omni.kit.property.render-1.2.2] startup
[6.887s] [ext: omni.kit.property.transform-1.6.9] startup
[6.896s] [ext: omni.kit.property.bundle-1.5.1] startup
[6.900s] [ext: omni.kit.usdz_export-1.1.0] startup
[6.906s] [ext: omni.kit.tool.asset_importer-6.0.1] startup
[6.918s] [ext: omni.kit.ui.actions-1.0.5] startup
[6.922s] [ext: omni.kit.viewport.menubar.camera-107.0.10] startup
[6.933s] [ext: omni.kit.viewport.menubar.lighting-107.3.2] startup
[6.939s] [ext: omni.kit.viewport.menubar.render-110.0.0] startup
[6.945s] [ext: omni.kit.viewport.menubar.settings-110.0.1] startup
[6.952s] [ext: omni.kit.window.console-1.1.9] startup
[6.961s] [ext: omni.kit.window.status_bar-0.1.11] startup
[6.967s] [ext: omni.kit.window.toolbar-3.0.3] startup
[6.971s] [ext: omni.ocio-0.1.1] startup
[6.974s] [ext: omni.physx.commands-110.1.13] startup
[6.980s] [ext: omni.replicator.replicator_yaml-2.0.12] startup
[6.994s] [ext: omni.rtx.window.settings-0.8.0] startup
[7.000s] [ext: omni.rtx.settings.core-0.7.1] startup
[7.004s] [ext: omni.usd.metrics.assembler.ui-110.1.1] startup
[7.013s] [ext: semantics.schema.editor-2.0.2] startup
[7.017s] [ext: semantics.schema.property-2.0.2] startup
[7.019s] [ext: omni.kit.menu.common-2.0.2] startup
[7.021s] [ext: isaacsim.exp.base-6.0.1] startup
[7.021s] [ext: isaacsim.exp.base.python-6.0.1] startup
[7.024s] Simulation App Starting
[10.335s] Simulation App Startup Complete
[10.346s] app ready
[10.956s] [ext: isaacsim.robot_motion.pink-0.1.3] startup
2026-08-12T19:04:01Z [13,151ms] [Error] [omni.rtx.materials] [UsdToMdl] Prim '/World/Task/living_room_table/Visual/Looks/Louisa_Coffee_Table_LTV3/Louisa_Coffee_Table_LTV3' parameter 'normalmap_texture': References an asset that can not be found: './materials/textures/louisa-coffee-table-wood-bump.jpg'
2026-08-12T19:04:01Z [13,158ms] [Error] [omni.rtx.materials] [UsdToMdl] Prim '/World/Task/living_room_table/Visual/Looks/Louisa_Coffee_Table_LTV3/Louisa_Coffee_Table_LTV3' parameter 'normalmap_texture': References an asset that can not be found: './materials/textures/louisa-coffee-table-wood-bump.jpg'
2026-08-12T19:04:02Z [14,331ms] [Error] [omni.rtx.materials] [UsdToMdl] Prim '/World/Task/living_room_table/Visual/Looks/Louisa_Coffee_Table_LTV3/Louisa_Coffee_Table_LTV3' parameter 'normalmap_texture': References an asset that can not be found: './materials/textures/louisa-coffee-table-wood-bump.jpg'
2026-08-12T19:04:02Z [14,331ms] [Error] [omni.rtx.materials] [UsdToMdl] Prim '/World/Task/living_room_table/Visual/Looks/Louisa_Coffee_Table_LTV3/Louisa_Coffee_Table_LTV3' parameter 'normalmap_texture': References an asset that can not be found: './materials/textures/louisa-coffee-table-wood-bump.jpg'
Starting kit application with the following args:  ['/root/autodl-tmp/isaac_sim/venv/lib/python3.12/site-packages/isaacsim/exts/isaacsim.simulation_app/isaacsim/simulation_app/simulation_app.py', '/root/autodl-tmp/isaac_sim/venv/lib/python3.12/site-packages/isaacsim/apps/isaacsim.exp.base.python.kit', '--/app/tokens/exe-path=/root/autodl-tmp/isaac_sim/venv/lib/python3.12/site-packages/isaacsim/kit', '--/persistent/app/viewport/displayOptions=3094', '--/rtx/materialDb/syncLoads=True', '--/rtx/hydra/materialSyncLoads=True', '--/omni/kit/plugin/syncUsdLoads=True', '--/app/renderer/resolution/width=1280', '--/app/renderer/resolution/height=720', '--/app/window/width=1440', '--/app/window/height=900', '--/renderer/multiGpu/enabled=True', '--/app/fastShutdown=True', '--/app/installSignalHandlers=0', '--ext-folder', '/root/autodl-tmp/isaac_sim/venv/lib/python3.12/site-packages/isaacsim/exts', '--ext-folder', '/root/autodl-tmp/isaac_sim/venv/lib/python3.12/site-packages/isaacsim/apps', '--/physics/cudaDevice=0', '--/plugins/carb.tasking.plugin/threadCount=32', '--/plugins/omni.tbb.globalcontrol/maxThreadCount=32', '--portable', '--no-window', '--/app/window/hideUi=1', '--allow-root']
Passing the following args to the base kit application:  ['--case=open', '--output', '/root/autodl-tmp/VLA-Intern-Sprint/results/phase3_step7/action_parity_attempt2/isaac_open.json']
Warp 1.13.0 initialized:
   CUDA Toolkit 12.9, Driver 13.0
   Devices:
     "cpu"      : "x86_64"
     "cuda:0"   : "NVIDIA GeForce RTX 5090" (31 GiB, sm_120, mempool enabled)
   Kernel cache:
     /root/autodl-tmp/isaac_cache/xdg/warp/1.13.0
2026-08-12T19:04:03Z [15,767ms] [Warning] [omni.rtx] DLSS increasing input dimensions: Render resolution of (128, 128) is below minimal input resolution of 300.
[17.489s] Simulation App Shutting Down
