WARNING: All log messages before absl::InitializeLog() is called are written to STDERR
E0000 00:00:1786561319.811053   29764 descriptor_database.cc:633] File already exists in database: grpc/health/v1/health.proto
W0000 00:00:1786561319.811104   29764 message.cc:301] Protobuf GeneratedMessageFactory: File is already registered: grpc/health/v1/health.proto
2026-08-12T19:01:59Z [Info] [carb] Logging to file: /root/autodl-tmp/isaac_sim/venv/lib/python3.12/site-packages/isaacsim/kit/logs/Kit/Isaac-Sim Python/6.0/kit_20260813_030159.log
[0.094s] [ext: omni.assets.plugins-0.0.0] startup
[0.095s] [ext: omni.blobkey-1.1.2] startup
[0.096s] [ext: omni.kit.async_engine-0.0.3] startup
[0.217s] [ext: omni.client.lib-1.1.1] startup
[0.233s] [ext: omni.client-1.3.0] startup
[0.238s] [ext: omni.protobuf.lib-1.0.0] startup
[0.239s] [ext: omni.grpc.lib-1.0.0] startup
[0.245s] [ext: omni.metrics.core-0.0.3] startup
[0.246s] [ext: omni.datastore-0.0.0] startup
[0.247s] [ext: omni.gpu_foundation.shadercache.vulkan-1.0.0] startup
[0.250s] [ext: omni.hsscclient-1.1.4] startup
[0.250s] [ext: omni.stats-1.0.1] startup
[0.251s] [ext: omni.ujitso.default-1.0.0] startup
[0.255s] [ext: omni.gpu_foundation-0.0.0] startup
[0.557s] [ext: carb.windowing.plugins-1.0.1] startup
[0.558s] [ext: omni.kit.renderer.init-1.0.1] startup
2026-08-12T19:02:00Z [641ms] [Warning] [omni.platforminfo.plugin] failed to open the default display.  Can't verify X Server version.

|---------------------------------------------------------------------------------------------|
| Driver Version: 580.105.08    | Graphics API: Vulkan
|=============================================================================================|
| GPU | Name                             | Active | LDA | GPU Memory | Vendor-ID | LUID       |
|     |                                  |        |     |            | Device-ID | UUID       |
|     |                                  |        |     |            | Bus-ID    |            |
|---------------------------------------------------------------------------------------------|
| 0   | NVIDIA GeForce RTX 5090          | Yes: 0 |     | 32853   MB | 10de      | 0          |
|     |                                  |        |     |            | 2b85      | 105e4e5f.. |
|     |                                  |        |     |            | 49        |            |
|=============================================================================================|
| OS: 22.04.5 LTS (Jammy Jellyfish) ubuntu, Version: 22.04.5, Kernel: 5.15.0-78-generic
| Processor: Intel(R) Xeon(R) Platinum 8470Q
| Bare Metal Cores: 104 | Bare Metal Logical Cores: 208
| Core Usage Quota: 25
|---------------------------------------------------------------------------------------------|
| Total Memory (MB): 92160 | Free Memory: 75908
| Total Page/Swap (MB): 0 | Free Page/Swap: 0
|---------------------------------------------------------------------------------------------|
[1.782s] [ext: omni.kit.pipapi-0.0.0] startup
[1.784s] [ext: omni.kit.telemetry-0.5.2] startup
[1.833s] [ext: omni.kit.loop-isaac-1.6.0] startup
[1.836s] [ext: omni.kit.test-2.0.7] startup
[1.900s] [ext: omni.materialx.libs-1.0.9] startup
[1.908s] [ext: omni.gpucompute.plugins-0.0.0] startup
[1.909s] [ext: omni.usd.config-1.0.7] startup
[1.912s] [ext: omni.usd.libs-1.0.3] startup
[2.032s] [ext: omni.iray.libs-0.0.1] startup
[2.038s] [ext: omni.mdl-57.0.3] startup
[2.060s] [ext: omni.mdl.neuraylib-0.2.20] startup
[2.062s] [ext: omni.kit.usd.mdl-1.1.9] startup
[2.196s] [ext: omni.appwindow-1.2.2] startup
[2.198s] [ext: omni.kit.renderer.core-1.2.2] startup
2026-08-12T19:02:01Z [2,171ms] [Warning] [carb.windowing-glfw.plugin] GLFW initialization failed.
2026-08-12T19:02:01Z [2,171ms] [Warning] [carb] Failed to startup plugin carb.windowing-glfw.plugin (interfaces: [carb::windowing::IGLContext v1.0],[carb::windowing::IWindowing v1.5]) (impl: carb.windowing-glfw.plugin)
[2.235s] [ext: omni.kit.renderer.capture-2.0.1] startup
[2.237s] [ext: omni.kit.renderer.imgui-2.0.6] startup
2026-08-12T19:02:01Z [2,196ms] [Warning] [carb.windowing-glfw.plugin] GLFW initialization failed.
2026-08-12T19:02:01Z [2,196ms] [Warning] [carb] Failed to startup plugin carb.windowing-glfw.plugin (interfaces: [carb::windowing::IGLContext v1.0],[carb::windowing::IWindowing v1.5]) (impl: carb.windowing-glfw.plugin)
2026-08-12T19:02:01Z [2,198ms] [Warning] [carb.windowing-glfw.plugin] GLFW initialization failed.
2026-08-12T19:02:01Z [2,198ms] [Warning] [carb] Failed to startup plugin carb.windowing-glfw.plugin (interfaces: [carb::windowing::IGLContext v1.0],[carb::windowing::IWindowing v1.5]) (impl: carb.windowing-glfw.plugin)
[2.330s] [ext: omni.ui-3.2.0] startup
[2.341s] [ext: omni.kit.mainwindow-1.0.3] startup
[2.342s] [ext: carb.audio-0.1.0] startup
[2.348s] [ext: omni.uiaudio-1.0.0] startup
[2.349s] [ext: omni.kit.uiapp-0.0.0] startup
[2.349s] [ext: omni.usd.schema.metrics.assembler-110.1.0] startup
[2.352s] [ext: omni.usd.schema.audio-0.0.1] startup
[2.356s] [ext: omni.usd_resolver-1.0.0] startup
[2.359s] [ext: omni.usd.core-1.8.3] startup
[2.364s] [ext: omni.metropolis.schema-0.0.3] startup
[2.364s] [ext: isaacsim.anim.robot.schema-0.1.1] startup
[2.365s] [ext: omni.usd.schema.anim-0.0.1] startup
[2.387s] [ext: omni.usd.schema.geospatial-0.0.1] startup
[2.389s] [ext: omni.usd.schema.omnigraph-1.0.1] startup
[2.396s] [ext: omni.usd.schema.semantics-0.0.0] startup
[2.398s] [ext: omni.activity.core-1.0.3] startup
[2.400s] [ext: omni.cubric-0.1.0] startup
[2.400s] [ext: omni.graph.exec-0.9.6] startup
[2.400s] [ext: omni.hydra.scene_delegate-0.3.5] startup
[2.405s] [ext: usdrt.scenegraph-7.6.3] startup
[2.436s] [ext: omni.hydra.usdrt_delegate-7.5.2] startup
[2.449s] [ext: omni.inspect-1.0.2] startup
[2.451s] [ext: omni.kit.actions.core-1.0.0] startup
[2.454s] [ext: omni.kit.audiodeviceenum-1.0.2] startup
[2.455s] [ext: omni.kit.commands-1.5.0] startup
[2.459s] [ext: omni.kit.exec.core-0.13.5] startup
[2.461s] [ext: omni.kit.usd_undo-0.1.8] startup
[2.461s] [ext: omni.kit.window.popup_dialog-2.0.25] startup
[2.466s] [ext: omni.kit.widget.nucleus_connector-2.3.1] startup
[2.469s] [ext: omni.timeline-1.1.0] startup
[2.472s] [ext: omni.usd-1.16.0] startup
[2.517s] [ext: omni.graph.core-3.1.2] startup
[2.521s] [ext: omni.kit.notification_manager-1.0.11] startup
[2.523s] [ext: isaacsim.core.deprecation_manager-0.4.2] startup
[2.524s] [ext: isaacsim.replicator.agent.schema-0.1.1] startup
[2.525s] [ext: isaacsim.robot.schema-6.3.7] startup
[2.531s] [ext: isaacsim.robot_motion.schema-0.2.1] startup
[2.531s] [ext: omni.anim.behavior.schema-110.1.0] startup
[2.536s] [ext: omni.anim.graph.schema-110.1.1] startup
[2.542s] [ext: omni.anim.navigation.schema-110.1.0] startup
[2.545s] [ext: omni.behavior.tree.schema-110.1.0] startup
[2.546s] [ext: omni.kit.asset_converter-6.0.1] startup
[2.562s] [ext: omni.usd.schema.flow-110.0.0] startup
[2.562s] [ext: omni.usd.schema.mujoco-1.1.1] startup
[2.563s] [ext: omni.usd.schema.newton-1.2.1] startup
[2.563s] [ext: omni.usd.schema.omni_lens_distortion-1.0.0] startup
[2.564s] [ext: omni.usd.schema.omni_projectors-1.0.0] startup
[2.565s] [ext: omni.usd.schema.omni_sensors-0.0.0] startup
[2.573s] [ext: omni.usd.schema.omniscripting-1.0.1] startup
[2.578s] [ext: omni.usd.schema.physical_lighting-0.1.0] startup
[2.582s] [ext: omni.usd.schema.physx-110.1.13] startup
[2.615s] [ext: omni.usd.schema.render_settings.rtx-1.0.2] startup
[2.619s] [ext: omni.usd.schema.usd_particle_field-1.0.0] startup
[2.620s] [ext: isaacsim.core.version-2.1.1] startup
[2.621s] [ext: omni.kit.menu.core-1.2.0] startup
[2.622s] [ext: omni.kit.menu.utils-2.2.4] startup
[2.630s] [ext: isaacsim.app.about-2.3.1] startup
[2.635s] [ext: isaacsim.asset.transformer-1.2.5] startup
[2.639s] [ext: omni.scene.optimizer.core-110.1.0] startup
[2.707s] [ext: isaacsim.asset.importer.utils-1.8.1] startup
[2.710s] [ext: omni.convexdecomposition-110.1.13] startup
[2.712s] [ext: omni.physics-110.1.13] startup
[2.716s] [ext: omni.physx.gpu-110.1.13] startup
[2.716s] [ext: omni.physx.foundation-110.1.13] startup
[2.718s] [ext: omni.usdphysics-110.1.13] startup
[2.720s] [ext: omni.physx.cooking-110.1.13] startup
[2.723s] [ext: omni.physx-110.1.13] startup
[2.735s] [ext: omni.physics.physx-110.1.13] startup
[2.737s] [ext: isaacsim.asset.exporter.urdf-2.0.5] startup
[2.746s] [ext: omni.kit.clipboard-1.1.1] startup
[2.747s] [ext: omni.kit.usd.layers-2.6.1] startup
[2.756s] [ext: omni.kit.widget.context_menu-1.4.0] startup
[2.757s] [ext: omni.kit.context_menu-1.9.0] startup
[2.759s] [ext: omni.kit.helper.file_utils-0.1.10] startup
[2.760s] [ext: omni.kit.widget.nucleus_info-2.0.2] startup
[2.761s] [ext: omni.kit.search_core-1.0.8] startup
[2.762s] [ext: omni.kit.widget.path_field-2.0.13] startup
[2.763s] [ext: omni.kit.widget.browser_bar-2.0.10] startup
[2.763s] [ext: omni.kit.widget.filebrowser-2.13.4] startup
[2.768s] [ext: omni.kit.widget.options_menu-1.1.6] startup
[2.771s] [ext: omni.kit.widget.options_button-1.0.3] startup
[2.772s] [ext: omni.kit.widget.search_delegate-1.0.9] startup
[2.773s] [ext: omni.ui.scene-2.0.3] startup
[2.779s] [ext: omni.kit.window.filepicker-2.15.5] startup
[2.793s] [ext: omni.kit.window.file_importer-1.1.21] startup
[2.795s] [ext: omni.kit.material.library-3.1.2] startup
[2.801s] [ext: isaacsim.asset.transformer.rules-1.7.10] startup
[2.813s] [ext: omni.usdex.libs-2.2.2] startup
[2.823s] [ext: isaacsim.asset.importer.mjcf-3.10.1] startup
[2.826s] [ext: isaacsim.asset.importer.urdf-3.11.2] startup
[2.830s] [ext: omni.kit.primitive.mesh-1.1.0] startup
[2.833s] [ext: omni.kit.stage_template.core-1.1.22] startup
[2.833s] [ext: omni.kit.stage_templates-2.0.2] startup
[2.835s] [ext: omni.usd.metrics.assembler-110.1.2] startup
[2.839s] [ext: omni.warp.core-1.13.0] startup
[3.042s] [ext: isaacsim.core.experimental.utils-0.17.2] startup
[3.044s] [ext: omni.physics.stageupdate-110.1.13] startup
[3.046s] [ext: omni.physics.tensors-110.1.13] startup
[3.052s] [ext: omni.physx.tensors-110.1.13] startup
[3.057s] [ext: isaacsim.core.simulation_manager-1.15.6] startup
[3.074s] [ext: isaacsim.storage.native-1.9.3] startup
[3.075s] [ext: omni.usd.metrics.assembler.physics-110.1.13] startup
[3.077s] [ext: isaacsim.core.utils-4.1.7] startup
[3.080s] [ext: isaacsim.core.prims-0.11.7] startup
[4.584s] [ext: isaacsim.core.api-5.2.13] startup
[4.594s] [ext: isaacsim.core.cloner-1.7.3] startup
[4.596s] [ext: isaacsim.test.docstring-1.3.2] startup
[4.601s] [ext: isaacsim.core.experimental.prims-1.8.9] startup
[4.629s] [ext: isaacsim.core.experimental.primdata-0.3.2] startup
[4.632s] [ext: omni.graph.tools-1.81.0] startup
[4.658s] [ext: omni.graph-1.142.5] startup
[4.706s] [ext: isaacsim.core.experimental.actuators-0.1.2] startup
[4.730s] [ext: isaacsim.core.experimental.materials-0.7.1] startup
[4.734s] [ext: isaacsim.core.experimental.objects-0.8.1] startup
[4.808s] [ext: omni.hydra.engine.stats-1.0.5] startup
[4.812s] [ext: omni.hydra.rtx.shadercache.vulkan-1.0.0] startup
[4.813s] [ext: omni.index.libs-387500.4413.0] startup
[4.813s] [ext: omni.index-1.0.1] startup
[4.814s] [ext: omni.ujitso.client-0.0.0] startup
[4.815s] [ext: omni.usd.schema.playback-1.0.0] startup
[4.819s] [ext: omni.volume-0.5.2] startup
[4.826s] [ext: omni.hydra.rtx-1.0.4] startup
2026-08-12T19:02:04Z [4,804ms] [Warning] [omni.log] Source: omni.hydra was already registered.
[4.871s] [ext: omni.kit.hydra_texture-1.6.0] startup
[4.876s] [ext: omni.kit.raycast.query-1.2.0] startup
[4.883s] [ext: omni.kit.viewport.legacy_gizmos-1.0.24] startup
[4.886s] [ext: omni.kit.viewport.registry-104.0.6] startup
[4.887s] [ext: omni.kit.viewport.scene_camera_model-1.0.7] startup
[4.893s] [ext: omni.kit.widget.viewport-109.2.0] startup
[4.898s] [ext: omni.kit.window.drop_support-1.0.8] startup
[4.899s] [ext: omni.kit.viewport.window-109.0.2] startup
[4.921s] [ext: omni.kit.viewport.utility-2.0.1] startup
[4.922s] [ext: isaacsim.core.rendering_manager-0.4.3] startup
[4.944s] [ext: omni.graph.action_core-1.1.9] startup
[4.947s] [ext: omni.graph.action_nodes_core-2.11.0] startup
[4.951s] [ext: omni.graph.action_nodes-2.11.0] startup
[4.993s] [ext: omni.graph.action-2.10.2] startup
[4.996s] [ext: omni.graph.image.core-0.6.1] startup
[4.998s] [ext: omni.graph.image.nodes-1.3.1] startup
[4.999s] [ext: omni.graph.nodes_core-2.11.0] startup
[5.011s] [ext: omni.graph.nodes-2.12.0] startup
[5.024s] [ext: omni.kit.hotkeys.core-1.3.12] startup
[5.026s] [ext: omni.kit.property.adapter.core-1.1.1] startup
[5.031s] [ext: omni.kit.property.adapter.usd-1.0.5] startup
[5.033s] [ext: omni.kit.widget.filter-1.1.5] startup
[5.035s] [ext: omni.kit.widget.highlight_label-1.0.3] startup
[5.037s] [ext: omni.kit.widget.searchfield-1.1.8] startup
[5.039s] [ext: omni.kit.window.file_exporter-1.0.36] startup
[5.041s] [ext: omni.kit.widget.stage-4.4.0] startup
[5.051s] [ext: omni.kit.window.content_browser_registry-0.0.6] startup
[5.053s] [ext: omni.kit.window.file-2.0.10] startup
[5.057s] [ext: omni.kit.window.content_browser-3.1.8] startup
[5.072s] [ext: omni.kit.window.property-1.15.1] startup
[5.087s] [ext: omni.kit.property.usd-4.9.4] startup
[5.101s] [ext: omni.graph.scriptnode-2.10.2] startup
[5.113s] [ext: omni.kit.widget.searchable_combobox-1.0.7] startup
[5.115s] [ext: omni.kit.widget.settings-2.0.0] startup
[5.117s] [ext: omni.kit.window.preferences-1.8.3] startup
[5.124s] [ext: omni.kit.viewport.menubar.core-107.2.2] startup
[5.138s] [ext: omni.syntheticdata-0.6.15] startup
[5.179s] [ext: omni.replicator.nv-1.1.1] startup
[5.189s] [ext: omni.videoencoding-0.2.1] startup
[5.192s] [ext: omni.replicator.core-1.13.27] startup
2026-08-12T19:02:04Z [5,160ms] [Warning] [pxr.Semantics] pxr.Semantics is deprecated - please use Semantics instead
2026-08-12T19:02:04Z [5,257ms] [Warning] [omni.replicator.core.scripts.extension] No material configuration file, adding configuration to material settings directly.
[5.513s] [ext: isaacsim.core.nodes-5.10.5] startup
[5.586s] [ext: isaacsim.core.throttling-2.3.5] startup
[5.589s] [ext: omni.kit.manipulator.viewport-107.0.1] startup
[5.591s] [ext: omni.graph.visualization.nodes-2.1.4] startup
[5.617s] [ext: omni.kit.window.extensions-1.5.10] startup
[5.627s] [ext: isaacsim.gui.components-1.8.5] startup
[5.636s] [ext: isaacsim.robot.surface_gripper-3.6.2] startup
[5.658s] [ext: isaacsim.robot.manipulators-3.4.4] startup
[5.679s] [ext: isaacsim.robot_motion.lula-4.1.3] startup
[5.701s] [ext: isaacsim.robot_motion.motion_generation-8.2.9] startup
[5.710s] [ext: isaacsim.cortex.framework-1.0.18] startup
[5.712s] [ext: isaacsim.cortex.behaviors-2.0.17] startup
[5.715s] [ext: isaacsim.examples.base-1.3.2] startup
[5.717s] [ext: omni.kit.widget.zoombar-1.0.7] startup
[5.719s] [ext: omni.kit.browser.core-2.3.18] startup
[5.723s] [ext: omni.kit.browser.folder.core-2.0.2] startup
[5.729s] [ext: omni.kit.widget.stage_icons-1.0.8] startup
[5.730s] [ext: omni.kit.window.stage-2.6.1] startup
[5.736s] [ext: omni.kit.menu.stage-1.2.7] startup
[5.738s] [ext: omni.kit.usd.collect-3.0.6] startup
[5.741s] [ext: omni.kit.widget.prompt-1.0.7] startup
[5.743s] [ext: omni.kit.tool.collect-2.2.19] startup
[5.745s] [ext: isaacsim.examples.browser-0.3.2] startup
[5.748s] [ext: omni.kit.search.files-1.0.4] startup
[5.750s] [ext: omni.kit.widget.calendar-1.0.9] startup
[5.752s] [ext: omni.kit.widget.extended_searchfield-1.0.31] startup
[5.762s] [ext: omni.simready.content.browser-0.3.7] startup
[5.869s] [ext: isaacsim.gui.content_browser-0.4.3] startup
[5.873s] [ext: omni.kit.selection-0.1.6] startup
[5.875s] [ext: isaacsim.gui.menu-2.10.5] startup
[5.886s] [ext: isaacsim.gui.property-1.6.4] startup
[5.895s] [ext: omni.kit.viewport.actions-110.0.0] startup
[5.900s] [ext: omni.kit.viewport.menubar.display-107.1.3] startup
[5.902s] [ext: isaacsim.gui.sensors.icon-2.2.1] startup
[5.910s] [ext: omni.behavior.scripting.core-110.1.0] startup
[5.914s] [ext: isaacsim.replicator.behavior-1.5.4] startup
[5.915s] [ext: isaacsim.replicator.experimental.domain_randomization-1.2.5] startup
[5.937s] [ext: isaacsim.replicator.domain_randomization-1.2.2] startup
[6.041s] [ext: isaacsim.replicator.writers-1.5.4] startup
[6.073s] [ext: isaacsim.robot.experimental.wheeled_robots-0.2.11] startup
[6.100s] [ext: isaacsim.robot.policy.examples-5.2.12] startup
[6.127s] [ext: isaacsim.robot.wheeled_robots-5.2.4] startup
[6.132s] [ext: isaacsim.robot.wheeled_robots.nodes-0.1.5] startup
[6.159s] [ext: isaacsim.robot_motion.experimental.motion_generation-6.1.3] startup
[6.171s] [ext: isaacsim.robot_motion.cumotion-1.3.1] startup
[6.188s] [ext: omni.kit.numpy.common-0.1.3] startup
[6.190s] [ext: isaacsim.sensors.camera-1.7.9] startup
[6.225s] [ext: isaacsim.sensors.experimental.physics-3.0.2] startup
[6.236s] [ext: omni.sensors.net-1.0.1] startup
[6.242s] [ext: omni.sensors.nv.common-3.0.0] startup
[6.261s] [ext: omni.sensors.nv.materials-2.0.0] startup
[6.265s] [ext: omni.sensors.nv.acoustic-3.0.0] startup
[6.269s] [ext: omni.sensors.nv.ids-2.0.1] startup
[6.272s] [ext: omni.sensors.nv.lidar-3.0.0] startup
[6.277s] [ext: omni.sensors.nv.radar-3.0.0] startup
[6.281s] [ext: isaacsim.sensors.experimental.rtx-1.4.6] startup
[6.548s] [ext: isaacsim.sensors.physics.nodes-1.5.3] startup
[6.558s] [ext: isaacsim.util.debug_draw-3.2.3] startup
[6.565s] [ext: isaacsim.sensors.physx-2.5.5] startup
[6.576s] [ext: isaacsim.sensors.rtx-15.17.1] startup
[6.592s] [ext: isaacsim.simulation_app-2.18.4] startup
[6.593s] [ext: omni.anim.curve.core-1.6.0] startup
[6.606s] [ext: omni.graph.ui_nodes-2.11.1] startup
[6.659s] [ext: omni.hydra.scene_api-0.1.3] startup
[6.666s] [ext: omni.kit.manipulator.camera-110.0.0] startup
[6.671s] [ext: omni.kit.manipulator.selector-1.1.4] startup
[6.673s] [ext: omni.kit.manipulator.transform-107.0.0] startup
[6.679s] [ext: omni.kit.widget.toolbar-2.1.0] startup
[6.686s] [ext: omni.kit.manipulator.tool.snap-1.5.14] startup
[6.692s] [ext: omni.kit.viewport.manipulator.transform-107.0.4] startup
[6.694s] [ext: omni.kit.manipulator.prim.core-108.0.2] startup
[6.702s] [ext: omni.kit.manipulator.prim.usd-107.0.3] startup
[6.704s] [ext: omni.kit.manipulator.prim-108.0.0] startup
[6.704s] [ext: omni.kit.manipulator.selection-109.0.1] startup
[6.706s] [ext: omni.kit.menu.create-2.0.2] startup
[6.708s] [ext: omni.kit.property.audio-1.0.16] startup
[6.713s] [ext: omni.kit.property.camera-1.0.14] startup
[6.715s] [ext: omni.kit.property.geometry-2.1.2] startup
[6.719s] [ext: omni.kit.property.light-1.0.14] startup
2026-08-12T19:02:06Z [6,713ms] [Warning] [omni.usd] Encountered USD Warnings but USD Diagnostics are currently muted. To view USD Warnings, please set the '/persistent/app/usd/muteUsdDiagnostics' setting to false in Preferences page.
[6.809s] [ext: omni.kit.property.material-1.14.6] startup
[6.817s] [ext: omni.kit.property.render-1.2.2] startup
[6.819s] [ext: omni.kit.property.transform-1.6.9] startup
[6.823s] [ext: omni.kit.property.bundle-1.5.1] startup
[6.825s] [ext: omni.kit.usdz_export-1.1.0] startup
[6.829s] [ext: omni.kit.tool.asset_importer-6.0.1] startup
[6.835s] [ext: omni.kit.ui.actions-1.0.5] startup
[6.838s] [ext: omni.kit.viewport.menubar.camera-107.0.10] startup
[6.844s] [ext: omni.kit.viewport.menubar.lighting-107.3.2] startup
[6.847s] [ext: omni.kit.viewport.menubar.render-110.0.0] startup
[6.851s] [ext: omni.kit.viewport.menubar.settings-110.0.1] startup
[6.855s] [ext: omni.kit.window.console-1.1.9] startup
[6.861s] [ext: omni.kit.window.status_bar-0.1.11] startup
[6.865s] [ext: omni.kit.window.toolbar-3.0.3] startup
[6.868s] [ext: omni.ocio-0.1.1] startup
[6.870s] [ext: omni.physx.commands-110.1.13] startup
[6.874s] [ext: omni.replicator.replicator_yaml-2.0.12] startup
[6.888s] [ext: omni.rtx.window.settings-0.8.0] startup
[6.894s] [ext: omni.rtx.settings.core-0.7.1] startup
[6.898s] [ext: omni.usd.metrics.assembler.ui-110.1.1] startup
[6.907s] [ext: semantics.schema.editor-2.0.2] startup
[6.910s] [ext: semantics.schema.property-2.0.2] startup
[6.912s] [ext: omni.kit.menu.common-2.0.2] startup
[6.914s] [ext: isaacsim.exp.base-6.0.1] startup
[6.915s] [ext: isaacsim.exp.base.python-6.0.1] startup
[6.917s] Simulation App Starting
[9.813s] Simulation App Startup Complete
[9.824s] app ready
[10.457s] [ext: isaacsim.robot_motion.pink-0.1.3] startup
2026-08-12T19:02:12Z [12,885ms] [Error] [omni.rtx.materials] [UsdToMdl] Prim '/World/Task/living_room_table/Visual/Looks/Louisa_Coffee_Table_LTV3/Louisa_Coffee_Table_LTV3' parameter 'normalmap_texture': References an asset that can not be found: './materials/textures/louisa-coffee-table-wood-bump.jpg'
2026-08-12T19:02:12Z [12,890ms] [Error] [omni.rtx.materials] [UsdToMdl] Prim '/World/Task/living_room_table/Visual/Looks/Louisa_Coffee_Table_LTV3/Louisa_Coffee_Table_LTV3' parameter 'normalmap_texture': References an asset that can not be found: './materials/textures/louisa-coffee-table-wood-bump.jpg'
2026-08-12T19:02:13Z [13,798ms] [Error] [omni.rtx.materials] [UsdToMdl] Prim '/World/Task/living_room_table/Visual/Looks/Louisa_Coffee_Table_LTV3/Louisa_Coffee_Table_LTV3' parameter 'normalmap_texture': References an asset that can not be found: './materials/textures/louisa-coffee-table-wood-bump.jpg'
2026-08-12T19:02:13Z [13,799ms] [Error] [omni.rtx.materials] [UsdToMdl] Prim '/World/Task/living_room_table/Visual/Looks/Louisa_Coffee_Table_LTV3/Louisa_Coffee_Table_LTV3' parameter 'normalmap_texture': References an asset that can not be found: './materials/textures/louisa-coffee-table-wood-bump.jpg'
Starting kit application with the following args:  ['/root/autodl-tmp/isaac_sim/venv/lib/python3.12/site-packages/isaacsim/exts/isaacsim.simulation_app/isaacsim/simulation_app/simulation_app.py', '/root/autodl-tmp/isaac_sim/venv/lib/python3.12/site-packages/isaacsim/apps/isaacsim.exp.base.python.kit', '--/app/tokens/exe-path=/root/autodl-tmp/isaac_sim/venv/lib/python3.12/site-packages/isaacsim/kit', '--/persistent/app/viewport/displayOptions=3094', '--/rtx/materialDb/syncLoads=True', '--/rtx/hydra/materialSyncLoads=True', '--/omni/kit/plugin/syncUsdLoads=True', '--/app/renderer/resolution/width=1280', '--/app/renderer/resolution/height=720', '--/app/window/width=1440', '--/app/window/height=900', '--/renderer/multiGpu/enabled=True', '--/app/fastShutdown=True', '--/app/installSignalHandlers=0', '--ext-folder', '/root/autodl-tmp/isaac_sim/venv/lib/python3.12/site-packages/isaacsim/exts', '--ext-folder', '/root/autodl-tmp/isaac_sim/venv/lib/python3.12/site-packages/isaacsim/apps', '--/physics/cudaDevice=0', '--/plugins/carb.tasking.plugin/threadCount=32', '--/plugins/omni.tbb.globalcontrol/maxThreadCount=32', '--portable', '--no-window', '--/app/window/hideUi=1', '--allow-root']
Passing the following args to the base kit application:  ['--case=+Rx', '--output', '/root/autodl-tmp/VLA-Intern-Sprint/results/phase3_step7/action_parity_attempt2/isaac_+Rx.json']
Warp 1.13.0 initialized:
   CUDA Toolkit 12.9, Driver 13.0
   Devices:
     "cpu"      : "x86_64"
     "cuda:0"   : "NVIDIA GeForce RTX 5090" (31 GiB, sm_120, mempool enabled)
   Kernel cache:
     /root/autodl-tmp/isaac_cache/xdg/warp/1.13.0
2026-08-12T19:02:14Z [15,278ms] [Warning] [omni.rtx] DLSS increasing input dimensions: Render resolution of (128, 128) is below minimal input resolution of 300.
[17.055s] Simulation App Shutting Down
