WARNING: All log messages before absl::InitializeLog() is called are written to STDERR
E0000 00:00:1786529698.211940    7913 descriptor_database.cc:633] File already exists in database: grpc/health/v1/health.proto
W0000 00:00:1786529698.211979    7913 message.cc:301] Protobuf GeneratedMessageFactory: File is already registered: grpc/health/v1/health.proto
2026-08-12T10:14:58Z [Info] [carb] Logging to file: /root/autodl-tmp/isaac_sim/venv/lib/python3.12/site-packages/isaacsim/kit/logs/Kit/Isaac-Sim Python/6.0/kit_20260812_181458.log
[0.079s] [ext: omni.assets.plugins-0.0.0] startup
[0.081s] [ext: omni.blobkey-1.1.2] startup
[0.081s] [ext: omni.kit.async_engine-0.0.3] startup
[0.180s] [ext: omni.client.lib-1.1.1] startup
[0.194s] [ext: omni.client-1.3.0] startup
[0.200s] [ext: omni.protobuf.lib-1.0.0] startup
[0.201s] [ext: omni.grpc.lib-1.0.0] startup
[0.208s] [ext: omni.metrics.core-0.0.3] startup
[0.208s] [ext: omni.datastore-0.0.0] startup
[0.209s] [ext: omni.gpu_foundation.shadercache.vulkan-1.0.0] startup
[0.211s] [ext: omni.hsscclient-1.1.4] startup
[0.211s] [ext: omni.stats-1.0.1] startup
[0.212s] [ext: omni.ujitso.default-1.0.0] startup
[0.216s] [ext: omni.gpu_foundation-0.0.0] startup
[0.484s] [ext: carb.windowing.plugins-1.0.1] startup
[0.484s] [ext: omni.kit.renderer.init-1.0.1] startup
2026-08-12T10:14:58Z [529ms] [Warning] [omni.platforminfo.plugin] failed to open the default display.  Can't verify X Server version.

|---------------------------------------------------------------------------------------------|
| Driver Version: 595.71.05     | Graphics API: Vulkan
|=============================================================================================|
| GPU | Name                             | Active | LDA | GPU Memory | Vendor-ID | LUID       |
|     |                                  |        |     |            | Device-ID | UUID       |
|     |                                  |        |     |            | Bus-ID    |            |
|---------------------------------------------------------------------------------------------|
| 0   | NVIDIA RTX 6000D                 | Yes: 0 |     | 85651   MB | 10de      | 0          |
|     |                                  |        |     |            | 2bb9      | 56b1f21d.. |
|     |                                  |        |     |            | d8        |            |
|=============================================================================================|
| OS: 22.04.5 LTS (Jammy Jellyfish) ubuntu, Version: 22.04.5, Kernel: 5.15.0-78-generic
| Processor: Intel(R) Xeon(R) Platinum 8470Q
| Bare Metal Cores: 104 | Bare Metal Logical Cores: 208
| Core Usage Quota: 22
|---------------------------------------------------------------------------------------------|
| Total Memory (MB): 112640 | Free Memory: 110433
| Total Page/Swap (MB): 0 | Free Page/Swap: 0
|---------------------------------------------------------------------------------------------|
2026-08-12T10:14:59Z [1,297ms] [Warning] [omni.rtx] CPU performance profile is set to powersave. This profile sets the CPU to the lowest frequency reducing performance.
2026-08-12T10:14:59Z [1,305ms] [Warning] [omni.rtx] ECC is enabled on physical device 0
[1.672s] [ext: omni.kit.pipapi-0.0.0] startup
[1.674s] [ext: omni.kit.telemetry-0.5.2] startup
[1.703s] [ext: omni.kit.loop-isaac-1.6.0] startup
[1.705s] [ext: omni.kit.test-2.0.7] startup
[1.763s] [ext: omni.materialx.libs-1.0.9] startup
[1.770s] [ext: omni.gpucompute.plugins-0.0.0] startup
[1.770s] [ext: omni.usd.config-1.0.7] startup
[1.774s] [ext: omni.usd.libs-1.0.3] startup
[1.865s] [ext: omni.iray.libs-0.0.1] startup
[1.870s] [ext: omni.mdl-57.0.3] startup
[1.888s] [ext: omni.mdl.neuraylib-0.2.20] startup
[1.890s] [ext: omni.kit.usd.mdl-1.1.9] startup
[1.993s] [ext: omni.appwindow-1.2.2] startup
[1.996s] [ext: omni.kit.renderer.core-1.2.2] startup
2026-08-12T10:15:00Z [1,968ms] [Warning] [carb.windowing-glfw.plugin] GLFW initialization failed.
2026-08-12T10:15:00Z [1,968ms] [Warning] [carb] Failed to startup plugin carb.windowing-glfw.plugin (interfaces: [carb::windowing::IGLContext v1.0],[carb::windowing::IWindowing v1.5]) (impl: carb.windowing-glfw.plugin)
[2.032s] [ext: omni.kit.renderer.capture-2.0.1] startup
[2.034s] [ext: omni.kit.renderer.imgui-2.0.6] startup
2026-08-12T10:15:00Z [1,991ms] [Warning] [carb.windowing-glfw.plugin] GLFW initialization failed.
2026-08-12T10:15:00Z [1,991ms] [Warning] [carb] Failed to startup plugin carb.windowing-glfw.plugin (interfaces: [carb::windowing::IGLContext v1.0],[carb::windowing::IWindowing v1.5]) (impl: carb.windowing-glfw.plugin)
2026-08-12T10:15:00Z [1,993ms] [Warning] [carb.windowing-glfw.plugin] GLFW initialization failed.
2026-08-12T10:15:00Z [1,993ms] [Warning] [carb] Failed to startup plugin carb.windowing-glfw.plugin (interfaces: [carb::windowing::IGLContext v1.0],[carb::windowing::IWindowing v1.5]) (impl: carb.windowing-glfw.plugin)
[2.121s] [ext: omni.ui-3.2.0] startup
[2.131s] [ext: omni.kit.mainwindow-1.0.3] startup
[2.132s] [ext: carb.audio-0.1.0] startup
[2.137s] [ext: omni.uiaudio-1.0.0] startup
[2.137s] [ext: omni.kit.uiapp-0.0.0] startup
[2.137s] [ext: omni.usd.schema.metrics.assembler-110.1.0] startup
[2.140s] [ext: omni.usd.schema.audio-0.0.1] startup
[2.143s] [ext: omni.usd_resolver-1.0.0] startup
[2.146s] [ext: omni.usd.core-1.8.3] startup
[2.150s] [ext: omni.metropolis.schema-0.0.3] startup
[2.151s] [ext: isaacsim.anim.robot.schema-0.1.1] startup
[2.151s] [ext: omni.usd.schema.anim-0.0.1] startup
[2.170s] [ext: omni.usd.schema.geospatial-0.0.1] startup
[2.172s] [ext: omni.usd.schema.omnigraph-1.0.1] startup
[2.177s] [ext: omni.usd.schema.semantics-0.0.0] startup
[2.180s] [ext: omni.activity.core-1.0.3] startup
[2.181s] [ext: omni.cubric-0.1.0] startup
[2.181s] [ext: omni.graph.exec-0.9.6] startup
[2.181s] [ext: omni.hydra.scene_delegate-0.3.5] startup
[2.185s] [ext: usdrt.scenegraph-7.6.3] startup
[2.211s] [ext: omni.hydra.usdrt_delegate-7.5.2] startup
[2.217s] [ext: omni.inspect-1.0.2] startup
[2.218s] [ext: omni.kit.actions.core-1.0.0] startup
[2.220s] [ext: omni.kit.audiodeviceenum-1.0.2] startup
[2.221s] [ext: omni.kit.commands-1.5.0] startup
[2.224s] [ext: omni.kit.exec.core-0.13.5] startup
[2.225s] [ext: omni.kit.usd_undo-0.1.8] startup
[2.226s] [ext: omni.kit.window.popup_dialog-2.0.25] startup
[2.229s] [ext: omni.kit.widget.nucleus_connector-2.3.1] startup
[2.232s] [ext: omni.timeline-1.1.0] startup
[2.234s] [ext: omni.usd-1.16.0] startup
[2.270s] [ext: omni.graph.core-3.1.2] startup
[2.274s] [ext: omni.kit.notification_manager-1.0.11] startup
[2.275s] [ext: isaacsim.core.deprecation_manager-0.4.2] startup
[2.276s] [ext: isaacsim.replicator.agent.schema-0.1.1] startup
[2.277s] [ext: isaacsim.robot.schema-6.3.7] startup
[2.281s] [ext: isaacsim.robot_motion.schema-0.2.1] startup
[2.281s] [ext: omni.anim.behavior.schema-110.1.0] startup
[2.285s] [ext: omni.anim.graph.schema-110.1.1] startup
[2.290s] [ext: omni.anim.navigation.schema-110.1.0] startup
[2.293s] [ext: omni.behavior.tree.schema-110.1.0] startup
[2.293s] [ext: omni.kit.asset_converter-6.0.1] startup
[2.306s] [ext: omni.usd.schema.flow-110.0.0] startup
[2.307s] [ext: omni.usd.schema.mujoco-1.1.1] startup
[2.307s] [ext: omni.usd.schema.newton-1.2.1] startup
[2.308s] [ext: omni.usd.schema.omni_lens_distortion-1.0.0] startup
[2.308s] [ext: omni.usd.schema.omni_projectors-1.0.0] startup
[2.308s] [ext: omni.usd.schema.omni_sensors-0.0.0] startup
[2.315s] [ext: omni.usd.schema.omniscripting-1.0.1] startup
[2.319s] [ext: omni.usd.schema.physical_lighting-0.1.0] startup
[2.322s] [ext: omni.usd.schema.physx-110.1.13] startup
[2.350s] [ext: omni.usd.schema.render_settings.rtx-1.0.2] startup
[2.353s] [ext: omni.usd.schema.usd_particle_field-1.0.0] startup
[2.354s] [ext: isaacsim.core.version-2.1.1] startup
[2.354s] [ext: omni.kit.menu.core-1.2.0] startup
[2.355s] [ext: omni.kit.menu.utils-2.2.4] startup
[2.361s] [ext: isaacsim.app.about-2.3.1] startup
[2.366s] [ext: isaacsim.asset.transformer-1.2.5] startup
[2.369s] [ext: omni.scene.optimizer.core-110.1.0] startup
[2.422s] [ext: isaacsim.asset.importer.utils-1.8.1] startup
[2.424s] [ext: omni.convexdecomposition-110.1.13] startup
[2.426s] [ext: omni.physics-110.1.13] startup
[2.429s] [ext: omni.physx.gpu-110.1.13] startup
[2.429s] [ext: omni.physx.foundation-110.1.13] startup
[2.431s] [ext: omni.usdphysics-110.1.13] startup
[2.432s] [ext: omni.physx.cooking-110.1.13] startup
[2.435s] [ext: omni.physx-110.1.13] startup
[2.444s] [ext: omni.physics.physx-110.1.13] startup
[2.446s] [ext: isaacsim.asset.exporter.urdf-2.0.5] startup
[2.453s] [ext: omni.kit.clipboard-1.1.1] startup
[2.454s] [ext: omni.kit.usd.layers-2.6.1] startup
[2.461s] [ext: omni.kit.widget.context_menu-1.4.0] startup
[2.462s] [ext: omni.kit.context_menu-1.9.0] startup
[2.464s] [ext: omni.kit.helper.file_utils-0.1.10] startup
[2.465s] [ext: omni.kit.widget.nucleus_info-2.0.2] startup
[2.465s] [ext: omni.kit.search_core-1.0.8] startup
[2.466s] [ext: omni.kit.widget.path_field-2.0.13] startup
[2.467s] [ext: omni.kit.widget.browser_bar-2.0.10] startup
[2.467s] [ext: omni.kit.widget.filebrowser-2.13.4] startup
[2.471s] [ext: omni.kit.widget.options_menu-1.1.6] startup
[2.474s] [ext: omni.kit.widget.options_button-1.0.3] startup
[2.474s] [ext: omni.kit.widget.search_delegate-1.0.9] startup
[2.475s] [ext: omni.ui.scene-2.0.3] startup
[2.480s] [ext: omni.kit.window.filepicker-2.15.5] startup
[2.491s] [ext: omni.kit.window.file_importer-1.1.21] startup
[2.493s] [ext: omni.kit.material.library-3.1.2] startup
[2.498s] [ext: isaacsim.asset.transformer.rules-1.7.10] startup
[2.508s] [ext: omni.usdex.libs-2.2.2] startup
[2.516s] [ext: isaacsim.asset.importer.mjcf-3.10.1] startup
[2.518s] [ext: isaacsim.asset.importer.urdf-3.11.2] startup
[2.522s] [ext: omni.kit.primitive.mesh-1.1.0] startup
[2.524s] [ext: omni.kit.stage_template.core-1.1.22] startup
[2.524s] [ext: omni.kit.stage_templates-2.0.2] startup
[2.526s] [ext: omni.usd.metrics.assembler-110.1.2] startup
[2.529s] [ext: omni.warp.core-1.13.0] startup
[2.694s] [ext: isaacsim.core.experimental.utils-0.17.2] startup
[2.695s] [ext: omni.physics.stageupdate-110.1.13] startup
[2.696s] [ext: omni.physics.tensors-110.1.13] startup
[2.701s] [ext: omni.physx.tensors-110.1.13] startup
[2.705s] [ext: isaacsim.core.simulation_manager-1.15.6] startup
[2.718s] [ext: isaacsim.storage.native-1.9.3] startup
[2.719s] [ext: omni.usd.metrics.assembler.physics-110.1.13] startup
[2.721s] [ext: isaacsim.core.utils-4.1.7] startup
[2.723s] [ext: isaacsim.core.prims-0.11.7] startup
[3.952s] [ext: isaacsim.core.api-5.2.13] startup
[3.960s] [ext: isaacsim.core.cloner-1.7.3] startup
[3.962s] [ext: isaacsim.test.docstring-1.3.2] startup
[3.966s] [ext: isaacsim.core.experimental.prims-1.8.9] startup
[3.988s] [ext: isaacsim.core.experimental.primdata-0.3.2] startup
[3.990s] [ext: omni.graph.tools-1.81.0] startup
[4.012s] [ext: omni.graph-1.142.5] startup
[4.049s] [ext: isaacsim.core.experimental.actuators-0.1.2] startup
[4.072s] [ext: isaacsim.core.experimental.materials-0.7.1] startup
[4.075s] [ext: isaacsim.core.experimental.objects-0.8.1] startup
[4.137s] [ext: omni.hydra.engine.stats-1.0.5] startup
[4.140s] [ext: omni.hydra.rtx.shadercache.vulkan-1.0.0] startup
[4.141s] [ext: omni.index.libs-387500.4413.0] startup
[4.141s] [ext: omni.index-1.0.1] startup
[4.142s] [ext: omni.ujitso.client-0.0.0] startup
[4.142s] [ext: omni.usd.schema.playback-1.0.0] startup
[4.146s] [ext: omni.volume-0.5.2] startup
[4.154s] [ext: omni.hydra.rtx-1.0.4] startup
2026-08-12T10:15:02Z [4,132ms] [Warning] [omni.log] Source: omni.hydra was already registered.
[4.200s] [ext: omni.kit.hydra_texture-1.6.0] startup
[4.204s] [ext: omni.kit.raycast.query-1.2.0] startup
[4.209s] [ext: omni.kit.viewport.legacy_gizmos-1.0.24] startup
[4.212s] [ext: omni.kit.viewport.registry-104.0.6] startup
[4.213s] [ext: omni.kit.viewport.scene_camera_model-1.0.7] startup
[4.218s] [ext: omni.kit.widget.viewport-109.2.0] startup
[4.222s] [ext: omni.kit.window.drop_support-1.0.8] startup
[4.223s] [ext: omni.kit.viewport.window-109.0.2] startup
[4.241s] [ext: omni.kit.viewport.utility-2.0.1] startup
[4.242s] [ext: isaacsim.core.rendering_manager-0.4.3] startup
[4.259s] [ext: omni.graph.action_core-1.1.9] startup
[4.262s] [ext: omni.graph.action_nodes_core-2.11.0] startup
[4.265s] [ext: omni.graph.action_nodes-2.11.0] startup
[4.323s] [ext: omni.graph.action-2.10.2] startup
[4.327s] [ext: omni.graph.image.core-0.6.1] startup
[4.328s] [ext: omni.graph.image.nodes-1.3.1] startup
[4.329s] [ext: omni.graph.nodes_core-2.11.0] startup
[4.336s] [ext: omni.graph.nodes-2.12.0] startup
[4.346s] [ext: omni.kit.hotkeys.core-1.3.12] startup
[4.348s] [ext: omni.kit.property.adapter.core-1.1.1] startup
[4.350s] [ext: omni.kit.property.adapter.usd-1.0.5] startup
[4.351s] [ext: omni.kit.widget.filter-1.1.5] startup
[4.352s] [ext: omni.kit.widget.highlight_label-1.0.3] startup
[4.353s] [ext: omni.kit.widget.searchfield-1.1.8] startup
[4.355s] [ext: omni.kit.window.file_exporter-1.0.36] startup
[4.356s] [ext: omni.kit.widget.stage-4.4.0] startup
[4.365s] [ext: omni.kit.window.content_browser_registry-0.0.6] startup
[4.366s] [ext: omni.kit.window.file-2.0.10] startup
[4.369s] [ext: omni.kit.window.content_browser-3.1.8] startup
[4.380s] [ext: omni.kit.window.property-1.15.1] startup
[4.391s] [ext: omni.kit.property.usd-4.9.4] startup
[4.402s] [ext: omni.graph.scriptnode-2.10.2] startup
[4.417s] [ext: omni.kit.widget.searchable_combobox-1.0.7] startup
[4.418s] [ext: omni.kit.widget.settings-2.0.0] startup
[4.421s] [ext: omni.kit.window.preferences-1.8.3] startup
[4.426s] [ext: omni.kit.viewport.menubar.core-107.2.2] startup
[4.437s] [ext: omni.syntheticdata-0.6.15] startup
[4.480s] [ext: omni.replicator.nv-1.1.1] startup
[4.491s] [ext: omni.videoencoding-0.2.1] startup
[4.493s] [ext: omni.replicator.core-1.13.27] startup
2026-08-12T10:15:02Z [4,458ms] [Warning] [pxr.Semantics] pxr.Semantics is deprecated - please use Semantics instead
2026-08-12T10:15:02Z [4,543ms] [Warning] [omni.replicator.core.scripts.extension] No material configuration file, adding configuration to material settings directly.
[4.741s] [ext: isaacsim.core.nodes-5.10.5] startup
[4.784s] [ext: isaacsim.core.throttling-2.3.5] startup
[4.785s] [ext: omni.kit.manipulator.viewport-107.0.1] startup
[4.786s] [ext: omni.graph.visualization.nodes-2.1.4] startup
[4.807s] [ext: omni.kit.window.extensions-1.5.10] startup
[4.813s] [ext: isaacsim.gui.components-1.8.5] startup
[4.818s] [ext: isaacsim.robot.surface_gripper-3.6.2] startup
[4.837s] [ext: isaacsim.robot.manipulators-3.4.4] startup
[4.853s] [ext: isaacsim.robot_motion.lula-4.1.3] startup
[4.861s] [ext: isaacsim.robot_motion.motion_generation-8.2.9] startup
[4.867s] [ext: isaacsim.cortex.framework-1.0.18] startup
[4.869s] [ext: isaacsim.cortex.behaviors-2.0.17] startup
[4.872s] [ext: isaacsim.examples.base-1.3.2] startup
[4.873s] [ext: omni.kit.widget.zoombar-1.0.7] startup
[4.874s] [ext: omni.kit.browser.core-2.3.18] startup
[4.879s] [ext: omni.kit.browser.folder.core-2.0.2] startup
[4.883s] [ext: omni.kit.widget.stage_icons-1.0.8] startup
[4.885s] [ext: omni.kit.window.stage-2.6.1] startup
[4.889s] [ext: omni.kit.menu.stage-1.2.7] startup
[4.890s] [ext: omni.kit.usd.collect-3.0.6] startup
[4.893s] [ext: omni.kit.widget.prompt-1.0.7] startup
[4.894s] [ext: omni.kit.tool.collect-2.2.19] startup
[4.896s] [ext: isaacsim.examples.browser-0.3.2] startup
[4.899s] [ext: omni.kit.search.files-1.0.4] startup
[4.900s] [ext: omni.kit.widget.calendar-1.0.9] startup
[4.902s] [ext: omni.kit.widget.extended_searchfield-1.0.31] startup
[4.910s] [ext: omni.simready.content.browser-0.3.7] startup
[4.997s] [ext: isaacsim.gui.content_browser-0.4.3] startup
[4.999s] [ext: omni.kit.selection-0.1.6] startup
[5.001s] [ext: isaacsim.gui.menu-2.10.5] startup
[5.009s] [ext: isaacsim.gui.property-1.6.4] startup
[5.017s] [ext: omni.kit.viewport.actions-110.0.0] startup
[5.021s] [ext: omni.kit.viewport.menubar.display-107.1.3] startup
[5.023s] [ext: isaacsim.gui.sensors.icon-2.2.1] startup
[5.026s] [ext: omni.behavior.scripting.core-110.1.0] startup
[5.029s] [ext: isaacsim.replicator.behavior-1.5.4] startup
[5.030s] [ext: isaacsim.replicator.experimental.domain_randomization-1.2.5] startup
[5.053s] [ext: isaacsim.replicator.domain_randomization-1.2.2] startup
[5.131s] [ext: isaacsim.replicator.writers-1.5.4] startup
[5.159s] [ext: isaacsim.robot.experimental.wheeled_robots-0.2.11] startup
[5.181s] [ext: isaacsim.robot.policy.examples-5.2.12] startup
[5.203s] [ext: isaacsim.robot.wheeled_robots-5.2.4] startup
[5.207s] [ext: isaacsim.robot.wheeled_robots.nodes-0.1.5] startup
[5.238s] [ext: isaacsim.robot_motion.experimental.motion_generation-6.1.3] startup
[5.248s] [ext: isaacsim.robot_motion.cumotion-1.3.1] startup
[5.263s] [ext: omni.kit.numpy.common-0.1.3] startup
[5.264s] [ext: isaacsim.sensors.camera-1.7.9] startup
[5.291s] [ext: isaacsim.sensors.experimental.physics-3.0.2] startup
[5.300s] [ext: omni.sensors.net-1.0.1] startup
[5.309s] [ext: omni.sensors.nv.common-3.0.0] startup
[5.325s] [ext: omni.sensors.nv.materials-2.0.0] startup
[5.328s] [ext: omni.sensors.nv.acoustic-3.0.0] startup
[5.332s] [ext: omni.sensors.nv.ids-2.0.1] startup
[5.334s] [ext: omni.sensors.nv.lidar-3.0.0] startup
[5.339s] [ext: omni.sensors.nv.radar-3.0.0] startup
[5.342s] [ext: isaacsim.sensors.experimental.rtx-1.4.6] startup
[5.555s] [ext: isaacsim.sensors.physics.nodes-1.5.3] startup
[5.566s] [ext: isaacsim.util.debug_draw-3.2.3] startup
[5.574s] [ext: isaacsim.sensors.physx-2.5.5] startup
[5.585s] [ext: isaacsim.sensors.rtx-15.17.1] startup
[5.600s] [ext: isaacsim.simulation_app-2.18.4] startup
[5.601s] [ext: omni.anim.curve.core-1.6.0] startup
[5.613s] [ext: omni.graph.ui_nodes-2.11.1] startup
[5.658s] [ext: omni.hydra.scene_api-0.1.3] startup
[5.665s] [ext: omni.kit.manipulator.camera-110.0.0] startup
[5.669s] [ext: omni.kit.manipulator.selector-1.1.4] startup
[5.671s] [ext: omni.kit.manipulator.transform-107.0.0] startup
[5.675s] [ext: omni.kit.widget.toolbar-2.1.0] startup
[5.681s] [ext: omni.kit.manipulator.tool.snap-1.5.14] startup
[5.685s] [ext: omni.kit.viewport.manipulator.transform-107.0.4] startup
[5.687s] [ext: omni.kit.manipulator.prim.core-108.0.2] startup
[5.693s] [ext: omni.kit.manipulator.prim.usd-107.0.3] startup
[5.695s] [ext: omni.kit.manipulator.prim-108.0.0] startup
[5.695s] [ext: omni.kit.manipulator.selection-109.0.1] startup
[5.696s] [ext: omni.kit.menu.create-2.0.2] startup
[5.698s] [ext: omni.kit.property.audio-1.0.16] startup
[5.702s] [ext: omni.kit.property.camera-1.0.14] startup
[5.704s] [ext: omni.kit.property.geometry-2.1.2] startup
[5.707s] [ext: omni.kit.property.light-1.0.14] startup
2026-08-12T10:15:03Z [5,694ms] [Warning] [omni.usd] Encountered USD Warnings but USD Diagnostics are currently muted. To view USD Warnings, please set the '/persistent/app/usd/muteUsdDiagnostics' setting to false in Preferences page.
[5.785s] [ext: omni.kit.property.material-1.14.6] startup
[5.790s] [ext: omni.kit.property.render-1.2.2] startup
[5.792s] [ext: omni.kit.property.transform-1.6.9] startup
[5.796s] [ext: omni.kit.property.bundle-1.5.1] startup
[5.797s] [ext: omni.kit.usdz_export-1.1.0] startup
[5.800s] [ext: omni.kit.tool.asset_importer-6.0.1] startup
[5.806s] [ext: omni.kit.ui.actions-1.0.5] startup
[5.808s] [ext: omni.kit.viewport.menubar.camera-107.0.10] startup
[5.813s] [ext: omni.kit.viewport.menubar.lighting-107.3.2] startup
[5.816s] [ext: omni.kit.viewport.menubar.render-110.0.0] startup
[5.818s] [ext: omni.kit.viewport.menubar.settings-110.0.1] startup
[5.822s] [ext: omni.kit.window.console-1.1.9] startup
[5.826s] [ext: omni.kit.window.status_bar-0.1.11] startup
[5.830s] [ext: omni.kit.window.toolbar-3.0.3] startup
[5.832s] [ext: omni.ocio-0.1.1] startup
[5.833s] [ext: omni.physx.commands-110.1.13] startup
[5.837s] [ext: omni.replicator.replicator_yaml-2.0.12] startup
[5.857s] [ext: omni.rtx.window.settings-0.8.0] startup
[5.862s] [ext: omni.rtx.settings.core-0.7.1] startup
[5.865s] [ext: omni.usd.metrics.assembler.ui-110.1.1] startup
[5.872s] [ext: semantics.schema.editor-2.0.2] startup
[5.876s] [ext: semantics.schema.property-2.0.2] startup
[5.877s] [ext: omni.kit.menu.common-2.0.2] startup
[5.879s] [ext: isaacsim.exp.base-6.0.1] startup
[5.879s] [ext: isaacsim.exp.base.python-6.0.1] startup
[5.881s] Simulation App Starting
[7.354s] Simulation App Startup Complete
[7.367s] app ready
[7.861s] [ext: isaacsim.sensors.rtx.nodes-0.1.2] startup
[7.873s] [ext: isaacsim.ros2.core-1.9.4] startup
[7.902s] Attempting to load system rclpy
[7.902s] Could not import system rclpy: No module named 'rclpy'
[7.902s] Attempting to load internal rclpy for ROS Distro: humble
[7.916s] rclpy loaded
[7.921s] [ext: isaacsim.ros2.nodes-1.18.13] startup
[7.976s] [ext: isaacsim.ros2.examples-1.2.4] startup
[7.983s] [ext: isaacsim.ros2.ui-1.6.5] startup
[8.222s] [ext: isaacsim.ros2.bridge-5.1.2] startup
2026-08-12T10:15:14Z [16,927ms] [Warning] [isaacsim.ros2.nodes] [ROS2 Publish Joint State] Reading from targetPrim is deprecated. Connect an Isaac Read Joint State node and use its outputs instead.
2026-08-12T10:15:15Z [17,024ms] [Warning] [omni.rtx] DLSS increasing input dimensions: Render resolution of (128, 128) is below minimal input resolution of 300.
2026-08-12T10:15:15Z [17,209ms] [Warning] [omni.timeline.plugin] Deprecated: direct use of ITimeline callbacks is deprecated. Use ITimeline::getTimeline (Python: omni.timeline.get_timeline_interface) instead.
Starting kit application with the following args:  ['/root/autodl-tmp/isaac_sim/venv/lib/python3.12/site-packages/isaacsim/exts/isaacsim.simulation_app/isaacsim/simulation_app/simulation_app.py', '/root/autodl-tmp/isaac_sim/venv/lib/python3.12/site-packages/isaacsim/apps/isaacsim.exp.base.python.kit', '--/app/tokens/exe-path=/root/autodl-tmp/isaac_sim/venv/lib/python3.12/site-packages/isaacsim/kit', '--/persistent/app/viewport/displayOptions=3094', '--/rtx/materialDb/syncLoads=True', '--/rtx/hydra/materialSyncLoads=True', '--/omni/kit/plugin/syncUsdLoads=True', '--/app/renderer/resolution/width=1280', '--/app/renderer/resolution/height=720', '--/app/window/width=1440', '--/app/window/height=900', '--/renderer/multiGpu/enabled=True', '--/app/fastShutdown=True', '--/app/installSignalHandlers=0', '--ext-folder', '/root/autodl-tmp/isaac_sim/venv/lib/python3.12/site-packages/isaacsim/exts', '--ext-folder', '/root/autodl-tmp/isaac_sim/venv/lib/python3.12/site-packages/isaacsim/apps', '--/physics/cudaDevice=0', '--/plugins/carb.tasking.plugin/threadCount=32', '--/plugins/omni.tbb.globalcontrol/maxThreadCount=32', '--portable', '--no-window', '--/app/window/hideUi=1', '--allow-root']
Passing the following args to the base kit application:  []
Warp 1.13.0 initialized:
   CUDA Toolkit 12.9, Driver 13.2
   Devices:
     "cpu"      : "x86_64"
     "cuda:0"   : "NVIDIA RTX 6000D" (83 GiB, sm_120, mempool enabled)
   Kernel cache:
     /root/autodl-tmp/isaac_cache/xdg/warp/1.13.0
Module isaacsim.core.experimental.utils.impl.transform acc9678 load on device 'cpu' took 2361.12 ms  (compiled)
ISAAC_READY=/root/autodl-tmp/VLA-Intern-Sprint/results/phase2_step2/isaac_ready.json
[20.776s] Simulation App Shutting Down
