WARNING: All log messages before absl::InitializeLog() is called are written to STDERR
E0000 00:00:1786539973.290291   37478 descriptor_database.cc:633] File already exists in database: grpc/health/v1/health.proto
W0000 00:00:1786539973.290323   37478 message.cc:301] Protobuf GeneratedMessageFactory: File is already registered: grpc/health/v1/health.proto
2026-08-12T13:06:13Z [Info] [carb] Logging to file: /root/autodl-tmp/isaac_sim/venv/lib/python3.12/site-packages/isaacsim/kit/logs/Kit/Isaac-Sim Python/6.0/kit_20260812_210613.log
[0.053s] [ext: omni.assets.plugins-0.0.0] startup
[0.054s] [ext: omni.blobkey-1.1.2] startup
[0.054s] [ext: omni.kit.async_engine-0.0.3] startup
[0.153s] [ext: omni.client.lib-1.1.1] startup
[0.165s] [ext: omni.client-1.3.0] startup
[0.170s] [ext: omni.protobuf.lib-1.0.0] startup
[0.171s] [ext: omni.grpc.lib-1.0.0] startup
[0.176s] [ext: omni.metrics.core-0.0.3] startup
[0.176s] [ext: omni.datastore-0.0.0] startup
[0.176s] [ext: omni.gpu_foundation.shadercache.vulkan-1.0.0] startup
[0.178s] [ext: omni.hsscclient-1.1.4] startup
[0.179s] [ext: omni.stats-1.0.1] startup
[0.179s] [ext: omni.ujitso.default-1.0.0] startup
[0.182s] [ext: omni.gpu_foundation-0.0.0] startup
[0.432s] [ext: carb.windowing.plugins-1.0.1] startup
[0.433s] [ext: omni.kit.renderer.init-1.0.1] startup
2026-08-12T13:06:13Z [491ms] [Warning] [omni.platforminfo.plugin] failed to open the default display.  Can't verify X Server version.

|---------------------------------------------------------------------------------------------|
| Driver Version: 595.71.05     | Graphics API: Vulkan
|=============================================================================================|
| GPU | Name                             | Active | LDA | GPU Memory | Vendor-ID | LUID       |
|     |                                  |        |     |            | Device-ID | UUID       |
|     |                                  |        |     |            | Bus-ID    |            |
|---------------------------------------------------------------------------------------------|
| 0   | NVIDIA RTX 6000D                 | Yes: 0 |     | 85651   MB | 10de      | 0          |
|     |                                  |        |     |            | 2bb9      | 56b1f21d.. |
|     |                                  |        |     |            | d8        |            |
|=============================================================================================|
| OS: 22.04.5 LTS (Jammy Jellyfish) ubuntu, Version: 22.04.5, Kernel: 5.15.0-78-generic
| Processor: Intel(R) Xeon(R) Platinum 8470Q
| Bare Metal Cores: 104 | Bare Metal Logical Cores: 208
| Core Usage Quota: 22
|---------------------------------------------------------------------------------------------|
| Total Memory (MB): 112640 | Free Memory: 105507
| Total Page/Swap (MB): 0 | Free Page/Swap: 0
|---------------------------------------------------------------------------------------------|
2026-08-12T13:06:14Z [1,096ms] [Warning] [omni.rtx] CPU performance profile is set to powersave. This profile sets the CPU to the lowest frequency reducing performance.
2026-08-12T13:06:14Z [1,103ms] [Warning] [omni.rtx] ECC is enabled on physical device 0
[1.415s] [ext: omni.kit.pipapi-0.0.0] startup
[1.416s] [ext: omni.kit.telemetry-0.5.2] startup
[1.442s] [ext: omni.kit.loop-isaac-1.6.0] startup
[1.444s] [ext: omni.kit.test-2.0.7] startup
[1.494s] [ext: omni.materialx.libs-1.0.9] startup
[1.501s] [ext: omni.gpucompute.plugins-0.0.0] startup
[1.501s] [ext: omni.usd.config-1.0.7] startup
[1.504s] [ext: omni.usd.libs-1.0.3] startup
[1.604s] [ext: omni.iray.libs-0.0.1] startup
[1.609s] [ext: omni.mdl-57.0.3] startup
[1.627s] [ext: omni.mdl.neuraylib-0.2.20] startup
[1.629s] [ext: omni.kit.usd.mdl-1.1.9] startup
[1.743s] [ext: omni.appwindow-1.2.2] startup
[1.746s] [ext: omni.kit.renderer.core-1.2.2] startup
2026-08-12T13:06:14Z [1,739ms] [Warning] [carb.windowing-glfw.plugin] GLFW initialization failed.
2026-08-12T13:06:14Z [1,739ms] [Warning] [carb] Failed to startup plugin carb.windowing-glfw.plugin (interfaces: [carb::windowing::IGLContext v1.0],[carb::windowing::IWindowing v1.5]) (impl: carb.windowing-glfw.plugin)
[1.778s] [ext: omni.kit.renderer.capture-2.0.1] startup
[1.780s] [ext: omni.kit.renderer.imgui-2.0.6] startup
2026-08-12T13:06:14Z [1,761ms] [Warning] [carb.windowing-glfw.plugin] GLFW initialization failed.
2026-08-12T13:06:14Z [1,761ms] [Warning] [carb] Failed to startup plugin carb.windowing-glfw.plugin (interfaces: [carb::windowing::IGLContext v1.0],[carb::windowing::IWindowing v1.5]) (impl: carb.windowing-glfw.plugin)
2026-08-12T13:06:14Z [1,762ms] [Warning] [carb.windowing-glfw.plugin] GLFW initialization failed.
2026-08-12T13:06:14Z [1,762ms] [Warning] [carb] Failed to startup plugin carb.windowing-glfw.plugin (interfaces: [carb::windowing::IGLContext v1.0],[carb::windowing::IWindowing v1.5]) (impl: carb.windowing-glfw.plugin)
[1.850s] [ext: omni.ui-3.2.0] startup
[1.859s] [ext: omni.kit.mainwindow-1.0.3] startup
[1.860s] [ext: carb.audio-0.1.0] startup
[1.886s] [ext: omni.uiaudio-1.0.0] startup
[1.887s] [ext: omni.kit.uiapp-0.0.0] startup
[1.887s] [ext: omni.usd.schema.metrics.assembler-110.1.0] startup
[1.889s] [ext: omni.usd.schema.audio-0.0.1] startup
[1.893s] [ext: omni.usd_resolver-1.0.0] startup
[1.896s] [ext: omni.usd.core-1.8.3] startup
[1.900s] [ext: omni.metropolis.schema-0.0.3] startup
[1.901s] [ext: isaacsim.anim.robot.schema-0.1.1] startup
[1.901s] [ext: omni.usd.schema.anim-0.0.1] startup
[1.920s] [ext: omni.usd.schema.geospatial-0.0.1] startup
[1.923s] [ext: omni.usd.schema.omnigraph-1.0.1] startup
[1.928s] [ext: omni.usd.schema.semantics-0.0.0] startup
[1.931s] [ext: omni.activity.core-1.0.3] startup
[1.932s] [ext: omni.cubric-0.1.0] startup
[1.932s] [ext: omni.graph.exec-0.9.6] startup
[1.932s] [ext: omni.hydra.scene_delegate-0.3.5] startup
[1.936s] [ext: usdrt.scenegraph-7.6.3] startup
[1.964s] [ext: omni.hydra.usdrt_delegate-7.5.2] startup
[1.970s] [ext: omni.inspect-1.0.2] startup
[1.971s] [ext: omni.kit.actions.core-1.0.0] startup
[1.973s] [ext: omni.kit.audiodeviceenum-1.0.2] startup
[1.974s] [ext: omni.kit.commands-1.5.0] startup
[1.977s] [ext: omni.kit.exec.core-0.13.5] startup
[1.978s] [ext: omni.kit.usd_undo-0.1.8] startup
[1.978s] [ext: omni.kit.window.popup_dialog-2.0.25] startup
[1.982s] [ext: omni.kit.widget.nucleus_connector-2.3.1] startup
[1.984s] [ext: omni.timeline-1.1.0] startup
[1.986s] [ext: omni.usd-1.16.0] startup
[2.023s] [ext: omni.graph.core-3.1.2] startup
[2.026s] [ext: omni.kit.notification_manager-1.0.11] startup
[2.028s] [ext: isaacsim.core.deprecation_manager-0.4.2] startup
[2.029s] [ext: isaacsim.replicator.agent.schema-0.1.1] startup
[2.029s] [ext: isaacsim.robot.schema-6.3.7] startup
[2.034s] [ext: isaacsim.robot_motion.schema-0.2.1] startup
[2.035s] [ext: omni.anim.behavior.schema-110.1.0] startup
[2.038s] [ext: omni.anim.graph.schema-110.1.1] startup
[2.044s] [ext: omni.anim.navigation.schema-110.1.0] startup
[2.047s] [ext: omni.behavior.tree.schema-110.1.0] startup
[2.048s] [ext: omni.kit.asset_converter-6.0.1] startup
[2.061s] [ext: omni.usd.schema.flow-110.0.0] startup
[2.062s] [ext: omni.usd.schema.mujoco-1.1.1] startup
[2.062s] [ext: omni.usd.schema.newton-1.2.1] startup
[2.063s] [ext: omni.usd.schema.omni_lens_distortion-1.0.0] startup
[2.063s] [ext: omni.usd.schema.omni_projectors-1.0.0] startup
[2.064s] [ext: omni.usd.schema.omni_sensors-0.0.0] startup
[2.071s] [ext: omni.usd.schema.omniscripting-1.0.1] startup
[2.075s] [ext: omni.usd.schema.physical_lighting-0.1.0] startup
[2.078s] [ext: omni.usd.schema.physx-110.1.13] startup
[2.107s] [ext: omni.usd.schema.render_settings.rtx-1.0.2] startup
[2.110s] [ext: omni.usd.schema.usd_particle_field-1.0.0] startup
[2.111s] [ext: isaacsim.core.version-2.1.1] startup
[2.112s] [ext: omni.kit.menu.core-1.2.0] startup
[2.112s] [ext: omni.kit.menu.utils-2.2.4] startup
[2.119s] [ext: isaacsim.app.about-2.3.1] startup
[2.123s] [ext: isaacsim.asset.transformer-1.2.5] startup
[2.126s] [ext: omni.scene.optimizer.core-110.1.0] startup
[2.182s] [ext: isaacsim.asset.importer.utils-1.8.1] startup
[2.183s] [ext: omni.convexdecomposition-110.1.13] startup
[2.186s] [ext: omni.physics-110.1.13] startup
[2.188s] [ext: omni.physx.gpu-110.1.13] startup
[2.189s] [ext: omni.physx.foundation-110.1.13] startup
[2.190s] [ext: omni.usdphysics-110.1.13] startup
[2.192s] [ext: omni.physx.cooking-110.1.13] startup
[2.194s] [ext: omni.physx-110.1.13] startup
[2.204s] [ext: omni.physics.physx-110.1.13] startup
[2.206s] [ext: isaacsim.asset.exporter.urdf-2.0.5] startup
[2.213s] [ext: omni.kit.clipboard-1.1.1] startup
[2.214s] [ext: omni.kit.usd.layers-2.6.1] startup
[2.221s] [ext: omni.kit.widget.context_menu-1.4.0] startup
[2.222s] [ext: omni.kit.context_menu-1.9.0] startup
[2.223s] [ext: omni.kit.helper.file_utils-0.1.10] startup
[2.224s] [ext: omni.kit.widget.nucleus_info-2.0.2] startup
[2.225s] [ext: omni.kit.search_core-1.0.8] startup
[2.225s] [ext: omni.kit.widget.path_field-2.0.13] startup
[2.226s] [ext: omni.kit.widget.browser_bar-2.0.10] startup
[2.226s] [ext: omni.kit.widget.filebrowser-2.13.4] startup
[2.230s] [ext: omni.kit.widget.options_menu-1.1.6] startup
[2.233s] [ext: omni.kit.widget.options_button-1.0.3] startup
[2.233s] [ext: omni.kit.widget.search_delegate-1.0.9] startup
[2.234s] [ext: omni.ui.scene-2.0.3] startup
[2.238s] [ext: omni.kit.window.filepicker-2.15.5] startup
[2.250s] [ext: omni.kit.window.file_importer-1.1.21] startup
[2.252s] [ext: omni.kit.material.library-3.1.2] startup
[2.257s] [ext: isaacsim.asset.transformer.rules-1.7.10] startup
[2.267s] [ext: omni.usdex.libs-2.2.2] startup
[2.275s] [ext: isaacsim.asset.importer.mjcf-3.10.1] startup
[2.277s] [ext: isaacsim.asset.importer.urdf-3.11.2] startup
[2.280s] [ext: omni.kit.primitive.mesh-1.1.0] startup
[2.283s] [ext: omni.kit.stage_template.core-1.1.22] startup
[2.283s] [ext: omni.kit.stage_templates-2.0.2] startup
[2.284s] [ext: omni.usd.metrics.assembler-110.1.2] startup
[2.287s] [ext: omni.warp.core-1.13.0] startup
[2.454s] [ext: isaacsim.core.experimental.utils-0.17.2] startup
[2.455s] [ext: omni.physics.stageupdate-110.1.13] startup
[2.457s] [ext: omni.physics.tensors-110.1.13] startup
[2.461s] [ext: omni.physx.tensors-110.1.13] startup
[2.465s] [ext: isaacsim.core.simulation_manager-1.15.6] startup
[2.478s] [ext: isaacsim.storage.native-1.9.3] startup
[2.479s] [ext: omni.usd.metrics.assembler.physics-110.1.13] startup
[2.480s] [ext: isaacsim.core.utils-4.1.7] startup
[2.483s] [ext: isaacsim.core.prims-0.11.7] startup
[3.708s] [ext: isaacsim.core.api-5.2.13] startup
[3.719s] [ext: isaacsim.core.cloner-1.7.3] startup
[3.721s] [ext: isaacsim.test.docstring-1.3.2] startup
[3.725s] [ext: isaacsim.core.experimental.prims-1.8.9] startup
[3.749s] [ext: isaacsim.core.experimental.primdata-0.3.2] startup
[3.752s] [ext: omni.graph.tools-1.81.0] startup
[3.776s] [ext: omni.graph-1.142.5] startup
[3.824s] [ext: isaacsim.core.experimental.actuators-0.1.2] startup
[3.846s] [ext: isaacsim.core.experimental.materials-0.7.1] startup
[3.850s] [ext: isaacsim.core.experimental.objects-0.8.1] startup
[3.912s] [ext: omni.hydra.engine.stats-1.0.5] startup
[3.915s] [ext: omni.hydra.rtx.shadercache.vulkan-1.0.0] startup
[3.916s] [ext: omni.index.libs-387500.4413.0] startup
[3.917s] [ext: omni.index-1.0.1] startup
[3.917s] [ext: omni.ujitso.client-0.0.0] startup
[3.918s] [ext: omni.usd.schema.playback-1.0.0] startup
[3.923s] [ext: omni.volume-0.5.2] startup
[3.930s] [ext: omni.hydra.rtx-1.0.4] startup
2026-08-12T13:06:17Z [3,932ms] [Warning] [omni.log] Source: omni.hydra was already registered.
[3.974s] [ext: omni.kit.hydra_texture-1.6.0] startup
[3.978s] [ext: omni.kit.raycast.query-1.2.0] startup
[3.983s] [ext: omni.kit.viewport.legacy_gizmos-1.0.24] startup
[3.986s] [ext: omni.kit.viewport.registry-104.0.6] startup
[3.987s] [ext: omni.kit.viewport.scene_camera_model-1.0.7] startup
[3.992s] [ext: omni.kit.widget.viewport-109.2.0] startup
[3.997s] [ext: omni.kit.window.drop_support-1.0.8] startup
[3.998s] [ext: omni.kit.viewport.window-109.0.2] startup
[4.018s] [ext: omni.kit.viewport.utility-2.0.1] startup
[4.019s] [ext: isaacsim.core.rendering_manager-0.4.3] startup
[4.039s] [ext: omni.graph.action_core-1.1.9] startup
[4.042s] [ext: omni.graph.action_nodes_core-2.11.0] startup
[4.045s] [ext: omni.graph.action_nodes-2.11.0] startup
[4.082s] [ext: omni.graph.action-2.10.2] startup
[4.085s] [ext: omni.graph.image.core-0.6.1] startup
[4.087s] [ext: omni.graph.image.nodes-1.3.1] startup
[4.088s] [ext: omni.graph.nodes_core-2.11.0] startup
[4.095s] [ext: omni.graph.nodes-2.12.0] startup
[4.103s] [ext: omni.kit.hotkeys.core-1.3.12] startup
[4.104s] [ext: omni.kit.property.adapter.core-1.1.1] startup
[4.107s] [ext: omni.kit.property.adapter.usd-1.0.5] startup
[4.109s] [ext: omni.kit.widget.filter-1.1.5] startup
[4.110s] [ext: omni.kit.widget.highlight_label-1.0.3] startup
[4.111s] [ext: omni.kit.widget.searchfield-1.1.8] startup
[4.113s] [ext: omni.kit.window.file_exporter-1.0.36] startup
[4.114s] [ext: omni.kit.widget.stage-4.4.0] startup
[4.123s] [ext: omni.kit.window.content_browser_registry-0.0.6] startup
[4.125s] [ext: omni.kit.window.file-2.0.10] startup
[4.128s] [ext: omni.kit.window.content_browser-3.1.8] startup
[4.141s] [ext: omni.kit.window.property-1.15.1] startup
[4.153s] [ext: omni.kit.property.usd-4.9.4] startup
[4.167s] [ext: omni.graph.scriptnode-2.10.2] startup
[4.178s] [ext: omni.kit.widget.searchable_combobox-1.0.7] startup
[4.180s] [ext: omni.kit.widget.settings-2.0.0] startup
[4.182s] [ext: omni.kit.window.preferences-1.8.3] startup
[4.187s] [ext: omni.kit.viewport.menubar.core-107.2.2] startup
[4.199s] [ext: omni.syntheticdata-0.6.15] startup
[4.234s] [ext: omni.replicator.nv-1.1.1] startup
[4.242s] [ext: omni.videoencoding-0.2.1] startup
[4.244s] [ext: omni.replicator.core-1.13.27] startup
2026-08-12T13:06:17Z [4,233ms] [Warning] [pxr.Semantics] pxr.Semantics is deprecated - please use Semantics instead
2026-08-12T13:06:17Z [4,327ms] [Warning] [omni.replicator.core.scripts.extension] No material configuration file, adding configuration to material settings directly.
[4.499s] [ext: isaacsim.core.nodes-5.10.5] startup
[4.538s] [ext: isaacsim.core.throttling-2.3.5] startup
[4.539s] [ext: omni.kit.manipulator.viewport-107.0.1] startup
[4.541s] [ext: omni.graph.visualization.nodes-2.1.4] startup
[4.560s] [ext: omni.kit.window.extensions-1.5.10] startup
[4.567s] [ext: isaacsim.gui.components-1.8.5] startup
[4.572s] [ext: isaacsim.robot.surface_gripper-3.6.2] startup
[4.586s] [ext: isaacsim.robot.manipulators-3.4.4] startup
[4.600s] [ext: isaacsim.robot_motion.lula-4.1.3] startup
[4.608s] [ext: isaacsim.robot_motion.motion_generation-8.2.9] startup
[4.616s] [ext: isaacsim.cortex.framework-1.0.18] startup
[4.618s] [ext: isaacsim.cortex.behaviors-2.0.17] startup
[4.620s] [ext: isaacsim.examples.base-1.3.2] startup
[4.622s] [ext: omni.kit.widget.zoombar-1.0.7] startup
[4.623s] [ext: omni.kit.browser.core-2.3.18] startup
[4.628s] [ext: omni.kit.browser.folder.core-2.0.2] startup
[4.633s] [ext: omni.kit.widget.stage_icons-1.0.8] startup
[4.634s] [ext: omni.kit.window.stage-2.6.1] startup
[4.639s] [ext: omni.kit.menu.stage-1.2.7] startup
[4.640s] [ext: omni.kit.usd.collect-3.0.6] startup
[4.643s] [ext: omni.kit.widget.prompt-1.0.7] startup
[4.644s] [ext: omni.kit.tool.collect-2.2.19] startup
[4.647s] [ext: isaacsim.examples.browser-0.3.2] startup
[4.650s] [ext: omni.kit.search.files-1.0.4] startup
[4.651s] [ext: omni.kit.widget.calendar-1.0.9] startup
[4.652s] [ext: omni.kit.widget.extended_searchfield-1.0.31] startup
[4.661s] [ext: omni.simready.content.browser-0.3.7] startup
[4.753s] [ext: isaacsim.gui.content_browser-0.4.3] startup
[4.755s] [ext: omni.kit.selection-0.1.6] startup
[4.757s] [ext: isaacsim.gui.menu-2.10.5] startup
[4.766s] [ext: isaacsim.gui.property-1.6.4] startup
[4.774s] [ext: omni.kit.viewport.actions-110.0.0] startup
[4.778s] [ext: omni.kit.viewport.menubar.display-107.1.3] startup
[4.780s] [ext: isaacsim.gui.sensors.icon-2.2.1] startup
[4.784s] [ext: omni.behavior.scripting.core-110.1.0] startup
[4.787s] [ext: isaacsim.replicator.behavior-1.5.4] startup
[4.788s] [ext: isaacsim.replicator.experimental.domain_randomization-1.2.5] startup
[4.808s] [ext: isaacsim.replicator.domain_randomization-1.2.2] startup
[4.886s] [ext: isaacsim.replicator.writers-1.5.4] startup
[4.913s] [ext: isaacsim.robot.experimental.wheeled_robots-0.2.11] startup
[4.935s] [ext: isaacsim.robot.policy.examples-5.2.12] startup
[4.957s] [ext: isaacsim.robot.wheeled_robots-5.2.4] startup
[4.961s] [ext: isaacsim.robot.wheeled_robots.nodes-0.1.5] startup
[4.987s] [ext: isaacsim.robot_motion.experimental.motion_generation-6.1.3] startup
[4.998s] [ext: isaacsim.robot_motion.cumotion-1.3.1] startup
[5.013s] [ext: omni.kit.numpy.common-0.1.3] startup
[5.014s] [ext: isaacsim.sensors.camera-1.7.9] startup
[5.042s] [ext: isaacsim.sensors.experimental.physics-3.0.2] startup
[5.051s] [ext: omni.sensors.net-1.0.1] startup
[5.058s] [ext: omni.sensors.nv.common-3.0.0] startup
[5.074s] [ext: omni.sensors.nv.materials-2.0.0] startup
[5.078s] [ext: omni.sensors.nv.acoustic-3.0.0] startup
[5.082s] [ext: omni.sensors.nv.ids-2.0.1] startup
[5.084s] [ext: omni.sensors.nv.lidar-3.0.0] startup
[5.089s] [ext: omni.sensors.nv.radar-3.0.0] startup
[5.092s] [ext: isaacsim.sensors.experimental.rtx-1.4.6] startup
[5.305s] [ext: isaacsim.sensors.physics.nodes-1.5.3] startup
[5.314s] [ext: isaacsim.util.debug_draw-3.2.3] startup
[5.321s] [ext: isaacsim.sensors.physx-2.5.5] startup
[5.330s] [ext: isaacsim.sensors.rtx-15.17.1] startup
[5.344s] [ext: isaacsim.simulation_app-2.18.4] startup
[5.344s] [ext: omni.anim.curve.core-1.6.0] startup
[5.356s] [ext: omni.graph.ui_nodes-2.11.1] startup
[5.389s] [ext: omni.hydra.scene_api-0.1.3] startup
[5.395s] [ext: omni.kit.manipulator.camera-110.0.0] startup
[5.399s] [ext: omni.kit.manipulator.selector-1.1.4] startup
[5.401s] [ext: omni.kit.manipulator.transform-107.0.0] startup
[5.405s] [ext: omni.kit.widget.toolbar-2.1.0] startup
[5.411s] [ext: omni.kit.manipulator.tool.snap-1.5.14] startup
[5.416s] [ext: omni.kit.viewport.manipulator.transform-107.0.4] startup
[5.418s] [ext: omni.kit.manipulator.prim.core-108.0.2] startup
[5.424s] [ext: omni.kit.manipulator.prim.usd-107.0.3] startup
[5.426s] [ext: omni.kit.manipulator.prim-108.0.0] startup
[5.426s] [ext: omni.kit.manipulator.selection-109.0.1] startup
[5.427s] [ext: omni.kit.menu.create-2.0.2] startup
[5.429s] [ext: omni.kit.property.audio-1.0.16] startup
[5.433s] [ext: omni.kit.property.camera-1.0.14] startup
[5.435s] [ext: omni.kit.property.geometry-2.1.2] startup
[5.439s] [ext: omni.kit.property.light-1.0.14] startup
2026-08-12T13:06:18Z [5,458ms] [Warning] [omni.usd] Encountered USD Warnings but USD Diagnostics are currently muted. To view USD Warnings, please set the '/persistent/app/usd/muteUsdDiagnostics' setting to false in Preferences page.
[5.515s] [ext: omni.kit.property.material-1.14.6] startup
[5.521s] [ext: omni.kit.property.render-1.2.2] startup
[5.522s] [ext: omni.kit.property.transform-1.6.9] startup
[5.526s] [ext: omni.kit.property.bundle-1.5.1] startup
[5.528s] [ext: omni.kit.usdz_export-1.1.0] startup
[5.531s] [ext: omni.kit.tool.asset_importer-6.0.1] startup
[5.536s] [ext: omni.kit.ui.actions-1.0.5] startup
[5.538s] [ext: omni.kit.viewport.menubar.camera-107.0.10] startup
[5.543s] [ext: omni.kit.viewport.menubar.lighting-107.3.2] startup
[5.546s] [ext: omni.kit.viewport.menubar.render-110.0.0] startup
[5.549s] [ext: omni.kit.viewport.menubar.settings-110.0.1] startup
[5.553s] [ext: omni.kit.window.console-1.1.9] startup
[5.557s] [ext: omni.kit.window.status_bar-0.1.11] startup
[5.560s] [ext: omni.kit.window.toolbar-3.0.3] startup
[5.563s] [ext: omni.ocio-0.1.1] startup
[5.564s] [ext: omni.physx.commands-110.1.13] startup
[5.567s] [ext: omni.replicator.replicator_yaml-2.0.12] startup
[5.580s] [ext: omni.rtx.window.settings-0.8.0] startup
[5.585s] [ext: omni.rtx.settings.core-0.7.1] startup
[5.588s] [ext: omni.usd.metrics.assembler.ui-110.1.1] startup
[5.596s] [ext: semantics.schema.editor-2.0.2] startup
[5.599s] [ext: semantics.schema.property-2.0.2] startup
[5.600s] [ext: omni.kit.menu.common-2.0.2] startup
[5.602s] [ext: isaacsim.exp.base-6.0.1] startup
[5.602s] [ext: isaacsim.exp.base.python-6.0.1] startup
[5.605s] Simulation App Starting
[6.824s] Simulation App Startup Complete
[6.836s] app ready
Starting kit application with the following args:  ['/root/autodl-tmp/isaac_sim/venv/lib/python3.12/site-packages/isaacsim/exts/isaacsim.simulation_app/isaacsim/simulation_app/simulation_app.py', '/root/autodl-tmp/isaac_sim/venv/lib/python3.12/site-packages/isaacsim/apps/isaacsim.exp.base.python.kit', '--/app/tokens/exe-path=/root/autodl-tmp/isaac_sim/venv/lib/python3.12/site-packages/isaacsim/kit', '--/persistent/app/viewport/displayOptions=3094', '--/rtx/materialDb/syncLoads=True', '--/rtx/hydra/materialSyncLoads=True', '--/omni/kit/plugin/syncUsdLoads=True', '--/app/renderer/resolution/width=1280', '--/app/renderer/resolution/height=720', '--/app/window/width=1440', '--/app/window/height=900', '--/renderer/multiGpu/enabled=True', '--/app/fastShutdown=True', '--/app/installSignalHandlers=0', '--ext-folder', '/root/autodl-tmp/isaac_sim/venv/lib/python3.12/site-packages/isaacsim/exts', '--ext-folder', '/root/autodl-tmp/isaac_sim/venv/lib/python3.12/site-packages/isaacsim/apps', '--/physics/cudaDevice=0', '--/plugins/carb.tasking.plugin/threadCount=32', '--/plugins/omni.tbb.globalcontrol/maxThreadCount=32', '--portable', '--no-window', '--/app/window/hideUi=1', '--allow-root']
Passing the following args to the base kit application:  []
Warp 1.13.0 initialized:
   CUDA Toolkit 12.9, Driver 13.2
   Devices:
     "cpu"      : "x86_64"
     "cuda:0"   : "NVIDIA RTX 6000D" (83 GiB, sm_120, mempool enabled)
   Kernel cache:
     /root/autodl-tmp/isaac_cache/xdg/warp/1.13.0
[7.326s] [ext: isaacsim.robot_motion.pink-0.1.3] startup
2026-08-12T13:06:28Z [14,885ms] [Warning] [omni.rtx] DLSS increasing input dimensions: Render resolution of (128, 128) is below minimal input resolution of 300.
2026-08-12T13:06:28Z [14,970ms] [Warning] [rtx.scenedb.plugin] [InstanceTransformStorage] The amount of world update transforms WorldUpdateStorageWindow 17 needed to cover is larger than max allowed storage MaxHistoryTransformCount 8.            Motions may be wrong for long exposure sensors/cameras. Consider allow a larger storage for transforms through --/rtx/scenedb/maxHistoryTransformCount=17
[16.277s] Simulation App Shutting Down
