WARNING: All log messages before absl::InitializeLog() is called are written to STDERR
E0000 00:00:1786545606.443875   46032 descriptor_database.cc:633] File already exists in database: grpc/health/v1/health.proto
W0000 00:00:1786545606.443903   46032 message.cc:301] Protobuf GeneratedMessageFactory: File is already registered: grpc/health/v1/health.proto
2026-08-12T14:40:06Z [Info] [carb] Logging to file: /root/autodl-tmp/isaac_sim/venv/lib/python3.12/site-packages/isaacsim/kit/logs/Kit/Isaac-Sim Python/6.0/kit_20260812_224006.log
[0.078s] [ext: omni.assets.plugins-0.0.0] startup
[0.079s] [ext: omni.blobkey-1.1.2] startup
[0.079s] [ext: omni.kit.async_engine-0.0.3] startup
[0.181s] [ext: omni.client.lib-1.1.1] startup
[0.192s] [ext: omni.client-1.3.0] startup
[0.198s] [ext: omni.protobuf.lib-1.0.0] startup
[0.199s] [ext: omni.grpc.lib-1.0.0] startup
[0.203s] [ext: omni.metrics.core-0.0.3] startup
[0.204s] [ext: omni.datastore-0.0.0] startup
[0.204s] [ext: omni.gpu_foundation.shadercache.vulkan-1.0.0] startup
[0.206s] [ext: omni.hsscclient-1.1.4] startup
[0.207s] [ext: omni.stats-1.0.1] startup
[0.207s] [ext: omni.ujitso.default-1.0.0] startup
[0.210s] [ext: omni.gpu_foundation-0.0.0] startup
[0.467s] [ext: carb.windowing.plugins-1.0.1] startup
[0.467s] [ext: omni.kit.renderer.init-1.0.1] startup
2026-08-12T14:40:06Z [505ms] [Warning] [omni.platforminfo.plugin] failed to open the default display.  Can't verify X Server version.

|---------------------------------------------------------------------------------------------|
| Driver Version: 595.71.05     | Graphics API: Vulkan
|=============================================================================================|
| GPU | Name                             | Active | LDA | GPU Memory | Vendor-ID | LUID       |
|     |                                  |        |     |            | Device-ID | UUID       |
|     |                                  |        |     |            | Bus-ID    |            |
|---------------------------------------------------------------------------------------------|
| 0   | NVIDIA RTX 6000D                 | Yes: 0 |     | 85651   MB | 10de      | 0          |
|     |                                  |        |     |            | 2bb9      | 56b1f21d.. |
|     |                                  |        |     |            | d8        |            |
|=============================================================================================|
| OS: 22.04.5 LTS (Jammy Jellyfish) ubuntu, Version: 22.04.5, Kernel: 5.15.0-78-generic
| Processor: Intel(R) Xeon(R) Platinum 8470Q
| Bare Metal Cores: 104 | Bare Metal Logical Cores: 208
| Core Usage Quota: 22
|---------------------------------------------------------------------------------------------|
| Total Memory (MB): 112640 | Free Memory: 110371
| Total Page/Swap (MB): 0 | Free Page/Swap: 0
|---------------------------------------------------------------------------------------------|
2026-08-12T14:40:07Z [1,315ms] [Warning] [omni.rtx] CPU performance profile is set to powersave. This profile sets the CPU to the lowest frequency reducing performance.
2026-08-12T14:40:07Z [1,323ms] [Warning] [omni.rtx] ECC is enabled on physical device 0
[1.655s] [ext: omni.kit.pipapi-0.0.0] startup
[1.656s] [ext: omni.kit.telemetry-0.5.2] startup
[1.685s] [ext: omni.kit.loop-isaac-1.6.0] startup
[1.687s] [ext: omni.kit.test-2.0.7] startup
[1.742s] [ext: omni.materialx.libs-1.0.9] startup
[1.749s] [ext: omni.gpucompute.plugins-0.0.0] startup
[1.749s] [ext: omni.usd.config-1.0.7] startup
[1.752s] [ext: omni.usd.libs-1.0.3] startup
[1.843s] [ext: omni.iray.libs-0.0.1] startup
[1.848s] [ext: omni.mdl-57.0.3] startup
[1.901s] [ext: omni.mdl.neuraylib-0.2.20] startup
[1.903s] [ext: omni.kit.usd.mdl-1.1.9] startup
[2.009s] [ext: omni.appwindow-1.2.2] startup
[2.012s] [ext: omni.kit.renderer.core-1.2.2] startup
2026-08-12T14:40:08Z [1,983ms] [Warning] [carb.windowing-glfw.plugin] GLFW initialization failed.
2026-08-12T14:40:08Z [1,983ms] [Warning] [carb] Failed to startup plugin carb.windowing-glfw.plugin (interfaces: [carb::windowing::IGLContext v1.0],[carb::windowing::IWindowing v1.5]) (impl: carb.windowing-glfw.plugin)
[2.045s] [ext: omni.kit.renderer.capture-2.0.1] startup
[2.047s] [ext: omni.kit.renderer.imgui-2.0.6] startup
2026-08-12T14:40:08Z [2,005ms] [Warning] [carb.windowing-glfw.plugin] GLFW initialization failed.
2026-08-12T14:40:08Z [2,005ms] [Warning] [carb] Failed to startup plugin carb.windowing-glfw.plugin (interfaces: [carb::windowing::IGLContext v1.0],[carb::windowing::IWindowing v1.5]) (impl: carb.windowing-glfw.plugin)
2026-08-12T14:40:08Z [2,006ms] [Warning] [carb.windowing-glfw.plugin] GLFW initialization failed.
2026-08-12T14:40:08Z [2,006ms] [Warning] [carb] Failed to startup plugin carb.windowing-glfw.plugin (interfaces: [carb::windowing::IGLContext v1.0],[carb::windowing::IWindowing v1.5]) (impl: carb.windowing-glfw.plugin)
[2.113s] [ext: omni.ui-3.2.0] startup
[2.123s] [ext: omni.kit.mainwindow-1.0.3] startup
[2.124s] [ext: carb.audio-0.1.0] startup
[2.148s] [ext: omni.uiaudio-1.0.0] startup
[2.148s] [ext: omni.kit.uiapp-0.0.0] startup
[2.149s] [ext: omni.usd.schema.metrics.assembler-110.1.0] startup
[2.151s] [ext: omni.usd.schema.audio-0.0.1] startup
[2.154s] [ext: omni.usd_resolver-1.0.0] startup
[2.157s] [ext: omni.usd.core-1.8.3] startup
[2.161s] [ext: omni.metropolis.schema-0.0.3] startup
[2.162s] [ext: isaacsim.anim.robot.schema-0.1.1] startup
[2.162s] [ext: omni.usd.schema.anim-0.0.1] startup
[2.180s] [ext: omni.usd.schema.geospatial-0.0.1] startup
[2.183s] [ext: omni.usd.schema.omnigraph-1.0.1] startup
[2.188s] [ext: omni.usd.schema.semantics-0.0.0] startup
[2.191s] [ext: omni.activity.core-1.0.3] startup
[2.192s] [ext: omni.cubric-0.1.0] startup
[2.192s] [ext: omni.graph.exec-0.9.6] startup
[2.192s] [ext: omni.hydra.scene_delegate-0.3.5] startup
[2.196s] [ext: usdrt.scenegraph-7.6.3] startup
[2.222s] [ext: omni.hydra.usdrt_delegate-7.5.2] startup
[2.228s] [ext: omni.inspect-1.0.2] startup
[2.230s] [ext: omni.kit.actions.core-1.0.0] startup
[2.231s] [ext: omni.kit.audiodeviceenum-1.0.2] startup
[2.233s] [ext: omni.kit.commands-1.5.0] startup
[2.236s] [ext: omni.kit.exec.core-0.13.5] startup
[2.237s] [ext: omni.kit.usd_undo-0.1.8] startup
[2.237s] [ext: omni.kit.window.popup_dialog-2.0.25] startup
[2.241s] [ext: omni.kit.widget.nucleus_connector-2.3.1] startup
[2.243s] [ext: omni.timeline-1.1.0] startup
[2.245s] [ext: omni.usd-1.16.0] startup
[2.281s] [ext: omni.graph.core-3.1.2] startup
[2.284s] [ext: omni.kit.notification_manager-1.0.11] startup
[2.287s] [ext: isaacsim.core.deprecation_manager-0.4.2] startup
[2.288s] [ext: isaacsim.replicator.agent.schema-0.1.1] startup
[2.289s] [ext: isaacsim.robot.schema-6.3.7] startup
[2.293s] [ext: isaacsim.robot_motion.schema-0.2.1] startup
[2.294s] [ext: omni.anim.behavior.schema-110.1.0] startup
[2.298s] [ext: omni.anim.graph.schema-110.1.1] startup
[2.303s] [ext: omni.anim.navigation.schema-110.1.0] startup
[2.306s] [ext: omni.behavior.tree.schema-110.1.0] startup
[2.307s] [ext: omni.kit.asset_converter-6.0.1] startup
[2.320s] [ext: omni.usd.schema.flow-110.0.0] startup
[2.320s] [ext: omni.usd.schema.mujoco-1.1.1] startup
[2.321s] [ext: omni.usd.schema.newton-1.2.1] startup
[2.321s] [ext: omni.usd.schema.omni_lens_distortion-1.0.0] startup
[2.322s] [ext: omni.usd.schema.omni_projectors-1.0.0] startup
[2.322s] [ext: omni.usd.schema.omni_sensors-0.0.0] startup
[2.329s] [ext: omni.usd.schema.omniscripting-1.0.1] startup
[2.333s] [ext: omni.usd.schema.physical_lighting-0.1.0] startup
[2.335s] [ext: omni.usd.schema.physx-110.1.13] startup
[2.364s] [ext: omni.usd.schema.render_settings.rtx-1.0.2] startup
[2.367s] [ext: omni.usd.schema.usd_particle_field-1.0.0] startup
[2.368s] [ext: isaacsim.core.version-2.1.1] startup
[2.368s] [ext: omni.kit.menu.core-1.2.0] startup
[2.369s] [ext: omni.kit.menu.utils-2.2.4] startup
[2.376s] [ext: isaacsim.app.about-2.3.1] startup
[2.380s] [ext: isaacsim.asset.transformer-1.2.5] startup
[2.383s] [ext: omni.scene.optimizer.core-110.1.0] startup
[2.435s] [ext: isaacsim.asset.importer.utils-1.8.1] startup
[2.437s] [ext: omni.convexdecomposition-110.1.13] startup
[2.440s] [ext: omni.physics-110.1.13] startup
[2.443s] [ext: omni.physx.gpu-110.1.13] startup
[2.443s] [ext: omni.physx.foundation-110.1.13] startup
[2.445s] [ext: omni.usdphysics-110.1.13] startup
[2.446s] [ext: omni.physx.cooking-110.1.13] startup
[2.449s] [ext: omni.physx-110.1.13] startup
[2.458s] [ext: omni.physics.physx-110.1.13] startup
[2.460s] [ext: isaacsim.asset.exporter.urdf-2.0.5] startup
[2.468s] [ext: omni.kit.clipboard-1.1.1] startup
[2.468s] [ext: omni.kit.usd.layers-2.6.1] startup
[2.475s] [ext: omni.kit.widget.context_menu-1.4.0] startup
[2.476s] [ext: omni.kit.context_menu-1.9.0] startup
[2.478s] [ext: omni.kit.helper.file_utils-0.1.10] startup
[2.479s] [ext: omni.kit.widget.nucleus_info-2.0.2] startup
[2.479s] [ext: omni.kit.search_core-1.0.8] startup
[2.480s] [ext: omni.kit.widget.path_field-2.0.13] startup
[2.481s] [ext: omni.kit.widget.browser_bar-2.0.10] startup
[2.481s] [ext: omni.kit.widget.filebrowser-2.13.4] startup
[2.485s] [ext: omni.kit.widget.options_menu-1.1.6] startup
[2.488s] [ext: omni.kit.widget.options_button-1.0.3] startup
[2.488s] [ext: omni.kit.widget.search_delegate-1.0.9] startup
[2.489s] [ext: omni.ui.scene-2.0.3] startup
[2.493s] [ext: omni.kit.window.filepicker-2.15.5] startup
[2.505s] [ext: omni.kit.window.file_importer-1.1.21] startup
[2.507s] [ext: omni.kit.material.library-3.1.2] startup
[2.512s] [ext: isaacsim.asset.transformer.rules-1.7.10] startup
[2.521s] [ext: omni.usdex.libs-2.2.2] startup
[2.529s] [ext: isaacsim.asset.importer.mjcf-3.10.1] startup
[2.531s] [ext: isaacsim.asset.importer.urdf-3.11.2] startup
[2.534s] [ext: omni.kit.primitive.mesh-1.1.0] startup
[2.537s] [ext: omni.kit.stage_template.core-1.1.22] startup
[2.537s] [ext: omni.kit.stage_templates-2.0.2] startup
[2.538s] [ext: omni.usd.metrics.assembler-110.1.2] startup
[2.541s] [ext: omni.warp.core-1.13.0] startup
[2.708s] [ext: isaacsim.core.experimental.utils-0.17.2] startup
[2.709s] [ext: omni.physics.stageupdate-110.1.13] startup
[2.710s] [ext: omni.physics.tensors-110.1.13] startup
[2.714s] [ext: omni.physx.tensors-110.1.13] startup
[2.718s] [ext: isaacsim.core.simulation_manager-1.15.6] startup
[2.731s] [ext: isaacsim.storage.native-1.9.3] startup
[2.733s] [ext: omni.usd.metrics.assembler.physics-110.1.13] startup
[2.734s] [ext: isaacsim.core.utils-4.1.7] startup
[2.736s] [ext: isaacsim.core.prims-0.11.7] startup
[3.931s] [ext: isaacsim.core.api-5.2.13] startup
[3.942s] [ext: isaacsim.core.cloner-1.7.3] startup
[3.944s] [ext: isaacsim.test.docstring-1.3.2] startup
[3.948s] [ext: isaacsim.core.experimental.prims-1.8.9] startup
[3.972s] [ext: isaacsim.core.experimental.primdata-0.3.2] startup
[3.975s] [ext: omni.graph.tools-1.81.0] startup
[4.000s] [ext: omni.graph-1.142.5] startup
[4.043s] [ext: isaacsim.core.experimental.actuators-0.1.2] startup
[4.064s] [ext: isaacsim.core.experimental.materials-0.7.1] startup
[4.068s] [ext: isaacsim.core.experimental.objects-0.8.1] startup
[4.134s] [ext: omni.hydra.engine.stats-1.0.5] startup
[4.137s] [ext: omni.hydra.rtx.shadercache.vulkan-1.0.0] startup
[4.138s] [ext: omni.index.libs-387500.4413.0] startup
[4.138s] [ext: omni.index-1.0.1] startup
[4.139s] [ext: omni.ujitso.client-0.0.0] startup
[4.139s] [ext: omni.usd.schema.playback-1.0.0] startup
[4.143s] [ext: omni.volume-0.5.2] startup
[4.149s] [ext: omni.hydra.rtx-1.0.4] startup
2026-08-12T14:40:10Z [4,124ms] [Warning] [omni.log] Source: omni.hydra was already registered.
[4.187s] [ext: omni.kit.hydra_texture-1.6.0] startup
[4.191s] [ext: omni.kit.raycast.query-1.2.0] startup
[4.196s] [ext: omni.kit.viewport.legacy_gizmos-1.0.24] startup
[4.199s] [ext: omni.kit.viewport.registry-104.0.6] startup
[4.200s] [ext: omni.kit.viewport.scene_camera_model-1.0.7] startup
[4.209s] [ext: omni.kit.widget.viewport-109.2.0] startup
[4.214s] [ext: omni.kit.window.drop_support-1.0.8] startup
[4.215s] [ext: omni.kit.viewport.window-109.0.2] startup
[4.235s] [ext: omni.kit.viewport.utility-2.0.1] startup
[4.236s] [ext: isaacsim.core.rendering_manager-0.4.3] startup
[4.254s] [ext: omni.graph.action_core-1.1.9] startup
[4.256s] [ext: omni.graph.action_nodes_core-2.11.0] startup
[4.259s] [ext: omni.graph.action_nodes-2.11.0] startup
[4.296s] [ext: omni.graph.action-2.10.2] startup
[4.298s] [ext: omni.graph.image.core-0.6.1] startup
[4.299s] [ext: omni.graph.image.nodes-1.3.1] startup
[4.300s] [ext: omni.graph.nodes_core-2.11.0] startup
[4.307s] [ext: omni.graph.nodes-2.12.0] startup
[4.314s] [ext: omni.kit.hotkeys.core-1.3.12] startup
[4.315s] [ext: omni.kit.property.adapter.core-1.1.1] startup
[4.318s] [ext: omni.kit.property.adapter.usd-1.0.5] startup
[4.319s] [ext: omni.kit.widget.filter-1.1.5] startup
[4.321s] [ext: omni.kit.widget.highlight_label-1.0.3] startup
[4.322s] [ext: omni.kit.widget.searchfield-1.1.8] startup
[4.323s] [ext: omni.kit.window.file_exporter-1.0.36] startup
[4.325s] [ext: omni.kit.widget.stage-4.4.0] startup
[4.334s] [ext: omni.kit.window.content_browser_registry-0.0.6] startup
[4.335s] [ext: omni.kit.window.file-2.0.10] startup
[4.339s] [ext: omni.kit.window.content_browser-3.1.8] startup
[4.351s] [ext: omni.kit.window.property-1.15.1] startup
[4.363s] [ext: omni.kit.property.usd-4.9.4] startup
[4.374s] [ext: omni.graph.scriptnode-2.10.2] startup
[4.387s] [ext: omni.kit.widget.searchable_combobox-1.0.7] startup
[4.388s] [ext: omni.kit.widget.settings-2.0.0] startup
[4.390s] [ext: omni.kit.window.preferences-1.8.3] startup
[4.396s] [ext: omni.kit.viewport.menubar.core-107.2.2] startup
[4.407s] [ext: omni.syntheticdata-0.6.15] startup
[4.444s] [ext: omni.replicator.nv-1.1.1] startup
[4.454s] [ext: omni.videoencoding-0.2.1] startup
[4.456s] [ext: omni.replicator.core-1.13.27] startup
2026-08-12T14:40:10Z [4,422ms] [Warning] [pxr.Semantics] pxr.Semantics is deprecated - please use Semantics instead
2026-08-12T14:40:10Z [4,510ms] [Warning] [omni.replicator.core.scripts.extension] No material configuration file, adding configuration to material settings directly.
[4.705s] [ext: isaacsim.core.nodes-5.10.5] startup
[4.745s] [ext: isaacsim.core.throttling-2.3.5] startup
[4.746s] [ext: omni.kit.manipulator.viewport-107.0.1] startup
[4.748s] [ext: omni.graph.visualization.nodes-2.1.4] startup
[4.766s] [ext: omni.kit.window.extensions-1.5.10] startup
[4.774s] [ext: isaacsim.gui.components-1.8.5] startup
[4.780s] [ext: isaacsim.robot.surface_gripper-3.6.2] startup
[4.794s] [ext: isaacsim.robot.manipulators-3.4.4] startup
[4.807s] [ext: isaacsim.robot_motion.lula-4.1.3] startup
[4.815s] [ext: isaacsim.robot_motion.motion_generation-8.2.9] startup
[4.822s] [ext: isaacsim.cortex.framework-1.0.18] startup
[4.824s] [ext: isaacsim.cortex.behaviors-2.0.17] startup
[4.826s] [ext: isaacsim.examples.base-1.3.2] startup
[4.828s] [ext: omni.kit.widget.zoombar-1.0.7] startup
[4.830s] [ext: omni.kit.browser.core-2.3.18] startup
[4.834s] [ext: omni.kit.browser.folder.core-2.0.2] startup
[4.839s] [ext: omni.kit.widget.stage_icons-1.0.8] startup
[4.840s] [ext: omni.kit.window.stage-2.6.1] startup
[4.845s] [ext: omni.kit.menu.stage-1.2.7] startup
[4.846s] [ext: omni.kit.usd.collect-3.0.6] startup
[4.849s] [ext: omni.kit.widget.prompt-1.0.7] startup
[4.850s] [ext: omni.kit.tool.collect-2.2.19] startup
[4.853s] [ext: isaacsim.examples.browser-0.3.2] startup
[4.855s] [ext: omni.kit.search.files-1.0.4] startup
[4.857s] [ext: omni.kit.widget.calendar-1.0.9] startup
[4.858s] [ext: omni.kit.widget.extended_searchfield-1.0.31] startup
[4.867s] [ext: omni.simready.content.browser-0.3.7] startup
[4.965s] [ext: isaacsim.gui.content_browser-0.4.3] startup
[4.968s] [ext: omni.kit.selection-0.1.6] startup
[4.969s] [ext: isaacsim.gui.menu-2.10.5] startup
[4.978s] [ext: isaacsim.gui.property-1.6.4] startup
[4.986s] [ext: omni.kit.viewport.actions-110.0.0] startup
[4.990s] [ext: omni.kit.viewport.menubar.display-107.1.3] startup
[4.992s] [ext: isaacsim.gui.sensors.icon-2.2.1] startup
[4.995s] [ext: omni.behavior.scripting.core-110.1.0] startup
[4.999s] [ext: isaacsim.replicator.behavior-1.5.4] startup
[5.000s] [ext: isaacsim.replicator.experimental.domain_randomization-1.2.5] startup
[5.020s] [ext: isaacsim.replicator.domain_randomization-1.2.2] startup
[5.098s] [ext: isaacsim.replicator.writers-1.5.4] startup
[5.126s] [ext: isaacsim.robot.experimental.wheeled_robots-0.2.11] startup
[5.148s] [ext: isaacsim.robot.policy.examples-5.2.12] startup
[5.169s] [ext: isaacsim.robot.wheeled_robots-5.2.4] startup
[5.173s] [ext: isaacsim.robot.wheeled_robots.nodes-0.1.5] startup
[5.199s] [ext: isaacsim.robot_motion.experimental.motion_generation-6.1.3] startup
[5.209s] [ext: isaacsim.robot_motion.cumotion-1.3.1] startup
[5.223s] [ext: omni.kit.numpy.common-0.1.3] startup
[5.225s] [ext: isaacsim.sensors.camera-1.7.9] startup
[5.253s] [ext: isaacsim.sensors.experimental.physics-3.0.2] startup
[5.261s] [ext: omni.sensors.net-1.0.1] startup
[5.268s] [ext: omni.sensors.nv.common-3.0.0] startup
[5.284s] [ext: omni.sensors.nv.materials-2.0.0] startup
[5.287s] [ext: omni.sensors.nv.acoustic-3.0.0] startup
[5.291s] [ext: omni.sensors.nv.ids-2.0.1] startup
[5.293s] [ext: omni.sensors.nv.lidar-3.0.0] startup
[5.298s] [ext: omni.sensors.nv.radar-3.0.0] startup
[5.301s] [ext: isaacsim.sensors.experimental.rtx-1.4.6] startup
[5.513s] [ext: isaacsim.sensors.physics.nodes-1.5.3] startup
[5.522s] [ext: isaacsim.util.debug_draw-3.2.3] startup
[5.529s] [ext: isaacsim.sensors.physx-2.5.5] startup
[5.538s] [ext: isaacsim.sensors.rtx-15.17.1] startup
[5.551s] [ext: isaacsim.simulation_app-2.18.4] startup
[5.552s] [ext: omni.anim.curve.core-1.6.0] startup
[5.563s] [ext: omni.graph.ui_nodes-2.11.1] startup
[5.600s] [ext: omni.hydra.scene_api-0.1.3] startup
[5.607s] [ext: omni.kit.manipulator.camera-110.0.0] startup
[5.611s] [ext: omni.kit.manipulator.selector-1.1.4] startup
[5.612s] [ext: omni.kit.manipulator.transform-107.0.0] startup
[5.617s] [ext: omni.kit.widget.toolbar-2.1.0] startup
[5.623s] [ext: omni.kit.manipulator.tool.snap-1.5.14] startup
[5.628s] [ext: omni.kit.viewport.manipulator.transform-107.0.4] startup
[5.630s] [ext: omni.kit.manipulator.prim.core-108.0.2] startup
[5.636s] [ext: omni.kit.manipulator.prim.usd-107.0.3] startup
[5.637s] [ext: omni.kit.manipulator.prim-108.0.0] startup
[5.637s] [ext: omni.kit.manipulator.selection-109.0.1] startup
[5.639s] [ext: omni.kit.menu.create-2.0.2] startup
[5.641s] [ext: omni.kit.property.audio-1.0.16] startup
[5.645s] [ext: omni.kit.property.camera-1.0.14] startup
[5.647s] [ext: omni.kit.property.geometry-2.1.2] startup
[5.651s] [ext: omni.kit.property.light-1.0.14] startup
2026-08-12T14:40:11Z [5,642ms] [Warning] [omni.usd] Encountered USD Warnings but USD Diagnostics are currently muted. To view USD Warnings, please set the '/persistent/app/usd/muteUsdDiagnostics' setting to false in Preferences page.
[5.729s] [ext: omni.kit.property.material-1.14.6] startup
[5.735s] [ext: omni.kit.property.render-1.2.2] startup
[5.736s] [ext: omni.kit.property.transform-1.6.9] startup
[5.740s] [ext: omni.kit.property.bundle-1.5.1] startup
[5.741s] [ext: omni.kit.usdz_export-1.1.0] startup
[5.744s] [ext: omni.kit.tool.asset_importer-6.0.1] startup
[5.750s] [ext: omni.kit.ui.actions-1.0.5] startup
[5.752s] [ext: omni.kit.viewport.menubar.camera-107.0.10] startup
[5.756s] [ext: omni.kit.viewport.menubar.lighting-107.3.2] startup
[5.759s] [ext: omni.kit.viewport.menubar.render-110.0.0] startup
[5.762s] [ext: omni.kit.viewport.menubar.settings-110.0.1] startup
[5.765s] [ext: omni.kit.window.console-1.1.9] startup
[5.770s] [ext: omni.kit.window.status_bar-0.1.11] startup
[5.773s] [ext: omni.kit.window.toolbar-3.0.3] startup
[5.775s] [ext: omni.ocio-0.1.1] startup
[5.777s] [ext: omni.physx.commands-110.1.13] startup
[5.780s] [ext: omni.replicator.replicator_yaml-2.0.12] startup
[5.794s] [ext: omni.rtx.window.settings-0.8.0] startup
[5.798s] [ext: omni.rtx.settings.core-0.7.1] startup
[5.801s] [ext: omni.usd.metrics.assembler.ui-110.1.1] startup
[5.808s] [ext: semantics.schema.editor-2.0.2] startup
[5.811s] [ext: semantics.schema.property-2.0.2] startup
[5.813s] [ext: omni.kit.menu.common-2.0.2] startup
[5.815s] [ext: isaacsim.exp.base-6.0.1] startup
[5.815s] [ext: isaacsim.exp.base.python-6.0.1] startup
[5.818s] Simulation App Starting
[7.067s] Simulation App Startup Complete
[7.078s] app ready
2026-08-12T14:40:14Z [7,868ms] [Error] [omni.kit.asset_converter.impl.omni_client_wrapper] Cannot copy from /root/.cache/libero/assets/scenes/living_room_table/louisa-coffee-table-wood-bump.jpg to /root/autodl-tmp/VLA-Intern-Sprint/results/phase3_step6/assets_usd/materials/textures/louisa-coffee-table-wood-bump.jpg, error code: Result.ERROR_NOT_FOUND.
Starting kit application with the following args:  ['/root/autodl-tmp/isaac_sim/venv/lib/python3.12/site-packages/isaacsim/exts/isaacsim.simulation_app/isaacsim/simulation_app/simulation_app.py', '/root/autodl-tmp/isaac_sim/venv/lib/python3.12/site-packages/isaacsim/apps/isaacsim.exp.base.python.kit', '--/app/tokens/exe-path=/root/autodl-tmp/isaac_sim/venv/lib/python3.12/site-packages/isaacsim/kit', '--/persistent/app/viewport/displayOptions=3094', '--/rtx/materialDb/syncLoads=True', '--/rtx/hydra/materialSyncLoads=True', '--/omni/kit/plugin/syncUsdLoads=True', '--/app/renderer/resolution/width=1280', '--/app/renderer/resolution/height=720', '--/app/window/width=1440', '--/app/window/height=900', '--/renderer/multiGpu/enabled=True', '--/app/fastShutdown=True', '--/app/installSignalHandlers=0', '--ext-folder', '/root/autodl-tmp/isaac_sim/venv/lib/python3.12/site-packages/isaacsim/exts', '--ext-folder', '/root/autodl-tmp/isaac_sim/venv/lib/python3.12/site-packages/isaacsim/apps', '--/physics/cudaDevice=0', '--/plugins/carb.tasking.plugin/threadCount=32', '--/plugins/omni.tbb.globalcontrol/maxThreadCount=32', '--portable', '--no-window', '--/app/window/hideUi=1', '--allow-root']
Passing the following args to the base kit application:  []
Warp 1.13.0 initialized:
   CUDA Toolkit 12.9, Driver 13.2
   Devices:
     "cpu"      : "x86_64"
     "cuda:0"   : "NVIDIA RTX 6000D" (83 GiB, sm_120, mempool enabled)
   Kernel cache:
     /root/autodl-tmp/isaac_cache/xdg/warp/1.13.0
{
  "alphabet_soup": {
    "source": "/root/autodl-tmp/cache/libero-assets/stable_hope_objects/alphabet_soup/textured.obj",
    "source_sha256": "9f83394a8b6d243b2133be244b3de83e9318401e53a5768063031795bc6919a0",
    "usd": "/root/autodl-tmp/VLA-Intern-Sprint/results/phase3_step6/assets_usd/alphabet_soup.usd",
    "usd_sha256": "4d0733dbf73eb1fe30afa497bad23e95d8243c1f4222620552a2c19d99c4ac32",
    "usd_size_bytes": 995669,
    "prims": [
      "/World",
      "/World/Looks",
      "/World/Looks/textured__texture",
      "/World/Looks/textured__texture/textured__texture",
      "/World/textured",
      "/World/textured/mesh"
    ],
    "conversion": "Isaac Sim 6.0.1 omni.kit.asset_converter; materials retained"
  },
  "tomato_sauce": {
    "source": "/root/autodl-tmp/cache/libero-assets/stable_hope_objects/tomato_sauce/textured.obj",
    "source_sha256": "b75cd4063af13da2c3c95f4ed6cc2fbdc00f51730b49b704feb6f1ef362204bf",
    "usd": "/root/autodl-tmp/VLA-Intern-Sprint/results/phase3_step6/assets_usd/tomato_sauce.usd",
    "usd_sha256": "6ea3cbdb84f5e42a202acac29c755f0f824c78fbeed32faee8d5d7ecf70b5601",
    "usd_size_bytes": 2056825,
    "prims": [
      "/World",
      "/World/Looks",
      "/World/Looks/textured_material_0",
      "/World/Looks/textured_material_0/textured_material_0",
      "/World/textured",
      "/World/textured/mesh"
    ],
    "conversion": "Isaac Sim 6.0.1 omni.kit.asset_converter; materials retained"
  },
  "basket": {
    "source": "/root/autodl-tmp/cache/libero-assets/stable_scanned_objects/basket/basket.obj",
    "source_sha256": "54a789babe3d15e9ac55b837e0cc2dafb9413ae035be6af6d5847f4b14b3d144",
    "usd": "/root/autodl-tmp/VLA-Intern-Sprint/results/phase3_step6/assets_usd/basket.usd",
    "usd_sha256": "a8f618e2c6c3bb5cc358c3cb13bfe6b5e9fa72f8607a01e612c875f8afff68b0",
    "usd_size_bytes": 4630877,
    "prims": [
      "/World",
      "/World/Looks",
      "/World/Looks/Material_001",
      "/World/Looks/Material_001/Material_001",
      "/World/basket",
      "/World/basket/model"
    ],
    "conversion": "Isaac Sim 6.0.1 omni.kit.asset_converter; materials retained"
  },
  "living_room_table": {
    "source": "/root/autodl-tmp/cache/libero-assets/scenes/living_room_table/living_room_table.obj",
    "source_sha256": "b4b51693da6e25bb57673593b02a79f5716b3db3603a1d8448893f65ba499fbe",
    "usd": "/root/autodl-tmp/VLA-Intern-Sprint/results/phase3_step6/assets_usd/living_room_table.usd",
    "usd_sha256": "1498ef8b6dc1ff1df38e950d1b54a16c7c30bb3935e95d38fb415fffa86fc8b9",
    "usd_size_bytes": 755000,
    "prims": [
      "/World",
      "/World/Looks",
      "/World/Looks/Louisa_Coffee_Table_LTV3",
      "/World/Looks/Louisa_Coffee_Table_LTV3/Louisa_Coffee_Table_LTV3",
      "/World/living_room_table",
      "/World/living_room_table/living_room_table_Louisa_Coffee_Table_LTV3"
    ],
    "conversion": "Isaac Sim 6.0.1 omni.kit.asset_converter; materials retained"
  }
}
2026-08-12T14:40:14Z [7,956ms] [Warning] [omni.kit.asset_converter.impl.task_manager] Conversion completed with message: Failed to copy file /root/.cache/libero/assets/scenes/living_room_table/louisa-coffee-table-wood-bump.jpg to /root/autodl-tmp/VLA-Intern-Sprint/results/phase3_step6/assets_usd/materials/textures/louisa-coffee-table-wood-bump.jpg.
[8.145s] Simulation App Shutting Down
