WARNING: All log messages before absl::InitializeLog() is called are written to STDERR
E0000 00:00:1786546031.116855   47701 descriptor_database.cc:633] File already exists in database: grpc/health/v1/health.proto
W0000 00:00:1786546031.116888   47701 message.cc:301] Protobuf GeneratedMessageFactory: File is already registered: grpc/health/v1/health.proto
2026-08-12T14:47:10Z [Info] [carb] Logging to file: /root/autodl-tmp/isaac_sim/venv/lib/python3.12/site-packages/isaacsim/kit/logs/Kit/Isaac-Sim Python/6.0/kit_20260812_224710.log
[0.078s] [ext: omni.assets.plugins-0.0.0] startup
[0.079s] [ext: omni.blobkey-1.1.2] startup
[0.079s] [ext: omni.kit.async_engine-0.0.3] startup
[0.175s] [ext: omni.client.lib-1.1.1] startup
[0.188s] [ext: omni.client-1.3.0] startup
[0.194s] [ext: omni.protobuf.lib-1.0.0] startup
[0.195s] [ext: omni.grpc.lib-1.0.0] startup
[0.200s] [ext: omni.metrics.core-0.0.3] startup
[0.200s] [ext: omni.datastore-0.0.0] startup
[0.201s] [ext: omni.gpu_foundation.shadercache.vulkan-1.0.0] startup
[0.203s] [ext: omni.hsscclient-1.1.4] startup
[0.203s] [ext: omni.stats-1.0.1] startup
[0.204s] [ext: omni.ujitso.default-1.0.0] startup
[0.207s] [ext: omni.gpu_foundation-0.0.0] startup
[0.480s] [ext: carb.windowing.plugins-1.0.1] startup
[0.480s] [ext: omni.kit.renderer.init-1.0.1] startup
2026-08-12T14:47:11Z [503ms] [Warning] [omni.platforminfo.plugin] failed to open the default display.  Can't verify X Server version.

|---------------------------------------------------------------------------------------------|
| Driver Version: 595.71.05     | Graphics API: Vulkan
|=============================================================================================|
| GPU | Name                             | Active | LDA | GPU Memory | Vendor-ID | LUID       |
|     |                                  |        |     |            | Device-ID | UUID       |
|     |                                  |        |     |            | Bus-ID    |            |
|---------------------------------------------------------------------------------------------|
| 0   | NVIDIA RTX 6000D                 | Yes: 0 |     | 85651   MB | 10de      | 0          |
|     |                                  |        |     |            | 2bb9      | 56b1f21d.. |
|     |                                  |        |     |            | d8        |            |
|=============================================================================================|
| OS: 22.04.5 LTS (Jammy Jellyfish) ubuntu, Version: 22.04.5, Kernel: 5.15.0-78-generic
| Processor: Intel(R) Xeon(R) Platinum 8470Q
| Bare Metal Cores: 104 | Bare Metal Logical Cores: 208
| Core Usage Quota: 22
|---------------------------------------------------------------------------------------------|
| Total Memory (MB): 112640 | Free Memory: 110346
| Total Page/Swap (MB): 0 | Free Page/Swap: 0
|---------------------------------------------------------------------------------------------|
2026-08-12T14:47:12Z [1,300ms] [Warning] [omni.rtx] CPU performance profile is set to powersave. This profile sets the CPU to the lowest frequency reducing performance.
2026-08-12T14:47:12Z [1,308ms] [Warning] [omni.rtx] ECC is enabled on physical device 0
[1.634s] [ext: omni.kit.pipapi-0.0.0] startup
[1.636s] [ext: omni.kit.telemetry-0.5.2] startup
[1.667s] [ext: omni.kit.loop-isaac-1.6.0] startup
[1.668s] [ext: omni.kit.test-2.0.7] startup
[1.715s] [ext: omni.materialx.libs-1.0.9] startup
[1.722s] [ext: omni.gpucompute.plugins-0.0.0] startup
[1.723s] [ext: omni.usd.config-1.0.7] startup
[1.726s] [ext: omni.usd.libs-1.0.3] startup
[1.813s] [ext: omni.iray.libs-0.0.1] startup
[1.817s] [ext: omni.mdl-57.0.3] startup
[1.834s] [ext: omni.mdl.neuraylib-0.2.20] startup
[1.836s] [ext: omni.kit.usd.mdl-1.1.9] startup
[1.934s] [ext: omni.appwindow-1.2.2] startup
[1.937s] [ext: omni.kit.renderer.core-1.2.2] startup
2026-08-12T14:47:12Z [1,907ms] [Warning] [carb.windowing-glfw.plugin] GLFW initialization failed.
2026-08-12T14:47:12Z [1,907ms] [Warning] [carb] Failed to startup plugin carb.windowing-glfw.plugin (interfaces: [carb::windowing::IGLContext v1.0],[carb::windowing::IWindowing v1.5]) (impl: carb.windowing-glfw.plugin)
[1.970s] [ext: omni.kit.renderer.capture-2.0.1] startup
[1.972s] [ext: omni.kit.renderer.imgui-2.0.6] startup
2026-08-12T14:47:12Z [1,928ms] [Warning] [carb.windowing-glfw.plugin] GLFW initialization failed.
2026-08-12T14:47:12Z [1,928ms] [Warning] [carb] Failed to startup plugin carb.windowing-glfw.plugin (interfaces: [carb::windowing::IGLContext v1.0],[carb::windowing::IWindowing v1.5]) (impl: carb.windowing-glfw.plugin)
2026-08-12T14:47:12Z [1,929ms] [Warning] [carb.windowing-glfw.plugin] GLFW initialization failed.
2026-08-12T14:47:12Z [1,929ms] [Warning] [carb] Failed to startup plugin carb.windowing-glfw.plugin (interfaces: [carb::windowing::IGLContext v1.0],[carb::windowing::IWindowing v1.5]) (impl: carb.windowing-glfw.plugin)
[2.043s] [ext: omni.ui-3.2.0] startup
[2.052s] [ext: omni.kit.mainwindow-1.0.3] startup
[2.053s] [ext: carb.audio-0.1.0] startup
[2.058s] [ext: omni.uiaudio-1.0.0] startup
[2.059s] [ext: omni.kit.uiapp-0.0.0] startup
[2.059s] [ext: omni.usd.schema.metrics.assembler-110.1.0] startup
[2.061s] [ext: omni.usd.schema.audio-0.0.1] startup
[2.064s] [ext: omni.usd_resolver-1.0.0] startup
[2.067s] [ext: omni.usd.core-1.8.3] startup
[2.071s] [ext: omni.metropolis.schema-0.0.3] startup
[2.072s] [ext: isaacsim.anim.robot.schema-0.1.1] startup
[2.072s] [ext: omni.usd.schema.anim-0.0.1] startup
[2.089s] [ext: omni.usd.schema.geospatial-0.0.1] startup
[2.092s] [ext: omni.usd.schema.omnigraph-1.0.1] startup
[2.097s] [ext: omni.usd.schema.semantics-0.0.0] startup
[2.099s] [ext: omni.activity.core-1.0.3] startup
[2.100s] [ext: omni.cubric-0.1.0] startup
[2.101s] [ext: omni.graph.exec-0.9.6] startup
[2.101s] [ext: omni.hydra.scene_delegate-0.3.5] startup
[2.105s] [ext: usdrt.scenegraph-7.6.3] startup
[2.130s] [ext: omni.hydra.usdrt_delegate-7.5.2] startup
[2.136s] [ext: omni.inspect-1.0.2] startup
[2.137s] [ext: omni.kit.actions.core-1.0.0] startup
[2.139s] [ext: omni.kit.audiodeviceenum-1.0.2] startup
[2.140s] [ext: omni.kit.commands-1.5.0] startup
[2.143s] [ext: omni.kit.exec.core-0.13.5] startup
[2.144s] [ext: omni.kit.usd_undo-0.1.8] startup
[2.144s] [ext: omni.kit.window.popup_dialog-2.0.25] startup
[2.148s] [ext: omni.kit.widget.nucleus_connector-2.3.1] startup
[2.150s] [ext: omni.timeline-1.1.0] startup
[2.152s] [ext: omni.usd-1.16.0] startup
[2.188s] [ext: omni.graph.core-3.1.2] startup
[2.192s] [ext: omni.kit.notification_manager-1.0.11] startup
[2.194s] [ext: isaacsim.core.deprecation_manager-0.4.2] startup
[2.194s] [ext: isaacsim.replicator.agent.schema-0.1.1] startup
[2.195s] [ext: isaacsim.robot.schema-6.3.7] startup
[2.200s] [ext: isaacsim.robot_motion.schema-0.2.1] startup
[2.200s] [ext: omni.anim.behavior.schema-110.1.0] startup
[2.204s] [ext: omni.anim.graph.schema-110.1.1] startup
[2.209s] [ext: omni.anim.navigation.schema-110.1.0] startup
[2.212s] [ext: omni.behavior.tree.schema-110.1.0] startup
[2.213s] [ext: omni.kit.asset_converter-6.0.1] startup
[2.227s] [ext: omni.usd.schema.flow-110.0.0] startup
[2.227s] [ext: omni.usd.schema.mujoco-1.1.1] startup
[2.227s] [ext: omni.usd.schema.newton-1.2.1] startup
[2.228s] [ext: omni.usd.schema.omni_lens_distortion-1.0.0] startup
[2.228s] [ext: omni.usd.schema.omni_projectors-1.0.0] startup
[2.229s] [ext: omni.usd.schema.omni_sensors-0.0.0] startup
[2.236s] [ext: omni.usd.schema.omniscripting-1.0.1] startup
[2.240s] [ext: omni.usd.schema.physical_lighting-0.1.0] startup
[2.243s] [ext: omni.usd.schema.physx-110.1.13] startup
[2.273s] [ext: omni.usd.schema.render_settings.rtx-1.0.2] startup
[2.276s] [ext: omni.usd.schema.usd_particle_field-1.0.0] startup
[2.277s] [ext: isaacsim.core.version-2.1.1] startup
[2.278s] [ext: omni.kit.menu.core-1.2.0] startup
[2.278s] [ext: omni.kit.menu.utils-2.2.4] startup
[2.285s] [ext: isaacsim.app.about-2.3.1] startup
[2.289s] [ext: isaacsim.asset.transformer-1.2.5] startup
[2.292s] [ext: omni.scene.optimizer.core-110.1.0] startup
[2.346s] [ext: isaacsim.asset.importer.utils-1.8.1] startup
[2.347s] [ext: omni.convexdecomposition-110.1.13] startup
[2.350s] [ext: omni.physics-110.1.13] startup
[2.353s] [ext: omni.physx.gpu-110.1.13] startup
[2.353s] [ext: omni.physx.foundation-110.1.13] startup
[2.354s] [ext: omni.usdphysics-110.1.13] startup
[2.356s] [ext: omni.physx.cooking-110.1.13] startup
[2.358s] [ext: omni.physx-110.1.13] startup
[2.368s] [ext: omni.physics.physx-110.1.13] startup
[2.370s] [ext: isaacsim.asset.exporter.urdf-2.0.5] startup
[2.377s] [ext: omni.kit.clipboard-1.1.1] startup
[2.378s] [ext: omni.kit.usd.layers-2.6.1] startup
[2.385s] [ext: omni.kit.widget.context_menu-1.4.0] startup
[2.386s] [ext: omni.kit.context_menu-1.9.0] startup
[2.387s] [ext: omni.kit.helper.file_utils-0.1.10] startup
[2.389s] [ext: omni.kit.widget.nucleus_info-2.0.2] startup
[2.389s] [ext: omni.kit.search_core-1.0.8] startup
[2.390s] [ext: omni.kit.widget.path_field-2.0.13] startup
[2.390s] [ext: omni.kit.widget.browser_bar-2.0.10] startup
[2.391s] [ext: omni.kit.widget.filebrowser-2.13.4] startup
[2.395s] [ext: omni.kit.widget.options_menu-1.1.6] startup
[2.397s] [ext: omni.kit.widget.options_button-1.0.3] startup
[2.398s] [ext: omni.kit.widget.search_delegate-1.0.9] startup
[2.399s] [ext: omni.ui.scene-2.0.3] startup
[2.403s] [ext: omni.kit.window.filepicker-2.15.5] startup
[2.415s] [ext: omni.kit.window.file_importer-1.1.21] startup
[2.416s] [ext: omni.kit.material.library-3.1.2] startup
[2.421s] [ext: isaacsim.asset.transformer.rules-1.7.10] startup
[2.431s] [ext: omni.usdex.libs-2.2.2] startup
[2.439s] [ext: isaacsim.asset.importer.mjcf-3.10.1] startup
[2.441s] [ext: isaacsim.asset.importer.urdf-3.11.2] startup
[2.444s] [ext: omni.kit.primitive.mesh-1.1.0] startup
[2.447s] [ext: omni.kit.stage_template.core-1.1.22] startup
[2.447s] [ext: omni.kit.stage_templates-2.0.2] startup
[2.448s] [ext: omni.usd.metrics.assembler-110.1.2] startup
[2.451s] [ext: omni.warp.core-1.13.0] startup
[2.615s] [ext: isaacsim.core.experimental.utils-0.17.2] startup
[2.616s] [ext: omni.physics.stageupdate-110.1.13] startup
[2.618s] [ext: omni.physics.tensors-110.1.13] startup
[2.622s] [ext: omni.physx.tensors-110.1.13] startup
[2.626s] [ext: isaacsim.core.simulation_manager-1.15.6] startup
[2.639s] [ext: isaacsim.storage.native-1.9.3] startup
[2.640s] [ext: omni.usd.metrics.assembler.physics-110.1.13] startup
[2.642s] [ext: isaacsim.core.utils-4.1.7] startup
[2.644s] [ext: isaacsim.core.prims-0.11.7] startup
[3.893s] [ext: isaacsim.core.api-5.2.13] startup
[3.903s] [ext: isaacsim.core.cloner-1.7.3] startup
[3.905s] [ext: isaacsim.test.docstring-1.3.2] startup
[3.909s] [ext: isaacsim.core.experimental.prims-1.8.9] startup
[3.933s] [ext: isaacsim.core.experimental.primdata-0.3.2] startup
[3.935s] [ext: omni.graph.tools-1.81.0] startup
[3.960s] [ext: omni.graph-1.142.5] startup
[4.002s] [ext: isaacsim.core.experimental.actuators-0.1.2] startup
[4.023s] [ext: isaacsim.core.experimental.materials-0.7.1] startup
[4.027s] [ext: isaacsim.core.experimental.objects-0.8.1] startup
[4.092s] [ext: omni.hydra.engine.stats-1.0.5] startup
[4.095s] [ext: omni.hydra.rtx.shadercache.vulkan-1.0.0] startup
[4.096s] [ext: omni.index.libs-387500.4413.0] startup
[4.096s] [ext: omni.index-1.0.1] startup
[4.097s] [ext: omni.ujitso.client-0.0.0] startup
[4.097s] [ext: omni.usd.schema.playback-1.0.0] startup
[4.102s] [ext: omni.volume-0.5.2] startup
[4.108s] [ext: omni.hydra.rtx-1.0.4] startup
2026-08-12T14:47:15Z [4,081ms] [Warning] [omni.log] Source: omni.hydra was already registered.
[4.145s] [ext: omni.kit.hydra_texture-1.6.0] startup
[4.150s] [ext: omni.kit.raycast.query-1.2.0] startup
[4.155s] [ext: omni.kit.viewport.legacy_gizmos-1.0.24] startup
[4.158s] [ext: omni.kit.viewport.registry-104.0.6] startup
[4.159s] [ext: omni.kit.viewport.scene_camera_model-1.0.7] startup
[4.164s] [ext: omni.kit.widget.viewport-109.2.0] startup
[4.174s] [ext: omni.kit.window.drop_support-1.0.8] startup
[4.175s] [ext: omni.kit.viewport.window-109.0.2] startup
[4.193s] [ext: omni.kit.viewport.utility-2.0.1] startup
[4.195s] [ext: isaacsim.core.rendering_manager-0.4.3] startup
[4.212s] [ext: omni.graph.action_core-1.1.9] startup
[4.214s] [ext: omni.graph.action_nodes_core-2.11.0] startup
[4.217s] [ext: omni.graph.action_nodes-2.11.0] startup
[4.254s] [ext: omni.graph.action-2.10.2] startup
[4.258s] [ext: omni.graph.image.core-0.6.1] startup
[4.259s] [ext: omni.graph.image.nodes-1.3.1] startup
[4.260s] [ext: omni.graph.nodes_core-2.11.0] startup
[4.267s] [ext: omni.graph.nodes-2.12.0] startup
[4.274s] [ext: omni.kit.hotkeys.core-1.3.12] startup
[4.276s] [ext: omni.kit.property.adapter.core-1.1.1] startup
[4.278s] [ext: omni.kit.property.adapter.usd-1.0.5] startup
[4.280s] [ext: omni.kit.widget.filter-1.1.5] startup
[4.281s] [ext: omni.kit.widget.highlight_label-1.0.3] startup
[4.282s] [ext: omni.kit.widget.searchfield-1.1.8] startup
[4.284s] [ext: omni.kit.window.file_exporter-1.0.36] startup
[4.285s] [ext: omni.kit.widget.stage-4.4.0] startup
[4.294s] [ext: omni.kit.window.content_browser_registry-0.0.6] startup
[4.296s] [ext: omni.kit.window.file-2.0.10] startup
[4.299s] [ext: omni.kit.window.content_browser-3.1.8] startup
[4.311s] [ext: omni.kit.window.property-1.15.1] startup
[4.323s] [ext: omni.kit.property.usd-4.9.4] startup
[4.334s] [ext: omni.graph.scriptnode-2.10.2] startup
[4.347s] [ext: omni.kit.widget.searchable_combobox-1.0.7] startup
[4.348s] [ext: omni.kit.widget.settings-2.0.0] startup
[4.350s] [ext: omni.kit.window.preferences-1.8.3] startup
[4.356s] [ext: omni.kit.viewport.menubar.core-107.2.2] startup
[4.367s] [ext: omni.syntheticdata-0.6.15] startup
[4.401s] [ext: omni.replicator.nv-1.1.1] startup
[4.408s] [ext: omni.videoencoding-0.2.1] startup
[4.410s] [ext: omni.replicator.core-1.13.27] startup
2026-08-12T14:47:15Z [4,375ms] [Warning] [pxr.Semantics] pxr.Semantics is deprecated - please use Semantics instead
2026-08-12T14:47:15Z [4,468ms] [Warning] [omni.replicator.core.scripts.extension] No material configuration file, adding configuration to material settings directly.
[4.661s] [ext: isaacsim.core.nodes-5.10.5] startup
[4.698s] [ext: isaacsim.core.throttling-2.3.5] startup
[4.700s] [ext: omni.kit.manipulator.viewport-107.0.1] startup
[4.701s] [ext: omni.graph.visualization.nodes-2.1.4] startup
[4.720s] [ext: omni.kit.window.extensions-1.5.10] startup
[4.727s] [ext: isaacsim.gui.components-1.8.5] startup
[4.732s] [ext: isaacsim.robot.surface_gripper-3.6.2] startup
[4.749s] [ext: isaacsim.robot.manipulators-3.4.4] startup
[4.762s] [ext: isaacsim.robot_motion.lula-4.1.3] startup
[4.769s] [ext: isaacsim.robot_motion.motion_generation-8.2.9] startup
[4.776s] [ext: isaacsim.cortex.framework-1.0.18] startup
[4.778s] [ext: isaacsim.cortex.behaviors-2.0.17] startup
[4.781s] [ext: isaacsim.examples.base-1.3.2] startup
[4.783s] [ext: omni.kit.widget.zoombar-1.0.7] startup
[4.784s] [ext: omni.kit.browser.core-2.3.18] startup
[4.788s] [ext: omni.kit.browser.folder.core-2.0.2] startup
[4.793s] [ext: omni.kit.widget.stage_icons-1.0.8] startup
[4.794s] [ext: omni.kit.window.stage-2.6.1] startup
[4.798s] [ext: omni.kit.menu.stage-1.2.7] startup
[4.800s] [ext: omni.kit.usd.collect-3.0.6] startup
[4.803s] [ext: omni.kit.widget.prompt-1.0.7] startup
[4.804s] [ext: omni.kit.tool.collect-2.2.19] startup
[4.807s] [ext: isaacsim.examples.browser-0.3.2] startup
[4.809s] [ext: omni.kit.search.files-1.0.4] startup
[4.810s] [ext: omni.kit.widget.calendar-1.0.9] startup
[4.812s] [ext: omni.kit.widget.extended_searchfield-1.0.31] startup
[4.821s] [ext: omni.simready.content.browser-0.3.7] startup
[4.919s] [ext: isaacsim.gui.content_browser-0.4.3] startup
[4.922s] [ext: omni.kit.selection-0.1.6] startup
[4.924s] [ext: isaacsim.gui.menu-2.10.5] startup
[4.933s] [ext: isaacsim.gui.property-1.6.4] startup
[4.940s] [ext: omni.kit.viewport.actions-110.0.0] startup
[4.944s] [ext: omni.kit.viewport.menubar.display-107.1.3] startup
[4.946s] [ext: isaacsim.gui.sensors.icon-2.2.1] startup
[4.950s] [ext: omni.behavior.scripting.core-110.1.0] startup
[4.953s] [ext: isaacsim.replicator.behavior-1.5.4] startup
[4.954s] [ext: isaacsim.replicator.experimental.domain_randomization-1.2.5] startup
[4.977s] [ext: isaacsim.replicator.domain_randomization-1.2.2] startup
[5.055s] [ext: isaacsim.replicator.writers-1.5.4] startup
[5.084s] [ext: isaacsim.robot.experimental.wheeled_robots-0.2.11] startup
[5.106s] [ext: isaacsim.robot.policy.examples-5.2.12] startup
[5.128s] [ext: isaacsim.robot.wheeled_robots-5.2.4] startup
[5.133s] [ext: isaacsim.robot.wheeled_robots.nodes-0.1.5] startup
[5.160s] [ext: isaacsim.robot_motion.experimental.motion_generation-6.1.3] startup
[5.171s] [ext: isaacsim.robot_motion.cumotion-1.3.1] startup
[5.185s] [ext: omni.kit.numpy.common-0.1.3] startup
[5.187s] [ext: isaacsim.sensors.camera-1.7.9] startup
[5.214s] [ext: isaacsim.sensors.experimental.physics-3.0.2] startup
[5.223s] [ext: omni.sensors.net-1.0.1] startup
[5.230s] [ext: omni.sensors.nv.common-3.0.0] startup
[5.245s] [ext: omni.sensors.nv.materials-2.0.0] startup
[5.249s] [ext: omni.sensors.nv.acoustic-3.0.0] startup
[5.252s] [ext: omni.sensors.nv.ids-2.0.1] startup
[5.254s] [ext: omni.sensors.nv.lidar-3.0.0] startup
[5.259s] [ext: omni.sensors.nv.radar-3.0.0] startup
[5.262s] [ext: isaacsim.sensors.experimental.rtx-1.4.6] startup
[5.474s] [ext: isaacsim.sensors.physics.nodes-1.5.3] startup
[5.482s] [ext: isaacsim.util.debug_draw-3.2.3] startup
[5.489s] [ext: isaacsim.sensors.physx-2.5.5] startup
[5.498s] [ext: isaacsim.sensors.rtx-15.17.1] startup
[5.512s] [ext: isaacsim.simulation_app-2.18.4] startup
[5.512s] [ext: omni.anim.curve.core-1.6.0] startup
[5.524s] [ext: omni.graph.ui_nodes-2.11.1] startup
[5.561s] [ext: omni.hydra.scene_api-0.1.3] startup
[5.566s] [ext: omni.kit.manipulator.camera-110.0.0] startup
[5.570s] [ext: omni.kit.manipulator.selector-1.1.4] startup
[5.572s] [ext: omni.kit.manipulator.transform-107.0.0] startup
[5.576s] [ext: omni.kit.widget.toolbar-2.1.0] startup
[5.583s] [ext: omni.kit.manipulator.tool.snap-1.5.14] startup
[5.587s] [ext: omni.kit.viewport.manipulator.transform-107.0.4] startup
[5.589s] [ext: omni.kit.manipulator.prim.core-108.0.2] startup
[5.595s] [ext: omni.kit.manipulator.prim.usd-107.0.3] startup
[5.597s] [ext: omni.kit.manipulator.prim-108.0.0] startup
[5.597s] [ext: omni.kit.manipulator.selection-109.0.1] startup
[5.599s] [ext: omni.kit.menu.create-2.0.2] startup
[5.601s] [ext: omni.kit.property.audio-1.0.16] startup
[5.605s] [ext: omni.kit.property.camera-1.0.14] startup
[5.606s] [ext: omni.kit.property.geometry-2.1.2] startup
[5.610s] [ext: omni.kit.property.light-1.0.14] startup
2026-08-12T14:47:16Z [5,600ms] [Warning] [omni.usd] Encountered USD Warnings but USD Diagnostics are currently muted. To view USD Warnings, please set the '/persistent/app/usd/muteUsdDiagnostics' setting to false in Preferences page.
[5.687s] [ext: omni.kit.property.material-1.14.6] startup
[5.693s] [ext: omni.kit.property.render-1.2.2] startup
[5.695s] [ext: omni.kit.property.transform-1.6.9] startup
[5.699s] [ext: omni.kit.property.bundle-1.5.1] startup
[5.700s] [ext: omni.kit.usdz_export-1.1.0] startup
[5.703s] [ext: omni.kit.tool.asset_importer-6.0.1] startup
[5.708s] [ext: omni.kit.ui.actions-1.0.5] startup
[5.710s] [ext: omni.kit.viewport.menubar.camera-107.0.10] startup
[5.715s] [ext: omni.kit.viewport.menubar.lighting-107.3.2] startup
[5.718s] [ext: omni.kit.viewport.menubar.render-110.0.0] startup
[5.721s] [ext: omni.kit.viewport.menubar.settings-110.0.1] startup
[5.725s] [ext: omni.kit.window.console-1.1.9] startup
[5.729s] [ext: omni.kit.window.status_bar-0.1.11] startup
[5.732s] [ext: omni.kit.window.toolbar-3.0.3] startup
[5.735s] [ext: omni.ocio-0.1.1] startup
[5.736s] [ext: omni.physx.commands-110.1.13] startup
[5.739s] [ext: omni.replicator.replicator_yaml-2.0.12] startup
[5.754s] [ext: omni.rtx.window.settings-0.8.0] startup
[5.758s] [ext: omni.rtx.settings.core-0.7.1] startup
[5.762s] [ext: omni.usd.metrics.assembler.ui-110.1.1] startup
[5.769s] [ext: semantics.schema.editor-2.0.2] startup
[5.772s] [ext: semantics.schema.property-2.0.2] startup
[5.774s] [ext: omni.kit.menu.common-2.0.2] startup
[5.775s] [ext: isaacsim.exp.base-6.0.1] startup
[5.776s] [ext: isaacsim.exp.base.python-6.0.1] startup
[5.778s] Simulation App Starting
[7.010s] Simulation App Startup Complete
[7.022s] app ready
Starting kit application with the following args:  ['/root/autodl-tmp/isaac_sim/venv/lib/python3.12/site-packages/isaacsim/exts/isaacsim.simulation_app/isaacsim/simulation_app/simulation_app.py', '/root/autodl-tmp/isaac_sim/venv/lib/python3.12/site-packages/isaacsim/apps/isaacsim.exp.base.python.kit', '--/app/tokens/exe-path=/root/autodl-tmp/isaac_sim/venv/lib/python3.12/site-packages/isaacsim/kit', '--/persistent/app/viewport/displayOptions=3094', '--/rtx/materialDb/syncLoads=True', '--/rtx/hydra/materialSyncLoads=True', '--/omni/kit/plugin/syncUsdLoads=True', '--/app/renderer/resolution/width=1280', '--/app/renderer/resolution/height=720', '--/app/window/width=1440', '--/app/window/height=900', '--/renderer/multiGpu/enabled=True', '--/app/fastShutdown=True', '--/app/installSignalHandlers=0', '--ext-folder', '/root/autodl-tmp/isaac_sim/venv/lib/python3.12/site-packages/isaacsim/exts', '--ext-folder', '/root/autodl-tmp/isaac_sim/venv/lib/python3.12/site-packages/isaacsim/apps', '--/physics/cudaDevice=0', '--/plugins/carb.tasking.plugin/threadCount=32', '--/plugins/omni.tbb.globalcontrol/maxThreadCount=32', '--portable', '--no-window', '--/app/window/hideUi=1', '--allow-root']
Passing the following args to the base kit application:  ['--initial-state-id', '0', '--output-dir', 'results/phase3_step6/scene_gate_state00']
Warp 1.13.0 initialized:
   CUDA Toolkit 12.9, Driver 13.2
   Devices:
     "cpu"      : "x86_64"
     "cuda:0"   : "NVIDIA RTX 6000D" (83 GiB, sm_120, mempool enabled)
   Kernel cache:
     /root/autodl-tmp/isaac_cache/xdg/warp/1.13.0
[7.650s] Simulation App Shutting Down
