WARNING: All log messages before absl::InitializeLog() is called are written to STDERR
E0000 00:00:1786546104.652783   48512 descriptor_database.cc:633] File already exists in database: grpc/health/v1/health.proto
W0000 00:00:1786546104.652813   48512 message.cc:301] Protobuf GeneratedMessageFactory: File is already registered: grpc/health/v1/health.proto
2026-08-12T14:48:24Z [Info] [carb] Logging to file: /root/autodl-tmp/isaac_sim/venv/lib/python3.12/site-packages/isaacsim/kit/logs/Kit/Isaac-Sim Python/6.0/kit_20260812_224824.log
[0.078s] [ext: omni.assets.plugins-0.0.0] startup
[0.079s] [ext: omni.blobkey-1.1.2] startup
[0.079s] [ext: omni.kit.async_engine-0.0.3] startup
[0.178s] [ext: omni.client.lib-1.1.1] startup
[0.190s] [ext: omni.client-1.3.0] startup
[0.195s] [ext: omni.protobuf.lib-1.0.0] startup
[0.196s] [ext: omni.grpc.lib-1.0.0] startup
[0.201s] [ext: omni.metrics.core-0.0.3] startup
[0.201s] [ext: omni.datastore-0.0.0] startup
[0.202s] [ext: omni.gpu_foundation.shadercache.vulkan-1.0.0] startup
[0.204s] [ext: omni.hsscclient-1.1.4] startup
[0.204s] [ext: omni.stats-1.0.1] startup
[0.205s] [ext: omni.ujitso.default-1.0.0] startup
[0.208s] [ext: omni.gpu_foundation-0.0.0] startup
[0.460s] [ext: carb.windowing.plugins-1.0.1] startup
[0.460s] [ext: omni.kit.renderer.init-1.0.1] startup
2026-08-12T14:48:24Z [502ms] [Warning] [omni.platforminfo.plugin] failed to open the default display.  Can't verify X Server version.

|---------------------------------------------------------------------------------------------|
| Driver Version: 595.71.05     | Graphics API: Vulkan
|=============================================================================================|
| GPU | Name                             | Active | LDA | GPU Memory | Vendor-ID | LUID       |
|     |                                  |        |     |            | Device-ID | UUID       |
|     |                                  |        |     |            | Bus-ID    |            |
|---------------------------------------------------------------------------------------------|
| 0   | NVIDIA RTX 6000D                 | Yes: 0 |     | 85651   MB | 10de      | 0          |
|     |                                  |        |     |            | 2bb9      | 56b1f21d.. |
|     |                                  |        |     |            | d8        |            |
|=============================================================================================|
| OS: 22.04.5 LTS (Jammy Jellyfish) ubuntu, Version: 22.04.5, Kernel: 5.15.0-78-generic
| Processor: Intel(R) Xeon(R) Platinum 8470Q
| Bare Metal Cores: 104 | Bare Metal Logical Cores: 208
| Core Usage Quota: 22
|---------------------------------------------------------------------------------------------|
| Total Memory (MB): 112640 | Free Memory: 110344
| Total Page/Swap (MB): 0 | Free Page/Swap: 0
|---------------------------------------------------------------------------------------------|
2026-08-12T14:48:25Z [1,372ms] [Warning] [omni.rtx] CPU performance profile is set to powersave. This profile sets the CPU to the lowest frequency reducing performance.
2026-08-12T14:48:25Z [1,379ms] [Warning] [omni.rtx] ECC is enabled on physical device 0
[1.708s] [ext: omni.kit.pipapi-0.0.0] startup
[1.709s] [ext: omni.kit.telemetry-0.5.2] startup
[1.739s] [ext: omni.kit.loop-isaac-1.6.0] startup
[1.741s] [ext: omni.kit.test-2.0.7] startup
[1.788s] [ext: omni.materialx.libs-1.0.9] startup
[1.795s] [ext: omni.gpucompute.plugins-0.0.0] startup
[1.796s] [ext: omni.usd.config-1.0.7] startup
[1.799s] [ext: omni.usd.libs-1.0.3] startup
[1.900s] [ext: omni.iray.libs-0.0.1] startup
[1.905s] [ext: omni.mdl-57.0.3] startup
[1.922s] [ext: omni.mdl.neuraylib-0.2.20] startup
[1.924s] [ext: omni.kit.usd.mdl-1.1.9] startup
[2.037s] [ext: omni.appwindow-1.2.2] startup
[2.040s] [ext: omni.kit.renderer.core-1.2.2] startup
2026-08-12T14:48:26Z [2,011ms] [Warning] [carb.windowing-glfw.plugin] GLFW initialization failed.
2026-08-12T14:48:26Z [2,011ms] [Warning] [carb] Failed to startup plugin carb.windowing-glfw.plugin (interfaces: [carb::windowing::IGLContext v1.0],[carb::windowing::IWindowing v1.5]) (impl: carb.windowing-glfw.plugin)
[2.074s] [ext: omni.kit.renderer.capture-2.0.1] startup
[2.076s] [ext: omni.kit.renderer.imgui-2.0.6] startup
2026-08-12T14:48:26Z [2,033ms] [Warning] [carb.windowing-glfw.plugin] GLFW initialization failed.
2026-08-12T14:48:26Z [2,033ms] [Warning] [carb] Failed to startup plugin carb.windowing-glfw.plugin (interfaces: [carb::windowing::IGLContext v1.0],[carb::windowing::IWindowing v1.5]) (impl: carb.windowing-glfw.plugin)
2026-08-12T14:48:26Z [2,034ms] [Warning] [carb.windowing-glfw.plugin] GLFW initialization failed.
2026-08-12T14:48:26Z [2,034ms] [Warning] [carb] Failed to startup plugin carb.windowing-glfw.plugin (interfaces: [carb::windowing::IGLContext v1.0],[carb::windowing::IWindowing v1.5]) (impl: carb.windowing-glfw.plugin)
[2.143s] [ext: omni.ui-3.2.0] startup
[2.153s] [ext: omni.kit.mainwindow-1.0.3] startup
[2.154s] [ext: carb.audio-0.1.0] startup
[2.159s] [ext: omni.uiaudio-1.0.0] startup
[2.159s] [ext: omni.kit.uiapp-0.0.0] startup
[2.159s] [ext: omni.usd.schema.metrics.assembler-110.1.0] startup
[2.162s] [ext: omni.usd.schema.audio-0.0.1] startup
[2.165s] [ext: omni.usd_resolver-1.0.0] startup
[2.168s] [ext: omni.usd.core-1.8.3] startup
[2.172s] [ext: omni.metropolis.schema-0.0.3] startup
[2.172s] [ext: isaacsim.anim.robot.schema-0.1.1] startup
[2.173s] [ext: omni.usd.schema.anim-0.0.1] startup
[2.190s] [ext: omni.usd.schema.geospatial-0.0.1] startup
[2.193s] [ext: omni.usd.schema.omnigraph-1.0.1] startup
[2.199s] [ext: omni.usd.schema.semantics-0.0.0] startup
[2.201s] [ext: omni.activity.core-1.0.3] startup
[2.202s] [ext: omni.cubric-0.1.0] startup
[2.202s] [ext: omni.graph.exec-0.9.6] startup
[2.203s] [ext: omni.hydra.scene_delegate-0.3.5] startup
[2.207s] [ext: usdrt.scenegraph-7.6.3] startup
[2.232s] [ext: omni.hydra.usdrt_delegate-7.5.2] startup
[2.237s] [ext: omni.inspect-1.0.2] startup
[2.239s] [ext: omni.kit.actions.core-1.0.0] startup
[2.240s] [ext: omni.kit.audiodeviceenum-1.0.2] startup
[2.242s] [ext: omni.kit.commands-1.5.0] startup
[2.244s] [ext: omni.kit.exec.core-0.13.5] startup
[2.246s] [ext: omni.kit.usd_undo-0.1.8] startup
[2.246s] [ext: omni.kit.window.popup_dialog-2.0.25] startup
[2.249s] [ext: omni.kit.widget.nucleus_connector-2.3.1] startup
[2.252s] [ext: omni.timeline-1.1.0] startup
[2.254s] [ext: omni.usd-1.16.0] startup
[2.290s] [ext: omni.graph.core-3.1.2] startup
[2.293s] [ext: omni.kit.notification_manager-1.0.11] startup
[2.294s] [ext: isaacsim.core.deprecation_manager-0.4.2] startup
[2.295s] [ext: isaacsim.replicator.agent.schema-0.1.1] startup
[2.296s] [ext: isaacsim.robot.schema-6.3.7] startup
[2.300s] [ext: isaacsim.robot_motion.schema-0.2.1] startup
[2.301s] [ext: omni.anim.behavior.schema-110.1.0] startup
[2.304s] [ext: omni.anim.graph.schema-110.1.1] startup
[2.310s] [ext: omni.anim.navigation.schema-110.1.0] startup
[2.313s] [ext: omni.behavior.tree.schema-110.1.0] startup
[2.313s] [ext: omni.kit.asset_converter-6.0.1] startup
[2.326s] [ext: omni.usd.schema.flow-110.0.0] startup
[2.326s] [ext: omni.usd.schema.mujoco-1.1.1] startup
[2.327s] [ext: omni.usd.schema.newton-1.2.1] startup
[2.327s] [ext: omni.usd.schema.omni_lens_distortion-1.0.0] startup
[2.328s] [ext: omni.usd.schema.omni_projectors-1.0.0] startup
[2.328s] [ext: omni.usd.schema.omni_sensors-0.0.0] startup
[2.335s] [ext: omni.usd.schema.omniscripting-1.0.1] startup
[2.339s] [ext: omni.usd.schema.physical_lighting-0.1.0] startup
[2.342s] [ext: omni.usd.schema.physx-110.1.13] startup
[2.370s] [ext: omni.usd.schema.render_settings.rtx-1.0.2] startup
[2.373s] [ext: omni.usd.schema.usd_particle_field-1.0.0] startup
[2.374s] [ext: isaacsim.core.version-2.1.1] startup
[2.374s] [ext: omni.kit.menu.core-1.2.0] startup
[2.375s] [ext: omni.kit.menu.utils-2.2.4] startup
[2.381s] [ext: isaacsim.app.about-2.3.1] startup
[2.386s] [ext: isaacsim.asset.transformer-1.2.5] startup
[2.389s] [ext: omni.scene.optimizer.core-110.1.0] startup
[2.443s] [ext: isaacsim.asset.importer.utils-1.8.1] startup
[2.444s] [ext: omni.convexdecomposition-110.1.13] startup
[2.447s] [ext: omni.physics-110.1.13] startup
[2.449s] [ext: omni.physx.gpu-110.1.13] startup
[2.450s] [ext: omni.physx.foundation-110.1.13] startup
[2.451s] [ext: omni.usdphysics-110.1.13] startup
[2.453s] [ext: omni.physx.cooking-110.1.13] startup
[2.455s] [ext: omni.physx-110.1.13] startup
[2.465s] [ext: omni.physics.physx-110.1.13] startup
[2.467s] [ext: isaacsim.asset.exporter.urdf-2.0.5] startup
[2.474s] [ext: omni.kit.clipboard-1.1.1] startup
[2.474s] [ext: omni.kit.usd.layers-2.6.1] startup
[2.481s] [ext: omni.kit.widget.context_menu-1.4.0] startup
[2.482s] [ext: omni.kit.context_menu-1.9.0] startup
[2.483s] [ext: omni.kit.helper.file_utils-0.1.10] startup
[2.485s] [ext: omni.kit.widget.nucleus_info-2.0.2] startup
[2.485s] [ext: omni.kit.search_core-1.0.8] startup
[2.486s] [ext: omni.kit.widget.path_field-2.0.13] startup
[2.486s] [ext: omni.kit.widget.browser_bar-2.0.10] startup
[2.487s] [ext: omni.kit.widget.filebrowser-2.13.4] startup
[2.491s] [ext: omni.kit.widget.options_menu-1.1.6] startup
[2.493s] [ext: omni.kit.widget.options_button-1.0.3] startup
[2.494s] [ext: omni.kit.widget.search_delegate-1.0.9] startup
[2.495s] [ext: omni.ui.scene-2.0.3] startup
[2.499s] [ext: omni.kit.window.filepicker-2.15.5] startup
[2.510s] [ext: omni.kit.window.file_importer-1.1.21] startup
[2.512s] [ext: omni.kit.material.library-3.1.2] startup
[2.517s] [ext: isaacsim.asset.transformer.rules-1.7.10] startup
[2.526s] [ext: omni.usdex.libs-2.2.2] startup
[2.534s] [ext: isaacsim.asset.importer.mjcf-3.10.1] startup
[2.536s] [ext: isaacsim.asset.importer.urdf-3.11.2] startup
[2.540s] [ext: omni.kit.primitive.mesh-1.1.0] startup
[2.542s] [ext: omni.kit.stage_template.core-1.1.22] startup
[2.542s] [ext: omni.kit.stage_templates-2.0.2] startup
[2.544s] [ext: omni.usd.metrics.assembler-110.1.2] startup
[2.547s] [ext: omni.warp.core-1.13.0] startup
[2.711s] [ext: isaacsim.core.experimental.utils-0.17.2] startup
[2.712s] [ext: omni.physics.stageupdate-110.1.13] startup
[2.714s] [ext: omni.physics.tensors-110.1.13] startup
[2.718s] [ext: omni.physx.tensors-110.1.13] startup
[2.722s] [ext: isaacsim.core.simulation_manager-1.15.6] startup
[2.735s] [ext: isaacsim.storage.native-1.9.3] startup
[2.737s] [ext: omni.usd.metrics.assembler.physics-110.1.13] startup
[2.738s] [ext: isaacsim.core.utils-4.1.7] startup
[2.741s] [ext: isaacsim.core.prims-0.11.7] startup
[3.964s] [ext: isaacsim.core.api-5.2.13] startup
[3.975s] [ext: isaacsim.core.cloner-1.7.3] startup
[3.976s] [ext: isaacsim.test.docstring-1.3.2] startup
[3.981s] [ext: isaacsim.core.experimental.prims-1.8.9] startup
[4.006s] [ext: isaacsim.core.experimental.primdata-0.3.2] startup
[4.008s] [ext: omni.graph.tools-1.81.0] startup
[4.033s] [ext: omni.graph-1.142.5] startup
[4.076s] [ext: isaacsim.core.experimental.actuators-0.1.2] startup
[4.097s] [ext: isaacsim.core.experimental.materials-0.7.1] startup
[4.100s] [ext: isaacsim.core.experimental.objects-0.8.1] startup
[4.165s] [ext: omni.hydra.engine.stats-1.0.5] startup
[4.169s] [ext: omni.hydra.rtx.shadercache.vulkan-1.0.0] startup
[4.170s] [ext: omni.index.libs-387500.4413.0] startup
[4.170s] [ext: omni.index-1.0.1] startup
[4.171s] [ext: omni.ujitso.client-0.0.0] startup
[4.171s] [ext: omni.usd.schema.playback-1.0.0] startup
[4.176s] [ext: omni.volume-0.5.2] startup
[4.183s] [ext: omni.hydra.rtx-1.0.4] startup
2026-08-12T14:48:28Z [4,162ms] [Warning] [omni.log] Source: omni.hydra was already registered.
[4.231s] [ext: omni.kit.hydra_texture-1.6.0] startup
[4.236s] [ext: omni.kit.raycast.query-1.2.0] startup
[4.241s] [ext: omni.kit.viewport.legacy_gizmos-1.0.24] startup
[4.244s] [ext: omni.kit.viewport.registry-104.0.6] startup
[4.245s] [ext: omni.kit.viewport.scene_camera_model-1.0.7] startup
[4.250s] [ext: omni.kit.widget.viewport-109.2.0] startup
[4.256s] [ext: omni.kit.window.drop_support-1.0.8] startup
[4.256s] [ext: omni.kit.viewport.window-109.0.2] startup
[4.276s] [ext: omni.kit.viewport.utility-2.0.1] startup
[4.277s] [ext: isaacsim.core.rendering_manager-0.4.3] startup
[4.294s] [ext: omni.graph.action_core-1.1.9] startup
[4.297s] [ext: omni.graph.action_nodes_core-2.11.0] startup
[4.300s] [ext: omni.graph.action_nodes-2.11.0] startup
[4.336s] [ext: omni.graph.action-2.10.2] startup
[4.338s] [ext: omni.graph.image.core-0.6.1] startup
[4.339s] [ext: omni.graph.image.nodes-1.3.1] startup
[4.341s] [ext: omni.graph.nodes_core-2.11.0] startup
[4.348s] [ext: omni.graph.nodes-2.12.0] startup
[4.355s] [ext: omni.kit.hotkeys.core-1.3.12] startup
[4.362s] [ext: omni.kit.property.adapter.core-1.1.1] startup
[4.364s] [ext: omni.kit.property.adapter.usd-1.0.5] startup
[4.366s] [ext: omni.kit.widget.filter-1.1.5] startup
[4.367s] [ext: omni.kit.widget.highlight_label-1.0.3] startup
[4.368s] [ext: omni.kit.widget.searchfield-1.1.8] startup
[4.370s] [ext: omni.kit.window.file_exporter-1.0.36] startup
[4.371s] [ext: omni.kit.widget.stage-4.4.0] startup
[4.381s] [ext: omni.kit.window.content_browser_registry-0.0.6] startup
[4.382s] [ext: omni.kit.window.file-2.0.10] startup
[4.386s] [ext: omni.kit.window.content_browser-3.1.8] startup
[4.398s] [ext: omni.kit.window.property-1.15.1] startup
[4.410s] [ext: omni.kit.property.usd-4.9.4] startup
[4.421s] [ext: omni.graph.scriptnode-2.10.2] startup
[4.434s] [ext: omni.kit.widget.searchable_combobox-1.0.7] startup
[4.436s] [ext: omni.kit.widget.settings-2.0.0] startup
[4.438s] [ext: omni.kit.window.preferences-1.8.3] startup
[4.443s] [ext: omni.kit.viewport.menubar.core-107.2.2] startup
[4.455s] [ext: omni.syntheticdata-0.6.15] startup
[4.491s] [ext: omni.replicator.nv-1.1.1] startup
[4.498s] [ext: omni.videoencoding-0.2.1] startup
[4.500s] [ext: omni.replicator.core-1.13.27] startup
2026-08-12T14:48:28Z [4,465ms] [Warning] [pxr.Semantics] pxr.Semantics is deprecated - please use Semantics instead
2026-08-12T14:48:29Z [4,554ms] [Warning] [omni.replicator.core.scripts.extension] No material configuration file, adding configuration to material settings directly.
[4.753s] [ext: isaacsim.core.nodes-5.10.5] startup
[4.794s] [ext: isaacsim.core.throttling-2.3.5] startup
[4.796s] [ext: omni.kit.manipulator.viewport-107.0.1] startup
[4.797s] [ext: omni.graph.visualization.nodes-2.1.4] startup
[4.814s] [ext: omni.kit.window.extensions-1.5.10] startup
[4.820s] [ext: isaacsim.gui.components-1.8.5] startup
[4.826s] [ext: isaacsim.robot.surface_gripper-3.6.2] startup
[4.840s] [ext: isaacsim.robot.manipulators-3.4.4] startup
[4.852s] [ext: isaacsim.robot_motion.lula-4.1.3] startup
[4.860s] [ext: isaacsim.robot_motion.motion_generation-8.2.9] startup
[4.867s] [ext: isaacsim.cortex.framework-1.0.18] startup
[4.869s] [ext: isaacsim.cortex.behaviors-2.0.17] startup
[4.871s] [ext: isaacsim.examples.base-1.3.2] startup
[4.873s] [ext: omni.kit.widget.zoombar-1.0.7] startup
[4.874s] [ext: omni.kit.browser.core-2.3.18] startup
[4.878s] [ext: omni.kit.browser.folder.core-2.0.2] startup
[4.883s] [ext: omni.kit.widget.stage_icons-1.0.8] startup
[4.887s] [ext: omni.kit.window.stage-2.6.1] startup
[4.893s] [ext: omni.kit.menu.stage-1.2.7] startup
[4.894s] [ext: omni.kit.usd.collect-3.0.6] startup
[4.898s] [ext: omni.kit.widget.prompt-1.0.7] startup
[4.899s] [ext: omni.kit.tool.collect-2.2.19] startup
[4.901s] [ext: isaacsim.examples.browser-0.3.2] startup
[4.905s] [ext: omni.kit.search.files-1.0.4] startup
[4.906s] [ext: omni.kit.widget.calendar-1.0.9] startup
[4.907s] [ext: omni.kit.widget.extended_searchfield-1.0.31] startup
[4.917s] [ext: omni.simready.content.browser-0.3.7] startup
[5.010s] [ext: isaacsim.gui.content_browser-0.4.3] startup
[5.013s] [ext: omni.kit.selection-0.1.6] startup
[5.015s] [ext: isaacsim.gui.menu-2.10.5] startup
[5.024s] [ext: isaacsim.gui.property-1.6.4] startup
[5.032s] [ext: omni.kit.viewport.actions-110.0.0] startup
[5.036s] [ext: omni.kit.viewport.menubar.display-107.1.3] startup
[5.038s] [ext: isaacsim.gui.sensors.icon-2.2.1] startup
[5.041s] [ext: omni.behavior.scripting.core-110.1.0] startup
[5.044s] [ext: isaacsim.replicator.behavior-1.5.4] startup
[5.046s] [ext: isaacsim.replicator.experimental.domain_randomization-1.2.5] startup
[5.066s] [ext: isaacsim.replicator.domain_randomization-1.2.2] startup
[5.144s] [ext: isaacsim.replicator.writers-1.5.4] startup
[5.172s] [ext: isaacsim.robot.experimental.wheeled_robots-0.2.11] startup
[5.194s] [ext: isaacsim.robot.policy.examples-5.2.12] startup
[5.216s] [ext: isaacsim.robot.wheeled_robots-5.2.4] startup
[5.220s] [ext: isaacsim.robot.wheeled_robots.nodes-0.1.5] startup
[5.245s] [ext: isaacsim.robot_motion.experimental.motion_generation-6.1.3] startup
[5.256s] [ext: isaacsim.robot_motion.cumotion-1.3.1] startup
[5.270s] [ext: omni.kit.numpy.common-0.1.3] startup
[5.272s] [ext: isaacsim.sensors.camera-1.7.9] startup
[5.299s] [ext: isaacsim.sensors.experimental.physics-3.0.2] startup
[5.308s] [ext: omni.sensors.net-1.0.1] startup
[5.315s] [ext: omni.sensors.nv.common-3.0.0] startup
[5.330s] [ext: omni.sensors.nv.materials-2.0.0] startup
[5.334s] [ext: omni.sensors.nv.acoustic-3.0.0] startup
[5.337s] [ext: omni.sensors.nv.ids-2.0.1] startup
[5.339s] [ext: omni.sensors.nv.lidar-3.0.0] startup
[5.344s] [ext: omni.sensors.nv.radar-3.0.0] startup
[5.348s] [ext: isaacsim.sensors.experimental.rtx-1.4.6] startup
[5.559s] [ext: isaacsim.sensors.physics.nodes-1.5.3] startup
[5.568s] [ext: isaacsim.util.debug_draw-3.2.3] startup
[5.574s] [ext: isaacsim.sensors.physx-2.5.5] startup
[5.584s] [ext: isaacsim.sensors.rtx-15.17.1] startup
[5.598s] [ext: isaacsim.simulation_app-2.18.4] startup
[5.599s] [ext: omni.anim.curve.core-1.6.0] startup
[5.610s] [ext: omni.graph.ui_nodes-2.11.1] startup
[5.646s] [ext: omni.hydra.scene_api-0.1.3] startup
[5.652s] [ext: omni.kit.manipulator.camera-110.0.0] startup
[5.656s] [ext: omni.kit.manipulator.selector-1.1.4] startup
[5.658s] [ext: omni.kit.manipulator.transform-107.0.0] startup
[5.662s] [ext: omni.kit.widget.toolbar-2.1.0] startup
[5.669s] [ext: omni.kit.manipulator.tool.snap-1.5.14] startup
[5.673s] [ext: omni.kit.viewport.manipulator.transform-107.0.4] startup
[5.675s] [ext: omni.kit.manipulator.prim.core-108.0.2] startup
[5.681s] [ext: omni.kit.manipulator.prim.usd-107.0.3] startup
[5.683s] [ext: omni.kit.manipulator.prim-108.0.0] startup
[5.683s] [ext: omni.kit.manipulator.selection-109.0.1] startup
[5.685s] [ext: omni.kit.menu.create-2.0.2] startup
[5.687s] [ext: omni.kit.property.audio-1.0.16] startup
[5.691s] [ext: omni.kit.property.camera-1.0.14] startup
[5.693s] [ext: omni.kit.property.geometry-2.1.2] startup
[5.696s] [ext: omni.kit.property.light-1.0.14] startup
2026-08-12T14:48:30Z [5,691ms] [Warning] [omni.usd] Encountered USD Warnings but USD Diagnostics are currently muted. To view USD Warnings, please set the '/persistent/app/usd/muteUsdDiagnostics' setting to false in Preferences page.
[5.767s] [ext: omni.kit.property.material-1.14.6] startup
[5.773s] [ext: omni.kit.property.render-1.2.2] startup
[5.775s] [ext: omni.kit.property.transform-1.6.9] startup
[5.778s] [ext: omni.kit.property.bundle-1.5.1] startup
[5.780s] [ext: omni.kit.usdz_export-1.1.0] startup
[5.783s] [ext: omni.kit.tool.asset_importer-6.0.1] startup
[5.788s] [ext: omni.kit.ui.actions-1.0.5] startup
[5.790s] [ext: omni.kit.viewport.menubar.camera-107.0.10] startup
[5.795s] [ext: omni.kit.viewport.menubar.lighting-107.3.2] startup
[5.798s] [ext: omni.kit.viewport.menubar.render-110.0.0] startup
[5.801s] [ext: omni.kit.viewport.menubar.settings-110.0.1] startup
[5.805s] [ext: omni.kit.window.console-1.1.9] startup
[5.809s] [ext: omni.kit.window.status_bar-0.1.11] startup
[5.812s] [ext: omni.kit.window.toolbar-3.0.3] startup
[5.815s] [ext: omni.ocio-0.1.1] startup
[5.816s] [ext: omni.physx.commands-110.1.13] startup
[5.820s] [ext: omni.replicator.replicator_yaml-2.0.12] startup
[5.833s] [ext: omni.rtx.window.settings-0.8.0] startup
[5.837s] [ext: omni.rtx.settings.core-0.7.1] startup
[5.841s] [ext: omni.usd.metrics.assembler.ui-110.1.1] startup
[5.848s] [ext: semantics.schema.editor-2.0.2] startup
[5.851s] [ext: semantics.schema.property-2.0.2] startup
[5.853s] [ext: omni.kit.menu.common-2.0.2] startup
[5.854s] [ext: isaacsim.exp.base-6.0.1] startup
[5.855s] [ext: isaacsim.exp.base.python-6.0.1] startup
[5.858s] Simulation App Starting
[7.094s] Simulation App Startup Complete
[7.105s] app ready
Starting kit application with the following args:  ['/root/autodl-tmp/isaac_sim/venv/lib/python3.12/site-packages/isaacsim/exts/isaacsim.simulation_app/isaacsim/simulation_app/simulation_app.py', '/root/autodl-tmp/isaac_sim/venv/lib/python3.12/site-packages/isaacsim/apps/isaacsim.exp.base.python.kit', '--/app/tokens/exe-path=/root/autodl-tmp/isaac_sim/venv/lib/python3.12/site-packages/isaacsim/kit', '--/persistent/app/viewport/displayOptions=3094', '--/rtx/materialDb/syncLoads=True', '--/rtx/hydra/materialSyncLoads=True', '--/omni/kit/plugin/syncUsdLoads=True', '--/app/renderer/resolution/width=1280', '--/app/renderer/resolution/height=720', '--/app/window/width=1440', '--/app/window/height=900', '--/renderer/multiGpu/enabled=True', '--/app/fastShutdown=True', '--/app/installSignalHandlers=0', '--ext-folder', '/root/autodl-tmp/isaac_sim/venv/lib/python3.12/site-packages/isaacsim/exts', '--ext-folder', '/root/autodl-tmp/isaac_sim/venv/lib/python3.12/site-packages/isaacsim/apps', '--/physics/cudaDevice=0', '--/plugins/carb.tasking.plugin/threadCount=32', '--/plugins/omni.tbb.globalcontrol/maxThreadCount=32', '--portable', '--no-window', '--/app/window/hideUi=1', '--allow-root']
Passing the following args to the base kit application:  ['--initial-state-id', '0', '--output-dir', 'results/phase3_step6/scene_gate_state00_attempt2']
Warp 1.13.0 initialized:
   CUDA Toolkit 12.9, Driver 13.2
   Devices:
     "cpu"      : "x86_64"
     "cuda:0"   : "NVIDIA RTX 6000D" (83 GiB, sm_120, mempool enabled)
   Kernel cache:
     /root/autodl-tmp/isaac_cache/xdg/warp/1.13.0
2026-08-12T14:48:47Z [23,011ms] [Error] [omni.rtx.materials] [UsdToMdl] Prim '/World/Task/living_room_table/Visual/Looks/Louisa_Coffee_Table_LTV3/Louisa_Coffee_Table_LTV3' parameter 'normalmap_texture': References an asset that can not be found: './materials/textures/louisa-coffee-table-wood-bump.jpg'
2026-08-12T14:48:47Z [23,088ms] [Error] [omni.rtx.materials] [UsdToMdl] Prim '/World/Task/living_room_table/Visual/Looks/Louisa_Coffee_Table_LTV3/Louisa_Coffee_Table_LTV3' parameter 'normalmap_texture': References an asset that can not be found: './materials/textures/louisa-coffee-table-wood-bump.jpg'
[27.584s] Simulation App Shutting Down
